[dotenv@17.2.3] injecting env (18) from .env -- tip: 🔑 add access controls to secrets: https://dotenvx.com/ops


╔════════════════════════════════════════════════════════════╗
║                                                            ║
║      ETHEREUM PERFORMANCE TESTING - COMPLETE SUITE         ║
║                                                            ║
╚════════════════════════════════════════════════════════════╝


This will run ALL tests and generate the Excel report.
Estimated time: 15-24 hours


STEP 1/3: Response Time Tests (2-3 hours)

========================================
STARTING RESPONSE TIME TESTS
========================================

Setting up test data...
✓ Test drone created
✓ Test policy created


========== Testing Level 0 ==========

Testing 1 transaction(s)...
  Rep 1: 16544ms
  Rep 2: 11827ms
  Rep 3: 8790ms
  Rep 4: 12340ms
  Rep 5: 60434ms
  Rep 6: 24610ms
  Rep 7: 12254ms
  Rep 8: 12140ms
  Rep 9: 25382ms
  Rep 10: 23715ms

Testing 2 transaction(s)...
  Rep 1: 21804ms
  Rep 2: 24346ms
  Rep 3: 24953ms
  Rep 4: 23921ms
  Rep 5: 37363ms
  Rep 6: 45374ms
  Rep 7: 22961ms
  Rep 8: 36726ms
  Rep 9: 39296ms
  Rep 10: 22490ms

Testing 3 transaction(s)...
  Rep 1: 34371ms
  Rep 2: 48407ms
  Rep 3: 37179ms
  Rep 4: 35157ms
  Rep 5: 51251ms
  Rep 6: 33952ms
  Rep 7: 36411ms
  Rep 8: 33554ms
  Rep 9: 36215ms
  Rep 10: 36057ms

Testing 4 transaction(s)...
  Rep 1: 60195ms
  Rep 2: 47603ms
  Rep 3: 61851ms
  Rep 4: 60152ms
  Rep 5: 45854ms
  Rep 6: 48588ms
  Rep 7: 48626ms
  Rep 8: 46708ms
  Rep 9: 60269ms
  Rep 10: 47809ms

Testing 5 transaction(s)...
  Rep 1: 83133ms
  Rep 2: 96178ms
  Rep 3: 325554ms
  Rep 4: 59423ms
  Rep 5: 59222ms
  Rep 6: 76992ms
  Rep 7: 82902ms
  Rep 8: 57599ms
  Rep 9: 97621ms
  Rep 10: 176330ms

Testing 6 transaction(s)...
  Rep 1: 111420ms
  Rep 2: 165591ms
  Rep 3: 99522ms
  Rep 4: 105964ms
  Rep 5: 96238ms
  Rep 6: 109542ms
  Rep 7: 93246ms
  Rep 8: 121864ms
  Rep 9: 95902ms
  Rep 10: 72747ms

Testing 7 transaction(s)...
  Rep 1: 109367ms
  Rep 2: 151019ms
  Rep 3: 99552ms
  Rep 4: 115846ms
  Rep 5: 88482ms
  Rep 6: 94396ms
  Rep 7: 95413ms
  Rep 8: 95909ms
  Rep 9: 96480ms
  Rep 10: 155803ms

Testing 8 transaction(s)...
  Rep 1: 95285ms
  Rep 2: 110800ms
  Rep 3: 118563ms
  Rep 4: 132863ms
  Rep 5: 141317ms
  Rep 6: 110247ms
  Rep 7: 131094ms
  Rep 8: 143453ms
  Rep 9: 95132ms
  Rep 10: 169146ms

Testing 9 transaction(s)...
  Rep 1: 238043ms
  Rep 2: 135333ms
  Rep 3: 144317ms
  Rep 4: 119938ms
  Rep 5: 129149ms
  Rep 6: 169724ms
  Rep 7: 121472ms
  Rep 8: 129454ms
  Rep 9: 145226ms
  Rep 10: 131244ms

Testing 10 transaction(s)...
  Rep 1: 131130ms
  Rep 2: 158493ms
  Rep 3: 128767ms
  Rep 4: 169397ms
  Rep 5: 143404ms
  Rep 6: 131673ms
  Rep 7: 183331ms
  Rep 8: 117585ms
  Rep 9: 156756ms
  Rep 10: 18130577ms

Testing 11 transaction(s)...
  Rep 1: 132288ms
  Rep 2: 168157ms
  Rep 3: 132907ms
  Rep 4: 145752ms
  Rep 5: 128554ms
  Rep 6: 144705ms
  Rep 7: 131697ms
  Rep 8: 172342ms
  Rep 9: 140361ms
  Rep 10: 167326ms

Testing 12 transaction(s)...
  Rep 1: 143890ms
  Rep 2: 179266ms
  Rep 3: 158098ms
  Rep 4: 156138ms
  Rep 5: 156707ms
  Rep 6: 180177ms
  Rep 7: 179035ms
  Rep 8: 153818ms
  Rep 9: 157998ms
  Rep 10: 190300ms

Testing 13 transaction(s)...
  Rep 1: 171888ms
  Rep 2: 179126ms
  Rep 3: 167586ms
  Rep 4: 165691ms
  Rep 5: 192313ms
  Rep 6: 203406ms
  Rep 7: 158014ms
  Rep 8: 206787ms
  Rep 9: 175565ms
  Rep 10: 179665ms

Testing 14 transaction(s)...
  Rep 1: 181873ms
  Rep 2: 179104ms
  Rep 3: 194867ms
  Rep 4: 201278ms
  Rep 5: 228144ms
  Rep 6: 180155ms
  Rep 7: 229105ms
  Rep 8: 239919ms
  Rep 9: 179583ms
  Rep 10: 205164ms

Testing 15 transaction(s)...
  Rep 1: 225900ms
  Rep 2: 180833ms
  Rep 3: 239560ms
  Rep 4: 203865ms
  Rep 5: 250921ms
  Rep 6: 194367ms
  Rep 7: 288447ms
  Rep 8: 237189ms
  Rep 9: 243078ms
  Rep 10: 249498ms

Testing 16 transaction(s)...
  Rep 1: 228763ms
  Rep 2: 232052ms
  Rep 3: 226466ms
  Rep 4: 224155ms
  Rep 5: 315122ms
  Rep 6: 213246ms
  Rep 7: 230457ms
  Rep 8: 254912ms
  Rep 9: 223754ms
  Rep 10: 239488ms

Testing 17 transaction(s)...
  Rep 1: 264666ms
  Rep 2: 276165ms
  Rep 3: 336402ms
  Rep 4: 264181ms
  Rep 5: 273127ms
  Rep 6: 280147ms
  Rep 7: 347228ms
  Rep 8: 237473ms
  Rep 9: 229061ms
  Rep 10: 253383ms

Testing 18 transaction(s)...
  Rep 1: 265221ms
  Rep 2: Error - read ECONNRESET
  Rep 3: 300908ms
  Rep 4: 248344ms
  Rep 5: 265367ms
  Rep 6: 358164ms
  Rep 7: 275469ms
  Rep 8: 277894ms
  Rep 9: 251601ms
  Rep 10: 241836ms

Testing 19 transaction(s)...
  Rep 1: 263602ms
  Rep 2: 286555ms
  Rep 3: 322918ms
  Rep 4: 279570ms
  Rep 5: 323371ms
  Rep 6: 250792ms
  Rep 7: 240739ms
  Rep 8: 262959ms
  Rep 9: 276360ms
  Rep 10: 263469ms

Testing 20 transaction(s)...
  Rep 1: 275472ms
  Rep 2: 288801ms
  Rep 3: 263628ms
  Rep 4: 252566ms
  Rep 5: 251067ms
  Rep 6: 266803ms
  Rep 7: 296243ms
  Rep 8: 268512ms
  Rep 9: 297803ms
  Rep 10: 286879ms

========== Testing Level 1 ==========

Testing 1 transaction(s)...
  Rep 1: 12949ms
  Rep 2: 13635ms
  Rep 3: 9080ms
  Rep 4: 12817ms
  Rep 5: 12764ms
  Rep 6: 21539ms
  Rep 7: 39979ms
  Rep 8: 8988ms
  Rep 9: 12505ms
  Rep 10: 12807ms

Testing 2 transaction(s)...
  Rep 1: 34844ms
  Rep 2: 26378ms
  Rep 3: 47548ms
  Rep 4: 49170ms
  Rep 5: 35694ms
  Rep 6: 32547ms
  Rep 7: 36412ms
  Rep 8: 23556ms
  Rep 9: 62675ms
  Rep 10: 48909ms

Testing 3 transaction(s)...
  Rep 1: 35425ms
  Rep 2: 58137ms
  Rep 3: 34963ms
  Rep 4: 40902ms
  Rep 5: 34132ms
  Rep 6: 45921ms
  Rep 7: 34616ms
  Rep 8: 47370ms
  Rep 9: 38560ms
  Rep 10: 35040ms

Testing 4 transaction(s)...
  Rep 1: 61228ms
  Rep 2: 51519ms
  Rep 3: 69139ms
  Rep 4: 47352ms
  Rep 5: 61310ms
  Rep 6: 71044ms
  Rep 7: 61104ms
  Rep 8: 46250ms
  Rep 9: 46896ms
  Rep 10: 60543ms

Testing 5 transaction(s)...
  Rep 1: 74857ms
  Rep 2: 154228ms
  Rep 3: 96680ms
  Rep 4: 68727ms
  Rep 5: 88319ms
  Rep 6: 92599ms
  Rep 7: 73313ms
  Rep 8: 60748ms
  Rep 9: 59731ms
  Rep 10: 83002ms

Testing 6 transaction(s)...
  Rep 1: 85707ms
  Rep 2: 69589ms
  Rep 3: 72861ms
  Rep 4: 85475ms
  Rep 5: 93015ms
  Rep 6: 85677ms
  Rep 7: 108099ms
  Rep 8: 73646ms
  Rep 9: 104692ms
  Rep 10: 87192ms

Testing 7 transaction(s)...
  Rep 1: 81976ms
  Rep 2: 130682ms
  Rep 3: 95189ms
  Rep 4: 98106ms
  Rep 5: 119924ms
  Rep 6: 203931ms
  Rep 7: 134413ms
  Rep 8: 80835ms
  Rep 9: 95073ms
  Rep 10: Error - request timeout (code=TIMEOUT, version=6.15.0)

Testing 8 transaction(s)...
  Rep 1: 109194ms
  Rep 2: 105759ms
  Rep 3: 107706ms
  Rep 4: 145738ms
  Rep 5: 116957ms
  Rep 6: 107308ms
  Rep 7: Error - missing response for request (value=[ { "id": 59475, "jsonrpc": "2.0", "result": "0x8ed8bf" }, { "co
  Rep 8: Error - missing response for request (value=[ { "code": -32005, "data": { "see": "https://infura.io/dashboar
  Rep 9: Error - missing response for request (value=[ { "code": -32005, "data": { "see": "https://infura.io/dashboar
  Rep 10: Error - missing response for request (value=[ { "code": -32005, "data": { "see": "https://infura.io/dashboar

Testing 9 transaction(s)...
  Rep 1: Error - missing response for request (value=[ { "code": -32005, "data": { "see": "https://infura.io/dashboar
  Rep 2: Error - missing response for request (value=[ { "code": -32005, "data": { "see": "https://infura.io/dashboar
  Rep 3: Error - missing response for request (value=[ { "code": -32005, "data": { "see": "https://infura.io/dashboar
  Rep 4: Error - missing response for request (value=[ { "code": -32005, "data": { "see": "https://infura.io/dashboar
  Rep 5: Error - missing response for request (value=[ { "code": -32005, "data": { "see": "https://infura.io/dashboar
  Rep 6: Error - missing response for request (value=[ { "code": -32005, "data": { "see": "https://infura.io/dashboar
  Rep 7: Error - missing response for request (value=[ { "code": -32005, "data": { "see": "https://infura.io/dashboar
  Rep 8: Error - missing response for request (value=[ { "code": -32005, "data": { "see": "https://infura.io/dashboar
  Rep 9: Error - missing response for request (value=[ { "code": -32005, "data": { "see": "https://infura.io/dashboar
  Rep 10: Error - missing response for request (value=[ { "code": -32005, "data": { "see": "https://infura.io/dashboar

Testing 10 transaction(s)...
  Rep 1: Error - missing response for request (value=[ { "code": -32005, "data": { "see": "https://infura.io/dashboar
  Rep 2: Error - missing response for request (value=[ { "code": -32005, "data": { "see": "https://infura.io/dashboar
  Rep 3: Error - missing response for request (value=[ { "code": -32005, "data": { "see": "https://infura.io/dashboar
  Rep 4: Error - missing response for request (value=[ { "code": -32005, "data": { "see": "https://infura.io/dashboar
  Rep 5: Error - missing response for request (value=[ { "code": -32005, "data": { "see": "https://infura.io/dashboar
  Rep 6: Error - missing response for request (value=[ { "code": -32005, "data": { "see": "https://infura.io/dashboar
  Rep 7: Error - missing response for request (value=[ { "code": -32005, "data": { "see": "https://infura.io/dashboar
  Rep 8: Error - missing response for request (value=[ { "code": -32005, "data": { "see": "https://infura.io/dashboar
  Rep 9: Error - missing response for request (value=[ { "code": -32005, "data": { "see": "https://infura.io/dashboar
  Rep 10: Error - missing response for request (value=[ { "code": -32005, "data": { "see": "https://infura.io/dashboar

Testing 11 transaction(s)...
  Rep 1: Error - missing response for request (value=[ { "code": -32005, "data": { "see": "https://infura.io/dashboar
  Rep 2: Error - missing response for request (value=[ { "code": -32005, "data": { "see": "https://infura.io/dashboar
  Rep 3: Error - missing response for request (value=[ { "code": -32005, "data": { "see": "https://infura.io/dashboar
  Rep 4: Error - missing response for request (value=[ { "code": -32005, "data": { "see": "https://infura.io/dashboar
  Rep 5: Error - missing response for request (value=[ { "code": -32005, "data": { "see": "https://infura.io/dashboar
  Rep 6: Error - missing response for request (value=[ { "code": -32005, "data": { "see": "https://infura.io/dashboar
  Rep 7: Error - missing response for request (value=[ { "code": -32005, "data": { "see": "https://infura.io/dashboar
  Rep 8: Error - missing response for request (value=[ { "code": -32005, "data": { "see": "https://infura.io/dashboar
  Rep 9: Error - missing response for request (value=[ { "code": -32005, "data": { "see": "https://infura.io/dashboar
  Rep 10: Error - missing response for request (value=[ { "code": -32005, "data": { "see": "https://infura.io/dashboar

Testing 12 transaction(s)...
  Rep 1: Error - read ECONNRESET
  Rep 2: Error - read ECONNRESET
  Rep 3: Error - read ECONNRESET
  Rep 4: Error - read ECONNRESET
  Rep 5: Error - missing response for request (value=[ { "code": -32005, "data": { "see": "https://infura.io/dashboar
  Rep 6: Error - missing response for request (value=[ { "code": -32005, "data": { "see": "https://infura.io/dashboar
  Rep 7: Error - missing response for request (value=[ { "code": -32005, "data": { "see": "https://infura.io/dashboar
  Rep 8: Error - missing response for request (value=[ { "code": -32005, "data": { "see": "https://infura.io/dashboar
  Rep 9: Error - missing response for request (value=[ { "code": -32005, "data": { "see": "https://infura.io/dashboar
  Rep 10: Error - read ECONNRESET

Testing 13 transaction(s)...
  Rep 1: Error - read ECONNRESET
  Rep 2: Error - read ECONNRESET
  Rep 3: Error - read ECONNRESET
  Rep 4: Error - read ECONNRESET
  Rep 5: Error - read ECONNRESET
  Rep 6: Error - missing response for request (value=[ { "code": -32005, "data": { "see": "https://infura.io/dashboar
  Rep 7: Error - missing response for request (value=[ { "code": -32005, "data": { "see": "https://infura.io/dashboar
  Rep 8: Error - missing response for request (value=[ { "code": -32005, "data": { "see": "https://infura.io/dashboar
  Rep 9: Error - missing response for request (value=[ { "code": -32005, "data": { "see": "https://infura.io/dashboar
  Rep 10: Error - read ECONNRESET

Testing 14 transaction(s)...
  Rep 1: Error - read ECONNRESET
  Rep 2: Error - read ECONNRESET
  Rep 3: Error - read ECONNRESET
  Rep 4: Error - read ECONNRESET
  Rep 5: Error - read ECONNRESET
  Rep 6: Error - missing response for request (value=[ { "id": 59678, "jsonrpc": "2.0", "result": "0xaa36a7" }, { "co
  Rep 7: Error - missing response for request (value=[ { "code": -32005, "data": { "see": "https://infura.io/dashboar
  Rep 8: Error - missing response for request (value=[ { "code": -32005, "data": { "see": "https://infura.io/dashboar
  Rep 9: Error - missing response for request (value=[ { "code": -32005, "data": { "see": "https://infura.io/dashboar
  Rep 10: Error - missing response for request (value=[ { "code": -32005, "data": { "see": "https://infura.io/dashboar

Testing 15 transaction(s)...
  Rep 1: Error - missing response for request (value=[ { "code": -32005, "data": { "see": "https://infura.io/dashboar
  Rep 2: Error - missing response for request (value=[ { "code": -32005, "data": { "see": "https://infura.io/dashboar
  Rep 3: Error - missing response for request (value=[ { "code": -32005, "data": { "see": "https://infura.io/dashboar
  Rep 4: Error - missing response for request (value=[ { "code": -32005, "data": { "see": "https://infura.io/dashboar
  Rep 5: Error - missing response for request (value=[ { "code": -32005, "data": { "see": "https://infura.io/dashboar
  Rep 6: Error - missing response for request (value=[ { "code": -32005, "data": { "see": "https://infura.io/dashboar
  Rep 7: Error - missing response for request (value=[ { "code": -32005, "data": { "see": "https://infura.io/dashboar
  Rep 8: Error - missing response for request (value=[ { "code": -32005, "data": { "see": "https://infura.io/dashboar
  Rep 9: Error - missing response for request (value=[ { "code": -32005, "data": { "see": "https://infura.io/dashboar
  Rep 10: Error - missing response for request (value=[ { "code": -32005, "data": { "see": "https://infura.io/dashboar

Testing 16 transaction(s)...
  Rep 1: Error - missing response for request (value=[ { "code": -32005, "data": { "see": "https://infura.io/dashboar
  Rep 2: Error - missing response for request (value=[ { "code": -32005, "data": { "see": "https://infura.io/dashboar
  Rep 3: Error - missing response for request (value=[ { "code": -32005, "data": { "see": "https://infura.io/dashboar
  Rep 4: Error - missing response for request (value=[ { "code": -32005, "data": { "see": "https://infura.io/dashboar
  Rep 5: Error - missing response for request (value=[ { "code": -32005, "data": { "see": "https://infura.io/dashboar
  Rep 6: Error - missing response for request (value=[ { "code": -32005, "data": { "see": "https://infura.io/dashboar
  Rep 7: Error - missing response for request (value=[ { "code": -32005, "data": { "see": "https://infura.io/dashboar
  Rep 8: Error - missing response for request (value=[ { "code": -32005, "data": { "see": "https://infura.io/dashboar
  Rep 9: Error - missing response for request (value=[ { "code": -32005, "data": { "see": "https://infura.io/dashboar
  Rep 10: Error - missing response for request (value=[ { "code": -32005, "data": { "see": "https://infura.io/dashboar

Testing 17 transaction(s)...
  Rep 1: Error - missing response for request (value=[ { "code": -32005, "data": { "see": "https://infura.io/dashboar
  Rep 2: Error - missing response for request (value=[ { "code": -32005, "data": { "see": "https://infura.io/dashboar
  Rep 3: Error - missing response for request (value=[ { "code": -32005, "data": { "see": "https://infura.io/dashboar
  Rep 4: Error - missing response for request (value=[ { "code": -32005, "data": { "see": "https://infura.io/dashboar
  Rep 5: Error - missing response for request (value=[ { "code": -32005, "data": { "see": "https://infura.io/dashboar
  Rep 6: Error - missing response for request (value=[ { "code": -32005, "data": { "see": "https://infura.io/dashboar
  Rep 7: Error - missing response for request (value=[ { "code": -32005, "data": { "see": "https://infura.io/dashboar
  Rep 8: Error - missing response for request (value=[ { "code": -32005, "data": { "see": "https://infura.io/dashboar
  Rep 9: Error - missing response for request (value=[ { "code": -32005, "data": { "see": "https://infura.io/dashboar
  Rep 10: Error - missing response for request (value=[ { "code": -32005, "data": { "see": "https://infura.io/dashboar

Testing 18 transaction(s)...
  Rep 1: Error - missing response for request (value=[ { "code": -32005, "data": { "see": "https://infura.io/dashboar
  Rep 2: Error - missing response for request (value=[ { "code": -32005, "data": { "see": "https://infura.io/dashboar
  Rep 3: Error - missing response for request (value=[ { "code": -32005, "data": { "see": "https://infura.io/dashboar
  Rep 4: Error - missing response for request (value=[ { "code": -32005, "data": { "see": "https://infura.io/dashboar
  Rep 5: Error - missing response for request (value=[ { "code": -32005, "data": { "see": "https://infura.io/dashboar
  Rep 6: Error - missing response for request (value=[ { "code": -32005, "data": { "see": "https://infura.io/dashboar
  Rep 7: Error - missing response for request (value=[ { "code": -32005, "data": { "see": "https://infura.io/dashboar
  Rep 8: Error - missing response for request (value=[ { "code": -32005, "data": { "see": "https://infura.io/dashboar
  Rep 9: Error - missing response for request (value=[ { "code": -32005, "data": { "see": "https://infura.io/dashboar
  Rep 10: Error - missing response for request (value=[ { "code": -32005, "data": { "see": "https://infura.io/dashboar

Testing 19 transaction(s)...
  Rep 1: Error - missing response for request (value=[ { "code": -32005, "data": { "see": "https://infura.io/dashboar
  Rep 2: Error - missing response for request (value=[ { "code": -32005, "data": { "see": "https://infura.io/dashboar
  Rep 3: Error - missing response for request (value=[ { "code": -32005, "data": { "see": "https://infura.io/dashboar
  Rep 4: Error - missing response for request (value=[ { "code": -32005, "data": { "see": "https://infura.io/dashboar
  Rep 5: Error - missing response for request (value=[ { "code": -32005, "data": { "see": "https://infura.io/dashboar
  Rep 6: Error - missing response for request (value=[ { "code": -32005, "data": { "see": "https://infura.io/dashboar
  Rep 7: Error - missing response for request (value=[ { "code": -32005, "data": { "see": "https://infura.io/dashboar
  Rep 8: Error - missing response for request (value=[ { "code": -32005, "data": { "see": "https://infura.io/dashboar
  Rep 9: Error - missing response for request (value=[ { "code": -32005, "data": { "see": "https://infura.io/dashboar
  Rep 10: Error - missing response for request (value=[ { "code": -32005, "data": { "see": "https://infura.io/dashboar

Testing 20 transaction(s)...
  Rep 1: Error - missing response for request (value=[ { "code": -32005, "data": { "see": "https://infura.io/dashboar
  Rep 2: Error - missing response for request (value=[ { "code": -32005, "data": { "see": "https://infura.io/dashboar
  Rep 3: Error - missing response for request (value=[ { "code": -32005, "data": { "see": "https://infura.io/dashboar
  Rep 4: Error - missing response for request (value=[ { "code": -32005, "data": { "see": "https://infura.io/dashboar
  Rep 5: Error - missing response for request (value=[ { "code": -32005, "data": { "see": "https://infura.io/dashboar
  Rep 6: Error - missing response for request (value=[ { "code": -32005, "data": { "see": "https://infura.io/dashboar
  Rep 7: Error - missing response for request (value=[ { "code": -32005, "data": { "see": "https://infura.io/dashboar
  Rep 8: Error - missing response for request (value=[ { "code": -32005, "data": { "see": "https://infura.io/dashboar
  Rep 9: Error - missing response for request (value=[ { "code": -32005, "data": { "see": "https://infura.io/dashboar
  Rep 10: Error - missing response for request (value=[ { "code": -32005, "data": { "see": "https://infura.io/dashboar

========== Testing Level 2 ==========

Testing 1 transaction(s)...
  Rep 1: Error - missing response for request (value=[ { "code": -32005, "data": { "see": "https://infura.io/dashboar
  Rep 2: Error - missing response for request (value=[ { "code": -32005, "data": { "see": "https://infura.io/dashboar
  Rep 3: Error - missing response for request (value=[ { "code": -32005, "data": { "see": "https://infura.io/dashboar
  Rep 4: Error - missing response for request (value=[ { "code": -32005, "data": { "see": "https://infura.io/dashboar
  Rep 5: Error - missing response for request (value=[ { "code": -32005, "data": { "see": "https://infura.io/dashboar
  Rep 6: Error - missing response for request (value=[ { "code": -32005, "data": { "see": "https://infura.io/dashboar
  Rep 7: Error - missing response for request (value=[ { "code": -32005, "data": { "see": "https://infura.io/dashboar
  Rep 8: Error - missing response for request (value=[ { "code": -32005, "data": { "see": "https://infura.io/dashboar
  Rep 9: Error - missing response for request (value=[ { "code": -32005, "data": { "see": "https://infura.io/dashboar
  Rep 10: Error - missing response for request (value=[ { "code": -32005, "data": { "see": "https://infura.io/dashboar

Testing 2 transaction(s)...
  Rep 1: Error - missing response for request (value=[ { "code": -32005, "data": { "see": "https://infura.io/dashboar
  Rep 2: Error - missing response for request (value=[ { "code": -32005, "data": { "see": "https://infura.io/dashboar
  Rep 3: Error - missing response for request (value=[ { "code": -32005, "data": { "see": "https://infura.io/dashboar
  Rep 4: Error - missing response for request (value=[ { "code": -32005, "data": { "see": "https://infura.io/dashboar
  Rep 5: Error - missing response for request (value=[ { "code": -32005, "data": { "see": "https://infura.io/dashboar
  Rep 6: Error - missing response for request (value=[ { "code": -32005, "data": { "see": "https://infura.io/dashboar
  Rep 7: Error - missing response for request (value=[ { "code": -32005, "data": { "see": "https://infura.io/dashboar
  Rep 8: Error - missing response for request (value=[ { "code": -32005, "data": { "see": "https://infura.io/dashboar
  Rep 9: Error - missing response for request (value=[ { "code": -32005, "data": { "see": "https://infura.io/dashboar
  Rep 10: Error - missing response for request (value=[ { "code": -32005, "data": { "see": "https://infura.io/dashboar

Testing 3 transaction(s)...
  Rep 1: Error - missing response for request (value=[ { "code": -32005, "data": { "see": "https://infura.io/dashboar
  Rep 2: Error - missing response for request (value=[ { "code": -32005, "data": { "see": "https://infura.io/dashboar
  Rep 3: Error - missing response for request (value=[ { "code": -32005, "data": { "see": "https://infura.io/dashboar
  Rep 4: Error - missing response for request (value=[ { "code": -32005, "data": { "see": "https://infura.io/dashboar
  Rep 5: Error - missing response for request (value=[ { "code": -32005, "data": { "see": "https://infura.io/dashboar
  Rep 6: Error - missing response for request (value=[ { "code": -32005, "data": { "see": "https://infura.io/dashboar
  Rep 7: Error - missing response for request (value=[ { "code": -32005, "data": { "see": "https://infura.io/dashboar
  Rep 8: Error - missing response for request (value=[ { "code": -32005, "data": { "see": "https://infura.io/dashboar
  Rep 9: Error - missing response for request (value=[ { "code": -32005, "data": { "see": "https://infura.io/dashboar
  Rep 10: Error - missing response for request (value=[ { "code": -32005, "data": { "see": "https://infura.io/dashboar

Testing 4 transaction(s)...
  Rep 1: Error - missing response for request (value=[ { "code": -32005, "data": { "see": "https://infura.io/dashboar
  Rep 2: Error - missing response for request (value=[ { "code": -32005, "data": { "see": "https://infura.io/dashboar
  Rep 3: Error - missing response for request (value=[ { "code": -32005, "data": { "see": "https://infura.io/dashboar
  Rep 4: Error - missing response for request (value=[ { "code": -32005, "data": { "see": "https://infura.io/dashboar
  Rep 5: Error - missing response for request (value=[ { "code": -32005, "data": { "see": "https://infura.io/dashboar
  Rep 6: Error - missing response for request (value=[ { "code": -32005, "data": { "see": "https://infura.io/dashboar
  Rep 7: Error - missing response for request (value=[ { "code": -32005, "data": { "see": "https://infura.io/dashboar
  Rep 8: Error - missing response for request (value=[ { "code": -32005, "data": { "see": "https://infura.io/dashboar
  Rep 9: Error - missing response for request (value=[ { "code": -32005, "data": { "see": "https://infura.io/dashboar
  Rep 10: Error - missing response for request (value=[ { "code": -32005, "data": { "see": "https://infura.io/dashboar

Testing 5 transaction(s)...
  Rep 1: Error - missing response for request (value=[ { "code": -32005, "data": { "see": "https://infura.io/dashboar
  Rep 2: Error - missing response for request (value=[ { "code": -32005, "data": { "see": "https://infura.io/dashboar
  Rep 3: Error - missing response for request (value=[ { "code": -32005, "data": { "see": "https://infura.io/dashboar
  Rep 4: Error - missing response for request (value=[ { "code": -32005, "data": { "see": "https://infura.io/dashboar
  Rep 5: Error - missing response for request (value=[ { "code": -32005, "data": { "see": "https://infura.io/dashboar
  Rep 6: Error - missing response for request (value=[ { "code": -32005, "data": { "see": "https://infura.io/dashboar
  Rep 7: Error - missing response for request (value=[ { "code": -32005, "data": { "see": "https://infura.io/dashboar
  Rep 8: Error - missing response for request (value=[ { "code": -32005, "data": { "see": "https://infura.io/dashboar
  Rep 9: Error - missing response for request (value=[ { "code": -32005, "data": { "see": "https://infura.io/dashboar
  Rep 10: Error - missing response for request (value=[ { "code": -32005, "data": { "see": "https://infura.io/dashboar

Testing 6 transaction(s)...
  Rep 1: Error - missing response for request (value=[ { "code": -32005, "data": { "see": "https://infura.io/dashboar
  Rep 2: Error - missing response for request (value=[ { "code": -32005, "data": { "see": "https://infura.io/dashboar
  Rep 3: Error - missing response for request (value=[ { "code": -32005, "data": { "see": "https://infura.io/dashboar
  Rep 4: Error - missing response for request (value=[ { "code": -32005, "data": { "see": "https://infura.io/dashboar
  Rep 5: Error - missing response for request (value=[ { "code": -32005, "data": { "see": "https://infura.io/dashboar
  Rep 6: Error - missing response for request (value=[ { "code": -32005, "data": { "see": "https://infura.io/dashboar
  Rep 7: Error - missing response for request (value=[ { "code": -32005, "data": { "see": "https://infura.io/dashboar
  Rep 8: Error - missing response for request (value=[ { "code": -32005, "data": { "see": "https://infura.io/dashboar
  Rep 9: Error - missing response for request (value=[ { "code": -32005, "data": { "see": "https://infura.io/dashboar
  Rep 10: Error - missing response for request (value=[ { "code": -32005, "data": { "see": "https://infura.io/dashboar

Testing 7 transaction(s)...
  Rep 1: Error - missing response for request (value=[ { "code": -32005, "data": { "see": "https://infura.io/dashboar
  Rep 2: Error - missing response for request (value=[ { "code": -32005, "data": { "see": "https://infura.io/dashboar
  Rep 3: Error - missing response for request (value=[ { "code": -32005, "data": { "see": "https://infura.io/dashboar
  Rep 4: Error - missing response for request (value=[ { "code": -32005, "data": { "see": "https://infura.io/dashboar
  Rep 5: Error - missing response for request (value=[ { "code": -32005, "data": { "see": "https://infura.io/dashboar
  Rep 6: Error - missing response for request (value=[ { "code": -32005, "data": { "see": "https://infura.io/dashboar
  Rep 7: Error - missing response for request (value=[ { "code": -32005, "data": { "see": "https://infura.io/dashboar
  Rep 8: Error - missing response for request (value=[ { "code": -32005, "data": { "see": "https://infura.io/dashboar
  Rep 9: Error - missing response for request (value=[ { "code": -32005, "data": { "see": "https://infura.io/dashboar
  Rep 10: Error - missing response for request (value=[ { "code": -32005, "data": { "see": "https://infura.io/dashboar

Testing 8 transaction(s)...
  Rep 1: Error - missing response for request (value=[ { "code": -32005, "data": { "see": "https://infura.io/dashboar
  Rep 2: Error - read ECONNRESET
  Rep 3: Error - read ECONNRESET
  Rep 4: Error - read ECONNRESET
  Rep 5: Error - read ECONNRESET
  Rep 6: Error - read ECONNRESET
  Rep 7: Error - read ECONNRESET
  Rep 8: Error - missing response for request (value=[ { "code": -32005, "data": { "see": "https://infura.io/dashboar
  Rep 9: Error - missing response for request (value=[ { "code": -32005, "data": { "see": "https://infura.io/dashboar
  Rep 10: Error - missing response for request (value=[ { "code": -32005, "data": { "see": "https://infura.io/dashboar

Testing 9 transaction(s)...
  Rep 1: Error - missing response for request (value=[ { "code": -32005, "data": { "see": "https://infura.io/dashboar
  Rep 2: Error - missing response for request (value=[ { "code": -32005, "data": { "see": "https://infura.io/dashboar
  Rep 3: Error - missing response for request (value=[ { "code": -32005, "data": { "see": "https://infura.io/dashboar
  Rep 4: Error - missing response for request (value=[ { "code": -32005, "data": { "see": "https://infura.io/dashboar
  Rep 5: Error - missing response for request (value=[ { "code": -32005, "data": { "see": "https://infura.io/dashboar
  Rep 6: Error - missing response for request (value=[ { "code": -32005, "data": { "see": "https://infura.io/dashboar
  Rep 7: Error - missing response for request (value=[ { "code": -32005, "data": { "see": "https://infura.io/dashboar
  Rep 8: Error - missing response for request (value=[ { "code": -32005, "data": { "see": "https://infura.io/dashboar
  Rep 9: Error - missing response for request (value=[ { "code": -32005, "data": { "see": "https://infura.io/dashboar
  Rep 10: Error - missing response for request (value=[ { "code": -32005, "data": { "see": "https://infura.io/dashboar

Testing 10 transaction(s)...
  Rep 1: Error - missing response for request (value=[ { "code": -32005, "data": { "see": "https://infura.io/dashboar
  Rep 2: Error - missing response for request (value=[ { "code": -32005, "data": { "see": "https://infura.io/dashboar
  Rep 3: Error - missing response for request (value=[ { "code": -32005, "data": { "see": "https://infura.io/dashboar
  Rep 4: Error - missing response for request (value=[ { "code": -32005, "data": { "see": "https://infura.io/dashboar
  Rep 5: Error - missing response for request (value=[ { "code": -32005, "data": { "see": "https://infura.io/dashboar
  Rep 6: Error - missing response for request (value=[ { "code": -32005, "data": { "see": "https://infura.io/dashboar
  Rep 7: Error - missing response for request (value=[ { "code": -32005, "data": { "see": "https://infura.io/dashboar
  Rep 8: Error - missing response for request (value=[ { "code": -32005, "data": { "see": "https://infura.io/dashboar
  Rep 9: Error - missing response for request (value=[ { "code": -32005, "data": { "see": "https://infura.io/dashboar
  Rep 10: Error - missing response for request (value=[ { "code": -32005, "data": { "see": "https://infura.io/dashboar

Testing 11 transaction(s)...
  Rep 1: Error - missing response for request (value=[ { "code": -32005, "data": { "see": "https://infura.io/dashboar
  Rep 2: Error - missing response for request (value=[ { "code": -32005, "data": { "see": "https://infura.io/dashboar
  Rep 3: Error - missing response for request (value=[ { "code": -32005, "data": { "see": "https://infura.io/dashboar
  Rep 4: Error - missing response for request (value=[ { "code": -32005, "data": { "see": "https://infura.io/dashboar
  Rep 5: Error - read ECONNRESET
  Rep 6: Error - read ECONNRESET
  Rep 7: Error - read ECONNRESET
  Rep 8: Error - read ECONNRESET
  Rep 9: Error - read ECONNRESET
  Rep 10: Error - read ECONNRESET

Testing 12 transaction(s)...
  Rep 1: Error - read ECONNRESET
  Rep 2: Error - read ECONNRESET
  Rep 3: Error - missing response for request (value=[ { "code": -32005, "data": { "see": "https://infura.io/dashboar
  Rep 4: Error - missing response for request (value=[ { "code": -32005, "data": { "see": "https://infura.io/dashboar
  Rep 5: Error - missing response for request (value=[ { "code": -32005, "data": { "see": "https://infura.io/dashboar
  Rep 6: Error - missing response for request (value=[ { "code": -32005, "data": { "see": "https://infura.io/dashboar
  Rep 7: Error - missing response for request (value=[ { "code": -32005, "data": { "see": "https://infura.io/dashboar
  Rep 8: Error - missing response for request (value=[ { "code": -32005, "data": { "see": "https://infura.io/dashboar
  Rep 9: Error - missing response for request (value=[ { "code": -32005, "data": { "see": "https://infura.io/dashboar
  Rep 10: Error - missing response for request (value=[ { "code": -32005, "data": { "see": "https://infura.io/dashboar

Testing 13 transaction(s)...
  Rep 1: Error - missing response for request (value=[ { "code": -32005, "data": { "see": "https://infura.io/dashboar
  Rep 2: Error - missing response for request (value=[ { "code": -32005, "data": { "see": "https://infura.io/dashboar
  Rep 3: Error - missing response for request (value=[ { "code": -32005, "data": { "see": "https://infura.io/dashboar
  Rep 4: Error - missing response for request (value=[ { "code": -32005, "data": { "see": "https://infura.io/dashboar
  Rep 5: Error - missing response for request (value=[ { "code": -32005, "data": { "see": "https://infura.io/dashboar
  Rep 6: Error - missing response for request (value=[ { "code": -32005, "data": { "see": "https://infura.io/dashboar
  Rep 7: Error - read ECONNRESET
  Rep 8: Error - read ECONNRESET
  Rep 9: Error - read ECONNRESET
  Rep 10: Error - read ECONNRESET

Testing 14 transaction(s)...
  Rep 1: Error - read ECONNRESET
  Rep 2: Error - read ECONNRESET
  Rep 3: Error - missing response for request (value=[ { "code": -32005, "data": { "see": "https://infura.io/dashboar
  Rep 4: Error - missing response for request (value=[ { "code": -32005, "data": { "see": "https://infura.io/dashboar
  Rep 5: Error - missing response for request (value=[ { "code": -32005, "data": { "see": "https://infura.io/dashboar
  Rep 6: Error - missing response for request (value=[ { "code": -32005, "data": { "see": "https://infura.io/dashboar
  Rep 7: Error - missing response for request (value=[ { "code": -32005, "data": { "see": "https://infura.io/dashboar
  Rep 8: Error - missing response for request (value=[ { "code": -32005, "data": { "see": "https://infura.io/dashboar
  Rep 9: Error - missing response for request (value=[ { "code": -32005, "data": { "see": "https://infura.io/dashboar
  Rep 10: Error - read ECONNRESET

Testing 15 transaction(s)...
  Rep 1: Error - read ECONNRESET
  Rep 2: Error - read ECONNRESET
  Rep 3: Error - read ECONNRESET
  Rep 4: Error - read ECONNRESET
  Rep 5: Error - read ECONNRESET
  Rep 6: Error - read ECONNRESET
  Rep 7: Error - read ECONNRESET
  Rep 8: Error - read ECONNRESET
  Rep 9: Error - read ECONNRESET
  Rep 10: Error - read ECONNRESET

Testing 16 transaction(s)...
  Rep 1: Error - read ECONNRESET
  Rep 2: Error - read ECONNRESET
  Rep 3: Error - read ECONNRESET
  Rep 4: Error - missing response for request (value=[ { "code": -32005, "data": { "see": "https://infura.io/dashboar
  Rep 5: Error - missing response for request (value=[ { "code": -32005, "data": { "see": "https://infura.io/dashboar
  Rep 6: Error - missing response for request (value=[ { "code": -32005, "data": { "see": "https://infura.io/dashboar
  Rep 7: Error - missing response for request (value=[ { "code": -32005, "data": { "see": "https://infura.io/dashboar
  Rep 8: Error - missing response for request (value=[ { "code": -32005, "data": { "see": "https://infura.io/dashboar
  Rep 9: Error - missing response for request (value=[ { "code": -32005, "data": { "see": "https://infura.io/dashboar
  Rep 10: Error - missing response for request (value=[ { "code": -32005, "data": { "see": "https://infura.io/dashboar

Testing 17 transaction(s)...
  Rep 1: Error - missing response for request (value=[ { "code": -32005, "data": { "see": "https://infura.io/dashboar
  Rep 2: Error - read ECONNRESET
  Rep 3: Error - read ECONNRESET
  Rep 4: Error - read ECONNRESET
  Rep 5: Error - read ECONNRESET
  Rep 6: Error - read ECONNRESET
  Rep 7: Error - read ECONNRESET
  Rep 8: Error - read ECONNRESET
  Rep 9: Error - read ECONNRESET
  Rep 10: Error - read ECONNRESET

Testing 18 transaction(s)...
  Rep 1: Error - read ECONNRESET
  Rep 2: Error - read ECONNRESET
  Rep 3: Error - read ECONNRESET
  Rep 4: Error - read ECONNRESET
  Rep 5: Error - read ECONNRESET
  Rep 6: Error - read ECONNRESET
  Rep 7: Error - read ECONNRESET
  Rep 8: Error - read ECONNRESET
  Rep 9: Error - getaddrinfo ENOTFOUND sepolia.infura.io
  Rep 10: Error - getaddrinfo ENOTFOUND sepolia.infura.io

Testing 19 transaction(s)...
  Rep 1: Error - getaddrinfo ENOTFOUND sepolia.infura.io
  Rep 2: Error - getaddrinfo ENOTFOUND sepolia.infura.io
  Rep 3: Error - getaddrinfo ENOTFOUND sepolia.infura.io
  Rep 4: Error - getaddrinfo ENOTFOUND sepolia.infura.io
  Rep 5: Error - getaddrinfo ENOTFOUND sepolia.infura.io
  Rep 6: Error - getaddrinfo ENOTFOUND sepolia.infura.io
  Rep 7: Error - getaddrinfo ENOTFOUND sepolia.infura.io
  Rep 8: Error - getaddrinfo ENOTFOUND sepolia.infura.io
  Rep 9: Error - getaddrinfo ENOTFOUND sepolia.infura.io
  Rep 10: Error - getaddrinfo ENOTFOUND sepolia.infura.io

Testing 20 transaction(s)...
  Rep 1: Error - getaddrinfo ENOTFOUND sepolia.infura.io
  Rep 2: Error - getaddrinfo ENOTFOUND sepolia.infura.io
  Rep 3: Error - getaddrinfo ENOTFOUND sepolia.infura.io
  Rep 4: Error - getaddrinfo ENOTFOUND sepolia.infura.io
  Rep 5: Error - getaddrinfo ENOTFOUND sepolia.infura.io
  Rep 6: Error - getaddrinfo ENOTFOUND sepolia.infura.io
  Rep 7: Error - getaddrinfo ENOTFOUND sepolia.infura.io
  Rep 8: Error - getaddrinfo ENOTFOUND sepolia.infura.io
  Rep 9: Error - getaddrinfo ENOTFOUND sepolia.infura.io
  Rep 10: Error - getaddrinfo ENOTFOUND sepolia.infura.io

========== Testing Level 3 ==========

Testing 1 transaction(s)...
  Rep 1: Error - getaddrinfo ENOTFOUND sepolia.infura.io
  Rep 2: Error - getaddrinfo ENOTFOUND sepolia.infura.io
  Rep 3: Error - getaddrinfo ENOTFOUND sepolia.infura.io
  Rep 4: Error - getaddrinfo ENOTFOUND sepolia.infura.io
  Rep 5: Error - getaddrinfo ENOTFOUND sepolia.infura.io
  Rep 6: Error - getaddrinfo ENOTFOUND sepolia.infura.io
  Rep 7: Error - getaddrinfo ENOTFOUND sepolia.infura.io
  Rep 8: Error - getaddrinfo ENOTFOUND sepolia.infura.io
  Rep 9: Error - getaddrinfo ENOTFOUND sepolia.infura.io
  Rep 10: Error - getaddrinfo ENOTFOUND sepolia.infura.io

Testing 2 transaction(s)...
  Rep 1: Error - getaddrinfo ENOTFOUND sepolia.infura.io
  Rep 2: Error - getaddrinfo ENOTFOUND sepolia.infura.io
  Rep 3: Error - getaddrinfo ENOTFOUND sepolia.infura.io
  Rep 4: Error - getaddrinfo ENOTFOUND sepolia.infura.io
  Rep 5: Error - getaddrinfo ENOTFOUND sepolia.infura.io
  Rep 6: Error - getaddrinfo ENOTFOUND sepolia.infura.io
  Rep 7: Error - getaddrinfo ENOTFOUND sepolia.infura.io
  Rep 8: Error - getaddrinfo ENOTFOUND sepolia.infura.io
  Rep 9: Error - getaddrinfo ENOTFOUND sepolia.infura.io
  Rep 10: Error - getaddrinfo ENOTFOUND sepolia.infura.io

Testing 3 transaction(s)...
  Rep 1: Error - getaddrinfo ENOTFOUND sepolia.infura.io
  Rep 2: Error - getaddrinfo ENOTFOUND sepolia.infura.io
  Rep 3: Error - getaddrinfo ENOTFOUND sepolia.infura.io
  Rep 4: Error - getaddrinfo ENOTFOUND sepolia.infura.io
  Rep 5: Error - getaddrinfo ENOTFOUND sepolia.infura.io
  Rep 6: Error - getaddrinfo ENOTFOUND sepolia.infura.io
  Rep 7: Error - getaddrinfo ENOTFOUND sepolia.infura.io
  Rep 8: Error - getaddrinfo ENOTFOUND sepolia.infura.io
  Rep 9: Error - getaddrinfo ENOTFOUND sepolia.infura.io
  Rep 10: Error - getaddrinfo ENOTFOUND sepolia.infura.io

Testing 4 transaction(s)...
  Rep 1: Error - getaddrinfo ENOTFOUND sepolia.infura.io
  Rep 2: Error - getaddrinfo ENOTFOUND sepolia.infura.io
  Rep 3: Error - getaddrinfo ENOTFOUND sepolia.infura.io
  Rep 4: Error - getaddrinfo ENOTFOUND sepolia.infura.io
  Rep 5: Error - getaddrinfo ENOTFOUND sepolia.infura.io
  Rep 6: Error - getaddrinfo ENOTFOUND sepolia.infura.io
  Rep 7: Error - getaddrinfo ENOTFOUND sepolia.infura.io
  Rep 8: Error - getaddrinfo ENOTFOUND sepolia.infura.io
  Rep 9: Error - getaddrinfo ENOTFOUND sepolia.infura.io
  Rep 10: Error - getaddrinfo ENOTFOUND sepolia.infura.io

Testing 5 transaction(s)...
  Rep 1: Error - getaddrinfo ENOTFOUND sepolia.infura.io
  Rep 2: Error - getaddrinfo ENOTFOUND sepolia.infura.io
  Rep 3: Error - getaddrinfo ENOTFOUND sepolia.infura.io
  Rep 4: Error - getaddrinfo ENOTFOUND sepolia.infura.io
  Rep 5: Error - getaddrinfo ENOTFOUND sepolia.infura.io
  Rep 6: Error - getaddrinfo ENOTFOUND sepolia.infura.io
  Rep 7: Error - getaddrinfo ENOTFOUND sepolia.infura.io
  Rep 8: Error - getaddrinfo ENOTFOUND sepolia.infura.io
  Rep 9: Error - getaddrinfo ENOTFOUND sepolia.infura.io
  Rep 10: Error - getaddrinfo ENOTFOUND sepolia.infura.io

Testing 6 transaction(s)...
  Rep 1: Error - getaddrinfo ENOTFOUND sepolia.infura.io
  Rep 2: Error - getaddrinfo ENOTFOUND sepolia.infura.io
  Rep 3: Error - getaddrinfo ENOTFOUND sepolia.infura.io
  Rep 4: Error - getaddrinfo ENOTFOUND sepolia.infura.io
  Rep 5: Error - getaddrinfo ENOTFOUND sepolia.infura.io
  Rep 6: Error - getaddrinfo ENOTFOUND sepolia.infura.io
  Rep 7: Error - getaddrinfo ENOTFOUND sepolia.infura.io
  Rep 8: Error - getaddrinfo ENOTFOUND sepolia.infura.io
  Rep 9: Error - getaddrinfo ENOTFOUND sepolia.infura.io
  Rep 10: Error - getaddrinfo ENOTFOUND sepolia.infura.io

Testing 7 transaction(s)...
  Rep 1: Error - getaddrinfo ENOTFOUND sepolia.infura.io
  Rep 2: Error - getaddrinfo ENOTFOUND sepolia.infura.io
  Rep 3: Error - getaddrinfo ENOTFOUND sepolia.infura.io
  Rep 4: Error - getaddrinfo ENOTFOUND sepolia.infura.io
  Rep 5: Error - getaddrinfo ENOTFOUND sepolia.infura.io
  Rep 6: Error - getaddrinfo ENOTFOUND sepolia.infura.io
  Rep 7: Error - getaddrinfo ENOTFOUND sepolia.infura.io
  Rep 8: Error - getaddrinfo ENOTFOUND sepolia.infura.io
  Rep 9: Error - getaddrinfo ENOTFOUND sepolia.infura.io
  Rep 10: Error - getaddrinfo ENOTFOUND sepolia.infura.io

Testing 8 transaction(s)...
  Rep 1: Error - getaddrinfo ENOTFOUND sepolia.infura.io
  Rep 2: Error - getaddrinfo ENOTFOUND sepolia.infura.io
  Rep 3: Error - getaddrinfo ENOTFOUND sepolia.infura.io
  Rep 4: Error - getaddrinfo ENOTFOUND sepolia.infura.io
  Rep 5: Error - getaddrinfo ENOTFOUND sepolia.infura.io
  Rep 6: Error - getaddrinfo ENOTFOUND sepolia.infura.io
  Rep 7: Error - getaddrinfo ENOTFOUND sepolia.infura.io
  Rep 8: Error - getaddrinfo ENOTFOUND sepolia.infura.io
  Rep 9: Error - getaddrinfo ENOTFOUND sepolia.infura.io
  Rep 10: Error - getaddrinfo ENOTFOUND sepolia.infura.io

Testing 9 transaction(s)...
  Rep 1: Error - getaddrinfo ENOTFOUND sepolia.infura.io
  Rep 2: Error - getaddrinfo ENOTFOUND sepolia.infura.io
  Rep 3: Error - getaddrinfo ENOTFOUND sepolia.infura.io
  Rep 4: Error - getaddrinfo ENOTFOUND sepolia.infura.io
  Rep 5: Error - getaddrinfo ENOTFOUND sepolia.infura.io
  Rep 6: Error - getaddrinfo ENOTFOUND sepolia.infura.io
  Rep 7: Error - getaddrinfo ENOTFOUND sepolia.infura.io
  Rep 8: Error - getaddrinfo ENOTFOUND sepolia.infura.io
  Rep 9: Error - getaddrinfo ENOTFOUND sepolia.infura.io
  Rep 10: Error - getaddrinfo ENOTFOUND sepolia.infura.io

Testing 10 transaction(s)...
  Rep 1: Error - getaddrinfo ENOTFOUND sepolia.infura.io
  Rep 2: Error - getaddrinfo ENOTFOUND sepolia.infura.io
  Rep 3: Error - getaddrinfo ENOTFOUND sepolia.infura.io
  Rep 4: Error - getaddrinfo ENOTFOUND sepolia.infura.io
  Rep 5: Error - getaddrinfo ENOTFOUND sepolia.infura.io
  Rep 6: Error - getaddrinfo ENOTFOUND sepolia.infura.io
  Rep 7: Error - getaddrinfo ENOTFOUND sepolia.infura.io
  Rep 8: Error - getaddrinfo ENOTFOUND sepolia.infura.io
  Rep 9: Error - getaddrinfo ENOTFOUND sepolia.infura.io
  Rep 10: Error - getaddrinfo ENOTFOUND sepolia.infura.io

Testing 11 transaction(s)...
  Rep 1: Error - getaddrinfo ENOTFOUND sepolia.infura.io
  Rep 2: Error - getaddrinfo ENOTFOUND sepolia.infura.io
  Rep 3: Error - getaddrinfo ENOTFOUND sepolia.infura.io
  Rep 4: Error - getaddrinfo ENOTFOUND sepolia.infura.io
  Rep 5: Error - getaddrinfo ENOTFOUND sepolia.infura.io
  Rep 6: Error - getaddrinfo ENOTFOUND sepolia.infura.io
  Rep 7: Error - getaddrinfo ENOTFOUND sepolia.infura.io
  Rep 8: Error - getaddrinfo ENOTFOUND sepolia.infura.io
  Rep 9: Error - getaddrinfo ENOTFOUND sepolia.infura.io
  Rep 10: Error - getaddrinfo ENOTFOUND sepolia.infura.io

Testing 12 transaction(s)...
  Rep 1: Error - getaddrinfo ENOTFOUND sepolia.infura.io
  Rep 2: Error - getaddrinfo ENOTFOUND sepolia.infura.io
  Rep 3: Error - getaddrinfo ENOTFOUND sepolia.infura.io
  Rep 4: Error - getaddrinfo ENOTFOUND sepolia.infura.io
  Rep 5: Error - getaddrinfo ENOTFOUND sepolia.infura.io
  Rep 6: Error - getaddrinfo ENOTFOUND sepolia.infura.io
  Rep 7: Error - getaddrinfo ENOTFOUND sepolia.infura.io
  Rep 8: Error - getaddrinfo ENOTFOUND sepolia.infura.io
  Rep 9: Error - getaddrinfo ENOTFOUND sepolia.infura.io
  Rep 10: Error - getaddrinfo ENOTFOUND sepolia.infura.io

Testing 13 transaction(s)...
  Rep 1: Error - getaddrinfo ENOTFOUND sepolia.infura.io
  Rep 2: Error - getaddrinfo ENOTFOUND sepolia.infura.io
  Rep 3: Error - getaddrinfo ENOTFOUND sepolia.infura.io
  Rep 4: Error - getaddrinfo ENOTFOUND sepolia.infura.io
  Rep 5: Error - getaddrinfo ENOTFOUND sepolia.infura.io
  Rep 6: Error - getaddrinfo ENOTFOUND sepolia.infura.io
  Rep 7: Error - getaddrinfo ENOTFOUND sepolia.infura.io
  Rep 8: Error - getaddrinfo ENOTFOUND sepolia.infura.io
  Rep 9: Error - getaddrinfo ENOTFOUND sepolia.infura.io
  Rep 10: Error - getaddrinfo ENOTFOUND sepolia.infura.io

Testing 14 transaction(s)...
  Rep 1: Error - getaddrinfo ENOTFOUND sepolia.infura.io
  Rep 2: Error - getaddrinfo ENOTFOUND sepolia.infura.io
  Rep 3: Error - getaddrinfo ENOTFOUND sepolia.infura.io
  Rep 4: Error - getaddrinfo ENOTFOUND sepolia.infura.io
  Rep 5: Error - getaddrinfo ENOTFOUND sepolia.infura.io
  Rep 6: Error - getaddrinfo ENOTFOUND sepolia.infura.io
  Rep 7: Error - getaddrinfo ENOTFOUND sepolia.infura.io
  Rep 8: Error - getaddrinfo ENOTFOUND sepolia.infura.io
  Rep 9: Error - getaddrinfo ENOTFOUND sepolia.infura.io
  Rep 10: Error - getaddrinfo ENOTFOUND sepolia.infura.io

Testing 15 transaction(s)...
  Rep 1: Error - getaddrinfo ENOTFOUND sepolia.infura.io
  Rep 2: Error - getaddrinfo ENOTFOUND sepolia.infura.io
  Rep 3: Error - getaddrinfo ENOTFOUND sepolia.infura.io
  Rep 4: Error - getaddrinfo ENOTFOUND sepolia.infura.io
  Rep 5: Error - getaddrinfo ENOTFOUND sepolia.infura.io
  Rep 6: Error - getaddrinfo ENOTFOUND sepolia.infura.io
  Rep 7: Error - getaddrinfo ENOTFOUND sepolia.infura.io
  Rep 8: Error - getaddrinfo ENOTFOUND sepolia.infura.io
  Rep 9: Error - getaddrinfo ENOTFOUND sepolia.infura.io
  Rep 10: Error - getaddrinfo ENOTFOUND sepolia.infura.io

Testing 16 transaction(s)...
  Rep 1: Error - getaddrinfo ENOTFOUND sepolia.infura.io
  Rep 2: Error - getaddrinfo ENOTFOUND sepolia.infura.io
  Rep 3: Error - getaddrinfo ENOTFOUND sepolia.infura.io
  Rep 4: Error - getaddrinfo ENOTFOUND sepolia.infura.io
  Rep 5: Error - getaddrinfo ENOTFOUND sepolia.infura.io
  Rep 6: Error - getaddrinfo ENOTFOUND sepolia.infura.io
  Rep 7: Error - getaddrinfo ENOTFOUND sepolia.infura.io
  Rep 8: Error - getaddrinfo ENOTFOUND sepolia.infura.io
  Rep 9: Error - getaddrinfo ENOTFOUND sepolia.infura.io
  Rep 10: Error - getaddrinfo ENOTFOUND sepolia.infura.io

Testing 17 transaction(s)...
  Rep 1: Error - getaddrinfo ENOTFOUND sepolia.infura.io
  Rep 2: Error - getaddrinfo ENOTFOUND sepolia.infura.io
  Rep 3: Error - getaddrinfo ENOTFOUND sepolia.infura.io
  Rep 4: Error - getaddrinfo ENOTFOUND sepolia.infura.io
  Rep 5: Error - getaddrinfo ENOTFOUND sepolia.infura.io
  Rep 6: Error - getaddrinfo ENOTFOUND sepolia.infura.io
  Rep 7: Error - getaddrinfo ENOTFOUND sepolia.infura.io
  Rep 8: Error - getaddrinfo ENOTFOUND sepolia.infura.io
  Rep 9: Error - getaddrinfo ENOTFOUND sepolia.infura.io
  Rep 10: Error - getaddrinfo ENOTFOUND sepolia.infura.io

Testing 18 transaction(s)...
  Rep 1: Error - getaddrinfo ENOTFOUND sepolia.infura.io
  Rep 2: Error - getaddrinfo ENOTFOUND sepolia.infura.io
  Rep 3: Error - getaddrinfo ENOTFOUND sepolia.infura.io
  Rep 4: Error - getaddrinfo ENOTFOUND sepolia.infura.io
  Rep 5: Error - getaddrinfo ENOTFOUND sepolia.infura.io
  Rep 6: Error - getaddrinfo ENOTFOUND sepolia.infura.io
  Rep 7: Error - getaddrinfo ENOTFOUND sepolia.infura.io
  Rep 8: Error - getaddrinfo ENOTFOUND sepolia.infura.io
  Rep 9: Error - getaddrinfo ENOTFOUND sepolia.infura.io
  Rep 10: Error - getaddrinfo ENOTFOUND sepolia.infura.io

Testing 19 transaction(s)...
  Rep 1: Error - getaddrinfo ENOTFOUND sepolia.infura.io
  Rep 2: Error - getaddrinfo ENOTFOUND sepolia.infura.io
  Rep 3: Error - getaddrinfo ENOTFOUND sepolia.infura.io
  Rep 4: Error - getaddrinfo ENOTFOUND sepolia.infura.io
  Rep 5: Error - getaddrinfo ENOTFOUND sepolia.infura.io
  Rep 6: Error - getaddrinfo ENOTFOUND sepolia.infura.io
  Rep 7: Error - getaddrinfo ENOTFOUND sepolia.infura.io
  Rep 8: Error - getaddrinfo ENOTFOUND sepolia.infura.io
  Rep 9: Error - getaddrinfo ENOTFOUND sepolia.infura.io
  Rep 10: Error - getaddrinfo ENOTFOUND sepolia.infura.io

Testing 20 transaction(s)...
  Rep 1: Error - getaddrinfo ENOTFOUND sepolia.infura.io
  Rep 2: Error - getaddrinfo ENOTFOUND sepolia.infura.io
  Rep 3: Error - getaddrinfo ENOTFOUND sepolia.infura.io
  Rep 4: Error - getaddrinfo ENOTFOUND sepolia.infura.io
  Rep 5: Error - getaddrinfo ENOTFOUND sepolia.infura.io
  Rep 6: Error - getaddrinfo ENOTFOUND sepolia.infura.io
  Rep 7: Error - getaddrinfo ENOTFOUND sepolia.infura.io
  Rep 8: Error - getaddrinfo ENOTFOUND sepolia.infura.io
  Rep 9: Error - getaddrinfo ENOTFOUND sepolia.infura.io
  Rep 10: Error - getaddrinfo ENOTFOUND sepolia.infura.io

========================================
✓ Response time testing completed!
========================================


STEP 2/3: Gas Consumption Tests (12-20 hours)

========================================
STARTING GAS CONSUMPTION TESTS
========================================


========== Testing Level 0 ==========
Running 2000 transactions...

JsonRpcProvider failed to detect network and cannot start up; retry in 1s (perhaps the URL is wrong or the node is not started)
  Transaction 1 failed: getaddrinfo ENOTFOUND sepolia.infura.io
  Transaction 2 failed: getaddrinfo ENOTFOUND sepolia.infura.io
  Transaction 3 failed: getaddrinfo ENOTFOUND sepolia.infura.io
  Transaction 4 failed: getaddrinfo ENOTFOUND sepolia.infura.io
  Transaction 5 failed: getaddrinfo ENOTFOUND sepolia.infura.io
  Transaction 6 failed: getaddrinfo ENOTFOUND sepolia.infura.io
  Transaction 7 failed: getaddrinfo ENOTFOUND sepolia.infura.io
  Transaction 8 failed: getaddrinfo ENOTFOUND sepolia.infura.io
  Transaction 9 failed: getaddrinfo ENOTFOUND sepolia.infura.io
  Transaction 10 failed: getaddrinfo ENOTFOUND sepolia.infura.io
  Transaction 11 failed: getaddrinfo ENOTFOUND sepolia.infura.io
  Transaction 12 failed: getaddrinfo ENOTFOUND sepolia.infura.io
  Transaction 13 failed: getaddrinfo ENOTFOUND sepolia.infura.io
  Transaction 14 failed: getaddrinfo ENOTFOUND sepolia.infura.io
  Transaction 15 failed: getaddrinfo ENOTFOUND sepolia.infura.io
  Transaction 16 failed: getaddrinfo ENOTFOUND sepolia.infura.io
  Transaction 17 failed: getaddrinfo ENOTFOUND sepolia.infura.io
  Transaction 18 failed: getaddrinfo ENOTFOUND sepolia.infura.io
  Transaction 19 failed: getaddrinfo ENOTFOUND sepolia.infura.io
  Transaction 20 failed: getaddrinfo ENOTFOUND sepolia.infura.io
  Transaction 21 failed: getaddrinfo ENOTFOUND sepolia.infura.io
  Transaction 22 failed: getaddrinfo ENOTFOUND sepolia.infura.io
  Transaction 23 failed: getaddrinfo ENOTFOUND sepolia.infura.io
  Transaction 24 failed: getaddrinfo ENOTFOUND sepolia.infura.io
  Transaction 25 failed: getaddrinfo ENOTFOUND sepolia.infura.io
  Transaction 26 failed: getaddrinfo ENOTFOUND sepolia.infura.io
  Transaction 27 failed: getaddrinfo ENOTFOUND sepolia.infura.io
  Transaction 28 failed: getaddrinfo ENOTFOUND sepolia.infura.io
  Transaction 29 failed: getaddrinfo ENOTFOUND sepolia.infura.io
  Transaction 30 failed: getaddrinfo ENOTFOUND sepolia.infura.io
  Transaction 31 failed: getaddrinfo ENOTFOUND sepolia.infura.io
  Transaction 32 failed: getaddrinfo ENOTFOUND sepolia.infura.io
  Transaction 33 failed: getaddrinfo ENOTFOUND sepolia.infura.io
  Transaction 34 failed: getaddrinfo ENOTFOUND sepolia.infura.io
  Transaction 35 failed: getaddrinfo ENOTFOUND sepolia.infura.io
  Transaction 36 failed: getaddrinfo ENOTFOUND sepolia.infura.io
  Transaction 37 failed: getaddrinfo ENOTFOUND sepolia.infura.io
  Transaction 38 failed: getaddrinfo ENOTFOUND sepolia.infura.io
  Transaction 39 failed: getaddrinfo ENOTFOUND sepolia.infura.io
  Transaction 40 failed: getaddrinfo ENOTFOUND sepolia.infura.io
  Transaction 41 failed: getaddrinfo ENOTFOUND sepolia.infura.io
  Transaction 42 failed: getaddrinfo ENOTFOUND sepolia.infura.io
  Transaction 43 failed: getaddrinfo ENOTFOUND sepolia.infura.io
  Transaction 44 failed: getaddrinfo ENOTFOUND sepolia.infura.io
  Transaction 45 failed: getaddrinfo ENOTFOUND sepolia.infura.io
  Transaction 46 failed: getaddrinfo ENOTFOUND sepolia.infura.io
  Transaction 47 failed: getaddrinfo ENOTFOUND sepolia.infura.io
  Transaction 48 failed: getaddrinfo ENOTFOUND sepolia.infura.io
  Transaction 49 failed: getaddrinfo ENOTFOUND sepolia.infura.io
  Transaction 50 failed: getaddrinfo ENOTFOUND sepolia.infura.io
  Transaction 51 failed: getaddrinfo ENOTFOUND sepolia.infura.io
  Transaction 52 failed: getaddrinfo ENOTFOUND sepolia.infura.io
  Transaction 53 failed: getaddrinfo ENOTFOUND sepolia.infura.io
  Transaction 54 failed: getaddrinfo ENOTFOUND sepolia.infura.io
  Transaction 55 failed: getaddrinfo ENOTFOUND sepolia.infura.io
  Transaction 56 failed: getaddrinfo ENOTFOUND sepolia.infura.io
  Transaction 57 failed: getaddrinfo ENOTFOUND sepolia.infura.io
  Transaction 58 failed: getaddrinfo ENOTFOUND sepolia.infura.io
  Transaction 59 failed: getaddrinfo ENOTFOUND sepolia.infura.io
  Transaction 60 failed: getaddrinfo ENOTFOUND sepolia.infura.io
  Transaction 61 failed: getaddrinfo ENOTFOUND sepolia.infura.io
  Transaction 62 failed: getaddrinfo ENOTFOUND sepolia.infura.io
  Transaction 63 failed: getaddrinfo ENOTFOUND sepolia.infura.io
  Transaction 64 failed: getaddrinfo ENOTFOUND sepolia.infura.io
  Transaction 65 failed: getaddrinfo ENOTFOUND sepolia.infura.io
  Transaction 66 failed: getaddrinfo ENOTFOUND sepolia.infura.io
  Transaction 67 failed: getaddrinfo ENOTFOUND sepolia.infura.io
  Transaction 68 failed: getaddrinfo ENOTFOUND sepolia.infura.io
  Transaction 69 failed: getaddrinfo ENOTFOUND sepolia.infura.io
  Transaction 70 failed: getaddrinfo ENOTFOUND sepolia.infura.io
  Transaction 71 failed: getaddrinfo ENOTFOUND sepolia.infura.io
  Transaction 72 failed: getaddrinfo ENOTFOUND sepolia.infura.io
  Transaction 73 failed: getaddrinfo ENOTFOUND sepolia.infura.io
  Transaction 74 failed: getaddrinfo ENOTFOUND sepolia.infura.io
  Transaction 75 failed: getaddrinfo ENOTFOUND sepolia.infura.io
  Transaction 76 failed: getaddrinfo ENOTFOUND sepolia.infura.io
  Transaction 77 failed: getaddrinfo ENOTFOUND sepolia.infura.io
  Transaction 78 failed: getaddrinfo ENOTFOUND sepolia.infura.io
  Transaction 79 failed: getaddrinfo ENOTFOUND sepolia.infura.io
  Transaction 80 failed: getaddrinfo ENOTFOUND sepolia.infura.io
  Transaction 81 failed: getaddrinfo ENOTFOUND sepolia.infura.io
  Transaction 82 failed: getaddrinfo ENOTFOUND sepolia.infura.io
  Transaction 83 failed: getaddrinfo ENOTFOUND sepolia.infura.io
  Transaction 84 failed: getaddrinfo ENOTFOUND sepolia.infura.io
  Transaction 85 failed: getaddrinfo ENOTFOUND sepolia.infura.io
  Transaction 86 failed: getaddrinfo ENOTFOUND sepolia.infura.io
  Transaction 87 failed: getaddrinfo ENOTFOUND sepolia.infura.io
  Transaction 88 failed: getaddrinfo ENOTFOUND sepolia.infura.io
  Transaction 89 failed: getaddrinfo ENOTFOUND sepolia.infura.io
  Transaction 90 failed: getaddrinfo ENOTFOUND sepolia.infura.io
  Transaction 91 failed: getaddrinfo ENOTFOUND sepolia.infura.io
  Transaction 92 failed: getaddrinfo ENOTFOUND sepolia.infura.io
  Transaction 93 failed: getaddrinfo ENOTFOUND sepolia.infura.io
  Transaction 94 failed: getaddrinfo ENOTFOUND sepolia.infura.io
  Transaction 95 failed: getaddrinfo ENOTFOUND sepolia.infura.io
  Transaction 96 failed: getaddrinfo ENOTFOUND sepolia.infura.io
  Transaction 97 failed: getaddrinfo ENOTFOUND sepolia.infura.io
  Transaction 98 failed: getaddrinfo ENOTFOUND sepolia.infura.io
  Transaction 99 failed: getaddrinfo ENOTFOUND sepolia.infura.io
  Transaction 100 failed: getaddrinfo ENOTFOUND sepolia.infura.io
  Transaction 101 failed: getaddrinfo ENOTFOUND sepolia.infura.io
  Transaction 102 failed: getaddrinfo ENOTFOUND sepolia.infura.io
  Transaction 103 failed: getaddrinfo ENOTFOUND sepolia.infura.io
  Transaction 104 failed: getaddrinfo ENOTFOUND sepolia.infura.io
  Transaction 105 failed: getaddrinfo ENOTFOUND sepolia.infura.io
  Transaction 106 failed: getaddrinfo ENOTFOUND sepolia.infura.io
  Transaction 107 failed: getaddrinfo ENOTFOUND sepolia.infura.io
  Transaction 108 failed: getaddrinfo ENOTFOUND sepolia.infura.io
  Transaction 109 failed: getaddrinfo ENOTFOUND sepolia.infura.io
  Transaction 110 failed: getaddrinfo ENOTFOUND sepolia.infura.io
  Transaction 111 failed: getaddrinfo ENOTFOUND sepolia.infura.io
  Transaction 112 failed: getaddrinfo ENOTFOUND sepolia.infura.io
  Transaction 113 failed: getaddrinfo ENOTFOUND sepolia.infura.io
  Transaction 114 failed: getaddrinfo ENOTFOUND sepolia.infura.io
  Transaction 115 failed: getaddrinfo ENOTFOUND sepolia.infura.io
  Transaction 116 failed: getaddrinfo ENOTFOUND sepolia.infura.io
  Transaction 117 failed: getaddrinfo ENOTFOUND sepolia.infura.io
  Transaction 118 failed: getaddrinfo ENOTFOUND sepolia.infura.io
  Transaction 119 failed: getaddrinfo ENOTFOUND sepolia.infura.io
  Transaction 120 failed: getaddrinfo ENOTFOUND sepolia.infura.io
  Transaction 121 failed: getaddrinfo ENOTFOUND sepolia.infura.io
  Transaction 122 failed: getaddrinfo ENOTFOUND sepolia.infura.io
  Transaction 123 failed: getaddrinfo ENOTFOUND sepolia.infura.io
  Transaction 124 failed: getaddrinfo ENOTFOUND sepolia.infura.io
  Transaction 125 failed: getaddrinfo ENOTFOUND sepolia.infura.io
  Transaction 126 failed: getaddrinfo ENOTFOUND sepolia.infura.io
  Transaction 127 failed: getaddrinfo ENOTFOUND sepolia.infura.io
  Transaction 128 failed: getaddrinfo ENOTFOUND sepolia.infura.io
  Transaction 129 failed: getaddrinfo ENOTFOUND sepolia.infura.io
  Transaction 130 failed: getaddrinfo ENOTFOUND sepolia.infura.io
  Transaction 131 failed: getaddrinfo ENOTFOUND sepolia.infura.io
  Transaction 132 failed: getaddrinfo ENOTFOUND sepolia.infura.io
  Transaction 133 failed: getaddrinfo ENOTFOUND sepolia.infura.io
  Transaction 134 failed: getaddrinfo ENOTFOUND sepolia.infura.io
  Transaction 135 failed: getaddrinfo ENOTFOUND sepolia.infura.io
  Transaction 136 failed: getaddrinfo ENOTFOUND sepolia.infura.io
  Transaction 137 failed: getaddrinfo ENOTFOUND sepolia.infura.io
  Transaction 138 failed: getaddrinfo ENOTFOUND sepolia.infura.io
  Transaction 139 failed: getaddrinfo ENOTFOUND sepolia.infura.io
  Transaction 140 failed: getaddrinfo ENOTFOUND sepolia.infura.io
  Transaction 141 failed: getaddrinfo ENOTFOUND sepolia.infura.io
  Transaction 142 failed: getaddrinfo ENOTFOUND sepolia.infura.io
  Transaction 143 failed: getaddrinfo ENOTFOUND sepolia.infura.io
  Transaction 144 failed: getaddrinfo ENOTFOUND sepolia.infura.io
  Transaction 145 failed: getaddrinfo ENOTFOUND sepolia.infura.io
  Transaction 146 failed: getaddrinfo ENOTFOUND sepolia.infura.io
  Transaction 147 failed: getaddrinfo ENOTFOUND sepolia.infura.io
  Transaction 148 failed: getaddrinfo ENOTFOUND sepolia.infura.io
  Transaction 149 failed: getaddrinfo ENOTFOUND sepolia.infura.io
  Transaction 150 failed: getaddrinfo ENOTFOUND sepolia.infura.io
  Transaction 151 failed: getaddrinfo ENOTFOUND sepolia.infura.io
  Transaction 152 failed: getaddrinfo ENOTFOUND sepolia.infura.io
  Transaction 153 failed: getaddrinfo ENOTFOUND sepolia.infura.io
  Transaction 154 failed: getaddrinfo ENOTFOUND sepolia.infura.io
  Transaction 155 failed: getaddrinfo ENOTFOUND sepolia.infura.io
  Transaction 156 failed: getaddrinfo ENOTFOUND sepolia.infura.io
  Transaction 157 failed: getaddrinfo ENOTFOUND sepolia.infura.io
  Transaction 158 failed: getaddrinfo ENOTFOUND sepolia.infura.io
  Transaction 159 failed: getaddrinfo ENOTFOUND sepolia.infura.io
  Transaction 160 failed: getaddrinfo ENOTFOUND sepolia.infura.io
  Transaction 161 failed: getaddrinfo ENOTFOUND sepolia.infura.io
  Transaction 162 failed: getaddrinfo ENOTFOUND sepolia.infura.io
  Transaction 163 failed: getaddrinfo ENOTFOUND sepolia.infura.io
  Transaction 164 failed: getaddrinfo ENOTFOUND sepolia.infura.io
  Transaction 165 failed: getaddrinfo ENOTFOUND sepolia.infura.io
  Transaction 166 failed: getaddrinfo ENOTFOUND sepolia.infura.io
  Transaction 167 failed: getaddrinfo ENOTFOUND sepolia.infura.io
  Transaction 168 failed: getaddrinfo ENOTFOUND sepolia.infura.io
  Transaction 169 failed: getaddrinfo ENOTFOUND sepolia.infura.io
  Transaction 170 failed: getaddrinfo ENOTFOUND sepolia.infura.io
  Transaction 171 failed: getaddrinfo ENOTFOUND sepolia.infura.io
  Transaction 172 failed: getaddrinfo ENOTFOUND sepolia.infura.io
  Transaction 173 failed: getaddrinfo ENOTFOUND sepolia.infura.io
  Transaction 174 failed: getaddrinfo ENOTFOUND sepolia.infura.io
  Transaction 175 failed: getaddrinfo ENOTFOUND sepolia.infura.io
  Transaction 176 failed: getaddrinfo ENOTFOUND sepolia.infura.io
  Transaction 177 failed: getaddrinfo ENOTFOUND sepolia.infura.io
  Transaction 178 failed: getaddrinfo ENOTFOUND sepolia.infura.io
  Transaction 179 failed: getaddrinfo ENOTFOUND sepolia.infura.io
  Transaction 180 failed: getaddrinfo ENOTFOUND sepolia.infura.io
  Transaction 181 failed: getaddrinfo ENOTFOUND sepolia.infura.io
  Transaction 182 failed: getaddrinfo ENOTFOUND sepolia.infura.io
  Transaction 183 failed: getaddrinfo ENOTFOUND sepolia.infura.io
  Transaction 184 failed: getaddrinfo ENOTFOUND sepolia.infura.io
  Transaction 185 failed: getaddrinfo ENOTFOUND sepolia.infura.io
  Transaction 186 failed: getaddrinfo ENOTFOUND sepolia.infura.io
  Transaction 187 failed: getaddrinfo ENOTFOUND sepolia.infura.io
  Transaction 188 failed: getaddrinfo ENOTFOUND sepolia.infura.io
  Transaction 189 failed: getaddrinfo ENOTFOUND sepolia.infura.io
  Transaction 190 failed: getaddrinfo ENOTFOUND sepolia.infura.io
  Transaction 191 failed: getaddrinfo ENOTFOUND sepolia.infura.io
  Transaction 192 failed: getaddrinfo ENOTFOUND sepolia.infura.io
  Transaction 193 failed: getaddrinfo ENOTFOUND sepolia.infura.io
  Transaction 194 failed: getaddrinfo ENOTFOUND sepolia.infura.io
  Transaction 195 failed: getaddrinfo ENOTFOUND sepolia.infura.io
  Transaction 196 failed: getaddrinfo ENOTFOUND sepolia.infura.io
  Transaction 197 failed: getaddrinfo ENOTFOUND sepolia.infura.io
  Transaction 198 failed: getaddrinfo ENOTFOUND sepolia.infura.io
  Transaction 199 failed: getaddrinfo ENOTFOUND sepolia.infura.io
  Transaction 200 failed: getaddrinfo ENOTFOUND sepolia.infura.io
  Transaction 201 failed: getaddrinfo ENOTFOUND sepolia.infura.io
  Transaction 202 failed: getaddrinfo ENOTFOUND sepolia.infura.io
  Transaction 203 failed: getaddrinfo ENOTFOUND sepolia.infura.io
  Transaction 204 failed: getaddrinfo ENOTFOUND sepolia.infura.io
  Transaction 205 failed: getaddrinfo ENOTFOUND sepolia.infura.io
  Transaction 206 failed: getaddrinfo ENOTFOUND sepolia.infura.io
  Transaction 207 failed: getaddrinfo ENOTFOUND sepolia.infura.io
  Transaction 208 failed: getaddrinfo ENOTFOUND sepolia.infura.io
  Transaction 209 failed: getaddrinfo ENOTFOUND sepolia.infura.io
  Transaction 210 failed: getaddrinfo ENOTFOUND sepolia.infura.io
  Transaction 211 failed: getaddrinfo ENOTFOUND sepolia.infura.io
  Transaction 212 failed: getaddrinfo ENOTFOUND sepolia.infura.io
  Transaction 213 failed: getaddrinfo ENOTFOUND sepolia.infura.io
  Transaction 214 failed: getaddrinfo ENOTFOUND sepolia.infura.io
  Transaction 215 failed: getaddrinfo ENOTFOUND sepolia.infura.io
  Transaction 216 failed: getaddrinfo ENOTFOUND sepolia.infura.io
  Transaction 217 failed: getaddrinfo ENOTFOUND sepolia.infura.io
  Transaction 218 failed: getaddrinfo ENOTFOUND sepolia.infura.io
  Transaction 219 failed: getaddrinfo ENOTFOUND sepolia.infura.io
  Transaction 220 failed: getaddrinfo ENOTFOUND sepolia.infura.io
  Transaction 221 failed: getaddrinfo ENOTFOUND sepolia.infura.io
  Transaction 222 failed: getaddrinfo ENOTFOUND sepolia.infura.io
  Transaction 223 failed: getaddrinfo ENOTFOUND sepolia.infura.io
  Transaction 224 failed: getaddrinfo ENOTFOUND sepolia.infura.io
  Transaction 225 failed: getaddrinfo ENOTFOUND sepolia.infura.io
  Transaction 226 failed: getaddrinfo ENOTFOUND sepolia.infura.io
  Transaction 227 failed: getaddrinfo ENOTFOUND sepolia.infura.io
  Transaction 228 failed: getaddrinfo ENOTFOUND sepolia.infura.io
  Transaction 229 failed: getaddrinfo ENOTFOUND sepolia.infura.io
  Transaction 230 failed: getaddrinfo ENOTFOUND sepolia.infura.io
  Transaction 231 failed: getaddrinfo ENOTFOUND sepolia.infura.io
  Transaction 232 failed: getaddrinfo ENOTFOUND sepolia.infura.io
  Transaction 233 failed: getaddrinfo ENOTFOUND sepolia.infura.io
  Transaction 234 failed: getaddrinfo ENOTFOUND sepolia.infura.io
  Transaction 235 failed: getaddrinfo ENOTFOUND sepolia.infura.io
  Transaction 236 failed: getaddrinfo ENOTFOUND sepolia.infura.io
  Transaction 237 failed: getaddrinfo ENOTFOUND sepolia.infura.io
  Transaction 238 failed: getaddrinfo ENOTFOUND sepolia.infura.io
  Transaction 239 failed: getaddrinfo ENOTFOUND sepolia.infura.io
  Transaction 240 failed: getaddrinfo ENOTFOUND sepolia.infura.io
  Transaction 241 failed: getaddrinfo ENOTFOUND sepolia.infura.io
  Transaction 242 failed: getaddrinfo ENOTFOUND sepolia.infura.io
  Transaction 243 failed: getaddrinfo ENOTFOUND sepolia.infura.io
  Transaction 244 failed: getaddrinfo ENOTFOUND sepolia.infura.io
  Transaction 245 failed: getaddrinfo ENOTFOUND sepolia.infura.io
  Transaction 246 failed: getaddrinfo ENOTFOUND sepolia.infura.io
  Transaction 247 failed: getaddrinfo ENOTFOUND sepolia.infura.io
  Transaction 248 failed: getaddrinfo ENOTFOUND sepolia.infura.io
  Transaction 249 failed: getaddrinfo ENOTFOUND sepolia.infura.io
  Transaction 250 failed: getaddrinfo ENOTFOUND sepolia.infura.io
  Transaction 251 failed: getaddrinfo ENOTFOUND sepolia.infura.io
  Transaction 252 failed: getaddrinfo ENOTFOUND sepolia.infura.io
  Transaction 253 failed: getaddrinfo ENOTFOUND sepolia.infura.io
  Transaction 254 failed: getaddrinfo ENOTFOUND sepolia.infura.io
  Transaction 255 failed: getaddrinfo ENOTFOUND sepolia.infura.io
  Transaction 256 failed: getaddrinfo ENOTFOUND sepolia.infura.io
  Transaction 257 failed: getaddrinfo ENOTFOUND sepolia.infura.io
  Transaction 258 failed: getaddrinfo ENOTFOUND sepolia.infura.io
  Transaction 259 failed: getaddrinfo ENOTFOUND sepolia.infura.io
  Transaction 260 failed: getaddrinfo ENOTFOUND sepolia.infura.io
  Transaction 261 failed: getaddrinfo ENOTFOUND sepolia.infura.io
  Transaction 262 failed: getaddrinfo ENOTFOUND sepolia.infura.io
  Transaction 263 failed: getaddrinfo ENOTFOUND sepolia.infura.io
  Transaction 264 failed: getaddrinfo ENOTFOUND sepolia.infura.io
  Transaction 265 failed: getaddrinfo ENOTFOUND sepolia.infura.io
  Transaction 266 failed: getaddrinfo ENOTFOUND sepolia.infura.io
  Transaction 267 failed: getaddrinfo ENOTFOUND sepolia.infura.io
  Transaction 268 failed: getaddrinfo ENOTFOUND sepolia.infura.io
  Transaction 269 failed: getaddrinfo ENOTFOUND sepolia.infura.io
  Transaction 270 failed: getaddrinfo ENOTFOUND sepolia.infura.io
  Transaction 271 failed: getaddrinfo ENOTFOUND sepolia.infura.io
  Transaction 272 failed: getaddrinfo ENOTFOUND sepolia.infura.io
  Transaction 273 failed: getaddrinfo ENOTFOUND sepolia.infura.io
  Transaction 274 failed: getaddrinfo ENOTFOUND sepolia.infura.io
  Transaction 275 failed: getaddrinfo ENOTFOUND sepolia.infura.io
  Transaction 276 failed: getaddrinfo ENOTFOUND sepolia.infura.io
  Transaction 277 failed: getaddrinfo ENOTFOUND sepolia.infura.io
  Transaction 278 failed: getaddrinfo ENOTFOUND sepolia.infura.io
  Transaction 279 failed: getaddrinfo ENOTFOUND sepolia.infura.io
  Transaction 280 failed: getaddrinfo ENOTFOUND sepolia.infura.io
  Transaction 281 failed: getaddrinfo ENOTFOUND sepolia.infura.io
  Transaction 282 failed: getaddrinfo ENOTFOUND sepolia.infura.io
  Transaction 283 failed: getaddrinfo ENOTFOUND sepolia.infura.io
  Transaction 284 failed: getaddrinfo ENOTFOUND sepolia.infura.io
  Transaction 285 failed: getaddrinfo ENOTFOUND sepolia.infura.io
  Transaction 286 failed: getaddrinfo ENOTFOUND sepolia.infura.io
  Transaction 287 failed: getaddrinfo ENOTFOUND sepolia.infura.io
  Transaction 288 failed: getaddrinfo ENOTFOUND sepolia.infura.io
  Transaction 289 failed: getaddrinfo ENOTFOUND sepolia.infura.io
  Transaction 290 failed: getaddrinfo ENOTFOUND sepolia.infura.io
  Transaction 291 failed: getaddrinfo ENOTFOUND sepolia.infura.io
  Transaction 292 failed: getaddrinfo ENOTFOUND sepolia.infura.io
  Transaction 293 failed: getaddrinfo ENOTFOUND sepolia.infura.io
  Transaction 294 failed: getaddrinfo ENOTFOUND sepolia.infura.io
  Transaction 295 failed: getaddrinfo ENOTFOUND sepolia.infura.io
  Transaction 296 failed: getaddrinfo ENOTFOUND sepolia.infura.io
  Transaction 297 failed: getaddrinfo ENOTFOUND sepolia.infura.io
  Transaction 298 failed: getaddrinfo ENOTFOUND sepolia.infura.io
  Transaction 299 failed: getaddrinfo ENOTFOUND sepolia.infura.io
  Transaction 300 failed: getaddrinfo ENOTFOUND sepolia.infura.io
  Transaction 301 failed: getaddrinfo ENOTFOUND sepolia.infura.io
  Transaction 302 failed: getaddrinfo ENOTFOUND sepolia.infura.io
  Transaction 303 failed: getaddrinfo ENOTFOUND sepolia.infura.io
  Transaction 304 failed: getaddrinfo ENOTFOUND sepolia.infura.io
  Transaction 305 failed: getaddrinfo ENOTFOUND sepolia.infura.io
  Transaction 306 failed: getaddrinfo ENOTFOUND sepolia.infura.io
  Transaction 307 failed: getaddrinfo ENOTFOUND sepolia.infura.io
  Transaction 308 failed: getaddrinfo ENOTFOUND sepolia.infura.io
  Transaction 309 failed: getaddrinfo ENOTFOUND sepolia.infura.io
  Transaction 310 failed: getaddrinfo ENOTFOUND sepolia.infura.io
  Transaction 311 failed: getaddrinfo ENOTFOUND sepolia.infura.io
  Transaction 312 failed: getaddrinfo ENOTFOUND sepolia.infura.io
  Transaction 313 failed: getaddrinfo ENOTFOUND sepolia.infura.io
  Transaction 314 failed: getaddrinfo ENOTFOUND sepolia.infura.io
  Transaction 315 failed: getaddrinfo ENOTFOUND sepolia.infura.io
  Transaction 316 failed: getaddrinfo ENOTFOUND sepolia.infura.io
  Transaction 317 failed: getaddrinfo ENOTFOUND sepolia.infura.io
  Transaction 318 failed: getaddrinfo ENOTFOUND sepolia.infura.io
  Transaction 319 failed: getaddrinfo ENOTFOUND sepolia.infura.io
  Transaction 320 failed: getaddrinfo ENOTFOUND sepolia.infura.io
  Transaction 321 failed: getaddrinfo ENOTFOUND sepolia.infura.io
  Transaction 322 failed: getaddrinfo ENOTFOUND sepolia.infura.io
  Transaction 323 failed: getaddrinfo ENOTFOUND sepolia.infura.io
  Transaction 324 failed: getaddrinfo ENOTFOUND sepolia.infura.io
  Transaction 325 failed: getaddrinfo ENOTFOUND sepolia.infura.io
  Transaction 326 failed: getaddrinfo ENOTFOUND sepolia.infura.io
  Transaction 327 failed: getaddrinfo ENOTFOUND sepolia.infura.io
  Transaction 328 failed: getaddrinfo ENOTFOUND sepolia.infura.io
  Transaction 329 failed: getaddrinfo ENOTFOUND sepolia.infura.io
  Transaction 330 failed: getaddrinfo ENOTFOUND sepolia.infura.io
  Transaction 331 failed: getaddrinfo ENOTFOUND sepolia.infura.io
  Transaction 332 failed: getaddrinfo ENOTFOUND sepolia.infura.io
  Transaction 333 failed: getaddrinfo ENOTFOUND sepolia.infura.io
  Transaction 334 failed: getaddrinfo ENOTFOUND sepolia.infura.io
  Transaction 335 failed: getaddrinfo ENOTFOUND sepolia.infura.io
  Transaction 336 failed: getaddrinfo ENOTFOUND sepolia.infura.io
  Transaction 337 failed: getaddrinfo ENOTFOUND sepolia.infura.io
  Transaction 338 failed: getaddrinfo ENOTFOUND sepolia.infura.io
  Transaction 339 failed: getaddrinfo ENOTFOUND sepolia.infura.io
  Transaction 340 failed: getaddrinfo ENOTFOUND sepolia.infura.io
  Transaction 341 failed: getaddrinfo ENOTFOUND sepolia.infura.io
  Transaction 342 failed: getaddrinfo ENOTFOUND sepolia.infura.io
  Transaction 343 failed: getaddrinfo ENOTFOUND sepolia.infura.io
  Transaction 344 failed: getaddrinfo ENOTFOUND sepolia.infura.io
  Transaction 345 failed: getaddrinfo ENOTFOUND sepolia.infura.io
  Transaction 346 failed: getaddrinfo ENOTFOUND sepolia.infura.io
  Transaction 347 failed: getaddrinfo ENOTFOUND sepolia.infura.io
  Transaction 348 failed: getaddrinfo ENOTFOUND sepolia.infura.io
  Transaction 349 failed: getaddrinfo ENOTFOUND sepolia.infura.io
  Transaction 350 failed: getaddrinfo ENOTFOUND sepolia.infura.io
  Transaction 351 failed: getaddrinfo ENOTFOUND sepolia.infura.io
  Transaction 352 failed: getaddrinfo ENOTFOUND sepolia.infura.io
  Transaction 353 failed: getaddrinfo ENOTFOUND sepolia.infura.io
  Transaction 354 failed: getaddrinfo ENOTFOUND sepolia.infura.io
  Transaction 355 failed: getaddrinfo ENOTFOUND sepolia.infura.io
  Transaction 356 failed: getaddrinfo ENOTFOUND sepolia.infura.io
  Transaction 357 failed: getaddrinfo ENOTFOUND sepolia.infura.io
  Transaction 358 failed: getaddrinfo ENOTFOUND sepolia.infura.io
  Transaction 359 failed: getaddrinfo ENOTFOUND sepolia.infura.io
  Transaction 360 failed: getaddrinfo ENOTFOUND sepolia.infura.io
  Transaction 361 failed: getaddrinfo ENOTFOUND sepolia.infura.io
  Transaction 362 failed: getaddrinfo ENOTFOUND sepolia.infura.io
  Transaction 363 failed: getaddrinfo ENOTFOUND sepolia.infura.io
  Transaction 364 failed: getaddrinfo ENOTFOUND sepolia.infura.io
  Transaction 365 failed: getaddrinfo ENOTFOUND sepolia.infura.io
  Transaction 366 failed: getaddrinfo ENOTFOUND sepolia.infura.io
  Transaction 367 failed: getaddrinfo ENOTFOUND sepolia.infura.io
  Transaction 368 failed: getaddrinfo ENOTFOUND sepolia.infura.io
  Transaction 369 failed: getaddrinfo ENOTFOUND sepolia.infura.io
  Transaction 370 failed: getaddrinfo ENOTFOUND sepolia.infura.io
  Transaction 371 failed: getaddrinfo ENOTFOUND sepolia.infura.io
  Transaction 372 failed: getaddrinfo ENOTFOUND sepolia.infura.io
  Transaction 373 failed: getaddrinfo ENOTFOUND sepolia.infura.io
  Transaction 374 failed: getaddrinfo ENOTFOUND sepolia.infura.io
  Transaction 375 failed: getaddrinfo ENOTFOUND sepolia.infura.io
  Transaction 376 failed: getaddrinfo ENOTFOUND sepolia.infura.io
  Transaction 377 failed: getaddrinfo ENOTFOUND sepolia.infura.io
  Transaction 378 failed: getaddrinfo ENOTFOUND sepolia.infura.io
  Transaction 379 failed: getaddrinfo ENOTFOUND sepolia.infura.io
  Transaction 380 failed: getaddrinfo ENOTFOUND sepolia.infura.io
  Transaction 381 failed: getaddrinfo ENOTFOUND sepolia.infura.io
  Transaction 382 failed: getaddrinfo ENOTFOUND sepolia.infura.io
  Transaction 383 failed: getaddrinfo ENOTFOUND sepolia.infura.io
  Transaction 384 failed: getaddrinfo ENOTFOUND sepolia.infura.io
  Transaction 385 failed: getaddrinfo ENOTFOUND sepolia.infura.io
  Transaction 386 failed: getaddrinfo ENOTFOUND sepolia.infura.io
  Transaction 387 failed: getaddrinfo ENOTFOUND sepolia.infura.io
  Transaction 388 failed: getaddrinfo ENOTFOUND sepolia.infura.io
  Transaction 389 failed: getaddrinfo ENOTFOUND sepolia.infura.io
  Transaction 390 failed: getaddrinfo ENOTFOUND sepolia.infura.io
  Transaction 391 failed: getaddrinfo ENOTFOUND sepolia.infura.io
  Transaction 392 failed: getaddrinfo ENOTFOUND sepolia.infura.io
  Transaction 393 failed: getaddrinfo ENOTFOUND sepolia.infura.io
  Transaction 394 failed: getaddrinfo ENOTFOUND sepolia.infura.io
  Transaction 395 failed: getaddrinfo ENOTFOUND sepolia.infura.io
  Transaction 396 failed: getaddrinfo ENOTFOUND sepolia.infura.io
  Transaction 397 failed: getaddrinfo ENOTFOUND sepolia.infura.io
  Transaction 398 failed: getaddrinfo ENOTFOUND sepolia.infura.io
  Transaction 399 failed: getaddrinfo ENOTFOUND sepolia.infura.io
  Transaction 400 failed: getaddrinfo ENOTFOUND sepolia.infura.io
  Transaction 401 failed: getaddrinfo ENOTFOUND sepolia.infura.io
  Transaction 402 failed: getaddrinfo ENOTFOUND sepolia.infura.io
  Transaction 403 failed: getaddrinfo ENOTFOUND sepolia.infura.io
  Transaction 404 failed: getaddrinfo ENOTFOUND sepolia.infura.io
  Transaction 405 failed: getaddrinfo ENOTFOUND sepolia.infura.io
  Transaction 406 failed: getaddrinfo ENOTFOUND sepolia.infura.io
  Transaction 407 failed: getaddrinfo ENOTFOUND sepolia.infura.io
  Transaction 408 failed: getaddrinfo ENOTFOUND sepolia.infura.io
  Transaction 409 failed: getaddrinfo ENOTFOUND sepolia.infura.io
  Transaction 410 failed: getaddrinfo ENOTFOUND sepolia.infura.io
  Transaction 411 failed: getaddrinfo ENOTFOUND sepolia.infura.io
  Transaction 412 failed: getaddrinfo ENOTFOUND sepolia.infura.io
  Transaction 413 failed: getaddrinfo ENOTFOUND sepolia.infura.io
  Transaction 414 failed: getaddrinfo ENOTFOUND sepolia.infura.io
  Transaction 415 failed: getaddrinfo ENOTFOUND sepolia.infura.io
  Transaction 416 failed: getaddrinfo ENOTFOUND sepolia.infura.io
  Transaction 417 failed: getaddrinfo ENOTFOUND sepolia.infura.io
  Transaction 418 failed: getaddrinfo ENOTFOUND sepolia.infura.io
  Transaction 419 failed: getaddrinfo ENOTFOUND sepolia.infura.io
  Transaction 420 failed: getaddrinfo ENOTFOUND sepolia.infura.io
  Transaction 421 failed: getaddrinfo ENOTFOUND sepolia.infura.io
  Transaction 422 failed: getaddrinfo ENOTFOUND sepolia.infura.io
  Transaction 423 failed: getaddrinfo ENOTFOUND sepolia.infura.io
  Transaction 424 failed: getaddrinfo ENOTFOUND sepolia.infura.io
  Transaction 425 failed: getaddrinfo ENOTFOUND sepolia.infura.io
  Transaction 426 failed: getaddrinfo ENOTFOUND sepolia.infura.io
  Transaction 427 failed: getaddrinfo ENOTFOUND sepolia.infura.io
  Transaction 428 failed: getaddrinfo ENOTFOUND sepolia.infura.io
  Transaction 429 failed: getaddrinfo ENOTFOUND sepolia.infura.io
  Transaction 430 failed: getaddrinfo ENOTFOUND sepolia.infura.io
  Transaction 431 failed: getaddrinfo ENOTFOUND sepolia.infura.io
  Transaction 432 failed: getaddrinfo ENOTFOUND sepolia.infura.io
  Transaction 433 failed: getaddrinfo ENOTFOUND sepolia.infura.io
  Transaction 434 failed: getaddrinfo ENOTFOUND sepolia.infura.io
  Transaction 435 failed: getaddrinfo ENOTFOUND sepolia.infura.io
  Transaction 436 failed: getaddrinfo ENOTFOUND sepolia.infura.io
  Transaction 437 failed: getaddrinfo ENOTFOUND sepolia.infura.io
  Transaction 438 failed: getaddrinfo ENOTFOUND sepolia.infura.io
  Transaction 439 failed: getaddrinfo ENOTFOUND sepolia.infura.io
  Transaction 440 failed: getaddrinfo ENOTFOUND sepolia.infura.io
  Transaction 441 failed: getaddrinfo ENOTFOUND sepolia.infura.io
  Transaction 442 failed: getaddrinfo ENOTFOUND sepolia.infura.io
  Transaction 443 failed: getaddrinfo ENOTFOUND sepolia.infura.io
  Transaction 444 failed: getaddrinfo ENOTFOUND sepolia.infura.io
  Transaction 445 failed: getaddrinfo ENOTFOUND sepolia.infura.io
  Transaction 446 failed: getaddrinfo ENOTFOUND sepolia.infura.io
  Transaction 447 failed: getaddrinfo ENOTFOUND sepolia.infura.io
  Transaction 448 failed: getaddrinfo ENOTFOUND sepolia.infura.io
  Transaction 449 failed: getaddrinfo ENOTFOUND sepolia.infura.io
  Transaction 450 failed: getaddrinfo ENOTFOUND sepolia.infura.io
  Transaction 451 failed: getaddrinfo ENOTFOUND sepolia.infura.io
  Transaction 452 failed: getaddrinfo ENOTFOUND sepolia.infura.io
  Transaction 453 failed: getaddrinfo ENOTFOUND sepolia.infura.io
  Transaction 454 failed: getaddrinfo ENOTFOUND sepolia.infura.io
  Transaction 455 failed: getaddrinfo ENOTFOUND sepolia.infura.io
  Transaction 456 failed: getaddrinfo ENOTFOUND sepolia.infura.io
  Transaction 457 failed: getaddrinfo ENOTFOUND sepolia.infura.io
  Transaction 458 failed: getaddrinfo ENOTFOUND sepolia.infura.io
  Transaction 459 failed: getaddrinfo ENOTFOUND sepolia.infura.io
  Transaction 460 failed: getaddrinfo ENOTFOUND sepolia.infura.io
  Transaction 461 failed: getaddrinfo ENOTFOUND sepolia.infura.io
  Transaction 462 failed: getaddrinfo ENOTFOUND sepolia.infura.io
  Transaction 463 failed: getaddrinfo ENOTFOUND sepolia.infura.io
  Transaction 464 failed: getaddrinfo ENOTFOUND sepolia.infura.io
  Transaction 465 failed: getaddrinfo ENOTFOUND sepolia.infura.io
  Transaction 466 failed: getaddrinfo ENOTFOUND sepolia.infura.io
  Transaction 467 failed: getaddrinfo ENOTFOUND sepolia.infura.io
  Transaction 468 failed: getaddrinfo ENOTFOUND sepolia.infura.io
  Transaction 469 failed: getaddrinfo ENOTFOUND sepolia.infura.io
  Transaction 470 failed: getaddrinfo ENOTFOUND sepolia.infura.io
  Transaction 471 failed: getaddrinfo ENOTFOUND sepolia.infura.io
  Transaction 472 failed: getaddrinfo ENOTFOUND sepolia.infura.io
  Transaction 473 failed: getaddrinfo ENOTFOUND sepolia.infura.io
  Transaction 474 failed: getaddrinfo ENOTFOUND sepolia.infura.io
  Transaction 475 failed: getaddrinfo ENOTFOUND sepolia.infura.io
  Transaction 476 failed: getaddrinfo ENOTFOUND sepolia.infura.io
  Transaction 477 failed: getaddrinfo ENOTFOUND sepolia.infura.io
  Transaction 478 failed: getaddrinfo ENOTFOUND sepolia.infura.io
  Transaction 479 failed: getaddrinfo ENOTFOUND sepolia.infura.io
  Transaction 480 failed: getaddrinfo ENOTFOUND sepolia.infura.io
  Transaction 481 failed: getaddrinfo ENOTFOUND sepolia.infura.io
  Transaction 482 failed: getaddrinfo ENOTFOUND sepolia.infura.io
  Transaction 483 failed: getaddrinfo ENOTFOUND sepolia.infura.io
  Transaction 484 failed: getaddrinfo ENOTFOUND sepolia.infura.io
  Transaction 485 failed: getaddrinfo ENOTFOUND sepolia.infura.io
  Transaction 486 failed: getaddrinfo ENOTFOUND sepolia.infura.io
  Transaction 487 failed: getaddrinfo ENOTFOUND sepolia.infura.io
  Transaction 488 failed: getaddrinfo ENOTFOUND sepolia.infura.io
  Transaction 489 failed: getaddrinfo ENOTFOUND sepolia.infura.io
  Transaction 490 failed: getaddrinfo ENOTFOUND sepolia.infura.io
  Transaction 491 failed: getaddrinfo ENOTFOUND sepolia.infura.io
  Transaction 492 failed: getaddrinfo ENOTFOUND sepolia.infura.io
  Transaction 493 failed: getaddrinfo ENOTFOUND sepolia.infura.io
  Transaction 494 failed: getaddrinfo ENOTFOUND sepolia.infura.io
  Transaction 495 failed: getaddrinfo ENOTFOUND sepolia.infura.io
  Transaction 496 failed: getaddrinfo ENOTFOUND sepolia.infura.io
  Transaction 497 failed: getaddrinfo ENOTFOUND sepolia.infura.io
  Transaction 498 failed: getaddrinfo ENOTFOUND sepolia.infura.io
  Transaction 499 failed: getaddrinfo ENOTFOUND sepolia.infura.io
  Transaction 500 failed: getaddrinfo ENOTFOUND sepolia.infura.io
  Transaction 501 failed: getaddrinfo ENOTFOUND sepolia.infura.io
  Transaction 502 failed: getaddrinfo ENOTFOUND sepolia.infura.io
  Transaction 503 failed: getaddrinfo ENOTFOUND sepolia.infura.io
  Transaction 504 failed: getaddrinfo ENOTFOUND sepolia.infura.io
  Transaction 505 failed: getaddrinfo ENOTFOUND sepolia.infura.io
  Transaction 506 failed: getaddrinfo ENOTFOUND sepolia.infura.io
  Transaction 507 failed: getaddrinfo ENOTFOUND sepolia.infura.io
  Transaction 508 failed: getaddrinfo ENOTFOUND sepolia.infura.io
  Transaction 509 failed: getaddrinfo ENOTFOUND sepolia.infura.io
  Transaction 510 failed: getaddrinfo ENOTFOUND sepolia.infura.io
  Transaction 511 failed: getaddrinfo ENOTFOUND sepolia.infura.io
  Transaction 512 failed: getaddrinfo ENOTFOUND sepolia.infura.io
  Transaction 513 failed: getaddrinfo ENOTFOUND sepolia.infura.io
  Transaction 514 failed: getaddrinfo ENOTFOUND sepolia.infura.io
  Transaction 515 failed: getaddrinfo ENOTFOUND sepolia.infura.io
  Transaction 516 failed: getaddrinfo ENOTFOUND sepolia.infura.io
  Transaction 517 failed: getaddrinfo ENOTFOUND sepolia.infura.io
  Transaction 518 failed: getaddrinfo ENOTFOUND sepolia.infura.io
  Transaction 519 failed: getaddrinfo ENOTFOUND sepolia.infura.io
  Transaction 520 failed: getaddrinfo ENOTFOUND sepolia.infura.io
  Transaction 521 failed: getaddrinfo ENOTFOUND sepolia.infura.io
  Transaction 522 failed: getaddrinfo ENOTFOUND sepolia.infura.io
  Transaction 523 failed: getaddrinfo ENOTFOUND sepolia.infura.io
  Transaction 524 failed: getaddrinfo ENOTFOUND sepolia.infura.io
  Transaction 525 failed: getaddrinfo ENOTFOUND sepolia.infura.io
  Transaction 526 failed: getaddrinfo ENOTFOUND sepolia.infura.io
  Transaction 527 failed: getaddrinfo ENOTFOUND sepolia.infura.io
  Transaction 528 failed: getaddrinfo ENOTFOUND sepolia.infura.io
  Transaction 529 failed: getaddrinfo ENOTFOUND sepolia.infura.io
  Transaction 530 failed: getaddrinfo ENOTFOUND sepolia.infura.io
  Transaction 531 failed: getaddrinfo ENOTFOUND sepolia.infura.io
  Transaction 532 failed: getaddrinfo ENOTFOUND sepolia.infura.io
  Transaction 533 failed: getaddrinfo ENOTFOUND sepolia.infura.io
  Transaction 534 failed: getaddrinfo ENOTFOUND sepolia.infura.io
  Transaction 535 failed: getaddrinfo ENOTFOUND sepolia.infura.io
  Transaction 536 failed: getaddrinfo ENOTFOUND sepolia.infura.io
  Transaction 537 failed: getaddrinfo ENOTFOUND sepolia.infura.io
  Transaction 538 failed: getaddrinfo ENOTFOUND sepolia.infura.io
  Transaction 539 failed: getaddrinfo ENOTFOUND sepolia.infura.io
  Transaction 540 failed: getaddrinfo ENOTFOUND sepolia.infura.io
  Transaction 541 failed: getaddrinfo ENOTFOUND sepolia.infura.io
  Transaction 542 failed: getaddrinfo ENOTFOUND sepolia.infura.io
  Transaction 543 failed: getaddrinfo ENOTFOUND sepolia.infura.io
  Transaction 544 failed: getaddrinfo ENOTFOUND sepolia.infura.io
  Transaction 545 failed: getaddrinfo ENOTFOUND sepolia.infura.io
  Transaction 546 failed: getaddrinfo ENOTFOUND sepolia.infura.io
  Transaction 547 failed: getaddrinfo ENOTFOUND sepolia.infura.io
  Transaction 548 failed: getaddrinfo ENOTFOUND sepolia.infura.io
  Transaction 549 failed: getaddrinfo ENOTFOUND sepolia.infura.io
  Transaction 550 failed: getaddrinfo ENOTFOUND sepolia.infura.io
  Transaction 551 failed: getaddrinfo ENOTFOUND sepolia.infura.io
  Transaction 552 failed: getaddrinfo ENOTFOUND sepolia.infura.io
  Transaction 553 failed: getaddrinfo ENOTFOUND sepolia.infura.io
  Transaction 554 failed: getaddrinfo ENOTFOUND sepolia.infura.io
  Transaction 555 failed: getaddrinfo ENOTFOUND sepolia.infura.io
  Transaction 556 failed: getaddrinfo ENOTFOUND sepolia.infura.io
  Transaction 557 failed: getaddrinfo ENOTFOUND sepolia.infura.io
  Transaction 558 failed: getaddrinfo ENOTFOUND sepolia.infura.io
  Transaction 559 failed: getaddrinfo ENOTFOUND sepolia.infura.io
  Transaction 560 failed: getaddrinfo ENOTFOUND sepolia.infura.io
  Transaction 561 failed: getaddrinfo ENOTFOUND sepolia.infura.io
  Transaction 562 failed: getaddrinfo ENOTFOUND sepolia.infura.io
  Transaction 563 failed: getaddrinfo ENOTFOUND sepolia.infura.io
  Transaction 564 failed: getaddrinfo ENOTFOUND sepolia.infura.io
  Transaction 565 failed: getaddrinfo ENOTFOUND sepolia.infura.io
  Transaction 566 failed: getaddrinfo ENOTFOUND sepolia.infura.io
  Transaction 567 failed: getaddrinfo ENOTFOUND sepolia.infura.io
  Transaction 568 failed: getaddrinfo ENOTFOUND sepolia.infura.io
  Transaction 569 failed: getaddrinfo ENOTFOUND sepolia.infura.io
  Transaction 570 failed: getaddrinfo ENOTFOUND sepolia.infura.io
  Transaction 571 failed: getaddrinfo ENOTFOUND sepolia.infura.io
  Transaction 572 failed: getaddrinfo ENOTFOUND sepolia.infura.io
  Transaction 573 failed: getaddrinfo ENOTFOUND sepolia.infura.io
  Transaction 574 failed: getaddrinfo ENOTFOUND sepolia.infura.io
  Transaction 575 failed: getaddrinfo ENOTFOUND sepolia.infura.io
  Transaction 576 failed: getaddrinfo ENOTFOUND sepolia.infura.io
  Transaction 577 failed: getaddrinfo ENOTFOUND sepolia.infura.io
  Transaction 578 failed: getaddrinfo ENOTFOUND sepolia.infura.io
  Transaction 579 failed: getaddrinfo ENOTFOUND sepolia.infura.io
  Transaction 580 failed: getaddrinfo ENOTFOUND sepolia.infura.io
  Transaction 581 failed: getaddrinfo ENOTFOUND sepolia.infura.io
  Transaction 582 failed: getaddrinfo ENOTFOUND sepolia.infura.io
  Transaction 583 failed: getaddrinfo ENOTFOUND sepolia.infura.io
  Transaction 584 failed: getaddrinfo ENOTFOUND sepolia.infura.io
  Transaction 585 failed: getaddrinfo ENOTFOUND sepolia.infura.io
  Transaction 586 failed: getaddrinfo ENOTFOUND sepolia.infura.io
  Transaction 587 failed: getaddrinfo ENOTFOUND sepolia.infura.io
  Transaction 588 failed: getaddrinfo ENOTFOUND sepolia.infura.io
  Transaction 589 failed: getaddrinfo ENOTFOUND sepolia.infura.io
  Transaction 590 failed: getaddrinfo ENOTFOUND sepolia.infura.io
  Transaction 591 failed: getaddrinfo ENOTFOUND sepolia.infura.io
  Transaction 592 failed: getaddrinfo ENOTFOUND sepolia.infura.io
  Transaction 593 failed: getaddrinfo ENOTFOUND sepolia.infura.io
  Transaction 594 failed: getaddrinfo ENOTFOUND sepolia.infura.io
  Transaction 595 failed: getaddrinfo ENOTFOUND sepolia.infura.io
  Transaction 596 failed: getaddrinfo ENOTFOUND sepolia.infura.io
  Transaction 597 failed: getaddrinfo ENOTFOUND sepolia.infura.io
  Transaction 598 failed: getaddrinfo ENOTFOUND sepolia.infura.io
  Transaction 599 failed: getaddrinfo ENOTFOUND sepolia.infura.io
  Transaction 600 failed: getaddrinfo ENOTFOUND sepolia.infura.io
  Transaction 601 failed: getaddrinfo ENOTFOUND sepolia.infura.io
  Transaction 602 failed: getaddrinfo ENOTFOUND sepolia.infura.io
  Transaction 603 failed: getaddrinfo ENOTFOUND sepolia.infura.io
  Transaction 604 failed: getaddrinfo ENOTFOUND sepolia.infura.io
  Transaction 605 failed: getaddrinfo ENOTFOUND sepolia.infura.io
  Transaction 606 failed: getaddrinfo ENOTFOUND sepolia.infura.io
  Transaction 607 failed: getaddrinfo ENOTFOUND sepolia.infura.io
  Transaction 608 failed: getaddrinfo ENOTFOUND sepolia.infura.io
  Transaction 609 failed: getaddrinfo ENOTFOUND sepolia.infura.io
  Transaction 610 failed: getaddrinfo ENOTFOUND sepolia.infura.io
  Transaction 611 failed: getaddrinfo ENOTFOUND sepolia.infura.io
  Transaction 612 failed: getaddrinfo ENOTFOUND sepolia.infura.io
  Transaction 613 failed: getaddrinfo ENOTFOUND sepolia.infura.io
  Transaction 614 failed: getaddrinfo ENOTFOUND sepolia.infura.io
  Transaction 615 failed: getaddrinfo ENOTFOUND sepolia.infura.io
  Transaction 616 failed: getaddrinfo ENOTFOUND sepolia.infura.io
  Transaction 617 failed: getaddrinfo ENOTFOUND sepolia.infura.io
  Transaction 618 failed: getaddrinfo ENOTFOUND sepolia.infura.io
  Transaction 619 failed: getaddrinfo ENOTFOUND sepolia.infura.io
  Transaction 620 failed: getaddrinfo ENOTFOUND sepolia.infura.io
  Transaction 621 failed: getaddrinfo ENOTFOUND sepolia.infura.io
  Transaction 622 failed: getaddrinfo ENOTFOUND sepolia.infura.io
  Transaction 623 failed: getaddrinfo ENOTFOUND sepolia.infura.io
  Transaction 624 failed: getaddrinfo ENOTFOUND sepolia.infura.io
  Transaction 625 failed: getaddrinfo ENOTFOUND sepolia.infura.io
  Transaction 626 failed: getaddrinfo ENOTFOUND sepolia.infura.io
  Transaction 627 failed: getaddrinfo ENOTFOUND sepolia.infura.io
  Transaction 628 failed: getaddrinfo ENOTFOUND sepolia.infura.io
  Transaction 629 failed: getaddrinfo ENOTFOUND sepolia.infura.io
  Transaction 630 failed: getaddrinfo ENOTFOUND sepolia.infura.io
  Transaction 631 failed: getaddrinfo ENOTFOUND sepolia.infura.io
  Transaction 632 failed: getaddrinfo ENOTFOUND sepolia.infura.io
  Transaction 633 failed: getaddrinfo ENOTFOUND sepolia.infura.io
  Transaction 634 failed: getaddrinfo ENOTFOUND sepolia.infura.io
  Transaction 635 failed: getaddrinfo ENOTFOUND sepolia.infura.io
  Transaction 636 failed: getaddrinfo ENOTFOUND sepolia.infura.io
  Transaction 637 failed: getaddrinfo ENOTFOUND sepolia.infura.io
  Transaction 638 failed: getaddrinfo ENOTFOUND sepolia.infura.io
  Transaction 639 failed: getaddrinfo ENOTFOUND sepolia.infura.io
  Transaction 640 failed: getaddrinfo ENOTFOUND sepolia.infura.io
  Transaction 641 failed: getaddrinfo ENOTFOUND sepolia.infura.io
  Transaction 642 failed: getaddrinfo ENOTFOUND sepolia.infura.io
  Transaction 643 failed: getaddrinfo ENOTFOUND sepolia.infura.io
  Transaction 644 failed: getaddrinfo ENOTFOUND sepolia.infura.io
  Transaction 645 failed: getaddrinfo ENOTFOUND sepolia.infura.io
  Transaction 646 failed: getaddrinfo ENOTFOUND sepolia.infura.io
  Transaction 647 failed: getaddrinfo ENOTFOUND sepolia.infura.io
  Transaction 648 failed: getaddrinfo ENOTFOUND sepolia.infura.io
  Transaction 649 failed: getaddrinfo ENOTFOUND sepolia.infura.io
  Transaction 650 failed: getaddrinfo ENOTFOUND sepolia.infura.io
  Transaction 651 failed: getaddrinfo ENOTFOUND sepolia.infura.io
  Transaction 652 failed: getaddrinfo ENOTFOUND sepolia.infura.io
  Transaction 653 failed: getaddrinfo ENOTFOUND sepolia.infura.io
  Transaction 654 failed: getaddrinfo ENOTFOUND sepolia.infura.io
  Transaction 655 failed: getaddrinfo ENOTFOUND sepolia.infura.io
  Transaction 656 failed: getaddrinfo ENOTFOUND sepolia.infura.io
  Transaction 657 failed: getaddrinfo ENOTFOUND sepolia.infura.io
  Transaction 658 failed: getaddrinfo ENOTFOUND sepolia.infura.io
  Transaction 659 failed: getaddrinfo ENOTFOUND sepolia.infura.io
  Transaction 660 failed: getaddrinfo ENOTFOUND sepolia.infura.io
  Transaction 661 failed: getaddrinfo ENOTFOUND sepolia.infura.io
  Transaction 662 failed: getaddrinfo ENOTFOUND sepolia.infura.io
  Transaction 663 failed: getaddrinfo ENOTFOUND sepolia.infura.io
  Transaction 664 failed: getaddrinfo ENOTFOUND sepolia.infura.io
  Transaction 665 failed: getaddrinfo ENOTFOUND sepolia.infura.io
  Transaction 666 failed: getaddrinfo ENOTFOUND sepolia.infura.io
  Transaction 667 failed: getaddrinfo ENOTFOUND sepolia.infura.io
  Transaction 668 failed: getaddrinfo ENOTFOUND sepolia.infura.io
  Transaction 669 failed: getaddrinfo ENOTFOUND sepolia.infura.io
  Transaction 670 failed: getaddrinfo ENOTFOUND sepolia.infura.io
  Transaction 671 failed: getaddrinfo ENOTFOUND sepolia.infura.io
  Transaction 672 failed: getaddrinfo ENOTFOUND sepolia.infura.io
  Transaction 673 failed: getaddrinfo ENOTFOUND sepolia.infura.io
  Transaction 674 failed: getaddrinfo ENOTFOUND sepolia.infura.io
  Transaction 675 failed: getaddrinfo ENOTFOUND sepolia.infura.io
  Transaction 676 failed: getaddrinfo ENOTFOUND sepolia.infura.io
  Transaction 677 failed: getaddrinfo ENOTFOUND sepolia.infura.io
  Transaction 678 failed: getaddrinfo ENOTFOUND sepolia.infura.io
  Transaction 679 failed: getaddrinfo ENOTFOUND sepolia.infura.io
  Transaction 680 failed: getaddrinfo ENOTFOUND sepolia.infura.io
  Transaction 681 failed: getaddrinfo ENOTFOUND sepolia.infura.io
  Transaction 682 failed: getaddrinfo ENOTFOUND sepolia.infura.io
  Transaction 683 failed: getaddrinfo ENOTFOUND sepolia.infura.io
  Transaction 684 failed: getaddrinfo ENOTFOUND sepolia.infura.io
  Transaction 685 failed: getaddrinfo ENOTFOUND sepolia.infura.io
  Transaction 686 failed: getaddrinfo ENOTFOUND sepolia.infura.io
  Transaction 687 failed: getaddrinfo ENOTFOUND sepolia.infura.io
  Transaction 688 failed: getaddrinfo ENOTFOUND sepolia.infura.io
  Transaction 689 failed: getaddrinfo ENOTFOUND sepolia.infura.io
  Transaction 690 failed: getaddrinfo ENOTFOUND sepolia.infura.io
  Transaction 691 failed: getaddrinfo ENOTFOUND sepolia.infura.io
  Transaction 692 failed: getaddrinfo ENOTFOUND sepolia.infura.io
  Transaction 693 failed: getaddrinfo ENOTFOUND sepolia.infura.io
  Transaction 694 failed: getaddrinfo ENOTFOUND sepolia.infura.io
  Transaction 695 failed: getaddrinfo ENOTFOUND sepolia.infura.io
  Transaction 696 failed: getaddrinfo ENOTFOUND sepolia.infura.io
  Transaction 697 failed: getaddrinfo ENOTFOUND sepolia.infura.io
  Transaction 698 failed: getaddrinfo ENOTFOUND sepolia.infura.io
  Transaction 699 failed: getaddrinfo ENOTFOUND sepolia.infura.io
  Transaction 700 failed: getaddrinfo ENOTFOUND sepolia.infura.io
  Transaction 701 failed: getaddrinfo ENOTFOUND sepolia.infura.io
  Transaction 702 failed: getaddrinfo ENOTFOUND sepolia.infura.io
  Transaction 703 failed: getaddrinfo ENOTFOUND sepolia.infura.io
  Transaction 704 failed: getaddrinfo ENOTFOUND sepolia.infura.io
  Transaction 705 failed: getaddrinfo ENOTFOUND sepolia.infura.io
  Transaction 706 failed: getaddrinfo ENOTFOUND sepolia.infura.io
  Transaction 707 failed: getaddrinfo ENOTFOUND sepolia.infura.io
  Transaction 708 failed: getaddrinfo ENOTFOUND sepolia.infura.io
  Transaction 709 failed: getaddrinfo ENOTFOUND sepolia.infura.io
  Transaction 710 failed: getaddrinfo ENOTFOUND sepolia.infura.io
  Transaction 711 failed: getaddrinfo ENOTFOUND sepolia.infura.io
  Transaction 712 failed: getaddrinfo ENOTFOUND sepolia.infura.io
  Transaction 713 failed: getaddrinfo ENOTFOUND sepolia.infura.io
  Transaction 714 failed: getaddrinfo ENOTFOUND sepolia.infura.io
  Transaction 715 failed: getaddrinfo ENOTFOUND sepolia.infura.io
  Transaction 716 failed: getaddrinfo ENOTFOUND sepolia.infura.io
  Transaction 717 failed: getaddrinfo ENOTFOUND sepolia.infura.io
  Transaction 718 failed: getaddrinfo ENOTFOUND sepolia.infura.io
  Transaction 719 failed: getaddrinfo ENOTFOUND sepolia.infura.io
  Transaction 720 failed: getaddrinfo ENOTFOUND sepolia.infura.io
  Transaction 721 failed: getaddrinfo ENOTFOUND sepolia.infura.io
  Transaction 722 failed: getaddrinfo ENOTFOUND sepolia.infura.io
  Transaction 723 failed: getaddrinfo ENOTFOUND sepolia.infura.io
  Transaction 724 failed: getaddrinfo ENOTFOUND sepolia.infura.io
  Transaction 725 failed: getaddrinfo ENOTFOUND sepolia.infura.io
  Transaction 726 failed: getaddrinfo ENOTFOUND sepolia.infura.io
  Transaction 727 failed: getaddrinfo ENOTFOUND sepolia.infura.io
  Transaction 728 failed: getaddrinfo ENOTFOUND sepolia.infura.io
  Transaction 729 failed: getaddrinfo ENOTFOUND sepolia.infura.io
  Transaction 730 failed: getaddrinfo ENOTFOUND sepolia.infura.io
  Transaction 731 failed: getaddrinfo ENOTFOUND sepolia.infura.io
  Transaction 732 failed: getaddrinfo ENOTFOUND sepolia.infura.io
  Transaction 733 failed: getaddrinfo ENOTFOUND sepolia.infura.io
  Transaction 734 failed: getaddrinfo ENOTFOUND sepolia.infura.io
  Transaction 735 failed: getaddrinfo ENOTFOUND sepolia.infura.io
  Transaction 736 failed: getaddrinfo ENOTFOUND sepolia.infura.io
  Transaction 737 failed: getaddrinfo ENOTFOUND sepolia.infura.io
  Transaction 738 failed: getaddrinfo ENOTFOUND sepolia.infura.io
  Transaction 739 failed: getaddrinfo ENOTFOUND sepolia.infura.io
  Transaction 740 failed: getaddrinfo ENOTFOUND sepolia.infura.io
  Transaction 741 failed: getaddrinfo ENOTFOUND sepolia.infura.io
  Transaction 742 failed: getaddrinfo ENOTFOUND sepolia.infura.io
  Transaction 743 failed: getaddrinfo ENOTFOUND sepolia.infura.io
  Transaction 744 failed: getaddrinfo ENOTFOUND sepolia.infura.io
  Transaction 745 failed: getaddrinfo ENOTFOUND sepolia.infura.io
  Transaction 746 failed: getaddrinfo ENOTFOUND sepolia.infura.io
  Transaction 747 failed: getaddrinfo ENOTFOUND sepolia.infura.io
  Transaction 748 failed: getaddrinfo ENOTFOUND sepolia.infura.io
  Transaction 749 failed: getaddrinfo ENOTFOUND sepolia.infura.io
  Transaction 750 failed: getaddrinfo ENOTFOUND sepolia.infura.io
  Transaction 751 failed: getaddrinfo ENOTFOUND sepolia.infura.io
  Transaction 752 failed: getaddrinfo ENOTFOUND sepolia.infura.io
  Transaction 753 failed: getaddrinfo ENOTFOUND sepolia.infura.io
  Transaction 754 failed: getaddrinfo ENOTFOUND sepolia.infura.io
  Transaction 755 failed: getaddrinfo ENOTFOUND sepolia.infura.io
  Transaction 756 failed: getaddrinfo ENOTFOUND sepolia.infura.io
  Transaction 757 failed: getaddrinfo ENOTFOUND sepolia.infura.io
  Transaction 758 failed: getaddrinfo ENOTFOUND sepolia.infura.io
  Transaction 759 failed: getaddrinfo ENOTFOUND sepolia.infura.io
  Transaction 760 failed: getaddrinfo ENOTFOUND sepolia.infura.io
  Transaction 761 failed: getaddrinfo ENOTFOUND sepolia.infura.io
  Transaction 762 failed: getaddrinfo ENOTFOUND sepolia.infura.io
  Transaction 763 failed: getaddrinfo ENOTFOUND sepolia.infura.io
  Transaction 764 failed: getaddrinfo ENOTFOUND sepolia.infura.io
  Transaction 765 failed: getaddrinfo ENOTFOUND sepolia.infura.io
  Transaction 766 failed: getaddrinfo ENOTFOUND sepolia.infura.io
  Transaction 767 failed: getaddrinfo ENOTFOUND sepolia.infura.io
  Transaction 768 failed: getaddrinfo ENOTFOUND sepolia.infura.io
  Transaction 769 failed: getaddrinfo ENOTFOUND sepolia.infura.io
  Transaction 770 failed: getaddrinfo ENOTFOUND sepolia.infura.io
  Transaction 771 failed: getaddrinfo ENOTFOUND sepolia.infura.io
  Transaction 772 failed: getaddrinfo ENOTFOUND sepolia.infura.io
  Transaction 773 failed: getaddrinfo ENOTFOUND sepolia.infura.io
  Transaction 774 failed: getaddrinfo ENOTFOUND sepolia.infura.io
  Transaction 775 failed: getaddrinfo ENOTFOUND sepolia.infura.io
  Transaction 776 failed: getaddrinfo ENOTFOUND sepolia.infura.io
  Transaction 777 failed: getaddrinfo ENOTFOUND sepolia.infura.io
  Transaction 778 failed: getaddrinfo ENOTFOUND sepolia.infura.io
  Transaction 779 failed: getaddrinfo ENOTFOUND sepolia.infura.io
  Transaction 780 failed: getaddrinfo ENOTFOUND sepolia.infura.io
  Transaction 781 failed: getaddrinfo ENOTFOUND sepolia.infura.io
  Transaction 782 failed: getaddrinfo ENOTFOUND sepolia.infura.io
  Transaction 783 failed: getaddrinfo ENOTFOUND sepolia.infura.io
  Transaction 784 failed: getaddrinfo ENOTFOUND sepolia.infura.io
  Transaction 785 failed: getaddrinfo ENOTFOUND sepolia.infura.io
  Transaction 786 failed: getaddrinfo ENOTFOUND sepolia.infura.io
  Transaction 787 failed: getaddrinfo ENOTFOUND sepolia.infura.io
  Transaction 788 failed: getaddrinfo ENOTFOUND sepolia.infura.io
  Transaction 789 failed: getaddrinfo ENOTFOUND sepolia.infura.io
  Transaction 790 failed: getaddrinfo ENOTFOUND sepolia.infura.io
  Transaction 791 failed: getaddrinfo ENOTFOUND sepolia.infura.io
  Transaction 792 failed: getaddrinfo ENOTFOUND sepolia.infura.io
  Transaction 793 failed: getaddrinfo ENOTFOUND sepolia.infura.io
  Transaction 794 failed: getaddrinfo ENOTFOUND sepolia.infura.io
  Transaction 795 failed: getaddrinfo ENOTFOUND sepolia.infura.io
  Transaction 796 failed: getaddrinfo ENOTFOUND sepolia.infura.io
  Transaction 797 failed: getaddrinfo ENOTFOUND sepolia.infura.io
  Transaction 798 failed: getaddrinfo ENOTFOUND sepolia.infura.io
  Transaction 799 failed: getaddrinfo ENOTFOUND sepolia.infura.io
  Transaction 800 failed: getaddrinfo ENOTFOUND sepolia.infura.io
  Transaction 801 failed: getaddrinfo ENOTFOUND sepolia.infura.io
  Transaction 802 failed: getaddrinfo ENOTFOUND sepolia.infura.io
  Transaction 803 failed: getaddrinfo ENOTFOUND sepolia.infura.io
  Transaction 804 failed: getaddrinfo ENOTFOUND sepolia.infura.io
  Transaction 805 failed: getaddrinfo ENOTFOUND sepolia.infura.io
  Transaction 806 failed: getaddrinfo ENOTFOUND sepolia.infura.io
  Transaction 807 failed: getaddrinfo ENOTFOUND sepolia.infura.io
  Transaction 808 failed: getaddrinfo ENOTFOUND sepolia.infura.io
  Transaction 809 failed: getaddrinfo ENOTFOUND sepolia.infura.io
  Transaction 810 failed: getaddrinfo ENOTFOUND sepolia.infura.io
  Transaction 811 failed: getaddrinfo ENOTFOUND sepolia.infura.io
  Transaction 812 failed: getaddrinfo ENOTFOUND sepolia.infura.io
  Transaction 813 failed: getaddrinfo ENOTFOUND sepolia.infura.io
  Transaction 814 failed: getaddrinfo ENOTFOUND sepolia.infura.io
  Transaction 815 failed: getaddrinfo ENOTFOUND sepolia.infura.io
  Transaction 816 failed: getaddrinfo ENOTFOUND sepolia.infura.io
  Transaction 817 failed: getaddrinfo ENOTFOUND sepolia.infura.io
  Transaction 818 failed: getaddrinfo ENOTFOUND sepolia.infura.io
  Transaction 819 failed: getaddrinfo ENOTFOUND sepolia.infura.io
  Transaction 820 failed: getaddrinfo ENOTFOUND sepolia.infura.io
  Transaction 821 failed: getaddrinfo ENOTFOUND sepolia.infura.io
  Transaction 822 failed: getaddrinfo ENOTFOUND sepolia.infura.io
  Transaction 823 failed: getaddrinfo ENOTFOUND sepolia.infura.io
  Transaction 824 failed: getaddrinfo ENOTFOUND sepolia.infura.io
  Transaction 825 failed: getaddrinfo ENOTFOUND sepolia.infura.io
  Transaction 826 failed: getaddrinfo ENOTFOUND sepolia.infura.io
  Transaction 827 failed: getaddrinfo ENOTFOUND sepolia.infura.io
  Transaction 828 failed: getaddrinfo ENOTFOUND sepolia.infura.io
  Transaction 829 failed: getaddrinfo ENOTFOUND sepolia.infura.io
  Transaction 830 failed: getaddrinfo ENOTFOUND sepolia.infura.io
  Transaction 831 failed: getaddrinfo ENOTFOUND sepolia.infura.io
  Transaction 832 failed: getaddrinfo ENOTFOUND sepolia.infura.io
  Transaction 833 failed: getaddrinfo ENOTFOUND sepolia.infura.io
  Transaction 834 failed: getaddrinfo ENOTFOUND sepolia.infura.io
  Transaction 835 failed: getaddrinfo ENOTFOUND sepolia.infura.io
  Transaction 836 failed: getaddrinfo ENOTFOUND sepolia.infura.io
  Transaction 837 failed: getaddrinfo ENOTFOUND sepolia.infura.io
  Transaction 838 failed: getaddrinfo ENOTFOUND sepolia.infura.io
  Transaction 839 failed: getaddrinfo ENOTFOUND sepolia.infura.io
  Transaction 840 failed: getaddrinfo ENOTFOUND sepolia.infura.io
  Transaction 841 failed: getaddrinfo ENOTFOUND sepolia.infura.io
  Transaction 842 failed: getaddrinfo ENOTFOUND sepolia.infura.io
  Transaction 843 failed: getaddrinfo ENOTFOUND sepolia.infura.io
  Transaction 844 failed: getaddrinfo ENOTFOUND sepolia.infura.io
  Transaction 845 failed: getaddrinfo ENOTFOUND sepolia.infura.io
  Transaction 846 failed: getaddrinfo ENOTFOUND sepolia.infura.io
  Transaction 847 failed: getaddrinfo ENOTFOUND sepolia.infura.io
  Transaction 848 failed: getaddrinfo ENOTFOUND sepolia.infura.io
  Transaction 849 failed: getaddrinfo ENOTFOUND sepolia.infura.io
  Transaction 850 failed: getaddrinfo ENOTFOUND sepolia.infura.io
  Transaction 851 failed: getaddrinfo ENOTFOUND sepolia.infura.io
  Transaction 852 failed: getaddrinfo ENOTFOUND sepolia.infura.io
  Transaction 853 failed: getaddrinfo ENOTFOUND sepolia.infura.io
  Transaction 854 failed: getaddrinfo ENOTFOUND sepolia.infura.io
  Transaction 855 failed: getaddrinfo ENOTFOUND sepolia.infura.io
  Transaction 856 failed: getaddrinfo ENOTFOUND sepolia.infura.io
  Transaction 857 failed: getaddrinfo ENOTFOUND sepolia.infura.io
  Transaction 858 failed: getaddrinfo ENOTFOUND sepolia.infura.io
  Transaction 859 failed: getaddrinfo ENOTFOUND sepolia.infura.io
  Transaction 860 failed: getaddrinfo ENOTFOUND sepolia.infura.io
  Transaction 861 failed: getaddrinfo ENOTFOUND sepolia.infura.io
  Transaction 862 failed: getaddrinfo ENOTFOUND sepolia.infura.io
  Transaction 863 failed: getaddrinfo ENOTFOUND sepolia.infura.io
  Transaction 864 failed: getaddrinfo ENOTFOUND sepolia.infura.io
  Transaction 865 failed: getaddrinfo ENOTFOUND sepolia.infura.io
  Transaction 866 failed: getaddrinfo ENOTFOUND sepolia.infura.io
  Transaction 867 failed: getaddrinfo ENOTFOUND sepolia.infura.io
  Transaction 868 failed: getaddrinfo ENOTFOUND sepolia.infura.io
  Transaction 869 failed: getaddrinfo ENOTFOUND sepolia.infura.io
  Transaction 870 failed: getaddrinfo ENOTFOUND sepolia.infura.io
  Transaction 871 failed: getaddrinfo ENOTFOUND sepolia.infura.io
  Transaction 872 failed: getaddrinfo ENOTFOUND sepolia.infura.io
  Transaction 873 failed: getaddrinfo ENOTFOUND sepolia.infura.io
  Transaction 874 failed: getaddrinfo ENOTFOUND sepolia.infura.io
  Transaction 875 failed: getaddrinfo ENOTFOUND sepolia.infura.io
  Transaction 876 failed: getaddrinfo ENOTFOUND sepolia.infura.io
  Transaction 877 failed: getaddrinfo ENOTFOUND sepolia.infura.io
  Transaction 878 failed: getaddrinfo ENOTFOUND sepolia.infura.io
  Transaction 879 failed: getaddrinfo ENOTFOUND sepolia.infura.io
  Transaction 880 failed: getaddrinfo ENOTFOUND sepolia.infura.io
  Transaction 881 failed: getaddrinfo ENOTFOUND sepolia.infura.io
  Transaction 882 failed: getaddrinfo ENOTFOUND sepolia.infura.io
  Transaction 883 failed: getaddrinfo ENOTFOUND sepolia.infura.io
  Transaction 884 failed: getaddrinfo ENOTFOUND sepolia.infura.io
  Transaction 885 failed: getaddrinfo ENOTFOUND sepolia.infura.io
  Transaction 886 failed: getaddrinfo ENOTFOUND sepolia.infura.io
  Transaction 887 failed: getaddrinfo ENOTFOUND sepolia.infura.io
  Transaction 888 failed: getaddrinfo ENOTFOUND sepolia.infura.io
  Transaction 889 failed: getaddrinfo ENOTFOUND sepolia.infura.io
  Transaction 890 failed: getaddrinfo ENOTFOUND sepolia.infura.io
  Transaction 891 failed: getaddrinfo ENOTFOUND sepolia.infura.io
  Transaction 892 failed: getaddrinfo ENOTFOUND sepolia.infura.io
  Transaction 893 failed: getaddrinfo ENOTFOUND sepolia.infura.io
  Transaction 894 failed: getaddrinfo ENOTFOUND sepolia.infura.io
  Transaction 895 failed: getaddrinfo ENOTFOUND sepolia.infura.io
  Transaction 896 failed: getaddrinfo ENOTFOUND sepolia.infura.io
  Transaction 897 failed: getaddrinfo ENOTFOUND sepolia.infura.io
  Transaction 898 failed: getaddrinfo ENOTFOUND sepolia.infura.io
  Transaction 899 failed: getaddrinfo ENOTFOUND sepolia.infura.io
  Transaction 900 failed: getaddrinfo ENOTFOUND sepolia.infura.io
  Transaction 901 failed: getaddrinfo ENOTFOUND sepolia.infura.io
  Transaction 902 failed: getaddrinfo ENOTFOUND sepolia.infura.io
  Transaction 903 failed: getaddrinfo ENOTFOUND sepolia.infura.io
  Transaction 904 failed: getaddrinfo ENOTFOUND sepolia.infura.io
  Transaction 905 failed: getaddrinfo ENOTFOUND sepolia.infura.io
  Transaction 906 failed: getaddrinfo ENOTFOUND sepolia.infura.io
  Transaction 907 failed: getaddrinfo ENOTFOUND sepolia.infura.io
  Transaction 908 failed: getaddrinfo ENOTFOUND sepolia.infura.io
  Transaction 909 failed: getaddrinfo ENOTFOUND sepolia.infura.io
  Transaction 910 failed: getaddrinfo ENOTFOUND sepolia.infura.io
  Transaction 911 failed: getaddrinfo ENOTFOUND sepolia.infura.io
  Transaction 912 failed: getaddrinfo ENOTFOUND sepolia.infura.io
  Transaction 913 failed: getaddrinfo ENOTFOUND sepolia.infura.io
  Transaction 914 failed: getaddrinfo ENOTFOUND sepolia.infura.io
  Transaction 915 failed: getaddrinfo ENOTFOUND sepolia.infura.io
  Transaction 916 failed: getaddrinfo ENOTFOUND sepolia.infura.io
  Transaction 917 failed: getaddrinfo ENOTFOUND sepolia.infura.io
  Transaction 918 failed: getaddrinfo ENOTFOUND sepolia.infura.io
  Transaction 919 failed: getaddrinfo ENOTFOUND sepolia.infura.io
  Transaction 920 failed: getaddrinfo ENOTFOUND sepolia.infura.io
  Transaction 921 failed: getaddrinfo ENOTFOUND sepolia.infura.io
  Transaction 922 failed: getaddrinfo ENOTFOUND sepolia.infura.io
  Transaction 923 failed: getaddrinfo ENOTFOUND sepolia.infura.io
  Transaction 924 failed: getaddrinfo ENOTFOUND sepolia.infura.io
  Transaction 925 failed: getaddrinfo ENOTFOUND sepolia.infura.io
  Transaction 926 failed: getaddrinfo ENOTFOUND sepolia.infura.io
  Transaction 927 failed: getaddrinfo ENOTFOUND sepolia.infura.io
  Transaction 928 failed: getaddrinfo ENOTFOUND sepolia.infura.io
  Transaction 929 failed: getaddrinfo ENOTFOUND sepolia.infura.io
  Transaction 930 failed: getaddrinfo ENOTFOUND sepolia.infura.io
  Transaction 931 failed: getaddrinfo ENOTFOUND sepolia.infura.io
  Transaction 932 failed: getaddrinfo ENOTFOUND sepolia.infura.io
  Transaction 933 failed: getaddrinfo ENOTFOUND sepolia.infura.io
  Transaction 934 failed: getaddrinfo ENOTFOUND sepolia.infura.io
  Transaction 935 failed: getaddrinfo ENOTFOUND sepolia.infura.io
  Transaction 936 failed: getaddrinfo ENOTFOUND sepolia.infura.io
  Transaction 937 failed: getaddrinfo ENOTFOUND sepolia.infura.io
  Transaction 938 failed: getaddrinfo ENOTFOUND sepolia.infura.io
  Transaction 939 failed: getaddrinfo ENOTFOUND sepolia.infura.io
  Transaction 940 failed: getaddrinfo ENOTFOUND sepolia.infura.io
  Transaction 941 failed: getaddrinfo ENOTFOUND sepolia.infura.io
  Transaction 942 failed: getaddrinfo ENOTFOUND sepolia.infura.io
  Transaction 943 failed: getaddrinfo ENOTFOUND sepolia.infura.io
  Transaction 944 failed: getaddrinfo ENOTFOUND sepolia.infura.io
  Transaction 945 failed: getaddrinfo ENOTFOUND sepolia.infura.io
  Transaction 946 failed: getaddrinfo ENOTFOUND sepolia.infura.io
  Transaction 947 failed: getaddrinfo ENOTFOUND sepolia.infura.io
  Transaction 948 failed: getaddrinfo ENOTFOUND sepolia.infura.io
  Transaction 949 failed: getaddrinfo ENOTFOUND sepolia.infura.io
  Transaction 950 failed: getaddrinfo ENOTFOUND sepolia.infura.io
  Transaction 951 failed: getaddrinfo ENOTFOUND sepolia.infura.io
  Transaction 952 failed: getaddrinfo ENOTFOUND sepolia.infura.io
  Transaction 953 failed: getaddrinfo ENOTFOUND sepolia.infura.io
  Transaction 954 failed: getaddrinfo ENOTFOUND sepolia.infura.io
  Transaction 955 failed: getaddrinfo ENOTFOUND sepolia.infura.io
  Transaction 956 failed: getaddrinfo ENOTFOUND sepolia.infura.io
  Transaction 957 failed: getaddrinfo ENOTFOUND sepolia.infura.io
  Transaction 958 failed: getaddrinfo ENOTFOUND sepolia.infura.io
  Transaction 959 failed: getaddrinfo ENOTFOUND sepolia.infura.io
  Transaction 960 failed: getaddrinfo ENOTFOUND sepolia.infura.io
  Transaction 961 failed: getaddrinfo ENOTFOUND sepolia.infura.io
  Transaction 962 failed: getaddrinfo ENOTFOUND sepolia.infura.io
  Transaction 963 failed: getaddrinfo ENOTFOUND sepolia.infura.io
  Transaction 964 failed: getaddrinfo ENOTFOUND sepolia.infura.io
  Transaction 965 failed: getaddrinfo ENOTFOUND sepolia.infura.io
  Transaction 966 failed: getaddrinfo ENOTFOUND sepolia.infura.io
  Transaction 967 failed: getaddrinfo ENOTFOUND sepolia.infura.io
  Transaction 968 failed: getaddrinfo ENOTFOUND sepolia.infura.io
  Transaction 969 failed: getaddrinfo ENOTFOUND sepolia.infura.io
  Transaction 970 failed: getaddrinfo ENOTFOUND sepolia.infura.io
  Transaction 971 failed: getaddrinfo ENOTFOUND sepolia.infura.io
  Transaction 972 failed: getaddrinfo ENOTFOUND sepolia.infura.io
  Transaction 973 failed: getaddrinfo ENOTFOUND sepolia.infura.io
  Transaction 974 failed: getaddrinfo ENOTFOUND sepolia.infura.io
  Transaction 975 failed: getaddrinfo ENOTFOUND sepolia.infura.io
  Transaction 976 failed: getaddrinfo ENOTFOUND sepolia.infura.io
  Transaction 977 failed: getaddrinfo ENOTFOUND sepolia.infura.io
  Transaction 978 failed: getaddrinfo ENOTFOUND sepolia.infura.io
  Transaction 979 failed: getaddrinfo ENOTFOUND sepolia.infura.io
  Transaction 980 failed: getaddrinfo ENOTFOUND sepolia.infura.io
  Transaction 981 failed: getaddrinfo ENOTFOUND sepolia.infura.io
  Transaction 982 failed: getaddrinfo ENOTFOUND sepolia.infura.io
  Transaction 983 failed: getaddrinfo ENOTFOUND sepolia.infura.io
  Transaction 984 failed: getaddrinfo ENOTFOUND sepolia.infura.io
  Transaction 985 failed: getaddrinfo ENOTFOUND sepolia.infura.io
  Transaction 986 failed: getaddrinfo ENOTFOUND sepolia.infura.io
  Transaction 987 failed: getaddrinfo ENOTFOUND sepolia.infura.io
  Transaction 988 failed: getaddrinfo ENOTFOUND sepolia.infura.io
  Transaction 989 failed: getaddrinfo ENOTFOUND sepolia.infura.io
  Transaction 990 failed: getaddrinfo ENOTFOUND sepolia.infura.io
  Transaction 991 failed: getaddrinfo ENOTFOUND sepolia.infura.io
  Transaction 992 failed: getaddrinfo ENOTFOUND sepolia.infura.io
  Transaction 993 failed: getaddrinfo ENOTFOUND sepolia.infura.io
  Transaction 994 failed: getaddrinfo ENOTFOUND sepolia.infura.io
  Transaction 995 failed: getaddrinfo ENOTFOUND sepolia.infura.io
  Transaction 996 failed: getaddrinfo ENOTFOUND sepolia.infura.io
  Transaction 997 failed: getaddrinfo ENOTFOUND sepolia.infura.io
  Transaction 998 failed: getaddrinfo ENOTFOUND sepolia.infura.io
  Transaction 999 failed: getaddrinfo ENOTFOUND sepolia.infura.io
  Transaction 1000 failed: getaddrinfo ENOTFOUND sepolia.infura.io
  Transaction 1001 failed: getaddrinfo ENOTFOUND sepolia.infura.io
  Transaction 1002 failed: getaddrinfo ENOTFOUND sepolia.infura.io
  Transaction 1003 failed: getaddrinfo ENOTFOUND sepolia.infura.io
  Transaction 1004 failed: getaddrinfo ENOTFOUND sepolia.infura.io
  Transaction 1005 failed: getaddrinfo ENOTFOUND sepolia.infura.io
  Transaction 1006 failed: getaddrinfo ENOTFOUND sepolia.infura.io
  Transaction 1007 failed: getaddrinfo ENOTFOUND sepolia.infura.io
  Transaction 1008 failed: getaddrinfo ENOTFOUND sepolia.infura.io
  Transaction 1009 failed: getaddrinfo ENOTFOUND sepolia.infura.io
  Transaction 1010 failed: getaddrinfo ENOTFOUND sepolia.infura.io
  Transaction 1011 failed: getaddrinfo ENOTFOUND sepolia.infura.io
  Transaction 1012 failed: getaddrinfo ENOTFOUND sepolia.infura.io
  Transaction 1013 failed: getaddrinfo ENOTFOUND sepolia.infura.io
  Transaction 1014 failed: getaddrinfo ENOTFOUND sepolia.infura.io
  Transaction 1015 failed: getaddrinfo ENOTFOUND sepolia.infura.io
  Transaction 1016 failed: getaddrinfo ENOTFOUND sepolia.infura.io
  Transaction 1017 failed: getaddrinfo ENOTFOUND sepolia.infura.io
  Transaction 1018 failed: getaddrinfo ENOTFOUND sepolia.infura.io
  Transaction 1019 failed: getaddrinfo ENOTFOUND sepolia.infura.io
  Transaction 1020 failed: getaddrinfo ENOTFOUND sepolia.infura.io
  Transaction 1021 failed: getaddrinfo ENOTFOUND sepolia.infura.io
  Transaction 1022 failed: getaddrinfo ENOTFOUND sepolia.infura.io
  Transaction 1023 failed: getaddrinfo ENOTFOUND sepolia.infura.io
  Transaction 1024 failed: getaddrinfo ENOTFOUND sepolia.infura.io
  Transaction 1025 failed: getaddrinfo ENOTFOUND sepolia.infura.io
  Transaction 1026 failed: getaddrinfo ENOTFOUND sepolia.infura.io
  Transaction 1027 failed: getaddrinfo ENOTFOUND sepolia.infura.io
  Transaction 1028 failed: getaddrinfo ENOTFOUND sepolia.infura.io
  Transaction 1029 failed: getaddrinfo ENOTFOUND sepolia.infura.io
  Transaction 1030 failed: getaddrinfo ENOTFOUND sepolia.infura.io
  Transaction 1031 failed: getaddrinfo ENOTFOUND sepolia.infura.io
  Transaction 1032 failed: getaddrinfo ENOTFOUND sepolia.infura.io
  Transaction 1033 failed: getaddrinfo ENOTFOUND sepolia.infura.io
  Transaction 1034 failed: getaddrinfo ENOTFOUND sepolia.infura.io
  Transaction 1035 failed: getaddrinfo ENOTFOUND sepolia.infura.io
  Transaction 1036 failed: getaddrinfo ENOTFOUND sepolia.infura.io
  Transaction 1037 failed: getaddrinfo ENOTFOUND sepolia.infura.io
  Transaction 1038 failed: getaddrinfo ENOTFOUND sepolia.infura.io
  Transaction 1039 failed: getaddrinfo ENOTFOUND sepolia.infura.io
  Transaction 1040 failed: getaddrinfo ENOTFOUND sepolia.infura.io
  Transaction 1041 failed: getaddrinfo ENOTFOUND sepolia.infura.io
  Transaction 1042 failed: getaddrinfo ENOTFOUND sepolia.infura.io
  Transaction 1043 failed: getaddrinfo ENOTFOUND sepolia.infura.io
  Transaction 1044 failed: getaddrinfo ENOTFOUND sepolia.infura.io
  Transaction 1045 failed: getaddrinfo ENOTFOUND sepolia.infura.io
  Transaction 1046 failed: getaddrinfo ENOTFOUND sepolia.infura.io
  Transaction 1047 failed: getaddrinfo ENOTFOUND sepolia.infura.io
  Transaction 1048 failed: getaddrinfo ENOTFOUND sepolia.infura.io
  Transaction 1049 failed: getaddrinfo ENOTFOUND sepolia.infura.io
  Transaction 1050 failed: getaddrinfo ENOTFOUND sepolia.infura.io
  Transaction 1051 failed: getaddrinfo ENOTFOUND sepolia.infura.io
  Transaction 1052 failed: getaddrinfo ENOTFOUND sepolia.infura.io
  Transaction 1053 failed: getaddrinfo ENOTFOUND sepolia.infura.io
  Transaction 1054 failed: getaddrinfo ENOTFOUND sepolia.infura.io
  Transaction 1055 failed: getaddrinfo ENOTFOUND sepolia.infura.io
  Transaction 1056 failed: getaddrinfo ENOTFOUND sepolia.infura.io
  Transaction 1057 failed: getaddrinfo ENOTFOUND sepolia.infura.io
  Transaction 1058 failed: getaddrinfo ENOTFOUND sepolia.infura.io
  Transaction 1059 failed: getaddrinfo ENOTFOUND sepolia.infura.io
  Transaction 1060 failed: getaddrinfo ENOTFOUND sepolia.infura.io
  Transaction 1061 failed: getaddrinfo ENOTFOUND sepolia.infura.io
  Transaction 1062 failed: getaddrinfo ENOTFOUND sepolia.infura.io
  Transaction 1063 failed: getaddrinfo ENOTFOUND sepolia.infura.io
  Transaction 1064 failed: getaddrinfo ENOTFOUND sepolia.infura.io
  Transaction 1065 failed: getaddrinfo ENOTFOUND sepolia.infura.io
  Transaction 1066 failed: getaddrinfo ENOTFOUND sepolia.infura.io
  Transaction 1067 failed: getaddrinfo ENOTFOUND sepolia.infura.io
  Transaction 1068 failed: getaddrinfo ENOTFOUND sepolia.infura.io
  Transaction 1069 failed: getaddrinfo ENOTFOUND sepolia.infura.io
  Transaction 1070 failed: getaddrinfo ENOTFOUND sepolia.infura.io
  Transaction 1071 failed: getaddrinfo ENOTFOUND sepolia.infura.io
  Transaction 1072 failed: getaddrinfo ENOTFOUND sepolia.infura.io
  Transaction 1073 failed: getaddrinfo ENOTFOUND sepolia.infura.io
  Transaction 1074 failed: getaddrinfo ENOTFOUND sepolia.infura.io
  Transaction 1075 failed: getaddrinfo ENOTFOUND sepolia.infura.io
  Transaction 1076 failed: getaddrinfo ENOTFOUND sepolia.infura.io
  Transaction 1077 failed: getaddrinfo ENOTFOUND sepolia.infura.io
  Transaction 1078 failed: getaddrinfo ENOTFOUND sepolia.infura.io
  Transaction 1079 failed: getaddrinfo ENOTFOUND sepolia.infura.io
  Transaction 1080 failed: getaddrinfo ENOTFOUND sepolia.infura.io
  Transaction 1081 failed: getaddrinfo ENOTFOUND sepolia.infura.io
  Transaction 1082 failed: getaddrinfo ENOTFOUND sepolia.infura.io
  Transaction 1083 failed: getaddrinfo ENOTFOUND sepolia.infura.io
  Transaction 1084 failed: getaddrinfo ENOTFOUND sepolia.infura.io
  Transaction 1085 failed: getaddrinfo ENOTFOUND sepolia.infura.io
  Transaction 1086 failed: getaddrinfo ENOTFOUND sepolia.infura.io
  Transaction 1087 failed: getaddrinfo ENOTFOUND sepolia.infura.io
  Transaction 1088 failed: getaddrinfo ENOTFOUND sepolia.infura.io
  Transaction 1089 failed: getaddrinfo ENOTFOUND sepolia.infura.io
  Transaction 1090 failed: getaddrinfo ENOTFOUND sepolia.infura.io
  Transaction 1091 failed: getaddrinfo ENOTFOUND sepolia.infura.io
  Transaction 1092 failed: getaddrinfo ENOTFOUND sepolia.infura.io
  Transaction 1093 failed: getaddrinfo ENOTFOUND sepolia.infura.io
  Transaction 1094 failed: getaddrinfo ENOTFOUND sepolia.infura.io
  Transaction 1095 failed: getaddrinfo ENOTFOUND sepolia.infura.io
  Transaction 1096 failed: getaddrinfo ENOTFOUND sepolia.infura.io
  Transaction 1097 failed: getaddrinfo ENOTFOUND sepolia.infura.io
  Transaction 1098 failed: getaddrinfo ENOTFOUND sepolia.infura.io
  Transaction 1099 failed: getaddrinfo ENOTFOUND sepolia.infura.io
  Transaction 1100 failed: getaddrinfo ENOTFOUND sepolia.infura.io
  Transaction 1101 failed: getaddrinfo ENOTFOUND sepolia.infura.io
  Transaction 1102 failed: getaddrinfo ENOTFOUND sepolia.infura.io
  Transaction 1103 failed: getaddrinfo ENOTFOUND sepolia.infura.io
  Transaction 1104 failed: getaddrinfo ENOTFOUND sepolia.infura.io
  Transaction 1105 failed: getaddrinfo ENOTFOUND sepolia.infura.io
  Transaction 1106 failed: getaddrinfo ENOTFOUND sepolia.infura.io
  Transaction 1107 failed: getaddrinfo ENOTFOUND sepolia.infura.io
  Transaction 1108 failed: getaddrinfo ENOTFOUND sepolia.infura.io
  Transaction 1109 failed: getaddrinfo ENOTFOUND sepolia.infura.io
  Transaction 1110 failed: getaddrinfo ENOTFOUND sepolia.infura.io
  Transaction 1111 failed: getaddrinfo ENOTFOUND sepolia.infura.io
  Transaction 1112 failed: getaddrinfo ENOTFOUND sepolia.infura.io
  Transaction 1113 failed: getaddrinfo ENOTFOUND sepolia.infura.io
  Transaction 1114 failed: getaddrinfo ENOTFOUND sepolia.infura.io
  Transaction 1115 failed: getaddrinfo ENOTFOUND sepolia.infura.io
  Transaction 1116 failed: getaddrinfo ENOTFOUND sepolia.infura.io
  Transaction 1117 failed: getaddrinfo ENOTFOUND sepolia.infura.io
  Transaction 1118 failed: getaddrinfo ENOTFOUND sepolia.infura.io
  Transaction 1119 failed: getaddrinfo ENOTFOUND sepolia.infura.io
  Transaction 1120 failed: getaddrinfo ENOTFOUND sepolia.infura.io
  Transaction 1121 failed: getaddrinfo ENOTFOUND sepolia.infura.io
  Transaction 1122 failed: getaddrinfo ENOTFOUND sepolia.infura.io
  Transaction 1123 failed: getaddrinfo ENOTFOUND sepolia.infura.io
  Transaction 1124 failed: getaddrinfo ENOTFOUND sepolia.infura.io
  Transaction 1125 failed: getaddrinfo ENOTFOUND sepolia.infura.io
  Transaction 1126 failed: getaddrinfo ENOTFOUND sepolia.infura.io
  Transaction 1127 failed: getaddrinfo ENOTFOUND sepolia.infura.io
  Transaction 1128 failed: getaddrinfo ENOTFOUND sepolia.infura.io
  Transaction 1129 failed: getaddrinfo ENOTFOUND sepolia.infura.io
  Transaction 1130 failed: getaddrinfo ENOTFOUND sepolia.infura.io
  Transaction 1131 failed: getaddrinfo ENOTFOUND sepolia.infura.io
  Transaction 1132 failed: getaddrinfo ENOTFOUND sepolia.infura.io
  Transaction 1133 failed: getaddrinfo ENOTFOUND sepolia.infura.io
  Transaction 1134 failed: getaddrinfo ENOTFOUND sepolia.infura.io
  Transaction 1135 failed: getaddrinfo ENOTFOUND sepolia.infura.io
  Transaction 1136 failed: getaddrinfo ENOTFOUND sepolia.infura.io
  Transaction 1137 failed: getaddrinfo ENOTFOUND sepolia.infura.io
  Transaction 1138 failed: getaddrinfo ENOTFOUND sepolia.infura.io
  Transaction 1139 failed: getaddrinfo ENOTFOUND sepolia.infura.io
  Transaction 1140 failed: getaddrinfo ENOTFOUND sepolia.infura.io
  Transaction 1141 failed: getaddrinfo ENOTFOUND sepolia.infura.io
  Transaction 1142 failed: getaddrinfo ENOTFOUND sepolia.infura.io
  Transaction 1143 failed: getaddrinfo ENOTFOUND sepolia.infura.io
  Transaction 1144 failed: getaddrinfo ENOTFOUND sepolia.infura.io
  Transaction 1145 failed: getaddrinfo ENOTFOUND sepolia.infura.io
  Transaction 1146 failed: getaddrinfo ENOTFOUND sepolia.infura.io
  Transaction 1147 failed: getaddrinfo ENOTFOUND sepolia.infura.io
  Transaction 1148 failed: getaddrinfo ENOTFOUND sepolia.infura.io
  Transaction 1149 failed: getaddrinfo ENOTFOUND sepolia.infura.io
  Transaction 1150 failed: getaddrinfo ENOTFOUND sepolia.infura.io
  Transaction 1151 failed: getaddrinfo ENOTFOUND sepolia.infura.io
  Transaction 1152 failed: getaddrinfo ENOTFOUND sepolia.infura.io
  Transaction 1153 failed: getaddrinfo ENOTFOUND sepolia.infura.io
  Transaction 1154 failed: getaddrinfo ENOTFOUND sepolia.infura.io
  Transaction 1155 failed: getaddrinfo ENOTFOUND sepolia.infura.io
  Transaction 1156 failed: getaddrinfo ENOTFOUND sepolia.infura.io
  Transaction 1157 failed: getaddrinfo ENOTFOUND sepolia.infura.io
  Transaction 1158 failed: getaddrinfo ENOTFOUND sepolia.infura.io
  Transaction 1159 failed: getaddrinfo ENOTFOUND sepolia.infura.io
  Transaction 1160 failed: getaddrinfo ENOTFOUND sepolia.infura.io
  Transaction 1161 failed: getaddrinfo ENOTFOUND sepolia.infura.io
  Transaction 1162 failed: getaddrinfo ENOTFOUND sepolia.infura.io
  Transaction 1163 failed: getaddrinfo ENOTFOUND sepolia.infura.io
  Transaction 1164 failed: getaddrinfo ENOTFOUND sepolia.infura.io
  Transaction 1165 failed: getaddrinfo ENOTFOUND sepolia.infura.io
  Transaction 1166 failed: getaddrinfo ENOTFOUND sepolia.infura.io
  Transaction 1167 failed: getaddrinfo ENOTFOUND sepolia.infura.io
  Transaction 1168 failed: getaddrinfo ENOTFOUND sepolia.infura.io
  Transaction 1169 failed: getaddrinfo ENOTFOUND sepolia.infura.io
  Transaction 1170 failed: getaddrinfo ENOTFOUND sepolia.infura.io
  Transaction 1171 failed: getaddrinfo ENOTFOUND sepolia.infura.io
  Transaction 1172 failed: getaddrinfo ENOTFOUND sepolia.infura.io
  Transaction 1173 failed: getaddrinfo ENOTFOUND sepolia.infura.io
  Transaction 1174 failed: getaddrinfo ENOTFOUND sepolia.infura.io
  Transaction 1175 failed: getaddrinfo ENOTFOUND sepolia.infura.io
  Transaction 1176 failed: getaddrinfo ENOTFOUND sepolia.infura.io
  Transaction 1177 failed: getaddrinfo ENOTFOUND sepolia.infura.io
  Transaction 1178 failed: getaddrinfo ENOTFOUND sepolia.infura.io
  Transaction 1179 failed: getaddrinfo ENOTFOUND sepolia.infura.io
  Transaction 1180 failed: getaddrinfo ENOTFOUND sepolia.infura.io
  Transaction 1181 failed: getaddrinfo ENOTFOUND sepolia.infura.io
  Transaction 1182 failed: getaddrinfo ENOTFOUND sepolia.infura.io
  Transaction 1183 failed: getaddrinfo ENOTFOUND sepolia.infura.io
  Transaction 1184 failed: getaddrinfo ENOTFOUND sepolia.infura.io
  Transaction 1185 failed: getaddrinfo ENOTFOUND sepolia.infura.io
  Transaction 1186 failed: getaddrinfo ENOTFOUND sepolia.infura.io
  Transaction 1187 failed: getaddrinfo ENOTFOUND sepolia.infura.io
  Transaction 1188 failed: getaddrinfo ENOTFOUND sepolia.infura.io
  Transaction 1189 failed: getaddrinfo ENOTFOUND sepolia.infura.io
  Transaction 1190 failed: getaddrinfo ENOTFOUND sepolia.infura.io
  Transaction 1191 failed: getaddrinfo ENOTFOUND sepolia.infura.io
  Transaction 1192 failed: getaddrinfo ENOTFOUND sepolia.infura.io
  Transaction 1193 failed: getaddrinfo ENOTFOUND sepolia.infura.io
  Transaction 1194 failed: getaddrinfo ENOTFOUND sepolia.infura.io
  Transaction 1195 failed: getaddrinfo ENOTFOUND sepolia.infura.io
  Transaction 1196 failed: getaddrinfo ENOTFOUND sepolia.infura.io
  Transaction 1197 failed: getaddrinfo ENOTFOUND sepolia.infura.io
  Transaction 1198 failed: getaddrinfo ENOTFOUND sepolia.infura.io
  Transaction 1199 failed: getaddrinfo ENOTFOUND sepolia.infura.io
  Transaction 1200 failed: getaddrinfo ENOTFOUND sepolia.infura.io
  Transaction 1201 failed: getaddrinfo ENOTFOUND sepolia.infura.io
  Transaction 1202 failed: getaddrinfo ENOTFOUND sepolia.infura.io
  Transaction 1203 failed: getaddrinfo ENOTFOUND sepolia.infura.io
  Transaction 1204 failed: getaddrinfo ENOTFOUND sepolia.infura.io
  Transaction 1205 failed: getaddrinfo ENOTFOUND sepolia.infura.io
  Transaction 1206 failed: getaddrinfo ENOTFOUND sepolia.infura.io
  Transaction 1207 failed: getaddrinfo ENOTFOUND sepolia.infura.io
  Transaction 1208 failed: getaddrinfo ENOTFOUND sepolia.infura.io
  Transaction 1209 failed: getaddrinfo ENOTFOUND sepolia.infura.io
  Transaction 1210 failed: getaddrinfo ENOTFOUND sepolia.infura.io
  Transaction 1211 failed: getaddrinfo ENOTFOUND sepolia.infura.io
  Transaction 1212 failed: getaddrinfo ENOTFOUND sepolia.infura.io
  Transaction 1213 failed: getaddrinfo ENOTFOUND sepolia.infura.io
  Transaction 1214 failed: getaddrinfo ENOTFOUND sepolia.infura.io
  Transaction 1215 failed: getaddrinfo ENOTFOUND sepolia.infura.io
  Transaction 1216 failed: getaddrinfo ENOTFOUND sepolia.infura.io
  Transaction 1217 failed: getaddrinfo ENOTFOUND sepolia.infura.io
  Transaction 1218 failed: getaddrinfo ENOTFOUND sepolia.infura.io
  Transaction 1219 failed: getaddrinfo ENOTFOUND sepolia.infura.io
  Transaction 1220 failed: getaddrinfo ENOTFOUND sepolia.infura.io
  Transaction 1221 failed: getaddrinfo ENOTFOUND sepolia.infura.io
  Transaction 1222 failed: getaddrinfo ENOTFOUND sepolia.infura.io
  Transaction 1223 failed: getaddrinfo ENOTFOUND sepolia.infura.io
  Transaction 1224 failed: getaddrinfo ENOTFOUND sepolia.infura.io
  Transaction 1225 failed: getaddrinfo ENOTFOUND sepolia.infura.io
  Transaction 1226 failed: getaddrinfo ENOTFOUND sepolia.infura.io
  Transaction 1227 failed: getaddrinfo ENOTFOUND sepolia.infura.io
  Transaction 1228 failed: getaddrinfo ENOTFOUND sepolia.infura.io
  Transaction 1229 failed: getaddrinfo ENOTFOUND sepolia.infura.io
  Transaction 1230 failed: getaddrinfo ENOTFOUND sepolia.infura.io
  Transaction 1231 failed: getaddrinfo ENOTFOUND sepolia.infura.io
  Transaction 1232 failed: getaddrinfo ENOTFOUND sepolia.infura.io
  Transaction 1233 failed: getaddrinfo ENOTFOUND sepolia.infura.io
  Transaction 1234 failed: getaddrinfo ENOTFOUND sepolia.infura.io
  Transaction 1235 failed: getaddrinfo ENOTFOUND sepolia.infura.io
  Transaction 1236 failed: getaddrinfo ENOTFOUND sepolia.infura.io
  Transaction 1237 failed: getaddrinfo ENOTFOUND sepolia.infura.io
  Transaction 1238 failed: getaddrinfo ENOTFOUND sepolia.infura.io
  Transaction 1239 failed: getaddrinfo ENOTFOUND sepolia.infura.io
  Transaction 1240 failed: getaddrinfo ENOTFOUND sepolia.infura.io
  Transaction 1241 failed: getaddrinfo ENOTFOUND sepolia.infura.io
  Transaction 1242 failed: getaddrinfo ENOTFOUND sepolia.infura.io
  Transaction 1243 failed: getaddrinfo ENOTFOUND sepolia.infura.io
  Transaction 1244 failed: getaddrinfo ENOTFOUND sepolia.infura.io
  Transaction 1245 failed: getaddrinfo ENOTFOUND sepolia.infura.io
  Transaction 1246 failed: getaddrinfo ENOTFOUND sepolia.infura.io
  Transaction 1247 failed: getaddrinfo ENOTFOUND sepolia.infura.io
  Transaction 1248 failed: getaddrinfo ENOTFOUND sepolia.infura.io
  Transaction 1249 failed: getaddrinfo ENOTFOUND sepolia.infura.io
  Transaction 1250 failed: getaddrinfo ENOTFOUND sepolia.infura.io
  Transaction 1251 failed: getaddrinfo ENOTFOUND sepolia.infura.io
  Transaction 1252 failed: getaddrinfo ENOTFOUND sepolia.infura.io
  Transaction 1253 failed: getaddrinfo ENOTFOUND sepolia.infura.io
  Transaction 1254 failed: getaddrinfo ENOTFOUND sepolia.infura.io
  Transaction 1255 failed: getaddrinfo ENOTFOUND sepolia.infura.io
  Transaction 1256 failed: getaddrinfo ENOTFOUND sepolia.infura.io
  Transaction 1257 failed: getaddrinfo ENOTFOUND sepolia.infura.io
  Transaction 1258 failed: getaddrinfo ENOTFOUND sepolia.infura.io
  Transaction 1259 failed: getaddrinfo ENOTFOUND sepolia.infura.io
  Transaction 1260 failed: getaddrinfo ENOTFOUND sepolia.infura.io
  Transaction 1261 failed: getaddrinfo ENOTFOUND sepolia.infura.io
  Transaction 1262 failed: getaddrinfo ENOTFOUND sepolia.infura.io
  Transaction 1263 failed: getaddrinfo ENOTFOUND sepolia.infura.io
  Transaction 1264 failed: getaddrinfo ENOTFOUND sepolia.infura.io
  Transaction 1265 failed: getaddrinfo ENOTFOUND sepolia.infura.io
  Transaction 1266 failed: getaddrinfo ENOTFOUND sepolia.infura.io
  Transaction 1267 failed: getaddrinfo ENOTFOUND sepolia.infura.io
  Transaction 1268 failed: getaddrinfo ENOTFOUND sepolia.infura.io
  Transaction 1269 failed: getaddrinfo ENOTFOUND sepolia.infura.io
  Transaction 1270 failed: getaddrinfo ENOTFOUND sepolia.infura.io
  Transaction 1271 failed: getaddrinfo ENOTFOUND sepolia.infura.io
  Transaction 1272 failed: getaddrinfo ENOTFOUND sepolia.infura.io
  Transaction 1273 failed: getaddrinfo ENOTFOUND sepolia.infura.io
  Transaction 1274 failed: getaddrinfo ENOTFOUND sepolia.infura.io
  Transaction 1275 failed: getaddrinfo ENOTFOUND sepolia.infura.io
  Transaction 1276 failed: getaddrinfo ENOTFOUND sepolia.infura.io
  Transaction 1277 failed: getaddrinfo ENOTFOUND sepolia.infura.io
  Transaction 1278 failed: getaddrinfo ENOTFOUND sepolia.infura.io
  Transaction 1279 failed: getaddrinfo ENOTFOUND sepolia.infura.io
  Transaction 1280 failed: getaddrinfo ENOTFOUND sepolia.infura.io
  Transaction 1281 failed: getaddrinfo ENOTFOUND sepolia.infura.io
  Transaction 1282 failed: getaddrinfo ENOTFOUND sepolia.infura.io
  Transaction 1283 failed: getaddrinfo ENOTFOUND sepolia.infura.io
  Transaction 1284 failed: getaddrinfo ENOTFOUND sepolia.infura.io
  Transaction 1285 failed: getaddrinfo ENOTFOUND sepolia.infura.io
  Transaction 1286 failed: getaddrinfo ENOTFOUND sepolia.infura.io
  Transaction 1287 failed: getaddrinfo ENOTFOUND sepolia.infura.io
  Transaction 1288 failed: getaddrinfo ENOTFOUND sepolia.infura.io
  Transaction 1289 failed: getaddrinfo ENOTFOUND sepolia.infura.io
  Transaction 1290 failed: getaddrinfo ENOTFOUND sepolia.infura.io
  Transaction 1291 failed: getaddrinfo ENOTFOUND sepolia.infura.io
  Transaction 1292 failed: getaddrinfo ENOTFOUND sepolia.infura.io
  Transaction 1293 failed: getaddrinfo ENOTFOUND sepolia.infura.io
  Transaction 1294 failed: getaddrinfo ENOTFOUND sepolia.infura.io
  Transaction 1295 failed: getaddrinfo ENOTFOUND sepolia.infura.io
  Transaction 1296 failed: getaddrinfo ENOTFOUND sepolia.infura.io
  Transaction 1297 failed: getaddrinfo ENOTFOUND sepolia.infura.io
  Transaction 1298 failed: getaddrinfo ENOTFOUND sepolia.infura.io
  Transaction 1299 failed: getaddrinfo ENOTFOUND sepolia.infura.io
  Transaction 1300 failed: getaddrinfo ENOTFOUND sepolia.infura.io
  Transaction 1301 failed: getaddrinfo ENOTFOUND sepolia.infura.io
  Transaction 1302 failed: getaddrinfo ENOTFOUND sepolia.infura.io
  Transaction 1303 failed: getaddrinfo ENOTFOUND sepolia.infura.io
  Transaction 1304 failed: getaddrinfo ENOTFOUND sepolia.infura.io
  Transaction 1305 failed: getaddrinfo ENOTFOUND sepolia.infura.io
  Transaction 1306 failed: getaddrinfo ENOTFOUND sepolia.infura.io
  Transaction 1307 failed: getaddrinfo ENOTFOUND sepolia.infura.io
  Transaction 1308 failed: getaddrinfo ENOTFOUND sepolia.infura.io
  Transaction 1309 failed: getaddrinfo ENOTFOUND sepolia.infura.io
  Transaction 1310 failed: getaddrinfo ENOTFOUND sepolia.infura.io
  Transaction 1311 failed: getaddrinfo ENOTFOUND sepolia.infura.io
  Transaction 1312 failed: getaddrinfo ENOTFOUND sepolia.infura.io
  Transaction 1313 failed: getaddrinfo ENOTFOUND sepolia.infura.io
  Transaction 1314 failed: getaddrinfo ENOTFOUND sepolia.infura.io
  Transaction 1315 failed: getaddrinfo ENOTFOUND sepolia.infura.io
  Transaction 1316 failed: getaddrinfo ENOTFOUND sepolia.infura.io
  Transaction 1317 failed: getaddrinfo ENOTFOUND sepolia.infura.io
  Transaction 1318 failed: getaddrinfo ENOTFOUND sepolia.infura.io
  Transaction 1319 failed: getaddrinfo ENOTFOUND sepolia.infura.io
  Transaction 1320 failed: getaddrinfo ENOTFOUND sepolia.infura.io
  Transaction 1321 failed: getaddrinfo ENOTFOUND sepolia.infura.io
  Transaction 1322 failed: getaddrinfo ENOTFOUND sepolia.infura.io
  Transaction 1323 failed: getaddrinfo ENOTFOUND sepolia.infura.io
  Transaction 1324 failed: getaddrinfo ENOTFOUND sepolia.infura.io
  Transaction 1325 failed: getaddrinfo ENOTFOUND sepolia.infura.io
  Transaction 1326 failed: getaddrinfo ENOTFOUND sepolia.infura.io
  Transaction 1327 failed: getaddrinfo ENOTFOUND sepolia.infura.io
  Transaction 1328 failed: getaddrinfo ENOTFOUND sepolia.infura.io
  Transaction 1329 failed: getaddrinfo ENOTFOUND sepolia.infura.io
  Transaction 1330 failed: getaddrinfo ENOTFOUND sepolia.infura.io
  Transaction 1331 failed: getaddrinfo ENOTFOUND sepolia.infura.io
  Transaction 1332 failed: getaddrinfo ENOTFOUND sepolia.infura.io
  Transaction 1333 failed: getaddrinfo ENOTFOUND sepolia.infura.io
  Transaction 1334 failed: getaddrinfo ENOTFOUND sepolia.infura.io
  Transaction 1335 failed: getaddrinfo ENOTFOUND sepolia.infura.io
  Transaction 1336 failed: getaddrinfo ENOTFOUND sepolia.infura.io
  Transaction 1337 failed: getaddrinfo ENOTFOUND sepolia.infura.io
  Transaction 1338 failed: getaddrinfo ENOTFOUND sepolia.infura.io
  Transaction 1339 failed: getaddrinfo ENOTFOUND sepolia.infura.io
  Transaction 1340 failed: getaddrinfo ENOTFOUND sepolia.infura.io
  Transaction 1341 failed: getaddrinfo ENOTFOUND sepolia.infura.io
  Transaction 1342 failed: getaddrinfo ENOTFOUND sepolia.infura.io
  Transaction 1343 failed: getaddrinfo ENOTFOUND sepolia.infura.io
  Transaction 1344 failed: getaddrinfo ENOTFOUND sepolia.infura.io
  Transaction 1345 failed: getaddrinfo ENOTFOUND sepolia.infura.io
  Transaction 1346 failed: getaddrinfo ENOTFOUND sepolia.infura.io
  Transaction 1347 failed: getaddrinfo ENOTFOUND sepolia.infura.io
  Transaction 1348 failed: getaddrinfo ENOTFOUND sepolia.infura.io
  Transaction 1349 failed: getaddrinfo ENOTFOUND sepolia.infura.io
  Transaction 1350 failed: getaddrinfo ENOTFOUND sepolia.infura.io
  Transaction 1351 failed: getaddrinfo ENOTFOUND sepolia.infura.io
  Transaction 1352 failed: getaddrinfo ENOTFOUND sepolia.infura.io
  Transaction 1353 failed: getaddrinfo ENOTFOUND sepolia.infura.io
  Transaction 1354 failed: getaddrinfo ENOTFOUND sepolia.infura.io
  Transaction 1355 failed: getaddrinfo ENOTFOUND sepolia.infura.io
  Transaction 1356 failed: getaddrinfo ENOTFOUND sepolia.infura.io
  Transaction 1357 failed: getaddrinfo ENOTFOUND sepolia.infura.io
  Transaction 1358 failed: getaddrinfo ENOTFOUND sepolia.infura.io
  Transaction 1359 failed: getaddrinfo ENOTFOUND sepolia.infura.io
  Transaction 1360 failed: getaddrinfo ENOTFOUND sepolia.infura.io
  Transaction 1361 failed: getaddrinfo ENOTFOUND sepolia.infura.io
  Transaction 1362 failed: getaddrinfo ENOTFOUND sepolia.infura.io
  Transaction 1363 failed: getaddrinfo ENOTFOUND sepolia.infura.io
  Transaction 1364 failed: getaddrinfo ENOTFOUND sepolia.infura.io
  Transaction 1365 failed: getaddrinfo ENOTFOUND sepolia.infura.io
  Transaction 1366 failed: getaddrinfo ENOTFOUND sepolia.infura.io
  Transaction 1367 failed: getaddrinfo ENOTFOUND sepolia.infura.io
  Transaction 1368 failed: getaddrinfo ENOTFOUND sepolia.infura.io
  Transaction 1369 failed: getaddrinfo ENOTFOUND sepolia.infura.io
  Transaction 1370 failed: getaddrinfo ENOTFOUND sepolia.infura.io
  Transaction 1371 failed: getaddrinfo ENOTFOUND sepolia.infura.io
  Transaction 1372 failed: getaddrinfo ENOTFOUND sepolia.infura.io
  Transaction 1373 failed: getaddrinfo ENOTFOUND sepolia.infura.io
  Transaction 1374 failed: getaddrinfo ENOTFOUND sepolia.infura.io
  Transaction 1375 failed: getaddrinfo ENOTFOUND sepolia.infura.io
  Transaction 1376 failed: getaddrinfo ENOTFOUND sepolia.infura.io
  Transaction 1377 failed: getaddrinfo ENOTFOUND sepolia.infura.io
  Transaction 1378 failed: getaddrinfo ENOTFOUND sepolia.infura.io
  Transaction 1379 failed: getaddrinfo ENOTFOUND sepolia.infura.io
  Transaction 1380 failed: getaddrinfo ENOTFOUND sepolia.infura.io
  Transaction 1381 failed: getaddrinfo ENOTFOUND sepolia.infura.io
  Transaction 1382 failed: getaddrinfo ENOTFOUND sepolia.infura.io
  Transaction 1383 failed: getaddrinfo ENOTFOUND sepolia.infura.io
  Transaction 1384 failed: getaddrinfo ENOTFOUND sepolia.infura.io
  Transaction 1385 failed: getaddrinfo ENOTFOUND sepolia.infura.io
  Transaction 1386 failed: getaddrinfo ENOTFOUND sepolia.infura.io
  Transaction 1387 failed: getaddrinfo ENOTFOUND sepolia.infura.io
  Transaction 1388 failed: getaddrinfo ENOTFOUND sepolia.infura.io
  Transaction 1389 failed: getaddrinfo ENOTFOUND sepolia.infura.io
  Transaction 1390 failed: getaddrinfo ENOTFOUND sepolia.infura.io
  Transaction 1391 failed: getaddrinfo ENOTFOUND sepolia.infura.io
  Transaction 1392 failed: getaddrinfo ENOTFOUND sepolia.infura.io
  Transaction 1393 failed: getaddrinfo ENOTFOUND sepolia.infura.io
  Transaction 1394 failed: getaddrinfo ENOTFOUND sepolia.infura.io
  Transaction 1395 failed: getaddrinfo ENOTFOUND sepolia.infura.io
  Transaction 1396 failed: getaddrinfo ENOTFOUND sepolia.infura.io
  Transaction 1397 failed: getaddrinfo ENOTFOUND sepolia.infura.io
  Transaction 1398 failed: getaddrinfo ENOTFOUND sepolia.infura.io
  Transaction 1399 failed: getaddrinfo ENOTFOUND sepolia.infura.io
  Transaction 1400 failed: getaddrinfo ENOTFOUND sepolia.infura.io
  Transaction 1401 failed: getaddrinfo ENOTFOUND sepolia.infura.io
  Transaction 1402 failed: getaddrinfo ENOTFOUND sepolia.infura.io
  Transaction 1403 failed: getaddrinfo ENOTFOUND sepolia.infura.io
  Transaction 1404 failed: getaddrinfo ENOTFOUND sepolia.infura.io
  Transaction 1405 failed: getaddrinfo ENOTFOUND sepolia.infura.io
  Transaction 1406 failed: getaddrinfo ENOTFOUND sepolia.infura.io
  Transaction 1407 failed: getaddrinfo ENOTFOUND sepolia.infura.io
  Transaction 1408 failed: getaddrinfo ENOTFOUND sepolia.infura.io
  Transaction 1409 failed: getaddrinfo ENOTFOUND sepolia.infura.io
  Transaction 1410 failed: getaddrinfo ENOTFOUND sepolia.infura.io
  Transaction 1411 failed: getaddrinfo ENOTFOUND sepolia.infura.io
  Transaction 1412 failed: getaddrinfo ENOTFOUND sepolia.infura.io
  Transaction 1413 failed: getaddrinfo ENOTFOUND sepolia.infura.io
  Transaction 1414 failed: getaddrinfo ENOTFOUND sepolia.infura.io
  Transaction 1415 failed: getaddrinfo ENOTFOUND sepolia.infura.io
  Transaction 1416 failed: getaddrinfo ENOTFOUND sepolia.infura.io
  Transaction 1417 failed: getaddrinfo ENOTFOUND sepolia.infura.io
  Transaction 1418 failed: getaddrinfo ENOTFOUND sepolia.infura.io
  Transaction 1419 failed: getaddrinfo ENOTFOUND sepolia.infura.io
  Transaction 1420 failed: getaddrinfo ENOTFOUND sepolia.infura.io
  Transaction 1421 failed: getaddrinfo ENOTFOUND sepolia.infura.io
  Transaction 1422 failed: getaddrinfo ENOTFOUND sepolia.infura.io
  Transaction 1423 failed: getaddrinfo ENOTFOUND sepolia.infura.io
  Transaction 1424 failed: getaddrinfo ENOTFOUND sepolia.infura.io
  Transaction 1425 failed: getaddrinfo ENOTFOUND sepolia.infura.io
  Transaction 1426 failed: getaddrinfo ENOTFOUND sepolia.infura.io
  Transaction 1427 failed: getaddrinfo ENOTFOUND sepolia.infura.io
  Transaction 1428 failed: getaddrinfo ENOTFOUND sepolia.infura.io
  Transaction 1429 failed: getaddrinfo ENOTFOUND sepolia.infura.io
  Transaction 1430 failed: getaddrinfo ENOTFOUND sepolia.infura.io
  Transaction 1431 failed: getaddrinfo ENOTFOUND sepolia.infura.io
  Transaction 1432 failed: getaddrinfo ENOTFOUND sepolia.infura.io
  Transaction 1433 failed: getaddrinfo ENOTFOUND sepolia.infura.io
  Transaction 1434 failed: getaddrinfo ENOTFOUND sepolia.infura.io
  Transaction 1435 failed: getaddrinfo ENOTFOUND sepolia.infura.io
  Transaction 1436 failed: getaddrinfo ENOTFOUND sepolia.infura.io
  Transaction 1437 failed: getaddrinfo ENOTFOUND sepolia.infura.io
  Transaction 1438 failed: getaddrinfo ENOTFOUND sepolia.infura.io
  Transaction 1439 failed: getaddrinfo ENOTFOUND sepolia.infura.io
  Transaction 1440 failed: getaddrinfo ENOTFOUND sepolia.infura.io
  Transaction 1441 failed: getaddrinfo ENOTFOUND sepolia.infura.io
  Transaction 1442 failed: getaddrinfo ENOTFOUND sepolia.infura.io
  Transaction 1443 failed: getaddrinfo ENOTFOUND sepolia.infura.io
  Transaction 1444 failed: getaddrinfo ENOTFOUND sepolia.infura.io
  Transaction 1445 failed: getaddrinfo ENOTFOUND sepolia.infura.io
  Transaction 1446 failed: getaddrinfo ENOTFOUND sepolia.infura.io
  Transaction 1447 failed: getaddrinfo ENOTFOUND sepolia.infura.io
  Transaction 1448 failed: getaddrinfo ENOTFOUND sepolia.infura.io
  Transaction 1449 failed: getaddrinfo ENOTFOUND sepolia.infura.io
  Transaction 1450 failed: getaddrinfo ENOTFOUND sepolia.infura.io
  Transaction 1451 failed: getaddrinfo ENOTFOUND sepolia.infura.io
  Transaction 1452 failed: getaddrinfo ENOTFOUND sepolia.infura.io
  Transaction 1453 failed: getaddrinfo ENOTFOUND sepolia.infura.io
  Transaction 1454 failed: getaddrinfo ENOTFOUND sepolia.infura.io
  Transaction 1455 failed: getaddrinfo ENOTFOUND sepolia.infura.io
  Transaction 1456 failed: getaddrinfo ENOTFOUND sepolia.infura.io
  Transaction 1457 failed: getaddrinfo ENOTFOUND sepolia.infura.io
  Transaction 1458 failed: getaddrinfo ENOTFOUND sepolia.infura.io
  Transaction 1459 failed: getaddrinfo ENOTFOUND sepolia.infura.io
  Transaction 1460 failed: getaddrinfo ENOTFOUND sepolia.infura.io
  Transaction 1461 failed: getaddrinfo ENOTFOUND sepolia.infura.io
  Transaction 1462 failed: getaddrinfo ENOTFOUND sepolia.infura.io
  Transaction 1463 failed: getaddrinfo ENOTFOUND sepolia.infura.io
  Transaction 1464 failed: getaddrinfo ENOTFOUND sepolia.infura.io
  Transaction 1465 failed: getaddrinfo ENOTFOUND sepolia.infura.io
  Transaction 1466 failed: getaddrinfo ENOTFOUND sepolia.infura.io
  Transaction 1467 failed: getaddrinfo ENOTFOUND sepolia.infura.io
  Transaction 1468 failed: getaddrinfo ENOTFOUND sepolia.infura.io
  Transaction 1469 failed: getaddrinfo ENOTFOUND sepolia.infura.io
  Transaction 1470 failed: getaddrinfo ENOTFOUND sepolia.infura.io
  Transaction 1471 failed: getaddrinfo ENOTFOUND sepolia.infura.io
  Transaction 1472 failed: getaddrinfo ENOTFOUND sepolia.infura.io
  Transaction 1473 failed: getaddrinfo ENOTFOUND sepolia.infura.io
  Transaction 1474 failed: getaddrinfo ENOTFOUND sepolia.infura.io
  Transaction 1475 failed: getaddrinfo ENOTFOUND sepolia.infura.io
  Transaction 1476 failed: getaddrinfo ENOTFOUND sepolia.infura.io
  Transaction 1477 failed: getaddrinfo ENOTFOUND sepolia.infura.io
  Transaction 1478 failed: getaddrinfo ENOTFOUND sepolia.infura.io
  Transaction 1479 failed: getaddrinfo ENOTFOUND sepolia.infura.io
  Transaction 1480 failed: getaddrinfo ENOTFOUND sepolia.infura.io
  Transaction 1481 failed: getaddrinfo ENOTFOUND sepolia.infura.io
  Transaction 1482 failed: getaddrinfo ENOTFOUND sepolia.infura.io
  Transaction 1483 failed: getaddrinfo ENOTFOUND sepolia.infura.io
  Transaction 1484 failed: getaddrinfo ENOTFOUND sepolia.infura.io
  Transaction 1485 failed: getaddrinfo ENOTFOUND sepolia.infura.io
  Transaction 1486 failed: getaddrinfo ENOTFOUND sepolia.infura.io
  Transaction 1487 failed: getaddrinfo ENOTFOUND sepolia.infura.io
  Transaction 1488 failed: getaddrinfo ENOTFOUND sepolia.infura.io
  Transaction 1489 failed: getaddrinfo ENOTFOUND sepolia.infura.io
  Transaction 1490 failed: getaddrinfo ENOTFOUND sepolia.infura.io
  Transaction 1491 failed: getaddrinfo ENOTFOUND sepolia.infura.io
  Transaction 1492 failed: getaddrinfo ENOTFOUND sepolia.infura.io
  Transaction 1493 failed: getaddrinfo ENOTFOUND sepolia.infura.io
  Transaction 1494 failed: getaddrinfo ENOTFOUND sepolia.infura.io
  Transaction 1495 failed: getaddrinfo ENOTFOUND sepolia.infura.io
  Transaction 1496 failed: getaddrinfo ENOTFOUND sepolia.infura.io
  Transaction 1497 failed: getaddrinfo ENOTFOUND sepolia.infura.io
  Transaction 1498 failed: getaddrinfo ENOTFOUND sepolia.infura.io
  Transaction 1499 failed: getaddrinfo ENOTFOUND sepolia.infura.io
  Transaction 1500 failed: getaddrinfo ENOTFOUND sepolia.infura.io
  Transaction 1501 failed: getaddrinfo ENOTFOUND sepolia.infura.io
  Transaction 1502 failed: getaddrinfo ENOTFOUND sepolia.infura.io
  Transaction 1503 failed: getaddrinfo ENOTFOUND sepolia.infura.io
  Transaction 1504 failed: getaddrinfo ENOTFOUND sepolia.infura.io
  Transaction 1505 failed: getaddrinfo ENOTFOUND sepolia.infura.io
  Transaction 1506 failed: getaddrinfo ENOTFOUND sepolia.infura.io
  Transaction 1507 failed: getaddrinfo ENOTFOUND sepolia.infura.io
  Transaction 1508 failed: getaddrinfo ENOTFOUND sepolia.infura.io
  Transaction 1509 failed: getaddrinfo ENOTFOUND sepolia.infura.io
  Transaction 1510 failed: getaddrinfo ENOTFOUND sepolia.infura.io
  Transaction 1511 failed: getaddrinfo ENOTFOUND sepolia.infura.io
  Transaction 1512 failed: getaddrinfo ENOTFOUND sepolia.infura.io
  Transaction 1513 failed: getaddrinfo ENOTFOUND sepolia.infura.io
  Transaction 1514 failed: getaddrinfo ENOTFOUND sepolia.infura.io
  Transaction 1515 failed: getaddrinfo ENOTFOUND sepolia.infura.io
  Transaction 1516 failed: getaddrinfo ENOTFOUND sepolia.infura.io
  Transaction 1517 failed: getaddrinfo ENOTFOUND sepolia.infura.io
  Transaction 1518 failed: getaddrinfo ENOTFOUND sepolia.infura.io
  Transaction 1519 failed: getaddrinfo ENOTFOUND sepolia.infura.io
  Transaction 1520 failed: getaddrinfo ENOTFOUND sepolia.infura.io
  Transaction 1521 failed: getaddrinfo ENOTFOUND sepolia.infura.io
  Transaction 1522 failed: getaddrinfo ENOTFOUND sepolia.infura.io
  Transaction 1523 failed: getaddrinfo ENOTFOUND sepolia.infura.io
  Transaction 1524 failed: getaddrinfo ENOTFOUND sepolia.infura.io
  Transaction 1525 failed: getaddrinfo ENOTFOUND sepolia.infura.io
  Transaction 1526 failed: getaddrinfo ENOTFOUND sepolia.infura.io
  Transaction 1527 failed: getaddrinfo ENOTFOUND sepolia.infura.io
  Transaction 1528 failed: getaddrinfo ENOTFOUND sepolia.infura.io
  Transaction 1529 failed: getaddrinfo ENOTFOUND sepolia.infura.io
  Transaction 1530 failed: getaddrinfo ENOTFOUND sepolia.infura.io
  Transaction 1531 failed: getaddrinfo ENOTFOUND sepolia.infura.io
  Transaction 1532 failed: getaddrinfo ENOTFOUND sepolia.infura.io
  Transaction 1533 failed: getaddrinfo ENOTFOUND sepolia.infura.io
  Transaction 1534 failed: getaddrinfo ENOTFOUND sepolia.infura.io
  Transaction 1535 failed: getaddrinfo ENOTFOUND sepolia.infura.io
  Transaction 1536 failed: getaddrinfo ENOTFOUND sepolia.infura.io
  Transaction 1537 failed: getaddrinfo ENOTFOUND sepolia.infura.io
  Transaction 1538 failed: getaddrinfo ENOTFOUND sepolia.infura.io
  Transaction 1539 failed: getaddrinfo ENOTFOUND sepolia.infura.io
  Transaction 1540 failed: getaddrinfo ENOTFOUND sepolia.infura.io
  Transaction 1541 failed: getaddrinfo ENOTFOUND sepolia.infura.io
  Transaction 1542 failed: getaddrinfo ENOTFOUND sepolia.infura.io
  Transaction 1543 failed: getaddrinfo ENOTFOUND sepolia.infura.io
  Transaction 1544 failed: getaddrinfo ENOTFOUND sepolia.infura.io
  Transaction 1545 failed: getaddrinfo ENOTFOUND sepolia.infura.io
  Transaction 1546 failed: getaddrinfo ENOTFOUND sepolia.infura.io
  Transaction 1547 failed: getaddrinfo ENOTFOUND sepolia.infura.io
  Transaction 1548 failed: getaddrinfo ENOTFOUND sepolia.infura.io
  Transaction 1549 failed: getaddrinfo ENOTFOUND sepolia.infura.io
  Transaction 1550 failed: getaddrinfo ENOTFOUND sepolia.infura.io
  Transaction 1551 failed: getaddrinfo ENOTFOUND sepolia.infura.io
  Transaction 1552 failed: getaddrinfo ENOTFOUND sepolia.infura.io
  Transaction 1553 failed: getaddrinfo ENOTFOUND sepolia.infura.io
  Transaction 1554 failed: getaddrinfo ENOTFOUND sepolia.infura.io
  Transaction 1555 failed: getaddrinfo ENOTFOUND sepolia.infura.io
  Transaction 1556 failed: getaddrinfo ENOTFOUND sepolia.infura.io
  Transaction 1557 failed: getaddrinfo ENOTFOUND sepolia.infura.io
  Transaction 1558 failed: getaddrinfo ENOTFOUND sepolia.infura.io
  Transaction 1559 failed: getaddrinfo ENOTFOUND sepolia.infura.io
  Transaction 1560 failed: getaddrinfo ENOTFOUND sepolia.infura.io
  Transaction 1561 failed: getaddrinfo ENOTFOUND sepolia.infura.io
  Transaction 1562 failed: getaddrinfo ENOTFOUND sepolia.infura.io
  Transaction 1563 failed: getaddrinfo ENOTFOUND sepolia.infura.io
  Transaction 1564 failed: getaddrinfo ENOTFOUND sepolia.infura.io
  Transaction 1565 failed: getaddrinfo ENOTFOUND sepolia.infura.io
  Transaction 1566 failed: getaddrinfo ENOTFOUND sepolia.infura.io
  Transaction 1567 failed: getaddrinfo ENOTFOUND sepolia.infura.io
  Transaction 1568 failed: getaddrinfo ENOTFOUND sepolia.infura.io
  Transaction 1569 failed: getaddrinfo ENOTFOUND sepolia.infura.io
  Transaction 1570 failed: getaddrinfo ENOTFOUND sepolia.infura.io
  Transaction 1571 failed: getaddrinfo ENOTFOUND sepolia.infura.io
  Transaction 1572 failed: getaddrinfo ENOTFOUND sepolia.infura.io
  Transaction 1573 failed: getaddrinfo ENOTFOUND sepolia.infura.io
  Transaction 1574 failed: getaddrinfo ENOTFOUND sepolia.infura.io
  Transaction 1575 failed: getaddrinfo ENOTFOUND sepolia.infura.io
  Transaction 1576 failed: getaddrinfo ENOTFOUND sepolia.infura.io
  Transaction 1577 failed: getaddrinfo ENOTFOUND sepolia.infura.io
  Transaction 1578 failed: getaddrinfo ENOTFOUND sepolia.infura.io
  Transaction 1579 failed: getaddrinfo ENOTFOUND sepolia.infura.io
  Transaction 1580 failed: getaddrinfo ENOTFOUND sepolia.infura.io
  Transaction 1581 failed: getaddrinfo ENOTFOUND sepolia.infura.io
  Transaction 1582 failed: getaddrinfo ENOTFOUND sepolia.infura.io
  Transaction 1583 failed: getaddrinfo ENOTFOUND sepolia.infura.io
  Transaction 1584 failed: getaddrinfo ENOTFOUND sepolia.infura.io
  Transaction 1585 failed: getaddrinfo ENOTFOUND sepolia.infura.io
  Transaction 1586 failed: getaddrinfo ENOTFOUND sepolia.infura.io
  Transaction 1587 failed: getaddrinfo ENOTFOUND sepolia.infura.io
  Transaction 1588 failed: getaddrinfo ENOTFOUND sepolia.infura.io
  Transaction 1589 failed: getaddrinfo ENOTFOUND sepolia.infura.io
  Transaction 1590 failed: getaddrinfo ENOTFOUND sepolia.infura.io
  Transaction 1591 failed: getaddrinfo ENOTFOUND sepolia.infura.io
  Transaction 1592 failed: getaddrinfo ENOTFOUND sepolia.infura.io
  Transaction 1593 failed: getaddrinfo ENOTFOUND sepolia.infura.io
  Transaction 1594 failed: getaddrinfo ENOTFOUND sepolia.infura.io
  Transaction 1595 failed: getaddrinfo ENOTFOUND sepolia.infura.io
  Transaction 1596 failed: getaddrinfo ENOTFOUND sepolia.infura.io
  Transaction 1597 failed: getaddrinfo ENOTFOUND sepolia.infura.io
  Transaction 1598 failed: getaddrinfo ENOTFOUND sepolia.infura.io
  Transaction 1599 failed: getaddrinfo ENOTFOUND sepolia.infura.io
  Transaction 1600 failed: getaddrinfo ENOTFOUND sepolia.infura.io
  Transaction 1601 failed: getaddrinfo ENOTFOUND sepolia.infura.io
  Transaction 1602 failed: getaddrinfo ENOTFOUND sepolia.infura.io
  Transaction 1603 failed: getaddrinfo ENOTFOUND sepolia.infura.io
  Transaction 1604 failed: getaddrinfo ENOTFOUND sepolia.infura.io
  Transaction 1605 failed: getaddrinfo ENOTFOUND sepolia.infura.io
  Transaction 1606 failed: getaddrinfo ENOTFOUND sepolia.infura.io
  Transaction 1607 failed: getaddrinfo ENOTFOUND sepolia.infura.io
  Transaction 1608 failed: getaddrinfo ENOTFOUND sepolia.infura.io
  Transaction 1609 failed: getaddrinfo ENOTFOUND sepolia.infura.io
  Transaction 1610 failed: getaddrinfo ENOTFOUND sepolia.infura.io
  Transaction 1611 failed: getaddrinfo ENOTFOUND sepolia.infura.io
  Transaction 1612 failed: getaddrinfo ENOTFOUND sepolia.infura.io
  Transaction 1613 failed: getaddrinfo ENOTFOUND sepolia.infura.io
  Transaction 1614 failed: getaddrinfo ENOTFOUND sepolia.infura.io
  Transaction 1615 failed: getaddrinfo ENOTFOUND sepolia.infura.io
  Transaction 1616 failed: getaddrinfo ENOTFOUND sepolia.infura.io
  Transaction 1617 failed: getaddrinfo ENOTFOUND sepolia.infura.io
  Transaction 1618 failed: getaddrinfo ENOTFOUND sepolia.infura.io
  Transaction 1619 failed: getaddrinfo ENOTFOUND sepolia.infura.io
  Transaction 1620 failed: getaddrinfo ENOTFOUND sepolia.infura.io
  Transaction 1621 failed: getaddrinfo ENOTFOUND sepolia.infura.io
  Transaction 1622 failed: getaddrinfo ENOTFOUND sepolia.infura.io
  Transaction 1623 failed: getaddrinfo ENOTFOUND sepolia.infura.io
  Transaction 1624 failed: getaddrinfo ENOTFOUND sepolia.infura.io
  Transaction 1625 failed: getaddrinfo ENOTFOUND sepolia.infura.io
  Transaction 1626 failed: getaddrinfo ENOTFOUND sepolia.infura.io
  Transaction 1627 failed: getaddrinfo ENOTFOUND sepolia.infura.io
  Transaction 1628 failed: getaddrinfo ENOTFOUND sepolia.infura.io
  Transaction 1629 failed: getaddrinfo ENOTFOUND sepolia.infura.io
  Transaction 1630 failed: getaddrinfo ENOTFOUND sepolia.infura.io
  Transaction 1631 failed: getaddrinfo ENOTFOUND sepolia.infura.io
  Transaction 1632 failed: getaddrinfo ENOTFOUND sepolia.infura.io
  Transaction 1633 failed: getaddrinfo ENOTFOUND sepolia.infura.io
  Transaction 1634 failed: getaddrinfo ENOTFOUND sepolia.infura.io
  Transaction 1635 failed: getaddrinfo ENOTFOUND sepolia.infura.io
  Transaction 1636 failed: getaddrinfo ENOTFOUND sepolia.infura.io
  Transaction 1637 failed: getaddrinfo ENOTFOUND sepolia.infura.io
  Transaction 1638 failed: getaddrinfo ENOTFOUND sepolia.infura.io
  Transaction 1639 failed: getaddrinfo ENOTFOUND sepolia.infura.io
  Transaction 1640 failed: getaddrinfo ENOTFOUND sepolia.infura.io
  Transaction 1641 failed: getaddrinfo ENOTFOUND sepolia.infura.io
  Transaction 1642 failed: getaddrinfo ENOTFOUND sepolia.infura.io
  Transaction 1643 failed: getaddrinfo ENOTFOUND sepolia.infura.io
  Transaction 1644 failed: getaddrinfo ENOTFOUND sepolia.infura.io
  Transaction 1645 failed: getaddrinfo ENOTFOUND sepolia.infura.io
  Transaction 1646 failed: getaddrinfo ENOTFOUND sepolia.infura.io
  Transaction 1647 failed: getaddrinfo ENOTFOUND sepolia.infura.io
  Transaction 1648 failed: getaddrinfo ENOTFOUND sepolia.infura.io
  Transaction 1649 failed: getaddrinfo ENOTFOUND sepolia.infura.io
  Transaction 1650 failed: getaddrinfo ENOTFOUND sepolia.infura.io
  Transaction 1651 failed: getaddrinfo ENOTFOUND sepolia.infura.io
  Transaction 1652 failed: getaddrinfo ENOTFOUND sepolia.infura.io
  Transaction 1653 failed: getaddrinfo ENOTFOUND sepolia.infura.io
  Transaction 1654 failed: getaddrinfo ENOTFOUND sepolia.infura.io
  Transaction 1655 failed: getaddrinfo ENOTFOUND sepolia.infura.io
  Transaction 1656 failed: getaddrinfo ENOTFOUND sepolia.infura.io
  Transaction 1657 failed: getaddrinfo ENOTFOUND sepolia.infura.io
  Transaction 1658 failed: getaddrinfo ENOTFOUND sepolia.infura.io
  Transaction 1659 failed: getaddrinfo ENOTFOUND sepolia.infura.io
  Transaction 1660 failed: getaddrinfo ENOTFOUND sepolia.infura.io
  Transaction 1661 failed: getaddrinfo ENOTFOUND sepolia.infura.io
  Transaction 1662 failed: getaddrinfo ENOTFOUND sepolia.infura.io
  Transaction 1663 failed: getaddrinfo ENOTFOUND sepolia.infura.io
  Transaction 1664 failed: getaddrinfo ENOTFOUND sepolia.infura.io
  Transaction 1665 failed: getaddrinfo ENOTFOUND sepolia.infura.io
  Transaction 1666 failed: getaddrinfo ENOTFOUND sepolia.infura.io
  Transaction 1667 failed: getaddrinfo ENOTFOUND sepolia.infura.io
  Transaction 1668 failed: getaddrinfo ENOTFOUND sepolia.infura.io
  Transaction 1669 failed: getaddrinfo ENOTFOUND sepolia.infura.io
  Transaction 1670 failed: getaddrinfo ENOTFOUND sepolia.infura.io
  Transaction 1671 failed: getaddrinfo ENOTFOUND sepolia.infura.io
  Transaction 1672 failed: getaddrinfo ENOTFOUND sepolia.infura.io
  Transaction 1673 failed: getaddrinfo ENOTFOUND sepolia.infura.io
  Transaction 1674 failed: getaddrinfo ENOTFOUND sepolia.infura.io
  Transaction 1675 failed: getaddrinfo ENOTFOUND sepolia.infura.io
  Transaction 1676 failed: getaddrinfo ENOTFOUND sepolia.infura.io
  Transaction 1677 failed: getaddrinfo ENOTFOUND sepolia.infura.io
  Transaction 1678 failed: getaddrinfo ENOTFOUND sepolia.infura.io
  Transaction 1679 failed: getaddrinfo ENOTFOUND sepolia.infura.io
  Transaction 1680 failed: getaddrinfo ENOTFOUND sepolia.infura.io
  Transaction 1681 failed: getaddrinfo ENOTFOUND sepolia.infura.io
  Transaction 1682 failed: getaddrinfo ENOTFOUND sepolia.infura.io
  Transaction 1683 failed: getaddrinfo ENOTFOUND sepolia.infura.io
  Transaction 1684 failed: getaddrinfo ENOTFOUND sepolia.infura.io
  Transaction 1685 failed: getaddrinfo ENOTFOUND sepolia.infura.io
  Transaction 1686 failed: getaddrinfo ENOTFOUND sepolia.infura.io
  Transaction 1687 failed: getaddrinfo ENOTFOUND sepolia.infura.io
  Transaction 1688 failed: getaddrinfo ENOTFOUND sepolia.infura.io
  Transaction 1689 failed: getaddrinfo ENOTFOUND sepolia.infura.io
  Transaction 1690 failed: getaddrinfo ENOTFOUND sepolia.infura.io
  Transaction 1691 failed: getaddrinfo ENOTFOUND sepolia.infura.io
  Transaction 1692 failed: getaddrinfo ENOTFOUND sepolia.infura.io
  Transaction 1693 failed: getaddrinfo ENOTFOUND sepolia.infura.io
  Transaction 1694 failed: getaddrinfo ENOTFOUND sepolia.infura.io
  Transaction 1695 failed: getaddrinfo ENOTFOUND sepolia.infura.io
  Transaction 1696 failed: getaddrinfo ENOTFOUND sepolia.infura.io
  Transaction 1697 failed: getaddrinfo ENOTFOUND sepolia.infura.io
  Transaction 1698 failed: getaddrinfo ENOTFOUND sepolia.infura.io
  Transaction 1699 failed: getaddrinfo ENOTFOUND sepolia.infura.io
  Transaction 1700 failed: getaddrinfo ENOTFOUND sepolia.infura.io
  Transaction 1701 failed: getaddrinfo ENOTFOUND sepolia.infura.io
  Transaction 1702 failed: getaddrinfo ENOTFOUND sepolia.infura.io
  Transaction 1703 failed: getaddrinfo ENOTFOUND sepolia.infura.io
  Transaction 1704 failed: getaddrinfo ENOTFOUND sepolia.infura.io
  Transaction 1705 failed: getaddrinfo ENOTFOUND sepolia.infura.io
  Transaction 1706 failed: getaddrinfo ENOTFOUND sepolia.infura.io
  Transaction 1707 failed: getaddrinfo ENOTFOUND sepolia.infura.io
  Transaction 1708 failed: getaddrinfo ENOTFOUND sepolia.infura.io
  Transaction 1709 failed: getaddrinfo ENOTFOUND sepolia.infura.io
  Transaction 1710 failed: getaddrinfo ENOTFOUND sepolia.infura.io
  Transaction 1711 failed: getaddrinfo ENOTFOUND sepolia.infura.io
  Transaction 1712 failed: getaddrinfo ENOTFOUND sepolia.infura.io
  Transaction 1713 failed: getaddrinfo ENOTFOUND sepolia.infura.io
  Transaction 1714 failed: getaddrinfo ENOTFOUND sepolia.infura.io
  Transaction 1715 failed: getaddrinfo ENOTFOUND sepolia.infura.io
  Transaction 1716 failed: getaddrinfo ENOTFOUND sepolia.infura.io
  Transaction 1717 failed: getaddrinfo ENOTFOUND sepolia.infura.io
  Transaction 1718 failed: getaddrinfo ENOTFOUND sepolia.infura.io
  Transaction 1719 failed: getaddrinfo ENOTFOUND sepolia.infura.io
  Transaction 1720 failed: getaddrinfo ENOTFOUND sepolia.infura.io
  Transaction 1721 failed: getaddrinfo ENOTFOUND sepolia.infura.io
  Transaction 1722 failed: getaddrinfo ENOTFOUND sepolia.infura.io
  Transaction 1723 failed: getaddrinfo ENOTFOUND sepolia.infura.io
  Transaction 1724 failed: getaddrinfo ENOTFOUND sepolia.infura.io
  Transaction 1725 failed: getaddrinfo ENOTFOUND sepolia.infura.io
  Transaction 1726 failed: getaddrinfo ENOTFOUND sepolia.infura.io
  Transaction 1727 failed: getaddrinfo ENOTFOUND sepolia.infura.io
  Transaction 1728 failed: getaddrinfo ENOTFOUND sepolia.infura.io
  Transaction 1729 failed: getaddrinfo ENOTFOUND sepolia.infura.io
  Transaction 1730 failed: getaddrinfo ENOTFOUND sepolia.infura.io
  Transaction 1731 failed: getaddrinfo ENOTFOUND sepolia.infura.io
  Transaction 1732 failed: getaddrinfo ENOTFOUND sepolia.infura.io
  Transaction 1733 failed: getaddrinfo ENOTFOUND sepolia.infura.io
  Transaction 1734 failed: getaddrinfo ENOTFOUND sepolia.infura.io
  Transaction 1735 failed: getaddrinfo ENOTFOUND sepolia.infura.io
  Transaction 1736 failed: getaddrinfo ENOTFOUND sepolia.infura.io
  Transaction 1737 failed: getaddrinfo ENOTFOUND sepolia.infura.io
  Transaction 1738 failed: getaddrinfo ENOTFOUND sepolia.infura.io
  Transaction 1739 failed: getaddrinfo ENOTFOUND sepolia.infura.io
  Transaction 1740 failed: getaddrinfo ENOTFOUND sepolia.infura.io
  Transaction 1741 failed: getaddrinfo ENOTFOUND sepolia.infura.io
  Transaction 1742 failed: getaddrinfo ENOTFOUND sepolia.infura.io
  Transaction 1743 failed: getaddrinfo ENOTFOUND sepolia.infura.io
  Transaction 1744 failed: getaddrinfo ENOTFOUND sepolia.infura.io
  Transaction 1745 failed: getaddrinfo ENOTFOUND sepolia.infura.io
  Transaction 1746 failed: getaddrinfo ENOTFOUND sepolia.infura.io
  Transaction 1747 failed: getaddrinfo ENOTFOUND sepolia.infura.io
  Transaction 1748 failed: getaddrinfo ENOTFOUND sepolia.infura.io
  Transaction 1749 failed: getaddrinfo ENOTFOUND sepolia.infura.io
  Transaction 1750 failed: getaddrinfo ENOTFOUND sepolia.infura.io
  Transaction 1751 failed: getaddrinfo ENOTFOUND sepolia.infura.io
  Transaction 1752 failed: getaddrinfo ENOTFOUND sepolia.infura.io
  Transaction 1753 failed: getaddrinfo ENOTFOUND sepolia.infura.io
  Transaction 1754 failed: getaddrinfo ENOTFOUND sepolia.infura.io
  Transaction 1755 failed: getaddrinfo ENOTFOUND sepolia.infura.io
  Transaction 1756 failed: getaddrinfo ENOTFOUND sepolia.infura.io
  Transaction 1757 failed: getaddrinfo ENOTFOUND sepolia.infura.io
  Transaction 1758 failed: getaddrinfo ENOTFOUND sepolia.infura.io
  Transaction 1759 failed: getaddrinfo ENOTFOUND sepolia.infura.io
  Transaction 1760 failed: getaddrinfo ENOTFOUND sepolia.infura.io
  Transaction 1761 failed: getaddrinfo ENOTFOUND sepolia.infura.io
  Transaction 1762 failed: getaddrinfo ENOTFOUND sepolia.infura.io
  Transaction 1763 failed: getaddrinfo ENOTFOUND sepolia.infura.io
  Transaction 1764 failed: getaddrinfo ENOTFOUND sepolia.infura.io
  Transaction 1765 failed: getaddrinfo ENOTFOUND sepolia.infura.io
  Transaction 1766 failed: getaddrinfo ENOTFOUND sepolia.infura.io
  Transaction 1767 failed: getaddrinfo ENOTFOUND sepolia.infura.io
  Transaction 1768 failed: getaddrinfo ENOTFOUND sepolia.infura.io
  Transaction 1769 failed: getaddrinfo ENOTFOUND sepolia.infura.io
  Transaction 1770 failed: getaddrinfo ENOTFOUND sepolia.infura.io
  Transaction 1771 failed: getaddrinfo ENOTFOUND sepolia.infura.io
  Transaction 1772 failed: getaddrinfo ENOTFOUND sepolia.infura.io
  Transaction 1773 failed: getaddrinfo ENOTFOUND sepolia.infura.io
  Transaction 1774 failed: getaddrinfo ENOTFOUND sepolia.infura.io
  Transaction 1775 failed: getaddrinfo ENOTFOUND sepolia.infura.io
  Transaction 1776 failed: getaddrinfo ENOTFOUND sepolia.infura.io
  Transaction 1777 failed: getaddrinfo ENOTFOUND sepolia.infura.io
  Transaction 1778 failed: getaddrinfo ENOTFOUND sepolia.infura.io
  Transaction 1779 failed: getaddrinfo ENOTFOUND sepolia.infura.io
  Transaction 1780 failed: getaddrinfo ENOTFOUND sepolia.infura.io
  Transaction 1781 failed: getaddrinfo ENOTFOUND sepolia.infura.io
  Transaction 1782 failed: getaddrinfo ENOTFOUND sepolia.infura.io
  Transaction 1783 failed: getaddrinfo ENOTFOUND sepolia.infura.io
  Transaction 1784 failed: getaddrinfo ENOTFOUND sepolia.infura.io
  Transaction 1785 failed: getaddrinfo ENOTFOUND sepolia.infura.io
  Transaction 1786 failed: getaddrinfo ENOTFOUND sepolia.infura.io
  Transaction 1787 failed: getaddrinfo ENOTFOUND sepolia.infura.io
  Transaction 1788 failed: getaddrinfo ENOTFOUND sepolia.infura.io
  Transaction 1789 failed: getaddrinfo ENOTFOUND sepolia.infura.io
  Transaction 1790 failed: getaddrinfo ENOTFOUND sepolia.infura.io
  Transaction 1791 failed: getaddrinfo ENOTFOUND sepolia.infura.io
  Transaction 1792 failed: getaddrinfo ENOTFOUND sepolia.infura.io
  Transaction 1793 failed: getaddrinfo ENOTFOUND sepolia.infura.io
  Transaction 1794 failed: getaddrinfo ENOTFOUND sepolia.infura.io
  Transaction 1795 failed: getaddrinfo ENOTFOUND sepolia.infura.io
  Transaction 1796 failed: getaddrinfo ENOTFOUND sepolia.infura.io
  Transaction 1797 failed: getaddrinfo ENOTFOUND sepolia.infura.io
  Transaction 1798 failed: getaddrinfo ENOTFOUND sepolia.infura.io
  Transaction 1799 failed: getaddrinfo ENOTFOUND sepolia.infura.io
  Transaction 1800 failed: getaddrinfo ENOTFOUND sepolia.infura.io
  Transaction 1801 failed: getaddrinfo ENOTFOUND sepolia.infura.io
  Transaction 1802 failed: getaddrinfo ENOTFOUND sepolia.infura.io
  Transaction 1803 failed: getaddrinfo ENOTFOUND sepolia.infura.io
  Transaction 1804 failed: getaddrinfo ENOTFOUND sepolia.infura.io
  Transaction 1805 failed: getaddrinfo ENOTFOUND sepolia.infura.io
  Transaction 1806 failed: getaddrinfo ENOTFOUND sepolia.infura.io
  Transaction 1807 failed: getaddrinfo ENOTFOUND sepolia.infura.io
  Transaction 1808 failed: getaddrinfo ENOTFOUND sepolia.infura.io
  Transaction 1809 failed: getaddrinfo ENOTFOUND sepolia.infura.io
  Transaction 1810 failed: getaddrinfo ENOTFOUND sepolia.infura.io
  Transaction 1811 failed: getaddrinfo ENOTFOUND sepolia.infura.io
  Transaction 1812 failed: getaddrinfo ENOTFOUND sepolia.infura.io
  Transaction 1813 failed: getaddrinfo ENOTFOUND sepolia.infura.io
  Transaction 1814 failed: getaddrinfo ENOTFOUND sepolia.infura.io
  Transaction 1815 failed: getaddrinfo ENOTFOUND sepolia.infura.io
  Transaction 1816 failed: getaddrinfo ENOTFOUND sepolia.infura.io
  Transaction 1817 failed: getaddrinfo ENOTFOUND sepolia.infura.io
  Transaction 1818 failed: getaddrinfo ENOTFOUND sepolia.infura.io
  Transaction 1819 failed: getaddrinfo ENOTFOUND sepolia.infura.io
  Transaction 1820 failed: getaddrinfo ENOTFOUND sepolia.infura.io
  Transaction 1821 failed: getaddrinfo ENOTFOUND sepolia.infura.io
  Transaction 1822 failed: getaddrinfo ENOTFOUND sepolia.infura.io
  Transaction 1823 failed: getaddrinfo ENOTFOUND sepolia.infura.io
  Transaction 1824 failed: getaddrinfo ENOTFOUND sepolia.infura.io
  Transaction 1825 failed: getaddrinfo ENOTFOUND sepolia.infura.io
  Transaction 1826 failed: getaddrinfo ENOTFOUND sepolia.infura.io
  Transaction 1827 failed: getaddrinfo ENOTFOUND sepolia.infura.io
  Transaction 1828 failed: getaddrinfo ENOTFOUND sepolia.infura.io
  Transaction 1829 failed: getaddrinfo ENOTFOUND sepolia.infura.io
  Transaction 1830 failed: getaddrinfo ENOTFOUND sepolia.infura.io
  Transaction 1831 failed: getaddrinfo ENOTFOUND sepolia.infura.io
  Transaction 1832 failed: getaddrinfo ENOTFOUND sepolia.infura.io
  Transaction 1833 failed: getaddrinfo ENOTFOUND sepolia.infura.io
  Transaction 1834 failed: getaddrinfo ENOTFOUND sepolia.infura.io
  Transaction 1835 failed: getaddrinfo ENOTFOUND sepolia.infura.io
  Transaction 1836 failed: getaddrinfo ENOTFOUND sepolia.infura.io
  Transaction 1837 failed: getaddrinfo ENOTFOUND sepolia.infura.io
  Transaction 1838 failed: getaddrinfo ENOTFOUND sepolia.infura.io
  Transaction 1839 failed: getaddrinfo ENOTFOUND sepolia.infura.io
  Transaction 1840 failed: getaddrinfo ENOTFOUND sepolia.infura.io
  Transaction 1841 failed: getaddrinfo ENOTFOUND sepolia.infura.io
  Transaction 1842 failed: getaddrinfo ENOTFOUND sepolia.infura.io
  Transaction 1843 failed: getaddrinfo ENOTFOUND sepolia.infura.io
  Transaction 1844 failed: getaddrinfo ENOTFOUND sepolia.infura.io
  Transaction 1845 failed: getaddrinfo ENOTFOUND sepolia.infura.io
  Transaction 1846 failed: getaddrinfo ENOTFOUND sepolia.infura.io
  Transaction 1847 failed: getaddrinfo ENOTFOUND sepolia.infura.io
  Transaction 1848 failed: getaddrinfo ENOTFOUND sepolia.infura.io
  Transaction 1849 failed: getaddrinfo ENOTFOUND sepolia.infura.io
  Transaction 1850 failed: getaddrinfo ENOTFOUND sepolia.infura.io
  Transaction 1851 failed: getaddrinfo ENOTFOUND sepolia.infura.io
  Transaction 1852 failed: getaddrinfo ENOTFOUND sepolia.infura.io
  Transaction 1853 failed: getaddrinfo ENOTFOUND sepolia.infura.io
  Transaction 1854 failed: getaddrinfo ENOTFOUND sepolia.infura.io
  Transaction 1855 failed: getaddrinfo ENOTFOUND sepolia.infura.io
  Transaction 1856 failed: getaddrinfo ENOTFOUND sepolia.infura.io
  Transaction 1857 failed: getaddrinfo ENOTFOUND sepolia.infura.io
  Transaction 1858 failed: getaddrinfo ENOTFOUND sepolia.infura.io
  Transaction 1859 failed: getaddrinfo ENOTFOUND sepolia.infura.io
  Transaction 1860 failed: getaddrinfo ENOTFOUND sepolia.infura.io
  Transaction 1861 failed: getaddrinfo ENOTFOUND sepolia.infura.io
  Transaction 1862 failed: getaddrinfo ENOTFOUND sepolia.infura.io
  Transaction 1863 failed: getaddrinfo ENOTFOUND sepolia.infura.io
  Transaction 1864 failed: getaddrinfo ENOTFOUND sepolia.infura.io
  Transaction 1865 failed: getaddrinfo ENOTFOUND sepolia.infura.io
  Transaction 1866 failed: getaddrinfo ENOTFOUND sepolia.infura.io
  Transaction 1867 failed: getaddrinfo ENOTFOUND sepolia.infura.io
  Transaction 1868 failed: getaddrinfo ENOTFOUND sepolia.infura.io
  Transaction 1869 failed: getaddrinfo ENOTFOUND sepolia.infura.io
  Transaction 1870 failed: getaddrinfo ENOTFOUND sepolia.infura.io
  Transaction 1871 failed: getaddrinfo ENOTFOUND sepolia.infura.io
  Transaction 1872 failed: getaddrinfo ENOTFOUND sepolia.infura.io
  Transaction 1873 failed: getaddrinfo ENOTFOUND sepolia.infura.io
  Transaction 1874 failed: getaddrinfo ENOTFOUND sepolia.infura.io
  Transaction 1875 failed: getaddrinfo ENOTFOUND sepolia.infura.io
  Transaction 1876 failed: getaddrinfo ENOTFOUND sepolia.infura.io
  Transaction 1877 failed: getaddrinfo ENOTFOUND sepolia.infura.io
  Transaction 1878 failed: getaddrinfo ENOTFOUND sepolia.infura.io
  Transaction 1879 failed: getaddrinfo ENOTFOUND sepolia.infura.io
  Transaction 1880 failed: getaddrinfo ENOTFOUND sepolia.infura.io
  Transaction 1881 failed: getaddrinfo ENOTFOUND sepolia.infura.io
  Transaction 1882 failed: getaddrinfo ENOTFOUND sepolia.infura.io
  Transaction 1883 failed: getaddrinfo ENOTFOUND sepolia.infura.io
  Transaction 1884 failed: getaddrinfo ENOTFOUND sepolia.infura.io
  Transaction 1885 failed: getaddrinfo ENOTFOUND sepolia.infura.io
  Transaction 1886 failed: getaddrinfo ENOTFOUND sepolia.infura.io
  Transaction 1887 failed: getaddrinfo ENOTFOUND sepolia.infura.io
  Transaction 1888 failed: getaddrinfo ENOTFOUND sepolia.infura.io
  Transaction 1889 failed: getaddrinfo ENOTFOUND sepolia.infura.io
  Transaction 1890 failed: getaddrinfo ENOTFOUND sepolia.infura.io
  Transaction 1891 failed: getaddrinfo ENOTFOUND sepolia.infura.io
  Transaction 1892 failed: getaddrinfo ENOTFOUND sepolia.infura.io
  Transaction 1893 failed: getaddrinfo ENOTFOUND sepolia.infura.io
  Transaction 1894 failed: getaddrinfo ENOTFOUND sepolia.infura.io
  Transaction 1895 failed: getaddrinfo ENOTFOUND sepolia.infura.io
  Transaction 1896 failed: getaddrinfo ENOTFOUND sepolia.infura.io
  Transaction 1897 failed: getaddrinfo ENOTFOUND sepolia.infura.io
  Transaction 1898 failed: getaddrinfo ENOTFOUND sepolia.infura.io
  Transaction 1899 failed: getaddrinfo ENOTFOUND sepolia.infura.io
  Transaction 1900 failed: getaddrinfo ENOTFOUND sepolia.infura.io
  Transaction 1901 failed: getaddrinfo ENOTFOUND sepolia.infura.io
  Transaction 1902 failed: getaddrinfo ENOTFOUND sepolia.infura.io
  Transaction 1903 failed: getaddrinfo ENOTFOUND sepolia.infura.io
  Transaction 1904 failed: getaddrinfo ENOTFOUND sepolia.infura.io
  Transaction 1905 failed: getaddrinfo ENOTFOUND sepolia.infura.io
  Transaction 1906 failed: getaddrinfo ENOTFOUND sepolia.infura.io
  Transaction 1907 failed: getaddrinfo ENOTFOUND sepolia.infura.io
  Transaction 1908 failed: getaddrinfo ENOTFOUND sepolia.infura.io
  Transaction 1909 failed: getaddrinfo ENOTFOUND sepolia.infura.io
  Transaction 1910 failed: getaddrinfo ENOTFOUND sepolia.infura.io
  Transaction 1911 failed: getaddrinfo ENOTFOUND sepolia.infura.io
  Transaction 1912 failed: getaddrinfo ENOTFOUND sepolia.infura.io
  Transaction 1913 failed: getaddrinfo ENOTFOUND sepolia.infura.io
  Transaction 1914 failed: getaddrinfo ENOTFOUND sepolia.infura.io
  Transaction 1915 failed: getaddrinfo ENOTFOUND sepolia.infura.io
  Transaction 1916 failed: getaddrinfo ENOTFOUND sepolia.infura.io
  Transaction 1917 failed: getaddrinfo ENOTFOUND sepolia.infura.io
  Transaction 1918 failed: getaddrinfo ENOTFOUND sepolia.infura.io
  Transaction 1919 failed: getaddrinfo ENOTFOUND sepolia.infura.io
  Transaction 1920 failed: getaddrinfo ENOTFOUND sepolia.infura.io
  Transaction 1921 failed: getaddrinfo ENOTFOUND sepolia.infura.io
  Transaction 1922 failed: getaddrinfo ENOTFOUND sepolia.infura.io
  Transaction 1923 failed: getaddrinfo ENOTFOUND sepolia.infura.io
  Transaction 1924 failed: getaddrinfo ENOTFOUND sepolia.infura.io
  Transaction 1925 failed: getaddrinfo ENOTFOUND sepolia.infura.io
  Transaction 1926 failed: getaddrinfo ENOTFOUND sepolia.infura.io
  Transaction 1927 failed: getaddrinfo ENOTFOUND sepolia.infura.io
  Transaction 1928 failed: getaddrinfo ENOTFOUND sepolia.infura.io
  Transaction 1929 failed: getaddrinfo ENOTFOUND sepolia.infura.io
  Transaction 1930 failed: getaddrinfo ENOTFOUND sepolia.infura.io
  Transaction 1931 failed: getaddrinfo ENOTFOUND sepolia.infura.io
  Transaction 1932 failed: getaddrinfo ENOTFOUND sepolia.infura.io
  Transaction 1933 failed: getaddrinfo ENOTFOUND sepolia.infura.io
  Transaction 1934 failed: getaddrinfo ENOTFOUND sepolia.infura.io
  Transaction 1935 failed: getaddrinfo ENOTFOUND sepolia.infura.io
  Transaction 1936 failed: getaddrinfo ENOTFOUND sepolia.infura.io
  Transaction 1937 failed: getaddrinfo ENOTFOUND sepolia.infura.io
  Transaction 1938 failed: getaddrinfo ENOTFOUND sepolia.infura.io
  Transaction 1939 failed: getaddrinfo ENOTFOUND sepolia.infura.io
  Transaction 1940 failed: getaddrinfo ENOTFOUND sepolia.infura.io
  Transaction 1941 failed: getaddrinfo ENOTFOUND sepolia.infura.io
  Transaction 1942 failed: getaddrinfo ENOTFOUND sepolia.infura.io
  Transaction 1943 failed: getaddrinfo ENOTFOUND sepolia.infura.io
  Transaction 1944 failed: getaddrinfo ENOTFOUND sepolia.infura.io
  Transaction 1945 failed: getaddrinfo ENOTFOUND sepolia.infura.io
  Transaction 1946 failed: getaddrinfo ENOTFOUND sepolia.infura.io
  Transaction 1947 failed: getaddrinfo ENOTFOUND sepolia.infura.io
  Transaction 1948 failed: getaddrinfo ENOTFOUND sepolia.infura.io
  Transaction 1949 failed: getaddrinfo ENOTFOUND sepolia.infura.io
  Transaction 1950 failed: getaddrinfo ENOTFOUND sepolia.infura.io
  Transaction 1951 failed: getaddrinfo ENOTFOUND sepolia.infura.io
  Transaction 1952 failed: getaddrinfo ENOTFOUND sepolia.infura.io
  Transaction 1953 failed: getaddrinfo ENOTFOUND sepolia.infura.io
  Transaction 1954 failed: getaddrinfo ENOTFOUND sepolia.infura.io
  Transaction 1955 failed: getaddrinfo ENOTFOUND sepolia.infura.io
  Transaction 1956 failed: getaddrinfo ENOTFOUND sepolia.infura.io
  Transaction 1957 failed: getaddrinfo ENOTFOUND sepolia.infura.io
  Transaction 1958 failed: getaddrinfo ENOTFOUND sepolia.infura.io
  Transaction 1959 failed: getaddrinfo ENOTFOUND sepolia.infura.io
  Transaction 1960 failed: getaddrinfo ENOTFOUND sepolia.infura.io
  Transaction 1961 failed: getaddrinfo ENOTFOUND sepolia.infura.io
  Transaction 1962 failed: getaddrinfo ENOTFOUND sepolia.infura.io
  Transaction 1963 failed: getaddrinfo ENOTFOUND sepolia.infura.io
  Transaction 1964 failed: getaddrinfo ENOTFOUND sepolia.infura.io
  Transaction 1965 failed: getaddrinfo ENOTFOUND sepolia.infura.io
  Transaction 1966 failed: getaddrinfo ENOTFOUND sepolia.infura.io
  Transaction 1967 failed: getaddrinfo ENOTFOUND sepolia.infura.io
  Transaction 1968 failed: getaddrinfo ENOTFOUND sepolia.infura.io
  Transaction 1969 failed: getaddrinfo ENOTFOUND sepolia.infura.io
  Transaction 1970 failed: getaddrinfo ENOTFOUND sepolia.infura.io
  Transaction 1971 failed: getaddrinfo ENOTFOUND sepolia.infura.io
  Transaction 1972 failed: getaddrinfo ENOTFOUND sepolia.infura.io
  Transaction 1973 failed: getaddrinfo ENOTFOUND sepolia.infura.io
  Transaction 1974 failed: getaddrinfo ENOTFOUND sepolia.infura.io
  Transaction 1975 failed: getaddrinfo ENOTFOUND sepolia.infura.io
  Transaction 1976 failed: getaddrinfo ENOTFOUND sepolia.infura.io
  Transaction 1977 failed: getaddrinfo ENOTFOUND sepolia.infura.io
  Transaction 1978 failed: getaddrinfo ENOTFOUND sepolia.infura.io
  Transaction 1979 failed: getaddrinfo ENOTFOUND sepolia.infura.io
  Transaction 1980 failed: getaddrinfo ENOTFOUND sepolia.infura.io
  Transaction 1981 failed: getaddrinfo ENOTFOUND sepolia.infura.io
  Transaction 1982 failed: getaddrinfo ENOTFOUND sepolia.infura.io
  Transaction 1983 failed: getaddrinfo ENOTFOUND sepolia.infura.io
  Transaction 1984 failed: getaddrinfo ENOTFOUND sepolia.infura.io
  Transaction 1985 failed: getaddrinfo ENOTFOUND sepolia.infura.io
  Transaction 1986 failed: getaddrinfo ENOTFOUND sepolia.infura.io
  Transaction 1987 failed: getaddrinfo ENOTFOUND sepolia.infura.io
  Transaction 1988 failed: getaddrinfo ENOTFOUND sepolia.infura.io
  Transaction 1989 failed: getaddrinfo ENOTFOUND sepolia.infura.io
  Transaction 1990 failed: getaddrinfo ENOTFOUND sepolia.infura.io
  Transaction 1991 failed: getaddrinfo ENOTFOUND sepolia.infura.io
  Transaction 1992 failed: getaddrinfo ENOTFOUND sepolia.infura.io
  Transaction 1993 failed: getaddrinfo ENOTFOUND sepolia.infura.io
  Transaction 1994 failed: getaddrinfo ENOTFOUND sepolia.infura.io
  Transaction 1995 failed: getaddrinfo ENOTFOUND sepolia.infura.io
  Transaction 1996 failed: getaddrinfo ENOTFOUND sepolia.infura.io
  Transaction 1997 failed: getaddrinfo ENOTFOUND sepolia.infura.io
  Transaction 1998 failed: getaddrinfo ENOTFOUND sepolia.infura.io
  Transaction 1999 failed: getaddrinfo ENOTFOUND sepolia.infura.io
  Transaction 2000 failed: getaddrinfo ENOTFOUND sepolia.infura.io

Level 0 completed:
  Total Gas: 0
  Average Gas: NaN

========== Testing Level 1 ==========
Running 2000 transactions...

  Transaction 1 failed: getaddrinfo ENOTFOUND sepolia.infura.io
  Transaction 2 failed: getaddrinfo ENOTFOUND sepolia.infura.io
  Transaction 3 failed: getaddrinfo ENOTFOUND sepolia.infura.io
  Transaction 4 failed: getaddrinfo ENOTFOUND sepolia.infura.io
  Transaction 5 failed: getaddrinfo ENOTFOUND sepolia.infura.io
  Transaction 6 failed: getaddrinfo ENOTFOUND sepolia.infura.io
  Transaction 7 failed: getaddrinfo ENOTFOUND sepolia.infura.io
  Transaction 8 failed: getaddrinfo ENOTFOUND sepolia.infura.io
  Transaction 9 failed: getaddrinfo ENOTFOUND sepolia.infura.io
  Transaction 10 failed: getaddrinfo ENOTFOUND sepolia.infura.io
  Transaction 11 failed: getaddrinfo ENOTFOUND sepolia.infura.io
  Transaction 12 failed: getaddrinfo ENOTFOUND sepolia.infura.io
  Transaction 13 failed: getaddrinfo ENOTFOUND sepolia.infura.io
  Transaction 14 failed: getaddrinfo ENOTFOUND sepolia.infura.io
  Transaction 15 failed: getaddrinfo ENOTFOUND sepolia.infura.io
  Transaction 16 failed: getaddrinfo ENOTFOUND sepolia.infura.io
  Transaction 17 failed: getaddrinfo ENOTFOUND sepolia.infura.io
  Transaction 18 failed: getaddrinfo ENOTFOUND sepolia.infura.io
  Transaction 19 failed: getaddrinfo ENOTFOUND sepolia.infura.io
  Transaction 20 failed: getaddrinfo ENOTFOUND sepolia.infura.io
  Transaction 21 failed: getaddrinfo ENOTFOUND sepolia.infura.io
  Transaction 22 failed: getaddrinfo ENOTFOUND sepolia.infura.io
  Transaction 23 failed: getaddrinfo ENOTFOUND sepolia.infura.io
  Transaction 24 failed: getaddrinfo ENOTFOUND sepolia.infura.io
  Transaction 25 failed: getaddrinfo ENOTFOUND sepolia.infura.io
  Transaction 26 failed: getaddrinfo ENOTFOUND sepolia.infura.io
  Transaction 27 failed: getaddrinfo ENOTFOUND sepolia.infura.io
  Transaction 28 failed: getaddrinfo ENOTFOUND sepolia.infura.io
  Transaction 29 failed: getaddrinfo ENOTFOUND sepolia.infura.io
  Transaction 30 failed: getaddrinfo ENOTFOUND sepolia.infura.io
  Transaction 31 failed: getaddrinfo ENOTFOUND sepolia.infura.io
  Transaction 32 failed: getaddrinfo ENOTFOUND sepolia.infura.io
  Transaction 33 failed: getaddrinfo ENOTFOUND sepolia.infura.io
  Transaction 34 failed: getaddrinfo ENOTFOUND sepolia.infura.io
  Transaction 35 failed: getaddrinfo ENOTFOUND sepolia.infura.io
  Transaction 36 failed: getaddrinfo ENOTFOUND sepolia.infura.io
  Transaction 37 failed: getaddrinfo ENOTFOUND sepolia.infura.io
  Transaction 38 failed: getaddrinfo ENOTFOUND sepolia.infura.io
  Transaction 39 failed: getaddrinfo ENOTFOUND sepolia.infura.io
  Transaction 40 failed: getaddrinfo ENOTFOUND sepolia.infura.io
  Transaction 41 failed: getaddrinfo ENOTFOUND sepolia.infura.io
  Transaction 42 failed: getaddrinfo ENOTFOUND sepolia.infura.io
  Transaction 43 failed: getaddrinfo ENOTFOUND sepolia.infura.io
  Transaction 44 failed: getaddrinfo ENOTFOUND sepolia.infura.io
  Transaction 45 failed: getaddrinfo ENOTFOUND sepolia.infura.io
  Transaction 46 failed: getaddrinfo ENOTFOUND sepolia.infura.io
  Transaction 47 failed: getaddrinfo ENOTFOUND sepolia.infura.io
  Transaction 48 failed: getaddrinfo ENOTFOUND sepolia.infura.io
  Transaction 49 failed: getaddrinfo ENOTFOUND sepolia.infura.io
  Transaction 50 failed: getaddrinfo ENOTFOUND sepolia.infura.io
  Transaction 51 failed: getaddrinfo ENOTFOUND sepolia.infura.io
  Transaction 52 failed: getaddrinfo ENOTFOUND sepolia.infura.io
  Transaction 53 failed: getaddrinfo ENOTFOUND sepolia.infura.io
  Transaction 54 failed: getaddrinfo ENOTFOUND sepolia.infura.io
  Transaction 55 failed: getaddrinfo ENOTFOUND sepolia.infura.io
  Transaction 56 failed: getaddrinfo ENOTFOUND sepolia.infura.io
  Transaction 57 failed: getaddrinfo ENOTFOUND sepolia.infura.io
  Transaction 58 failed: getaddrinfo ENOTFOUND sepolia.infura.io
  Transaction 59 failed: getaddrinfo ENOTFOUND sepolia.infura.io
  Transaction 60 failed: getaddrinfo ENOTFOUND sepolia.infura.io
  Transaction 61 failed: getaddrinfo ENOTFOUND sepolia.infura.io
  Transaction 62 failed: getaddrinfo ENOTFOUND sepolia.infura.io
  Transaction 63 failed: getaddrinfo ENOTFOUND sepolia.infura.io
  Transaction 64 failed: getaddrinfo ENOTFOUND sepolia.infura.io
  Transaction 65 failed: getaddrinfo ENOTFOUND sepolia.infura.io
  Transaction 66 failed: getaddrinfo ENOTFOUND sepolia.infura.io
  Transaction 67 failed: getaddrinfo ENOTFOUND sepolia.infura.io
  Transaction 68 failed: getaddrinfo ENOTFOUND sepolia.infura.io
  Transaction 69 failed: getaddrinfo ENOTFOUND sepolia.infura.io
  Transaction 70 failed: getaddrinfo ENOTFOUND sepolia.infura.io
  Transaction 71 failed: getaddrinfo ENOTFOUND sepolia.infura.io
  Transaction 72 failed: getaddrinfo ENOTFOUND sepolia.infura.io
  Transaction 73 failed: getaddrinfo ENOTFOUND sepolia.infura.io
  Transaction 74 failed: getaddrinfo ENOTFOUND sepolia.infura.io
  Transaction 75 failed: getaddrinfo ENOTFOUND sepolia.infura.io
  Transaction 76 failed: getaddrinfo ENOTFOUND sepolia.infura.io
  Transaction 77 failed: getaddrinfo ENOTFOUND sepolia.infura.io
  Transaction 78 failed: getaddrinfo ENOTFOUND sepolia.infura.io
  Transaction 79 failed: getaddrinfo ENOTFOUND sepolia.infura.io
  Transaction 80 failed: getaddrinfo ENOTFOUND sepolia.infura.io
  Transaction 81 failed: getaddrinfo ENOTFOUND sepolia.infura.io
  Transaction 82 failed: getaddrinfo ENOTFOUND sepolia.infura.io
  Transaction 83 failed: getaddrinfo ENOTFOUND sepolia.infura.io
  Transaction 84 failed: getaddrinfo ENOTFOUND sepolia.infura.io
  Transaction 85 failed: getaddrinfo ENOTFOUND sepolia.infura.io
  Transaction 86 failed: getaddrinfo ENOTFOUND sepolia.infura.io
  Transaction 87 failed: getaddrinfo ENOTFOUND sepolia.infura.io
  Transaction 88 failed: getaddrinfo ENOTFOUND sepolia.infura.io
  Transaction 89 failed: getaddrinfo ENOTFOUND sepolia.infura.io
  Transaction 90 failed: getaddrinfo ENOTFOUND sepolia.infura.io
  Transaction 91 failed: getaddrinfo ENOTFOUND sepolia.infura.io
  Transaction 92 failed: getaddrinfo ENOTFOUND sepolia.infura.io
  Transaction 93 failed: getaddrinfo ENOTFOUND sepolia.infura.io
  Transaction 94 failed: getaddrinfo ENOTFOUND sepolia.infura.io
  Transaction 95 failed: getaddrinfo ENOTFOUND sepolia.infura.io
  Transaction 96 failed: getaddrinfo ENOTFOUND sepolia.infura.io
  Transaction 97 failed: getaddrinfo ENOTFOUND sepolia.infura.io
  Transaction 98 failed: getaddrinfo ENOTFOUND sepolia.infura.io
  Transaction 99 failed: getaddrinfo ENOTFOUND sepolia.infura.io
  Transaction 100 failed: getaddrinfo ENOTFOUND sepolia.infura.io
  Transaction 101 failed: getaddrinfo ENOTFOUND sepolia.infura.io
  Transaction 102 failed: getaddrinfo ENOTFOUND sepolia.infura.io
  Transaction 103 failed: getaddrinfo ENOTFOUND sepolia.infura.io
  Transaction 104 failed: getaddrinfo ENOTFOUND sepolia.infura.io
  Transaction 105 failed: getaddrinfo ENOTFOUND sepolia.infura.io
  Transaction 106 failed: getaddrinfo ENOTFOUND sepolia.infura.io
  Transaction 107 failed: getaddrinfo ENOTFOUND sepolia.infura.io
  Transaction 108 failed: getaddrinfo ENOTFOUND sepolia.infura.io
  Transaction 109 failed: getaddrinfo ENOTFOUND sepolia.infura.io
  Transaction 110 failed: getaddrinfo ENOTFOUND sepolia.infura.io
  Transaction 111 failed: getaddrinfo ENOTFOUND sepolia.infura.io
  Transaction 112 failed: getaddrinfo ENOTFOUND sepolia.infura.io
  Transaction 113 failed: getaddrinfo ENOTFOUND sepolia.infura.io
  Transaction 114 failed: getaddrinfo ENOTFOUND sepolia.infura.io
  Transaction 115 failed: getaddrinfo ENOTFOUND sepolia.infura.io
  Transaction 116 failed: getaddrinfo ENOTFOUND sepolia.infura.io
  Transaction 117 failed: getaddrinfo ENOTFOUND sepolia.infura.io
  Transaction 118 failed: getaddrinfo ENOTFOUND sepolia.infura.io
  Transaction 119 failed: getaddrinfo ENOTFOUND sepolia.infura.io
  Transaction 120 failed: getaddrinfo ENOTFOUND sepolia.infura.io
  Transaction 121 failed: getaddrinfo ENOTFOUND sepolia.infura.io
  Transaction 122 failed: getaddrinfo ENOTFOUND sepolia.infura.io
  Transaction 123 failed: getaddrinfo ENOTFOUND sepolia.infura.io
  Transaction 124 failed: getaddrinfo ENOTFOUND sepolia.infura.io
  Transaction 125 failed: getaddrinfo ENOTFOUND sepolia.infura.io
  Transaction 126 failed: getaddrinfo ENOTFOUND sepolia.infura.io
  Transaction 127 failed: getaddrinfo ENOTFOUND sepolia.infura.io
  Transaction 128 failed: getaddrinfo ENOTFOUND sepolia.infura.io
  Transaction 129 failed: getaddrinfo ENOTFOUND sepolia.infura.io
  Transaction 130 failed: getaddrinfo ENOTFOUND sepolia.infura.io
  Transaction 131 failed: getaddrinfo ENOTFOUND sepolia.infura.io
  Transaction 132 failed: getaddrinfo ENOTFOUND sepolia.infura.io
  Transaction 133 failed: getaddrinfo ENOTFOUND sepolia.infura.io
  Transaction 134 failed: getaddrinfo ENOTFOUND sepolia.infura.io
  Transaction 135 failed: getaddrinfo ENOTFOUND sepolia.infura.io
  Transaction 136 failed: getaddrinfo ENOTFOUND sepolia.infura.io
  Transaction 137 failed: getaddrinfo ENOTFOUND sepolia.infura.io
  Transaction 138 failed: getaddrinfo ENOTFOUND sepolia.infura.io
  Transaction 139 failed: getaddrinfo ENOTFOUND sepolia.infura.io
  Transaction 140 failed: getaddrinfo ENOTFOUND sepolia.infura.io
  Transaction 141 failed: getaddrinfo ENOTFOUND sepolia.infura.io
  Transaction 142 failed: getaddrinfo ENOTFOUND sepolia.infura.io
  Transaction 143 failed: getaddrinfo ENOTFOUND sepolia.infura.io
  Transaction 144 failed: getaddrinfo ENOTFOUND sepolia.infura.io
  Transaction 145 failed: getaddrinfo ENOTFOUND sepolia.infura.io
  Transaction 146 failed: getaddrinfo ENOTFOUND sepolia.infura.io
  Transaction 147 failed: getaddrinfo ENOTFOUND sepolia.infura.io
  Transaction 148 failed: getaddrinfo ENOTFOUND sepolia.infura.io
  Transaction 149 failed: getaddrinfo ENOTFOUND sepolia.infura.io
  Transaction 150 failed: getaddrinfo ENOTFOUND sepolia.infura.io
  Transaction 151 failed: getaddrinfo ENOTFOUND sepolia.infura.io
  Transaction 152 failed: getaddrinfo ENOTFOUND sepolia.infura.io
  Transaction 153 failed: getaddrinfo ENOTFOUND sepolia.infura.io
  Transaction 154 failed: getaddrinfo ENOTFOUND sepolia.infura.io
  Transaction 155 failed: getaddrinfo ENOTFOUND sepolia.infura.io
  Transaction 156 failed: getaddrinfo ENOTFOUND sepolia.infura.io
  Transaction 157 failed: getaddrinfo ENOTFOUND sepolia.infura.io
  Transaction 158 failed: getaddrinfo ENOTFOUND sepolia.infura.io
  Transaction 159 failed: getaddrinfo ENOTFOUND sepolia.infura.io
  Transaction 160 failed: getaddrinfo ENOTFOUND sepolia.infura.io
  Transaction 161 failed: getaddrinfo ENOTFOUND sepolia.infura.io
  Transaction 162 failed: getaddrinfo ENOTFOUND sepolia.infura.io
  Transaction 163 failed: getaddrinfo ENOTFOUND sepolia.infura.io
  Transaction 164 failed: getaddrinfo ENOTFOUND sepolia.infura.io
  Transaction 165 failed: getaddrinfo ENOTFOUND sepolia.infura.io
  Transaction 166 failed: getaddrinfo ENOTFOUND sepolia.infura.io
  Transaction 167 failed: getaddrinfo ENOTFOUND sepolia.infura.io
  Transaction 168 failed: getaddrinfo ENOTFOUND sepolia.infura.io
  Transaction 169 failed: getaddrinfo ENOTFOUND sepolia.infura.io
  Transaction 170 failed: getaddrinfo ENOTFOUND sepolia.infura.io
  Transaction 171 failed: getaddrinfo ENOTFOUND sepolia.infura.io
  Transaction 172 failed: getaddrinfo ENOTFOUND sepolia.infura.io
  Transaction 173 failed: getaddrinfo ENOTFOUND sepolia.infura.io
  Transaction 174 failed: getaddrinfo ENOTFOUND sepolia.infura.io
  Transaction 175 failed: getaddrinfo ENOTFOUND sepolia.infura.io
  Transaction 176 failed: getaddrinfo ENOTFOUND sepolia.infura.io
  Transaction 177 failed: getaddrinfo ENOTFOUND sepolia.infura.io
  Transaction 178 failed: getaddrinfo ENOTFOUND sepolia.infura.io
  Transaction 179 failed: getaddrinfo ENOTFOUND sepolia.infura.io
  Transaction 180 failed: getaddrinfo ENOTFOUND sepolia.infura.io
  Transaction 181 failed: getaddrinfo ENOTFOUND sepolia.infura.io
  Transaction 182 failed: getaddrinfo ENOTFOUND sepolia.infura.io
  Transaction 183 failed: getaddrinfo ENOTFOUND sepolia.infura.io
  Transaction 184 failed: getaddrinfo ENOTFOUND sepolia.infura.io
  Transaction 185 failed: getaddrinfo ENOTFOUND sepolia.infura.io
  Transaction 186 failed: getaddrinfo ENOTFOUND sepolia.infura.io
  Transaction 187 failed: getaddrinfo ENOTFOUND sepolia.infura.io
  Transaction 188 failed: getaddrinfo ENOTFOUND sepolia.infura.io
  Transaction 189 failed: getaddrinfo ENOTFOUND sepolia.infura.io
  Transaction 190 failed: getaddrinfo ENOTFOUND sepolia.infura.io
  Transaction 191 failed: getaddrinfo ENOTFOUND sepolia.infura.io
  Transaction 192 failed: getaddrinfo ENOTFOUND sepolia.infura.io
  Transaction 193 failed: getaddrinfo ENOTFOUND sepolia.infura.io
  Transaction 194 failed: getaddrinfo ENOTFOUND sepolia.infura.io
  Transaction 195 failed: getaddrinfo ENOTFOUND sepolia.infura.io
  Transaction 196 failed: getaddrinfo ENOTFOUND sepolia.infura.io
  Transaction 197 failed: getaddrinfo ENOTFOUND sepolia.infura.io
  Transaction 198 failed: getaddrinfo ENOTFOUND sepolia.infura.io
  Transaction 199 failed: getaddrinfo ENOTFOUND sepolia.infura.io
  Transaction 200 failed: getaddrinfo ENOTFOUND sepolia.infura.io
  Transaction 201 failed: getaddrinfo ENOTFOUND sepolia.infura.io
  Transaction 202 failed: getaddrinfo ENOTFOUND sepolia.infura.io
  Transaction 203 failed: getaddrinfo ENOTFOUND sepolia.infura.io
  Transaction 204 failed: getaddrinfo ENOTFOUND sepolia.infura.io
  Transaction 205 failed: getaddrinfo ENOTFOUND sepolia.infura.io
  Transaction 206 failed: getaddrinfo ENOTFOUND sepolia.infura.io
  Transaction 207 failed: getaddrinfo ENOTFOUND sepolia.infura.io
  Transaction 208 failed: getaddrinfo ENOTFOUND sepolia.infura.io
  Transaction 209 failed: getaddrinfo ENOTFOUND sepolia.infura.io
  Transaction 210 failed: getaddrinfo ENOTFOUND sepolia.infura.io
  Transaction 211 failed: getaddrinfo ENOTFOUND sepolia.infura.io
  Transaction 212 failed: getaddrinfo ENOTFOUND sepolia.infura.io
  Transaction 213 failed: getaddrinfo ENOTFOUND sepolia.infura.io
  Transaction 214 failed: getaddrinfo ENOTFOUND sepolia.infura.io
  Transaction 215 failed: getaddrinfo ENOTFOUND sepolia.infura.io
  Transaction 216 failed: getaddrinfo ENOTFOUND sepolia.infura.io
  Transaction 217 failed: getaddrinfo ENOTFOUND sepolia.infura.io
  Transaction 218 failed: getaddrinfo ENOTFOUND sepolia.infura.io
  Transaction 219 failed: getaddrinfo ENOTFOUND sepolia.infura.io
  Transaction 220 failed: getaddrinfo ENOTFOUND sepolia.infura.io
  Transaction 221 failed: getaddrinfo ENOTFOUND sepolia.infura.io
  Transaction 222 failed: getaddrinfo ENOTFOUND sepolia.infura.io
  Transaction 223 failed: getaddrinfo ENOTFOUND sepolia.infura.io
  Transaction 224 failed: getaddrinfo ENOTFOUND sepolia.infura.io
  Transaction 225 failed: getaddrinfo ENOTFOUND sepolia.infura.io
  Transaction 226 failed: getaddrinfo ENOTFOUND sepolia.infura.io
  Transaction 227 failed: getaddrinfo ENOTFOUND sepolia.infura.io
  Transaction 228 failed: getaddrinfo ENOTFOUND sepolia.infura.io
  Transaction 229 failed: getaddrinfo ENOTFOUND sepolia.infura.io
  Transaction 230 failed: getaddrinfo ENOTFOUND sepolia.infura.io
  Transaction 231 failed: getaddrinfo ENOTFOUND sepolia.infura.io
  Transaction 232 failed: getaddrinfo ENOTFOUND sepolia.infura.io
  Transaction 233 failed: getaddrinfo ENOTFOUND sepolia.infura.io
  Transaction 234 failed: getaddrinfo ENOTFOUND sepolia.infura.io
  Transaction 235 failed: getaddrinfo ENOTFOUND sepolia.infura.io
  Transaction 236 failed: getaddrinfo ENOTFOUND sepolia.infura.io
  Transaction 237 failed: getaddrinfo ENOTFOUND sepolia.infura.io
  Transaction 238 failed: getaddrinfo ENOTFOUND sepolia.infura.io
  Transaction 239 failed: getaddrinfo ENOTFOUND sepolia.infura.io
  Transaction 240 failed: getaddrinfo ENOTFOUND sepolia.infura.io
  Transaction 241 failed: getaddrinfo ENOTFOUND sepolia.infura.io
  Transaction 242 failed: getaddrinfo ENOTFOUND sepolia.infura.io
  Transaction 243 failed: getaddrinfo ENOTFOUND sepolia.infura.io
  Transaction 244 failed: getaddrinfo ENOTFOUND sepolia.infura.io
  Transaction 245 failed: getaddrinfo ENOTFOUND sepolia.infura.io
  Transaction 246 failed: getaddrinfo ENOTFOUND sepolia.infura.io
  Transaction 247 failed: getaddrinfo ENOTFOUND sepolia.infura.io
  Transaction 248 failed: getaddrinfo ENOTFOUND sepolia.infura.io
  Transaction 249 failed: getaddrinfo ENOTFOUND sepolia.infura.io
  Transaction 250 failed: getaddrinfo ENOTFOUND sepolia.infura.io
  Transaction 251 failed: getaddrinfo ENOTFOUND sepolia.infura.io
  Transaction 252 failed: getaddrinfo ENOTFOUND sepolia.infura.io
  Transaction 253 failed: getaddrinfo ENOTFOUND sepolia.infura.io
  Transaction 254 failed: getaddrinfo ENOTFOUND sepolia.infura.io
  Transaction 255 failed: getaddrinfo ENOTFOUND sepolia.infura.io
  Transaction 256 failed: getaddrinfo ENOTFOUND sepolia.infura.io
  Transaction 257 failed: getaddrinfo ENOTFOUND sepolia.infura.io
  Transaction 258 failed: getaddrinfo ENOTFOUND sepolia.infura.io
  Transaction 259 failed: getaddrinfo ENOTFOUND sepolia.infura.io
  Transaction 260 failed: getaddrinfo ENOTFOUND sepolia.infura.io
  Transaction 261 failed: getaddrinfo ENOTFOUND sepolia.infura.io
  Transaction 262 failed: getaddrinfo ENOTFOUND sepolia.infura.io
  Transaction 263 failed: getaddrinfo ENOTFOUND sepolia.infura.io
  Transaction 264 failed: getaddrinfo ENOTFOUND sepolia.infura.io
  Transaction 265 failed: getaddrinfo ENOTFOUND sepolia.infura.io
  Transaction 266 failed: getaddrinfo ENOTFOUND sepolia.infura.io
  Transaction 267 failed: getaddrinfo ENOTFOUND sepolia.infura.io
  Transaction 268 failed: getaddrinfo ENOTFOUND sepolia.infura.io
  Transaction 269 failed: getaddrinfo ENOTFOUND sepolia.infura.io
  Transaction 270 failed: getaddrinfo ENOTFOUND sepolia.infura.io
  Transaction 271 failed: getaddrinfo ENOTFOUND sepolia.infura.io
  Transaction 272 failed: getaddrinfo ENOTFOUND sepolia.infura.io
  Transaction 273 failed: getaddrinfo ENOTFOUND sepolia.infura.io
  Transaction 274 failed: getaddrinfo ENOTFOUND sepolia.infura.io
  Transaction 275 failed: getaddrinfo ENOTFOUND sepolia.infura.io
  Transaction 276 failed: getaddrinfo ENOTFOUND sepolia.infura.io
  Transaction 277 failed: getaddrinfo ENOTFOUND sepolia.infura.io
  Transaction 278 failed: getaddrinfo ENOTFOUND sepolia.infura.io
  Transaction 279 failed: getaddrinfo ENOTFOUND sepolia.infura.io
  Transaction 280 failed: getaddrinfo ENOTFOUND sepolia.infura.io
  Transaction 281 failed: getaddrinfo ENOTFOUND sepolia.infura.io
  Transaction 282 failed: getaddrinfo ENOTFOUND sepolia.infura.io
  Transaction 283 failed: getaddrinfo ENOTFOUND sepolia.infura.io
  Transaction 284 failed: getaddrinfo ENOTFOUND sepolia.infura.io
  Transaction 285 failed: getaddrinfo ENOTFOUND sepolia.infura.io
  Transaction 286 failed: getaddrinfo ENOTFOUND sepolia.infura.io
  Transaction 287 failed: getaddrinfo ENOTFOUND sepolia.infura.io
  Transaction 288 failed: getaddrinfo ENOTFOUND sepolia.infura.io
  Transaction 289 failed: getaddrinfo ENOTFOUND sepolia.infura.io
  Transaction 290 failed: getaddrinfo ENOTFOUND sepolia.infura.io
  Transaction 291 failed: getaddrinfo ENOTFOUND sepolia.infura.io
  Transaction 292 failed: getaddrinfo ENOTFOUND sepolia.infura.io
  Transaction 293 failed: getaddrinfo ENOTFOUND sepolia.infura.io
  Transaction 294 failed: getaddrinfo ENOTFOUND sepolia.infura.io
  Transaction 295 failed: getaddrinfo ENOTFOUND sepolia.infura.io
  Transaction 296 failed: getaddrinfo ENOTFOUND sepolia.infura.io
  Transaction 297 failed: getaddrinfo ENOTFOUND sepolia.infura.io
  Transaction 298 failed: getaddrinfo ENOTFOUND sepolia.infura.io
  Transaction 299 failed: getaddrinfo ENOTFOUND sepolia.infura.io
  Transaction 300 failed: getaddrinfo ENOTFOUND sepolia.infura.io
  Transaction 301 failed: getaddrinfo ENOTFOUND sepolia.infura.io
  Transaction 302 failed: getaddrinfo ENOTFOUND sepolia.infura.io
  Transaction 303 failed: getaddrinfo ENOTFOUND sepolia.infura.io
  Transaction 304 failed: getaddrinfo ENOTFOUND sepolia.infura.io
  Transaction 305 failed: getaddrinfo ENOTFOUND sepolia.infura.io
  Transaction 306 failed: getaddrinfo ENOTFOUND sepolia.infura.io
  Transaction 307 failed: getaddrinfo ENOTFOUND sepolia.infura.io
  Transaction 308 failed: getaddrinfo ENOTFOUND sepolia.infura.io
  Transaction 309 failed: getaddrinfo ENOTFOUND sepolia.infura.io
  Transaction 310 failed: getaddrinfo ENOTFOUND sepolia.infura.io
  Transaction 311 failed: getaddrinfo ENOTFOUND sepolia.infura.io
  Transaction 312 failed: getaddrinfo ENOTFOUND sepolia.infura.io
  Transaction 313 failed: getaddrinfo ENOTFOUND sepolia.infura.io
  Transaction 314 failed: getaddrinfo ENOTFOUND sepolia.infura.io
  Transaction 315 failed: getaddrinfo ENOTFOUND sepolia.infura.io
  Transaction 316 failed: getaddrinfo ENOTFOUND sepolia.infura.io
  Transaction 317 failed: getaddrinfo ENOTFOUND sepolia.infura.io
  Transaction 318 failed: getaddrinfo ENOTFOUND sepolia.infura.io
  Transaction 319 failed: getaddrinfo ENOTFOUND sepolia.infura.io
  Transaction 320 failed: getaddrinfo ENOTFOUND sepolia.infura.io
  Transaction 321 failed: getaddrinfo ENOTFOUND sepolia.infura.io
  Transaction 322 failed: getaddrinfo ENOTFOUND sepolia.infura.io
  Transaction 323 failed: getaddrinfo ENOTFOUND sepolia.infura.io
  Transaction 324 failed: getaddrinfo ENOTFOUND sepolia.infura.io
  Transaction 325 failed: getaddrinfo ENOTFOUND sepolia.infura.io
  Transaction 326 failed: getaddrinfo ENOTFOUND sepolia.infura.io
  Transaction 327 failed: getaddrinfo ENOTFOUND sepolia.infura.io
  Transaction 328 failed: getaddrinfo ENOTFOUND sepolia.infura.io
  Transaction 329 failed: getaddrinfo ENOTFOUND sepolia.infura.io
  Transaction 330 failed: getaddrinfo ENOTFOUND sepolia.infura.io
  Transaction 331 failed: getaddrinfo ENOTFOUND sepolia.infura.io
  Transaction 332 failed: getaddrinfo ENOTFOUND sepolia.infura.io
  Transaction 333 failed: getaddrinfo ENOTFOUND sepolia.infura.io
  Transaction 334 failed: getaddrinfo ENOTFOUND sepolia.infura.io
  Transaction 335 failed: getaddrinfo ENOTFOUND sepolia.infura.io
  Transaction 336 failed: getaddrinfo ENOTFOUND sepolia.infura.io
  Transaction 337 failed: getaddrinfo ENOTFOUND sepolia.infura.io
  Transaction 338 failed: getaddrinfo ENOTFOUND sepolia.infura.io
  Transaction 339 failed: getaddrinfo ENOTFOUND sepolia.infura.io
  Transaction 340 failed: getaddrinfo ENOTFOUND sepolia.infura.io
  Transaction 341 failed: getaddrinfo ENOTFOUND sepolia.infura.io
  Transaction 342 failed: getaddrinfo ENOTFOUND sepolia.infura.io
  Transaction 343 failed: getaddrinfo ENOTFOUND sepolia.infura.io
  Transaction 344 failed: getaddrinfo ENOTFOUND sepolia.infura.io
  Transaction 345 failed: getaddrinfo ENOTFOUND sepolia.infura.io
  Transaction 346 failed: getaddrinfo ENOTFOUND sepolia.infura.io
  Transaction 347 failed: getaddrinfo ENOTFOUND sepolia.infura.io
  Transaction 348 failed: getaddrinfo ENOTFOUND sepolia.infura.io
  Transaction 349 failed: getaddrinfo ENOTFOUND sepolia.infura.io
  Transaction 350 failed: getaddrinfo ENOTFOUND sepolia.infura.io
  Transaction 351 failed: getaddrinfo ENOTFOUND sepolia.infura.io
  Transaction 352 failed: getaddrinfo ENOTFOUND sepolia.infura.io
  Transaction 353 failed: getaddrinfo ENOTFOUND sepolia.infura.io
  Transaction 354 failed: getaddrinfo ENOTFOUND sepolia.infura.io
  Transaction 355 failed: getaddrinfo ENOTFOUND sepolia.infura.io
  Transaction 356 failed: getaddrinfo ENOTFOUND sepolia.infura.io
  Transaction 357 failed: getaddrinfo ENOTFOUND sepolia.infura.io
  Transaction 358 failed: getaddrinfo ENOTFOUND sepolia.infura.io
  Transaction 359 failed: getaddrinfo ENOTFOUND sepolia.infura.io
  Transaction 360 failed: getaddrinfo ENOTFOUND sepolia.infura.io
  Transaction 361 failed: getaddrinfo ENOTFOUND sepolia.infura.io
  Transaction 362 failed: getaddrinfo ENOTFOUND sepolia.infura.io
  Transaction 363 failed: getaddrinfo ENOTFOUND sepolia.infura.io
  Transaction 364 failed: getaddrinfo ENOTFOUND sepolia.infura.io
  Transaction 365 failed: getaddrinfo ENOTFOUND sepolia.infura.io
  Transaction 366 failed: getaddrinfo ENOTFOUND sepolia.infura.io
  Transaction 367 failed: getaddrinfo ENOTFOUND sepolia.infura.io
  Transaction 368 failed: getaddrinfo ENOTFOUND sepolia.infura.io
  Transaction 369 failed: getaddrinfo ENOTFOUND sepolia.infura.io
  Transaction 370 failed: getaddrinfo ENOTFOUND sepolia.infura.io
  Transaction 371 failed: getaddrinfo ENOTFOUND sepolia.infura.io
  Transaction 372 failed: getaddrinfo ENOTFOUND sepolia.infura.io
  Transaction 373 failed: getaddrinfo ENOTFOUND sepolia.infura.io
  Transaction 374 failed: getaddrinfo ENOTFOUND sepolia.infura.io
  Transaction 375 failed: getaddrinfo ENOTFOUND sepolia.infura.io
  Transaction 376 failed: getaddrinfo ENOTFOUND sepolia.infura.io
  Transaction 377 failed: getaddrinfo ENOTFOUND sepolia.infura.io
  Transaction 378 failed: getaddrinfo ENOTFOUND sepolia.infura.io
  Transaction 379 failed: getaddrinfo ENOTFOUND sepolia.infura.io
  Transaction 380 failed: getaddrinfo ENOTFOUND sepolia.infura.io
  Transaction 381 failed: getaddrinfo ENOTFOUND sepolia.infura.io
  Transaction 382 failed: getaddrinfo ENOTFOUND sepolia.infura.io
  Transaction 383 failed: getaddrinfo ENOTFOUND sepolia.infura.io
  Transaction 384 failed: getaddrinfo ENOTFOUND sepolia.infura.io
  Transaction 385 failed: getaddrinfo ENOTFOUND sepolia.infura.io
  Transaction 386 failed: getaddrinfo ENOTFOUND sepolia.infura.io
  Transaction 387 failed: getaddrinfo ENOTFOUND sepolia.infura.io
  Transaction 388 failed: getaddrinfo ENOTFOUND sepolia.infura.io
  Transaction 389 failed: getaddrinfo ENOTFOUND sepolia.infura.io
  Transaction 390 failed: getaddrinfo ENOTFOUND sepolia.infura.io
  Transaction 391 failed: getaddrinfo ENOTFOUND sepolia.infura.io
  Transaction 392 failed: getaddrinfo ENOTFOUND sepolia.infura.io
  Transaction 393 failed: getaddrinfo ENOTFOUND sepolia.infura.io
  Transaction 394 failed: getaddrinfo ENOTFOUND sepolia.infura.io
  Transaction 395 failed: getaddrinfo ENOTFOUND sepolia.infura.io
  Transaction 396 failed: getaddrinfo ENOTFOUND sepolia.infura.io
  Transaction 397 failed: getaddrinfo ENOTFOUND sepolia.infura.io
  Transaction 398 failed: getaddrinfo ENOTFOUND sepolia.infura.io
  Transaction 399 failed: getaddrinfo ENOTFOUND sepolia.infura.io
  Transaction 400 failed: getaddrinfo ENOTFOUND sepolia.infura.io
  Transaction 401 failed: getaddrinfo ENOTFOUND sepolia.infura.io
  Transaction 402 failed: getaddrinfo ENOTFOUND sepolia.infura.io
  Transaction 403 failed: getaddrinfo ENOTFOUND sepolia.infura.io
  Transaction 404 failed: getaddrinfo ENOTFOUND sepolia.infura.io
  Transaction 405 failed: getaddrinfo ENOTFOUND sepolia.infura.io
  Transaction 406 failed: getaddrinfo ENOTFOUND sepolia.infura.io
  Transaction 407 failed: getaddrinfo ENOTFOUND sepolia.infura.io
  Transaction 408 failed: getaddrinfo ENOTFOUND sepolia.infura.io
  Transaction 409 failed: getaddrinfo ENOTFOUND sepolia.infura.io
  Transaction 410 failed: getaddrinfo ENOTFOUND sepolia.infura.io
  Transaction 411 failed: getaddrinfo ENOTFOUND sepolia.infura.io
  Transaction 412 failed: getaddrinfo ENOTFOUND sepolia.infura.io
  Transaction 413 failed: getaddrinfo ENOTFOUND sepolia.infura.io
  Transaction 414 failed: getaddrinfo ENOTFOUND sepolia.infura.io
  Transaction 415 failed: getaddrinfo ENOTFOUND sepolia.infura.io
  Transaction 416 failed: getaddrinfo ENOTFOUND sepolia.infura.io
  Transaction 417 failed: getaddrinfo ENOTFOUND sepolia.infura.io
  Transaction 418 failed: getaddrinfo ENOTFOUND sepolia.infura.io
  Transaction 419 failed: getaddrinfo ENOTFOUND sepolia.infura.io
  Transaction 420 failed: getaddrinfo ENOTFOUND sepolia.infura.io
  Transaction 421 failed: getaddrinfo ENOTFOUND sepolia.infura.io
  Transaction 422 failed: getaddrinfo ENOTFOUND sepolia.infura.io
  Transaction 423 failed: getaddrinfo ENOTFOUND sepolia.infura.io
  Transaction 424 failed: getaddrinfo ENOTFOUND sepolia.infura.io
  Transaction 425 failed: getaddrinfo ENOTFOUND sepolia.infura.io
  Transaction 426 failed: getaddrinfo ENOTFOUND sepolia.infura.io
  Transaction 427 failed: getaddrinfo ENOTFOUND sepolia.infura.io
  Transaction 428 failed: getaddrinfo ENOTFOUND sepolia.infura.io
  Transaction 429 failed: getaddrinfo ENOTFOUND sepolia.infura.io
  Transaction 430 failed: getaddrinfo ENOTFOUND sepolia.infura.io
  Transaction 431 failed: getaddrinfo ENOTFOUND sepolia.infura.io
  Transaction 432 failed: getaddrinfo ENOTFOUND sepolia.infura.io
  Transaction 433 failed: getaddrinfo ENOTFOUND sepolia.infura.io
  Transaction 434 failed: getaddrinfo ENOTFOUND sepolia.infura.io
  Transaction 435 failed: getaddrinfo ENOTFOUND sepolia.infura.io
  Transaction 436 failed: getaddrinfo ENOTFOUND sepolia.infura.io
  Transaction 437 failed: getaddrinfo ENOTFOUND sepolia.infura.io
  Transaction 438 failed: getaddrinfo ENOTFOUND sepolia.infura.io
  Transaction 439 failed: getaddrinfo ENOTFOUND sepolia.infura.io
  Transaction 440 failed: getaddrinfo ENOTFOUND sepolia.infura.io
  Transaction 441 failed: getaddrinfo ENOTFOUND sepolia.infura.io
  Transaction 442 failed: getaddrinfo ENOTFOUND sepolia.infura.io
  Transaction 443 failed: getaddrinfo ENOTFOUND sepolia.infura.io
  Transaction 444 failed: getaddrinfo ENOTFOUND sepolia.infura.io
  Transaction 445 failed: getaddrinfo ENOTFOUND sepolia.infura.io
  Transaction 446 failed: getaddrinfo ENOTFOUND sepolia.infura.io
  Transaction 447 failed: getaddrinfo ENOTFOUND sepolia.infura.io
  Transaction 448 failed: getaddrinfo ENOTFOUND sepolia.infura.io
  Transaction 449 failed: getaddrinfo ENOTFOUND sepolia.infura.io
  Transaction 450 failed: getaddrinfo ENOTFOUND sepolia.infura.io
  Transaction 451 failed: getaddrinfo ENOTFOUND sepolia.infura.io
  Transaction 452 failed: getaddrinfo ENOTFOUND sepolia.infura.io
  Transaction 453 failed: getaddrinfo ENOTFOUND sepolia.infura.io
  Transaction 454 failed: getaddrinfo ENOTFOUND sepolia.infura.io
  Transaction 455 failed: getaddrinfo ENOTFOUND sepolia.infura.io
  Transaction 456 failed: getaddrinfo ENOTFOUND sepolia.infura.io
  Transaction 457 failed: getaddrinfo ENOTFOUND sepolia.infura.io
  Transaction 458 failed: getaddrinfo ENOTFOUND sepolia.infura.io
  Transaction 459 failed: getaddrinfo ENOTFOUND sepolia.infura.io
  Transaction 460 failed: getaddrinfo ENOTFOUND sepolia.infura.io
  Transaction 461 failed: getaddrinfo ENOTFOUND sepolia.infura.io
  Transaction 462 failed: getaddrinfo ENOTFOUND sepolia.infura.io
  Transaction 463 failed: getaddrinfo ENOTFOUND sepolia.infura.io
  Transaction 464 failed: getaddrinfo ENOTFOUND sepolia.infura.io
  Transaction 465 failed: getaddrinfo ENOTFOUND sepolia.infura.io
  Transaction 466 failed: getaddrinfo ENOTFOUND sepolia.infura.io
  Transaction 467 failed: getaddrinfo ENOTFOUND sepolia.infura.io
  Transaction 468 failed: getaddrinfo ENOTFOUND sepolia.infura.io
  Transaction 469 failed: getaddrinfo ENOTFOUND sepolia.infura.io
  Transaction 470 failed: getaddrinfo ENOTFOUND sepolia.infura.io
  Transaction 471 failed: getaddrinfo ENOTFOUND sepolia.infura.io
  Transaction 472 failed: getaddrinfo ENOTFOUND sepolia.infura.io
  Transaction 473 failed: getaddrinfo ENOTFOUND sepolia.infura.io
  Transaction 474 failed: getaddrinfo ENOTFOUND sepolia.infura.io
  Transaction 475 failed: getaddrinfo ENOTFOUND sepolia.infura.io
  Transaction 476 failed: getaddrinfo ENOTFOUND sepolia.infura.io
  Transaction 477 failed: getaddrinfo ENOTFOUND sepolia.infura.io
  Transaction 478 failed: getaddrinfo ENOTFOUND sepolia.infura.io
  Transaction 479 failed: getaddrinfo ENOTFOUND sepolia.infura.io
  Transaction 480 failed: getaddrinfo ENOTFOUND sepolia.infura.io
  Transaction 481 failed: getaddrinfo ENOTFOUND sepolia.infura.io
  Transaction 482 failed: getaddrinfo ENOTFOUND sepolia.infura.io
  Transaction 483 failed: getaddrinfo ENOTFOUND sepolia.infura.io
  Transaction 484 failed: getaddrinfo ENOTFOUND sepolia.infura.io
  Transaction 485 failed: getaddrinfo ENOTFOUND sepolia.infura.io
  Transaction 486 failed: getaddrinfo ENOTFOUND sepolia.infura.io
  Transaction 487 failed: getaddrinfo ENOTFOUND sepolia.infura.io
  Transaction 488 failed: getaddrinfo ENOTFOUND sepolia.infura.io
  Transaction 489 failed: getaddrinfo ENOTFOUND sepolia.infura.io
  Transaction 490 failed: getaddrinfo ENOTFOUND sepolia.infura.io
  Transaction 491 failed: getaddrinfo ENOTFOUND sepolia.infura.io
  Transaction 492 failed: getaddrinfo ENOTFOUND sepolia.infura.io
  Transaction 493 failed: getaddrinfo ENOTFOUND sepolia.infura.io
  Transaction 494 failed: getaddrinfo ENOTFOUND sepolia.infura.io
  Transaction 495 failed: getaddrinfo ENOTFOUND sepolia.infura.io
  Transaction 496 failed: getaddrinfo ENOTFOUND sepolia.infura.io
  Transaction 497 failed: getaddrinfo ENOTFOUND sepolia.infura.io
  Transaction 498 failed: getaddrinfo ENOTFOUND sepolia.infura.io
  Transaction 499 failed: getaddrinfo ENOTFOUND sepolia.infura.io
  Transaction 500 failed: getaddrinfo ENOTFOUND sepolia.infura.io
  Transaction 501 failed: getaddrinfo ENOTFOUND sepolia.infura.io
  Transaction 502 failed: getaddrinfo ENOTFOUND sepolia.infura.io
  Transaction 503 failed: getaddrinfo ENOTFOUND sepolia.infura.io
  Transaction 504 failed: getaddrinfo ENOTFOUND sepolia.infura.io
  Transaction 505 failed: getaddrinfo ENOTFOUND sepolia.infura.io
  Transaction 506 failed: getaddrinfo ENOTFOUND sepolia.infura.io
  Transaction 507 failed: getaddrinfo ENOTFOUND sepolia.infura.io
  Transaction 508 failed: getaddrinfo ENOTFOUND sepolia.infura.io
  Transaction 509 failed: getaddrinfo ENOTFOUND sepolia.infura.io
  Transaction 510 failed: getaddrinfo ENOTFOUND sepolia.infura.io
  Transaction 511 failed: getaddrinfo ENOTFOUND sepolia.infura.io
  Transaction 512 failed: getaddrinfo ENOTFOUND sepolia.infura.io
  Transaction 513 failed: getaddrinfo ENOTFOUND sepolia.infura.io
  Transaction 514 failed: getaddrinfo ENOTFOUND sepolia.infura.io
  Transaction 515 failed: getaddrinfo ENOTFOUND sepolia.infura.io
  Transaction 516 failed: getaddrinfo ENOTFOUND sepolia.infura.io
  Transaction 517 failed: getaddrinfo ENOTFOUND sepolia.infura.io
  Transaction 518 failed: getaddrinfo ENOTFOUND sepolia.infura.io
  Transaction 519 failed: getaddrinfo ENOTFOUND sepolia.infura.io
  Transaction 520 failed: getaddrinfo ENOTFOUND sepolia.infura.io
  Transaction 521 failed: getaddrinfo ENOTFOUND sepolia.infura.io
  Transaction 522 failed: getaddrinfo ENOTFOUND sepolia.infura.io
  Transaction 523 failed: getaddrinfo ENOTFOUND sepolia.infura.io
  Transaction 524 failed: getaddrinfo ENOTFOUND sepolia.infura.io
  Transaction 525 failed: getaddrinfo ENOTFOUND sepolia.infura.io
  Transaction 526 failed: getaddrinfo ENOTFOUND sepolia.infura.io
  Transaction 527 failed: getaddrinfo ENOTFOUND sepolia.infura.io
  Transaction 528 failed: getaddrinfo ENOTFOUND sepolia.infura.io
  Transaction 529 failed: getaddrinfo ENOTFOUND sepolia.infura.io
  Transaction 530 failed: getaddrinfo ENOTFOUND sepolia.infura.io
  Transaction 531 failed: getaddrinfo ENOTFOUND sepolia.infura.io
  Transaction 532 failed: getaddrinfo ENOTFOUND sepolia.infura.io
  Transaction 533 failed: getaddrinfo ENOTFOUND sepolia.infura.io
  Transaction 534 failed: getaddrinfo ENOTFOUND sepolia.infura.io
  Transaction 535 failed: getaddrinfo ENOTFOUND sepolia.infura.io
  Transaction 536 failed: getaddrinfo ENOTFOUND sepolia.infura.io
  Transaction 537 failed: getaddrinfo ENOTFOUND sepolia.infura.io
  Transaction 538 failed: getaddrinfo ENOTFOUND sepolia.infura.io
  Transaction 539 failed: getaddrinfo ENOTFOUND sepolia.infura.io
  Transaction 540 failed: getaddrinfo ENOTFOUND sepolia.infura.io
  Transaction 541 failed: getaddrinfo ENOTFOUND sepolia.infura.io
  Transaction 542 failed: getaddrinfo ENOTFOUND sepolia.infura.io
  Transaction 543 failed: getaddrinfo ENOTFOUND sepolia.infura.io
  Transaction 544 failed: getaddrinfo ENOTFOUND sepolia.infura.io
  Transaction 545 failed: getaddrinfo ENOTFOUND sepolia.infura.io
  Transaction 546 failed: getaddrinfo ENOTFOUND sepolia.infura.io
  Transaction 547 failed: getaddrinfo ENOTFOUND sepolia.infura.io
  Transaction 548 failed: getaddrinfo ENOTFOUND sepolia.infura.io
  Transaction 549 failed: getaddrinfo ENOTFOUND sepolia.infura.io
  Transaction 550 failed: getaddrinfo ENOTFOUND sepolia.infura.io
  Transaction 551 failed: getaddrinfo ENOTFOUND sepolia.infura.io
  Transaction 552 failed: getaddrinfo ENOTFOUND sepolia.infura.io
  Transaction 553 failed: getaddrinfo ENOTFOUND sepolia.infura.io
  Transaction 554 failed: getaddrinfo ENOTFOUND sepolia.infura.io
  Transaction 555 failed: getaddrinfo ENOTFOUND sepolia.infura.io
  Transaction 556 failed: getaddrinfo ENOTFOUND sepolia.infura.io
  Transaction 557 failed: getaddrinfo ENOTFOUND sepolia.infura.io
  Transaction 558 failed: getaddrinfo ENOTFOUND sepolia.infura.io
  Transaction 559 failed: getaddrinfo ENOTFOUND sepolia.infura.io
  Transaction 560 failed: getaddrinfo ENOTFOUND sepolia.infura.io
  Transaction 561 failed: getaddrinfo ENOTFOUND sepolia.infura.io
  Transaction 562 failed: getaddrinfo ENOTFOUND sepolia.infura.io
  Transaction 563 failed: getaddrinfo ENOTFOUND sepolia.infura.io
  Transaction 564 failed: getaddrinfo ENOTFOUND sepolia.infura.io
  Transaction 565 failed: getaddrinfo ENOTFOUND sepolia.infura.io
  Transaction 566 failed: getaddrinfo ENOTFOUND sepolia.infura.io
  Transaction 567 failed: getaddrinfo ENOTFOUND sepolia.infura.io
  Transaction 568 failed: getaddrinfo ENOTFOUND sepolia.infura.io
  Transaction 569 failed: getaddrinfo ENOTFOUND sepolia.infura.io
  Transaction 570 failed: getaddrinfo ENOTFOUND sepolia.infura.io
  Transaction 571 failed: getaddrinfo ENOTFOUND sepolia.infura.io
  Transaction 572 failed: getaddrinfo ENOTFOUND sepolia.infura.io
  Transaction 573 failed: getaddrinfo ENOTFOUND sepolia.infura.io
  Transaction 574 failed: getaddrinfo ENOTFOUND sepolia.infura.io
  Transaction 575 failed: getaddrinfo ENOTFOUND sepolia.infura.io
  Transaction 576 failed: getaddrinfo ENOTFOUND sepolia.infura.io
  Transaction 577 failed: getaddrinfo ENOTFOUND sepolia.infura.io
  Transaction 578 failed: getaddrinfo ENOTFOUND sepolia.infura.io
  Transaction 579 failed: getaddrinfo ENOTFOUND sepolia.infura.io
  Transaction 580 failed: getaddrinfo ENOTFOUND sepolia.infura.io
  Transaction 581 failed: getaddrinfo ENOTFOUND sepolia.infura.io
  Transaction 582 failed: getaddrinfo ENOTFOUND sepolia.infura.io
  Transaction 583 failed: getaddrinfo ENOTFOUND sepolia.infura.io
  Transaction 584 failed: getaddrinfo ENOTFOUND sepolia.infura.io
  Transaction 585 failed: getaddrinfo ENOTFOUND sepolia.infura.io
  Transaction 586 failed: getaddrinfo ENOTFOUND sepolia.infura.io
  Transaction 587 failed: getaddrinfo ENOTFOUND sepolia.infura.io
  Transaction 588 failed: getaddrinfo ENOTFOUND sepolia.infura.io
  Transaction 589 failed: getaddrinfo ENOTFOUND sepolia.infura.io
  Transaction 590 failed: getaddrinfo ENOTFOUND sepolia.infura.io
  Transaction 591 failed: getaddrinfo ENOTFOUND sepolia.infura.io
  Transaction 592 failed: getaddrinfo ENOTFOUND sepolia.infura.io
  Transaction 593 failed: getaddrinfo ENOTFOUND sepolia.infura.io
  Transaction 594 failed: getaddrinfo ENOTFOUND sepolia.infura.io
  Transaction 595 failed: getaddrinfo ENOTFOUND sepolia.infura.io
  Transaction 596 failed: getaddrinfo ENOTFOUND sepolia.infura.io
  Transaction 597 failed: getaddrinfo ENOTFOUND sepolia.infura.io
  Transaction 598 failed: getaddrinfo ENOTFOUND sepolia.infura.io
  Transaction 599 failed: getaddrinfo ENOTFOUND sepolia.infura.io
  Transaction 600 failed: getaddrinfo ENOTFOUND sepolia.infura.io
  Transaction 601 failed: getaddrinfo ENOTFOUND sepolia.infura.io
  Transaction 602 failed: getaddrinfo ENOTFOUND sepolia.infura.io
  Transaction 603 failed: getaddrinfo ENOTFOUND sepolia.infura.io
  Transaction 604 failed: getaddrinfo ENOTFOUND sepolia.infura.io
  Transaction 605 failed: getaddrinfo ENOTFOUND sepolia.infura.io
  Transaction 606 failed: getaddrinfo ENOTFOUND sepolia.infura.io
  Transaction 607 failed: getaddrinfo ENOTFOUND sepolia.infura.io
  Transaction 608 failed: getaddrinfo ENOTFOUND sepolia.infura.io
  Transaction 609 failed: getaddrinfo ENOTFOUND sepolia.infura.io
  Transaction 610 failed: getaddrinfo ENOTFOUND sepolia.infura.io
  Transaction 611 failed: getaddrinfo ENOTFOUND sepolia.infura.io
  Transaction 612 failed: getaddrinfo ENOTFOUND sepolia.infura.io
  Transaction 613 failed: getaddrinfo ENOTFOUND sepolia.infura.io
  Transaction 614 failed: getaddrinfo ENOTFOUND sepolia.infura.io
  Transaction 615 failed: getaddrinfo ENOTFOUND sepolia.infura.io
  Transaction 616 failed: getaddrinfo ENOTFOUND sepolia.infura.io
  Transaction 617 failed: getaddrinfo ENOTFOUND sepolia.infura.io
  Transaction 618 failed: getaddrinfo ENOTFOUND sepolia.infura.io
  Transaction 619 failed: getaddrinfo ENOTFOUND sepolia.infura.io
  Transaction 620 failed: getaddrinfo ENOTFOUND sepolia.infura.io
  Transaction 621 failed: getaddrinfo ENOTFOUND sepolia.infura.io
  Transaction 622 failed: getaddrinfo ENOTFOUND sepolia.infura.io
  Transaction 623 failed: getaddrinfo ENOTFOUND sepolia.infura.io
  Transaction 624 failed: getaddrinfo ENOTFOUND sepolia.infura.io
  Transaction 625 failed: getaddrinfo ENOTFOUND sepolia.infura.io
  Transaction 626 failed: getaddrinfo ENOTFOUND sepolia.infura.io
  Transaction 627 failed: getaddrinfo ENOTFOUND sepolia.infura.io
  Transaction 628 failed: getaddrinfo ENOTFOUND sepolia.infura.io
  Transaction 629 failed: getaddrinfo ENOTFOUND sepolia.infura.io
  Transaction 630 failed: getaddrinfo ENOTFOUND sepolia.infura.io
  Transaction 631 failed: getaddrinfo ENOTFOUND sepolia.infura.io
  Transaction 632 failed: getaddrinfo ENOTFOUND sepolia.infura.io
  Transaction 633 failed: getaddrinfo ENOTFOUND sepolia.infura.io
  Transaction 634 failed: getaddrinfo ENOTFOUND sepolia.infura.io
  Transaction 635 failed: getaddrinfo ENOTFOUND sepolia.infura.io
  Transaction 636 failed: getaddrinfo ENOTFOUND sepolia.infura.io
  Transaction 637 failed: getaddrinfo ENOTFOUND sepolia.infura.io
  Transaction 638 failed: getaddrinfo ENOTFOUND sepolia.infura.io
  Transaction 639 failed: getaddrinfo ENOTFOUND sepolia.infura.io
  Transaction 640 failed: getaddrinfo ENOTFOUND sepolia.infura.io
  Transaction 641 failed: getaddrinfo ENOTFOUND sepolia.infura.io
  Transaction 642 failed: getaddrinfo ENOTFOUND sepolia.infura.io
  Transaction 643 failed: getaddrinfo ENOTFOUND sepolia.infura.io
  Transaction 644 failed: getaddrinfo ENOTFOUND sepolia.infura.io
  Transaction 645 failed: getaddrinfo ENOTFOUND sepolia.infura.io
  Transaction 646 failed: getaddrinfo ENOTFOUND sepolia.infura.io
  Transaction 647 failed: getaddrinfo ENOTFOUND sepolia.infura.io
  Transaction 648 failed: getaddrinfo ENOTFOUND sepolia.infura.io
  Transaction 649 failed: getaddrinfo ENOTFOUND sepolia.infura.io
  Transaction 650 failed: getaddrinfo ENOTFOUND sepolia.infura.io
  Transaction 651 failed: getaddrinfo ENOTFOUND sepolia.infura.io
  Transaction 652 failed: getaddrinfo ENOTFOUND sepolia.infura.io
  Transaction 653 failed: getaddrinfo ENOTFOUND sepolia.infura.io
  Transaction 654 failed: getaddrinfo ENOTFOUND sepolia.infura.io
  Transaction 655 failed: getaddrinfo ENOTFOUND sepolia.infura.io
  Transaction 656 failed: getaddrinfo ENOTFOUND sepolia.infura.io
  Transaction 657 failed: getaddrinfo ENOTFOUND sepolia.infura.io
  Transaction 658 failed: getaddrinfo ENOTFOUND sepolia.infura.io
  Transaction 659 failed: getaddrinfo ENOTFOUND sepolia.infura.io
  Transaction 660 failed: getaddrinfo ENOTFOUND sepolia.infura.io
  Transaction 661 failed: getaddrinfo ENOTFOUND sepolia.infura.io
  Transaction 662 failed: getaddrinfo ENOTFOUND sepolia.infura.io
  Transaction 663 failed: getaddrinfo ENOTFOUND sepolia.infura.io
  Transaction 664 failed: getaddrinfo ENOTFOUND sepolia.infura.io
  Transaction 665 failed: getaddrinfo ENOTFOUND sepolia.infura.io
  Transaction 666 failed: getaddrinfo ENOTFOUND sepolia.infura.io
  Transaction 667 failed: getaddrinfo ENOTFOUND sepolia.infura.io
  Transaction 668 failed: getaddrinfo ENOTFOUND sepolia.infura.io
  Transaction 669 failed: getaddrinfo ENOTFOUND sepolia.infura.io
  Transaction 670 failed: getaddrinfo ENOTFOUND sepolia.infura.io
  Transaction 671 failed: getaddrinfo ENOTFOUND sepolia.infura.io
  Transaction 672 failed: getaddrinfo ENOTFOUND sepolia.infura.io
  Transaction 673 failed: getaddrinfo ENOTFOUND sepolia.infura.io
  Transaction 674 failed: getaddrinfo ENOTFOUND sepolia.infura.io
  Transaction 675 failed: getaddrinfo ENOTFOUND sepolia.infura.io
  Transaction 676 failed: getaddrinfo ENOTFOUND sepolia.infura.io
  Transaction 677 failed: getaddrinfo ENOTFOUND sepolia.infura.io
  Transaction 678 failed: getaddrinfo ENOTFOUND sepolia.infura.io
  Transaction 679 failed: getaddrinfo ENOTFOUND sepolia.infura.io
  Transaction 680 failed: getaddrinfo ENOTFOUND sepolia.infura.io
  Transaction 681 failed: getaddrinfo ENOTFOUND sepolia.infura.io
  Transaction 682 failed: getaddrinfo ENOTFOUND sepolia.infura.io
  Transaction 683 failed: getaddrinfo ENOTFOUND sepolia.infura.io
  Transaction 684 failed: getaddrinfo ENOTFOUND sepolia.infura.io
  Transaction 685 failed: getaddrinfo ENOTFOUND sepolia.infura.io
  Transaction 686 failed: getaddrinfo ENOTFOUND sepolia.infura.io
  Transaction 687 failed: getaddrinfo ENOTFOUND sepolia.infura.io
  Transaction 688 failed: getaddrinfo ENOTFOUND sepolia.infura.io
  Transaction 689 failed: getaddrinfo ENOTFOUND sepolia.infura.io
  Transaction 690 failed: getaddrinfo ENOTFOUND sepolia.infura.io
  Transaction 691 failed: getaddrinfo ENOTFOUND sepolia.infura.io
  Transaction 692 failed: getaddrinfo ENOTFOUND sepolia.infura.io
  Transaction 693 failed: getaddrinfo ENOTFOUND sepolia.infura.io
  Transaction 694 failed: getaddrinfo ENOTFOUND sepolia.infura.io
  Transaction 695 failed: getaddrinfo ENOTFOUND sepolia.infura.io
  Transaction 696 failed: getaddrinfo ENOTFOUND sepolia.infura.io
  Transaction 697 failed: getaddrinfo ENOTFOUND sepolia.infura.io
  Transaction 698 failed: getaddrinfo ENOTFOUND sepolia.infura.io
  Transaction 699 failed: getaddrinfo ENOTFOUND sepolia.infura.io
  Transaction 700 failed: getaddrinfo ENOTFOUND sepolia.infura.io
  Transaction 701 failed: getaddrinfo ENOTFOUND sepolia.infura.io
  Transaction 702 failed: getaddrinfo ENOTFOUND sepolia.infura.io
  Transaction 703 failed: getaddrinfo ENOTFOUND sepolia.infura.io
  Transaction 704 failed: getaddrinfo ENOTFOUND sepolia.infura.io
  Transaction 705 failed: getaddrinfo ENOTFOUND sepolia.infura.io
  Transaction 706 failed: getaddrinfo ENOTFOUND sepolia.infura.io
  Transaction 707 failed: getaddrinfo ENOTFOUND sepolia.infura.io
  Transaction 708 failed: getaddrinfo ENOTFOUND sepolia.infura.io
  Transaction 709 failed: getaddrinfo ENOTFOUND sepolia.infura.io
  Transaction 710 failed: getaddrinfo ENOTFOUND sepolia.infura.io
  Transaction 711 failed: getaddrinfo ENOTFOUND sepolia.infura.io
  Transaction 712 failed: getaddrinfo ENOTFOUND sepolia.infura.io
  Transaction 713 failed: getaddrinfo ENOTFOUND sepolia.infura.io
  Transaction 714 failed: getaddrinfo ENOTFOUND sepolia.infura.io
  Transaction 715 failed: getaddrinfo ENOTFOUND sepolia.infura.io
  Transaction 716 failed: getaddrinfo ENOTFOUND sepolia.infura.io
  Transaction 717 failed: getaddrinfo ENOTFOUND sepolia.infura.io
  Transaction 718 failed: getaddrinfo ENOTFOUND sepolia.infura.io
  Transaction 719 failed: getaddrinfo ENOTFOUND sepolia.infura.io
  Transaction 720 failed: getaddrinfo ENOTFOUND sepolia.infura.io
  Transaction 721 failed: getaddrinfo ENOTFOUND sepolia.infura.io
  Transaction 722 failed: getaddrinfo ENOTFOUND sepolia.infura.io
  Transaction 723 failed: getaddrinfo ENOTFOUND sepolia.infura.io
  Transaction 724 failed: getaddrinfo ENOTFOUND sepolia.infura.io
  Transaction 725 failed: getaddrinfo ENOTFOUND sepolia.infura.io
  Transaction 726 failed: getaddrinfo ENOTFOUND sepolia.infura.io
  Transaction 727 failed: getaddrinfo ENOTFOUND sepolia.infura.io
  Transaction 728 failed: getaddrinfo ENOTFOUND sepolia.infura.io
  Transaction 729 failed: getaddrinfo ENOTFOUND sepolia.infura.io
  Transaction 730 failed: getaddrinfo ENOTFOUND sepolia.infura.io
  Transaction 731 failed: getaddrinfo ENOTFOUND sepolia.infura.io
  Transaction 732 failed: getaddrinfo ENOTFOUND sepolia.infura.io
  Transaction 733 failed: getaddrinfo ENOTFOUND sepolia.infura.io
  Transaction 734 failed: getaddrinfo ENOTFOUND sepolia.infura.io
  Transaction 735 failed: getaddrinfo ENOTFOUND sepolia.infura.io
  Transaction 736 failed: getaddrinfo ENOTFOUND sepolia.infura.io
  Transaction 737 failed: getaddrinfo ENOTFOUND sepolia.infura.io
  Transaction 738 failed: getaddrinfo ENOTFOUND sepolia.infura.io
  Transaction 739 failed: getaddrinfo ENOTFOUND sepolia.infura.io
  Transaction 740 failed: getaddrinfo ENOTFOUND sepolia.infura.io
  Transaction 741 failed: getaddrinfo ENOTFOUND sepolia.infura.io
  Transaction 742 failed: getaddrinfo ENOTFOUND sepolia.infura.io
  Transaction 743 failed: getaddrinfo ENOTFOUND sepolia.infura.io
  Transaction 744 failed: getaddrinfo ENOTFOUND sepolia.infura.io
  Transaction 745 failed: getaddrinfo ENOTFOUND sepolia.infura.io
  Transaction 746 failed: getaddrinfo ENOTFOUND sepolia.infura.io
  Transaction 747 failed: getaddrinfo ENOTFOUND sepolia.infura.io
  Transaction 748 failed: getaddrinfo ENOTFOUND sepolia.infura.io
  Transaction 749 failed: getaddrinfo ENOTFOUND sepolia.infura.io
  Transaction 750 failed: getaddrinfo ENOTFOUND sepolia.infura.io
  Transaction 751 failed: getaddrinfo ENOTFOUND sepolia.infura.io
  Transaction 752 failed: getaddrinfo ENOTFOUND sepolia.infura.io
  Transaction 753 failed: getaddrinfo ENOTFOUND sepolia.infura.io
  Transaction 754 failed: getaddrinfo ENOTFOUND sepolia.infura.io
  Transaction 755 failed: getaddrinfo ENOTFOUND sepolia.infura.io
  Transaction 756 failed: getaddrinfo ENOTFOUND sepolia.infura.io
  Transaction 757 failed: getaddrinfo ENOTFOUND sepolia.infura.io
  Transaction 758 failed: getaddrinfo ENOTFOUND sepolia.infura.io
  Transaction 759 failed: getaddrinfo ENOTFOUND sepolia.infura.io
  Transaction 760 failed: getaddrinfo ENOTFOUND sepolia.infura.io
  Transaction 761 failed: getaddrinfo ENOTFOUND sepolia.infura.io
  Transaction 762 failed: getaddrinfo ENOTFOUND sepolia.infura.io
  Transaction 763 failed: getaddrinfo ENOTFOUND sepolia.infura.io
  Transaction 764 failed: getaddrinfo ENOTFOUND sepolia.infura.io
  Transaction 765 failed: getaddrinfo ENOTFOUND sepolia.infura.io
  Transaction 766 failed: getaddrinfo ENOTFOUND sepolia.infura.io
  Transaction 767 failed: getaddrinfo ENOTFOUND sepolia.infura.io
  Transaction 768 failed: getaddrinfo ENOTFOUND sepolia.infura.io
  Transaction 769 failed: getaddrinfo ENOTFOUND sepolia.infura.io
  Transaction 770 failed: getaddrinfo ENOTFOUND sepolia.infura.io
  Transaction 771 failed: getaddrinfo ENOTFOUND sepolia.infura.io
  Transaction 772 failed: getaddrinfo ENOTFOUND sepolia.infura.io
  Transaction 773 failed: getaddrinfo ENOTFOUND sepolia.infura.io
  Transaction 774 failed: getaddrinfo ENOTFOUND sepolia.infura.io
  Transaction 775 failed: getaddrinfo ENOTFOUND sepolia.infura.io
  Transaction 776 failed: getaddrinfo ENOTFOUND sepolia.infura.io
  Transaction 777 failed: getaddrinfo ENOTFOUND sepolia.infura.io
  Transaction 778 failed: getaddrinfo ENOTFOUND sepolia.infura.io
  Transaction 779 failed: getaddrinfo ENOTFOUND sepolia.infura.io
  Transaction 780 failed: getaddrinfo ENOTFOUND sepolia.infura.io
  Transaction 781 failed: getaddrinfo ENOTFOUND sepolia.infura.io
  Transaction 782 failed: getaddrinfo ENOTFOUND sepolia.infura.io
  Transaction 783 failed: getaddrinfo ENOTFOUND sepolia.infura.io
  Transaction 784 failed: getaddrinfo ENOTFOUND sepolia.infura.io
  Transaction 785 failed: getaddrinfo ENOTFOUND sepolia.infura.io
  Transaction 786 failed: getaddrinfo ENOTFOUND sepolia.infura.io
  Transaction 787 failed: getaddrinfo ENOTFOUND sepolia.infura.io
  Transaction 788 failed: getaddrinfo ENOTFOUND sepolia.infura.io
  Transaction 789 failed: getaddrinfo ENOTFOUND sepolia.infura.io
  Transaction 790 failed: getaddrinfo ENOTFOUND sepolia.infura.io
  Transaction 791 failed: getaddrinfo ENOTFOUND sepolia.infura.io
  Transaction 792 failed: getaddrinfo ENOTFOUND sepolia.infura.io
  Transaction 793 failed: getaddrinfo ENOTFOUND sepolia.infura.io
  Transaction 794 failed: getaddrinfo ENOTFOUND sepolia.infura.io
  Transaction 795 failed: getaddrinfo ENOTFOUND sepolia.infura.io
  Transaction 796 failed: getaddrinfo ENOTFOUND sepolia.infura.io
  Transaction 797 failed: getaddrinfo ENOTFOUND sepolia.infura.io
  Transaction 798 failed: getaddrinfo ENOTFOUND sepolia.infura.io
  Transaction 799 failed: getaddrinfo ENOTFOUND sepolia.infura.io
  Transaction 800 failed: getaddrinfo ENOTFOUND sepolia.infura.io
  Transaction 801 failed: getaddrinfo ENOTFOUND sepolia.infura.io
  Transaction 802 failed: getaddrinfo ENOTFOUND sepolia.infura.io
  Transaction 803 failed: getaddrinfo ENOTFOUND sepolia.infura.io
  Transaction 804 failed: getaddrinfo ENOTFOUND sepolia.infura.io
  Transaction 805 failed: getaddrinfo ENOTFOUND sepolia.infura.io
  Transaction 806 failed: getaddrinfo ENOTFOUND sepolia.infura.io
  Transaction 807 failed: getaddrinfo ENOTFOUND sepolia.infura.io
  Transaction 808 failed: getaddrinfo ENOTFOUND sepolia.infura.io
  Transaction 809 failed: getaddrinfo ENOTFOUND sepolia.infura.io
  Transaction 810 failed: getaddrinfo ENOTFOUND sepolia.infura.io
  Transaction 811 failed: getaddrinfo ENOTFOUND sepolia.infura.io
  Transaction 812 failed: getaddrinfo ENOTFOUND sepolia.infura.io
  Transaction 813 failed: getaddrinfo ENOTFOUND sepolia.infura.io
  Transaction 814 failed: getaddrinfo ENOTFOUND sepolia.infura.io
  Transaction 815 failed: getaddrinfo ENOTFOUND sepolia.infura.io
  Transaction 816 failed: getaddrinfo ENOTFOUND sepolia.infura.io
  Transaction 817 failed: getaddrinfo ENOTFOUND sepolia.infura.io
  Transaction 818 failed: getaddrinfo ENOTFOUND sepolia.infura.io
  Transaction 819 failed: getaddrinfo ENOTFOUND sepolia.infura.io
  Transaction 820 failed: getaddrinfo ENOTFOUND sepolia.infura.io
  Transaction 821 failed: getaddrinfo ENOTFOUND sepolia.infura.io
  Transaction 822 failed: getaddrinfo ENOTFOUND sepolia.infura.io
  Transaction 823 failed: getaddrinfo ENOTFOUND sepolia.infura.io
  Transaction 824 failed: getaddrinfo ENOTFOUND sepolia.infura.io
  Transaction 825 failed: getaddrinfo ENOTFOUND sepolia.infura.io
  Transaction 826 failed: getaddrinfo ENOTFOUND sepolia.infura.io
  Transaction 827 failed: getaddrinfo ENOTFOUND sepolia.infura.io
  Transaction 828 failed: getaddrinfo ENOTFOUND sepolia.infura.io
  Transaction 829 failed: getaddrinfo ENOTFOUND sepolia.infura.io
  Transaction 830 failed: getaddrinfo ENOTFOUND sepolia.infura.io
  Transaction 831 failed: getaddrinfo ENOTFOUND sepolia.infura.io
  Transaction 832 failed: getaddrinfo ENOTFOUND sepolia.infura.io
  Transaction 833 failed: getaddrinfo ENOTFOUND sepolia.infura.io
  Transaction 834 failed: getaddrinfo ENOTFOUND sepolia.infura.io
  Transaction 835 failed: getaddrinfo ENOTFOUND sepolia.infura.io
  Transaction 836 failed: getaddrinfo ENOTFOUND sepolia.infura.io
  Transaction 837 failed: getaddrinfo ENOTFOUND sepolia.infura.io
  Transaction 838 failed: getaddrinfo ENOTFOUND sepolia.infura.io
  Transaction 839 failed: getaddrinfo ENOTFOUND sepolia.infura.io
  Transaction 840 failed: getaddrinfo ENOTFOUND sepolia.infura.io
  Transaction 841 failed: getaddrinfo ENOTFOUND sepolia.infura.io
  Transaction 842 failed: getaddrinfo ENOTFOUND sepolia.infura.io
  Transaction 843 failed: getaddrinfo ENOTFOUND sepolia.infura.io
  Transaction 844 failed: getaddrinfo ENOTFOUND sepolia.infura.io
  Transaction 845 failed: getaddrinfo ENOTFOUND sepolia.infura.io
  Transaction 846 failed: getaddrinfo ENOTFOUND sepolia.infura.io
  Transaction 847 failed: getaddrinfo ENOTFOUND sepolia.infura.io
  Transaction 848 failed: getaddrinfo ENOTFOUND sepolia.infura.io
  Transaction 849 failed: getaddrinfo ENOTFOUND sepolia.infura.io
  Transaction 850 failed: getaddrinfo ENOTFOUND sepolia.infura.io
  Transaction 851 failed: getaddrinfo ENOTFOUND sepolia.infura.io
  Transaction 852 failed: getaddrinfo ENOTFOUND sepolia.infura.io
  Transaction 853 failed: getaddrinfo ENOTFOUND sepolia.infura.io
  Transaction 854 failed: getaddrinfo ENOTFOUND sepolia.infura.io
  Transaction 855 failed: getaddrinfo ENOTFOUND sepolia.infura.io
  Transaction 856 failed: getaddrinfo ENOTFOUND sepolia.infura.io
  Transaction 857 failed: getaddrinfo ENOTFOUND sepolia.infura.io
  Transaction 858 failed: getaddrinfo ENOTFOUND sepolia.infura.io
  Transaction 859 failed: getaddrinfo ENOTFOUND sepolia.infura.io
  Transaction 860 failed: getaddrinfo ENOTFOUND sepolia.infura.io
  Transaction 861 failed: getaddrinfo ENOTFOUND sepolia.infura.io
  Transaction 862 failed: getaddrinfo ENOTFOUND sepolia.infura.io
  Transaction 863 failed: getaddrinfo ENOTFOUND sepolia.infura.io
  Transaction 864 failed: getaddrinfo ENOTFOUND sepolia.infura.io
  Transaction 865 failed: getaddrinfo ENOTFOUND sepolia.infura.io
  Transaction 866 failed: getaddrinfo ENOTFOUND sepolia.infura.io
  Transaction 867 failed: getaddrinfo ENOTFOUND sepolia.infura.io
  Transaction 868 failed: getaddrinfo ENOTFOUND sepolia.infura.io
  Transaction 869 failed: getaddrinfo ENOTFOUND sepolia.infura.io
  Transaction 870 failed: getaddrinfo ENOTFOUND sepolia.infura.io
  Transaction 871 failed: getaddrinfo ENOTFOUND sepolia.infura.io
  Transaction 872 failed: getaddrinfo ENOTFOUND sepolia.infura.io
  Transaction 873 failed: getaddrinfo ENOTFOUND sepolia.infura.io
  Transaction 874 failed: getaddrinfo ENOTFOUND sepolia.infura.io
  Transaction 875 failed: getaddrinfo ENOTFOUND sepolia.infura.io
  Transaction 876 failed: getaddrinfo ENOTFOUND sepolia.infura.io
  Transaction 877 failed: getaddrinfo ENOTFOUND sepolia.infura.io
  Transaction 878 failed: getaddrinfo ENOTFOUND sepolia.infura.io
  Transaction 879 failed: getaddrinfo ENOTFOUND sepolia.infura.io
  Transaction 880 failed: getaddrinfo ENOTFOUND sepolia.infura.io
  Transaction 881 failed: getaddrinfo ENOTFOUND sepolia.infura.io
  Transaction 882 failed: getaddrinfo ENOTFOUND sepolia.infura.io
  Transaction 883 failed: getaddrinfo ENOTFOUND sepolia.infura.io
  Transaction 884 failed: getaddrinfo ENOTFOUND sepolia.infura.io
  Transaction 885 failed: getaddrinfo ENOTFOUND sepolia.infura.io
  Transaction 886 failed: getaddrinfo ENOTFOUND sepolia.infura.io
  Transaction 887 failed: getaddrinfo ENOTFOUND sepolia.infura.io
  Transaction 888 failed: getaddrinfo ENOTFOUND sepolia.infura.io
  Transaction 889 failed: getaddrinfo ENOTFOUND sepolia.infura.io
  Transaction 890 failed: getaddrinfo ENOTFOUND sepolia.infura.io
  Transaction 891 failed: getaddrinfo ENOTFOUND sepolia.infura.io
  Transaction 892 failed: getaddrinfo ENOTFOUND sepolia.infura.io
  Transaction 893 failed: getaddrinfo ENOTFOUND sepolia.infura.io
  Transaction 894 failed: getaddrinfo ENOTFOUND sepolia.infura.io
  Transaction 895 failed: getaddrinfo ENOTFOUND sepolia.infura.io
  Transaction 896 failed: getaddrinfo ENOTFOUND sepolia.infura.io
  Transaction 897 failed: getaddrinfo ENOTFOUND sepolia.infura.io
  Transaction 898 failed: getaddrinfo ENOTFOUND sepolia.infura.io
  Transaction 899 failed: getaddrinfo ENOTFOUND sepolia.infura.io
  Transaction 900 failed: getaddrinfo ENOTFOUND sepolia.infura.io
  Transaction 901 failed: getaddrinfo ENOTFOUND sepolia.infura.io
  Transaction 902 failed: getaddrinfo ENOTFOUND sepolia.infura.io
  Transaction 903 failed: getaddrinfo ENOTFOUND sepolia.infura.io
  Transaction 904 failed: getaddrinfo ENOTFOUND sepolia.infura.io
  Transaction 905 failed: getaddrinfo ENOTFOUND sepolia.infura.io
  Transaction 906 failed: getaddrinfo ENOTFOUND sepolia.infura.io
  Transaction 907 failed: getaddrinfo ENOTFOUND sepolia.infura.io
  Transaction 908 failed: getaddrinfo ENOTFOUND sepolia.infura.io
  Transaction 909 failed: getaddrinfo ENOTFOUND sepolia.infura.io
  Transaction 910 failed: getaddrinfo ENOTFOUND sepolia.infura.io
  Transaction 911 failed: getaddrinfo ENOTFOUND sepolia.infura.io
  Transaction 912 failed: getaddrinfo ENOTFOUND sepolia.infura.io
  Transaction 913 failed: getaddrinfo ENOTFOUND sepolia.infura.io
  Transaction 914 failed: getaddrinfo ENOTFOUND sepolia.infura.io
  Transaction 915 failed: getaddrinfo ENOTFOUND sepolia.infura.io
  Transaction 916 failed: getaddrinfo ENOTFOUND sepolia.infura.io
  Transaction 917 failed: getaddrinfo ENOTFOUND sepolia.infura.io
  Transaction 918 failed: getaddrinfo ENOTFOUND sepolia.infura.io
  Transaction 919 failed: getaddrinfo ENOTFOUND sepolia.infura.io
  Transaction 920 failed: getaddrinfo ENOTFOUND sepolia.infura.io
  Transaction 921 failed: getaddrinfo ENOTFOUND sepolia.infura.io
  Transaction 922 failed: getaddrinfo ENOTFOUND sepolia.infura.io
  Transaction 923 failed: getaddrinfo ENOTFOUND sepolia.infura.io
  Transaction 924 failed: getaddrinfo ENOTFOUND sepolia.infura.io
  Transaction 925 failed: getaddrinfo ENOTFOUND sepolia.infura.io
  Transaction 926 failed: getaddrinfo ENOTFOUND sepolia.infura.io
  Transaction 927 failed: getaddrinfo ENOTFOUND sepolia.infura.io
  Transaction 928 failed: getaddrinfo ENOTFOUND sepolia.infura.io
  Transaction 929 failed: getaddrinfo ENOTFOUND sepolia.infura.io
  Transaction 930 failed: getaddrinfo ENOTFOUND sepolia.infura.io
  Transaction 931 failed: getaddrinfo ENOTFOUND sepolia.infura.io
  Transaction 932 failed: getaddrinfo ENOTFOUND sepolia.infura.io
  Transaction 933 failed: getaddrinfo ENOTFOUND sepolia.infura.io
  Transaction 934 failed: getaddrinfo ENOTFOUND sepolia.infura.io
  Transaction 935 failed: getaddrinfo ENOTFOUND sepolia.infura.io
  Transaction 936 failed: getaddrinfo ENOTFOUND sepolia.infura.io
  Transaction 937 failed: getaddrinfo ENOTFOUND sepolia.infura.io
  Transaction 938 failed: getaddrinfo ENOTFOUND sepolia.infura.io
  Transaction 939 failed: getaddrinfo ENOTFOUND sepolia.infura.io
  Transaction 940 failed: getaddrinfo ENOTFOUND sepolia.infura.io
  Transaction 941 failed: getaddrinfo ENOTFOUND sepolia.infura.io
  Transaction 942 failed: getaddrinfo ENOTFOUND sepolia.infura.io
  Transaction 943 failed: getaddrinfo ENOTFOUND sepolia.infura.io
  Transaction 944 failed: getaddrinfo ENOTFOUND sepolia.infura.io
  Transaction 945 failed: getaddrinfo ENOTFOUND sepolia.infura.io
  Transaction 946 failed: getaddrinfo ENOTFOUND sepolia.infura.io
  Transaction 947 failed: getaddrinfo ENOTFOUND sepolia.infura.io
  Transaction 948 failed: getaddrinfo ENOTFOUND sepolia.infura.io
  Transaction 949 failed: getaddrinfo ENOTFOUND sepolia.infura.io
  Transaction 950 failed: getaddrinfo ENOTFOUND sepolia.infura.io
  Transaction 951 failed: getaddrinfo ENOTFOUND sepolia.infura.io
  Transaction 952 failed: getaddrinfo ENOTFOUND sepolia.infura.io
  Transaction 953 failed: getaddrinfo ENOTFOUND sepolia.infura.io
  Transaction 954 failed: getaddrinfo ENOTFOUND sepolia.infura.io
  Transaction 955 failed: getaddrinfo ENOTFOUND sepolia.infura.io
  Transaction 956 failed: getaddrinfo ENOTFOUND sepolia.infura.io
  Transaction 957 failed: getaddrinfo ENOTFOUND sepolia.infura.io
  Transaction 958 failed: getaddrinfo ENOTFOUND sepolia.infura.io
  Transaction 959 failed: getaddrinfo ENOTFOUND sepolia.infura.io
  Transaction 960 failed: getaddrinfo ENOTFOUND sepolia.infura.io
  Transaction 961 failed: getaddrinfo ENOTFOUND sepolia.infura.io
  Transaction 962 failed: getaddrinfo ENOTFOUND sepolia.infura.io
  Transaction 963 failed: getaddrinfo ENOTFOUND sepolia.infura.io
  Transaction 964 failed: getaddrinfo ENOTFOUND sepolia.infura.io
  Transaction 965 failed: getaddrinfo ENOTFOUND sepolia.infura.io
  Transaction 966 failed: getaddrinfo ENOTFOUND sepolia.infura.io
  Transaction 967 failed: getaddrinfo ENOTFOUND sepolia.infura.io
  Transaction 968 failed: getaddrinfo ENOTFOUND sepolia.infura.io
  Transaction 969 failed: getaddrinfo ENOTFOUND sepolia.infura.io
  Transaction 970 failed: getaddrinfo ENOTFOUND sepolia.infura.io
  Transaction 971 failed: getaddrinfo ENOTFOUND sepolia.infura.io
  Transaction 972 failed: getaddrinfo ENOTFOUND sepolia.infura.io
  Transaction 973 failed: getaddrinfo ENOTFOUND sepolia.infura.io
  Transaction 974 failed: getaddrinfo ENOTFOUND sepolia.infura.io
  Transaction 975 failed: getaddrinfo ENOTFOUND sepolia.infura.io
  Transaction 976 failed: getaddrinfo ENOTFOUND sepolia.infura.io
  Transaction 977 failed: getaddrinfo ENOTFOUND sepolia.infura.io
  Transaction 978 failed: getaddrinfo ENOTFOUND sepolia.infura.io
  Transaction 979 failed: getaddrinfo ENOTFOUND sepolia.infura.io
  Transaction 980 failed: getaddrinfo ENOTFOUND sepolia.infura.io
  Transaction 981 failed: getaddrinfo ENOTFOUND sepolia.infura.io
  Transaction 982 failed: getaddrinfo ENOTFOUND sepolia.infura.io
  Transaction 983 failed: getaddrinfo ENOTFOUND sepolia.infura.io
  Transaction 984 failed: getaddrinfo ENOTFOUND sepolia.infura.io
  Transaction 985 failed: getaddrinfo ENOTFOUND sepolia.infura.io
  Transaction 986 failed: getaddrinfo ENOTFOUND sepolia.infura.io
  Transaction 987 failed: getaddrinfo ENOTFOUND sepolia.infura.io
  Transaction 988 failed: getaddrinfo ENOTFOUND sepolia.infura.io
  Transaction 989 failed: getaddrinfo ENOTFOUND sepolia.infura.io
  Transaction 990 failed: getaddrinfo ENOTFOUND sepolia.infura.io
  Transaction 991 failed: getaddrinfo ENOTFOUND sepolia.infura.io
  Transaction 992 failed: getaddrinfo ENOTFOUND sepolia.infura.io
  Transaction 993 failed: getaddrinfo ENOTFOUND sepolia.infura.io
  Transaction 994 failed: getaddrinfo ENOTFOUND sepolia.infura.io
  Transaction 995 failed: getaddrinfo ENOTFOUND sepolia.infura.io
  Transaction 996 failed: getaddrinfo ENOTFOUND sepolia.infura.io
  Transaction 997 failed: getaddrinfo ENOTFOUND sepolia.infura.io
  Transaction 998 failed: getaddrinfo ENOTFOUND sepolia.infura.io
  Transaction 999 failed: getaddrinfo ENOTFOUND sepolia.infura.io
  Transaction 1000 failed: getaddrinfo ENOTFOUND sepolia.infura.io
  Transaction 1001 failed: getaddrinfo ENOTFOUND sepolia.infura.io
  Transaction 1002 failed: getaddrinfo ENOTFOUND sepolia.infura.io
  Transaction 1003 failed: getaddrinfo ENOTFOUND sepolia.infura.io
  Transaction 1004 failed: getaddrinfo ENOTFOUND sepolia.infura.io
  Transaction 1005 failed: getaddrinfo ENOTFOUND sepolia.infura.io
  Transaction 1006 failed: getaddrinfo ENOTFOUND sepolia.infura.io
  Transaction 1007 failed: getaddrinfo ENOTFOUND sepolia.infura.io
  Transaction 1008 failed: getaddrinfo ENOTFOUND sepolia.infura.io
  Transaction 1009 failed: getaddrinfo ENOTFOUND sepolia.infura.io
  Transaction 1010 failed: getaddrinfo ENOTFOUND sepolia.infura.io
  Transaction 1011 failed: getaddrinfo ENOTFOUND sepolia.infura.io
  Transaction 1012 failed: getaddrinfo ENOTFOUND sepolia.infura.io
  Transaction 1013 failed: getaddrinfo ENOTFOUND sepolia.infura.io
  Transaction 1014 failed: getaddrinfo ENOTFOUND sepolia.infura.io
  Transaction 1015 failed: getaddrinfo ENOTFOUND sepolia.infura.io
  Transaction 1016 failed: getaddrinfo ENOTFOUND sepolia.infura.io
  Transaction 1017 failed: getaddrinfo ENOTFOUND sepolia.infura.io
  Transaction 1018 failed: getaddrinfo ENOTFOUND sepolia.infura.io
  Transaction 1019 failed: getaddrinfo ENOTFOUND sepolia.infura.io
  Transaction 1020 failed: getaddrinfo ENOTFOUND sepolia.infura.io
  Transaction 1021 failed: getaddrinfo ENOTFOUND sepolia.infura.io
  Transaction 1022 failed: getaddrinfo ENOTFOUND sepolia.infura.io
  Transaction 1023 failed: getaddrinfo ENOTFOUND sepolia.infura.io
  Transaction 1024 failed: getaddrinfo ENOTFOUND sepolia.infura.io
  Transaction 1025 failed: getaddrinfo ENOTFOUND sepolia.infura.io
  Transaction 1026 failed: getaddrinfo ENOTFOUND sepolia.infura.io
  Transaction 1027 failed: getaddrinfo ENOTFOUND sepolia.infura.io
  Transaction 1028 failed: getaddrinfo ENOTFOUND sepolia.infura.io
  Transaction 1029 failed: getaddrinfo ENOTFOUND sepolia.infura.io
  Transaction 1030 failed: getaddrinfo ENOTFOUND sepolia.infura.io
  Transaction 1031 failed: getaddrinfo ENOTFOUND sepolia.infura.io
  Transaction 1032 failed: getaddrinfo ENOTFOUND sepolia.infura.io
  Transaction 1033 failed: getaddrinfo ENOTFOUND sepolia.infura.io
  Transaction 1034 failed: getaddrinfo ENOTFOUND sepolia.infura.io
  Transaction 1035 failed: getaddrinfo ENOTFOUND sepolia.infura.io
  Transaction 1036 failed: getaddrinfo ENOTFOUND sepolia.infura.io
  Transaction 1037 failed: getaddrinfo ENOTFOUND sepolia.infura.io
  Transaction 1038 failed: getaddrinfo ENOTFOUND sepolia.infura.io
  Transaction 1039 failed: getaddrinfo ENOTFOUND sepolia.infura.io
  Transaction 1040 failed: getaddrinfo ENOTFOUND sepolia.infura.io
  Transaction 1041 failed: getaddrinfo ENOTFOUND sepolia.infura.io
  Transaction 1042 failed: getaddrinfo ENOTFOUND sepolia.infura.io
  Transaction 1043 failed: getaddrinfo ENOTFOUND sepolia.infura.io
  Transaction 1044 failed: getaddrinfo ENOTFOUND sepolia.infura.io
  Transaction 1045 failed: getaddrinfo ENOTFOUND sepolia.infura.io
  Transaction 1046 failed: getaddrinfo ENOTFOUND sepolia.infura.io
  Transaction 1047 failed: getaddrinfo ENOTFOUND sepolia.infura.io
  Transaction 1048 failed: getaddrinfo ENOTFOUND sepolia.infura.io
  Transaction 1049 failed: getaddrinfo ENOTFOUND sepolia.infura.io
  Transaction 1050 failed: getaddrinfo ENOTFOUND sepolia.infura.io
  Transaction 1051 failed: getaddrinfo ENOTFOUND sepolia.infura.io
  Transaction 1052 failed: getaddrinfo ENOTFOUND sepolia.infura.io
  Transaction 1053 failed: getaddrinfo ENOTFOUND sepolia.infura.io
  Transaction 1054 failed: getaddrinfo ENOTFOUND sepolia.infura.io
  Transaction 1055 failed: getaddrinfo ENOTFOUND sepolia.infura.io
  Transaction 1056 failed: getaddrinfo ENOTFOUND sepolia.infura.io
  Transaction 1057 failed: getaddrinfo ENOTFOUND sepolia.infura.io
  Transaction 1058 failed: getaddrinfo ENOTFOUND sepolia.infura.io
  Transaction 1059 failed: getaddrinfo ENOTFOUND sepolia.infura.io
  Transaction 1060 failed: getaddrinfo ENOTFOUND sepolia.infura.io
  Transaction 1061 failed: getaddrinfo ENOTFOUND sepolia.infura.io
  Transaction 1062 failed: getaddrinfo ENOTFOUND sepolia.infura.io
  Transaction 1063 failed: getaddrinfo ENOTFOUND sepolia.infura.io
  Transaction 1064 failed: getaddrinfo ENOTFOUND sepolia.infura.io
  Transaction 1065 failed: getaddrinfo ENOTFOUND sepolia.infura.io
  Transaction 1066 failed: getaddrinfo ENOTFOUND sepolia.infura.io
  Transaction 1067 failed: getaddrinfo ENOTFOUND sepolia.infura.io
  Transaction 1068 failed: getaddrinfo ENOTFOUND sepolia.infura.io
  Transaction 1069 failed: getaddrinfo ENOTFOUND sepolia.infura.io
  Transaction 1070 failed: getaddrinfo ENOTFOUND sepolia.infura.io
  Transaction 1071 failed: getaddrinfo ENOTFOUND sepolia.infura.io
  Transaction 1072 failed: getaddrinfo ENOTFOUND sepolia.infura.io
  Transaction 1073 failed: getaddrinfo ENOTFOUND sepolia.infura.io
  Transaction 1074 failed: getaddrinfo ENOTFOUND sepolia.infura.io
  Transaction 1075 failed: getaddrinfo ENOTFOUND sepolia.infura.io
  Transaction 1076 failed: getaddrinfo ENOTFOUND sepolia.infura.io
  Transaction 1077 failed: getaddrinfo ENOTFOUND sepolia.infura.io
  Transaction 1078 failed: getaddrinfo ENOTFOUND sepolia.infura.io
  Transaction 1079 failed: getaddrinfo ENOTFOUND sepolia.infura.io
  Transaction 1080 failed: getaddrinfo ENOTFOUND sepolia.infura.io
  Transaction 1081 failed: getaddrinfo ENOTFOUND sepolia.infura.io
  Transaction 1082 failed: getaddrinfo ENOTFOUND sepolia.infura.io
  Transaction 1083 failed: getaddrinfo ENOTFOUND sepolia.infura.io
  Transaction 1084 failed: getaddrinfo ENOTFOUND sepolia.infura.io
  Transaction 1085 failed: getaddrinfo ENOTFOUND sepolia.infura.io
  Transaction 1086 failed: getaddrinfo ENOTFOUND sepolia.infura.io
  Transaction 1087 failed: getaddrinfo ENOTFOUND sepolia.infura.io
  Transaction 1088 failed: getaddrinfo ENOTFOUND sepolia.infura.io
  Transaction 1089 failed: getaddrinfo ENOTFOUND sepolia.infura.io
  Transaction 1090 failed: getaddrinfo ENOTFOUND sepolia.infura.io
  Transaction 1091 failed: getaddrinfo ENOTFOUND sepolia.infura.io
  Transaction 1092 failed: getaddrinfo ENOTFOUND sepolia.infura.io
  Transaction 1093 failed: getaddrinfo ENOTFOUND sepolia.infura.io
  Transaction 1094 failed: getaddrinfo ENOTFOUND sepolia.infura.io
  Transaction 1095 failed: getaddrinfo ENOTFOUND sepolia.infura.io
  Transaction 1096 failed: getaddrinfo ENOTFOUND sepolia.infura.io
  Transaction 1097 failed: getaddrinfo ENOTFOUND sepolia.infura.io
  Transaction 1098 failed: getaddrinfo ENOTFOUND sepolia.infura.io
  Transaction 1099 failed: getaddrinfo ENOTFOUND sepolia.infura.io
  Transaction 1100 failed: getaddrinfo ENOTFOUND sepolia.infura.io
  Transaction 1101 failed: getaddrinfo ENOTFOUND sepolia.infura.io
  Transaction 1102 failed: getaddrinfo ENOTFOUND sepolia.infura.io
  Transaction 1103 failed: getaddrinfo ENOTFOUND sepolia.infura.io
  Transaction 1104 failed: getaddrinfo ENOTFOUND sepolia.infura.io
  Transaction 1105 failed: getaddrinfo ENOTFOUND sepolia.infura.io
  Transaction 1106 failed: getaddrinfo ENOTFOUND sepolia.infura.io
  Transaction 1107 failed: getaddrinfo ENOTFOUND sepolia.infura.io
  Transaction 1108 failed: getaddrinfo ENOTFOUND sepolia.infura.io
  Transaction 1109 failed: getaddrinfo ENOTFOUND sepolia.infura.io
  Transaction 1110 failed: getaddrinfo ENOTFOUND sepolia.infura.io
  Transaction 1111 failed: getaddrinfo ENOTFOUND sepolia.infura.io
  Transaction 1112 failed: getaddrinfo ENOTFOUND sepolia.infura.io
  Transaction 1113 failed: getaddrinfo ENOTFOUND sepolia.infura.io
  Transaction 1114 failed: getaddrinfo ENOTFOUND sepolia.infura.io
  Transaction 1115 failed: getaddrinfo ENOTFOUND sepolia.infura.io
  Transaction 1116 failed: getaddrinfo ENOTFOUND sepolia.infura.io
  Transaction 1117 failed: getaddrinfo ENOTFOUND sepolia.infura.io
  Transaction 1118 failed: getaddrinfo ENOTFOUND sepolia.infura.io
  Transaction 1119 failed: getaddrinfo ENOTFOUND sepolia.infura.io
  Transaction 1120 failed: getaddrinfo ENOTFOUND sepolia.infura.io
  Transaction 1121 failed: getaddrinfo ENOTFOUND sepolia.infura.io
  Transaction 1122 failed: getaddrinfo ENOTFOUND sepolia.infura.io
  Transaction 1123 failed: getaddrinfo ENOTFOUND sepolia.infura.io
  Transaction 1124 failed: getaddrinfo ENOTFOUND sepolia.infura.io
  Transaction 1125 failed: getaddrinfo ENOTFOUND sepolia.infura.io
  Transaction 1126 failed: getaddrinfo ENOTFOUND sepolia.infura.io
  Transaction 1127 failed: getaddrinfo ENOTFOUND sepolia.infura.io
  Transaction 1128 failed: getaddrinfo ENOTFOUND sepolia.infura.io
  Transaction 1129 failed: getaddrinfo ENOTFOUND sepolia.infura.io
  Transaction 1130 failed: getaddrinfo ENOTFOUND sepolia.infura.io
  Transaction 1131 failed: getaddrinfo ENOTFOUND sepolia.infura.io
  Transaction 1132 failed: getaddrinfo ENOTFOUND sepolia.infura.io
  Transaction 1133 failed: getaddrinfo ENOTFOUND sepolia.infura.io
  Transaction 1134 failed: getaddrinfo ENOTFOUND sepolia.infura.io
  Transaction 1135 failed: getaddrinfo ENOTFOUND sepolia.infura.io
  Transaction 1136 failed: getaddrinfo ENOTFOUND sepolia.infura.io
  Transaction 1137 failed: getaddrinfo ENOTFOUND sepolia.infura.io
  Transaction 1138 failed: getaddrinfo ENOTFOUND sepolia.infura.io
  Transaction 1139 failed: getaddrinfo ENOTFOUND sepolia.infura.io
  Transaction 1140 failed: getaddrinfo ENOTFOUND sepolia.infura.io
  Transaction 1141 failed: getaddrinfo ENOTFOUND sepolia.infura.io
  Transaction 1142 failed: getaddrinfo ENOTFOUND sepolia.infura.io
  Transaction 1143 failed: getaddrinfo ENOTFOUND sepolia.infura.io
  Transaction 1144 failed: getaddrinfo ENOTFOUND sepolia.infura.io
  Transaction 1145 failed: getaddrinfo ENOTFOUND sepolia.infura.io
  Transaction 1146 failed: getaddrinfo ENOTFOUND sepolia.infura.io
  Transaction 1147 failed: getaddrinfo ENOTFOUND sepolia.infura.io
  Transaction 1148 failed: getaddrinfo ENOTFOUND sepolia.infura.io
  Transaction 1149 failed: getaddrinfo ENOTFOUND sepolia.infura.io
  Transaction 1150 failed: getaddrinfo ENOTFOUND sepolia.infura.io
  Transaction 1151 failed: getaddrinfo ENOTFOUND sepolia.infura.io
  Transaction 1152 failed: getaddrinfo ENOTFOUND sepolia.infura.io
  Transaction 1153 failed: getaddrinfo ENOTFOUND sepolia.infura.io
  Transaction 1154 failed: getaddrinfo ENOTFOUND sepolia.infura.io
  Transaction 1155 failed: getaddrinfo ENOTFOUND sepolia.infura.io
  Transaction 1156 failed: getaddrinfo ENOTFOUND sepolia.infura.io
  Transaction 1157 failed: getaddrinfo ENOTFOUND sepolia.infura.io
  Transaction 1158 failed: getaddrinfo ENOTFOUND sepolia.infura.io
  Transaction 1159 failed: getaddrinfo ENOTFOUND sepolia.infura.io
  Transaction 1160 failed: getaddrinfo ENOTFOUND sepolia.infura.io
  Transaction 1161 failed: getaddrinfo ENOTFOUND sepolia.infura.io
  Transaction 1162 failed: getaddrinfo ENOTFOUND sepolia.infura.io
  Transaction 1163 failed: getaddrinfo ENOTFOUND sepolia.infura.io
  Transaction 1164 failed: getaddrinfo ENOTFOUND sepolia.infura.io
  Transaction 1165 failed: getaddrinfo ENOTFOUND sepolia.infura.io
  Transaction 1166 failed: getaddrinfo ENOTFOUND sepolia.infura.io
  Transaction 1167 failed: getaddrinfo ENOTFOUND sepolia.infura.io
  Transaction 1168 failed: getaddrinfo ENOTFOUND sepolia.infura.io
  Transaction 1169 failed: getaddrinfo ENOTFOUND sepolia.infura.io
  Transaction 1170 failed: getaddrinfo ENOTFOUND sepolia.infura.io
  Transaction 1171 failed: getaddrinfo ENOTFOUND sepolia.infura.io
  Transaction 1172 failed: getaddrinfo ENOTFOUND sepolia.infura.io
  Transaction 1173 failed: getaddrinfo ENOTFOUND sepolia.infura.io
  Transaction 1174 failed: getaddrinfo ENOTFOUND sepolia.infura.io
  Transaction 1175 failed: getaddrinfo ENOTFOUND sepolia.infura.io
  Transaction 1176 failed: getaddrinfo ENOTFOUND sepolia.infura.io
  Transaction 1177 failed: getaddrinfo ENOTFOUND sepolia.infura.io
  Transaction 1178 failed: getaddrinfo ENOTFOUND sepolia.infura.io
  Transaction 1179 failed: getaddrinfo ENOTFOUND sepolia.infura.io
  Transaction 1180 failed: getaddrinfo ENOTFOUND sepolia.infura.io
  Transaction 1181 failed: getaddrinfo ENOTFOUND sepolia.infura.io
  Transaction 1182 failed: getaddrinfo ENOTFOUND sepolia.infura.io
  Transaction 1183 failed: getaddrinfo ENOTFOUND sepolia.infura.io
  Transaction 1184 failed: getaddrinfo ENOTFOUND sepolia.infura.io
  Transaction 1185 failed: getaddrinfo ENOTFOUND sepolia.infura.io
  Transaction 1186 failed: getaddrinfo ENOTFOUND sepolia.infura.io
  Transaction 1187 failed: getaddrinfo ENOTFOUND sepolia.infura.io
  Transaction 1188 failed: getaddrinfo ENOTFOUND sepolia.infura.io
  Transaction 1189 failed: getaddrinfo ENOTFOUND sepolia.infura.io
  Transaction 1190 failed: getaddrinfo ENOTFOUND sepolia.infura.io
  Transaction 1191 failed: getaddrinfo ENOTFOUND sepolia.infura.io
  Transaction 1192 failed: getaddrinfo ENOTFOUND sepolia.infura.io
  Transaction 1193 failed: getaddrinfo ENOTFOUND sepolia.infura.io
  Transaction 1194 failed: getaddrinfo ENOTFOUND sepolia.infura.io
  Transaction 1195 failed: getaddrinfo ENOTFOUND sepolia.infura.io
  Transaction 1196 failed: getaddrinfo ENOTFOUND sepolia.infura.io
  Transaction 1197 failed: getaddrinfo ENOTFOUND sepolia.infura.io
  Transaction 1198 failed: getaddrinfo ENOTFOUND sepolia.infura.io
  Transaction 1199 failed: getaddrinfo ENOTFOUND sepolia.infura.io
  Transaction 1200 failed: getaddrinfo ENOTFOUND sepolia.infura.io
  Transaction 1201 failed: getaddrinfo ENOTFOUND sepolia.infura.io
  Transaction 1202 failed: getaddrinfo ENOTFOUND sepolia.infura.io
  Transaction 1203 failed: getaddrinfo ENOTFOUND sepolia.infura.io
  Transaction 1204 failed: getaddrinfo ENOTFOUND sepolia.infura.io
  Transaction 1205 failed: getaddrinfo ENOTFOUND sepolia.infura.io
  Transaction 1206 failed: getaddrinfo ENOTFOUND sepolia.infura.io
  Transaction 1207 failed: getaddrinfo ENOTFOUND sepolia.infura.io
  Transaction 1208 failed: getaddrinfo ENOTFOUND sepolia.infura.io
  Transaction 1209 failed: getaddrinfo ENOTFOUND sepolia.infura.io
  Transaction 1210 failed: getaddrinfo ENOTFOUND sepolia.infura.io
  Transaction 1211 failed: getaddrinfo ENOTFOUND sepolia.infura.io
  Transaction 1212 failed: getaddrinfo ENOTFOUND sepolia.infura.io
  Transaction 1213 failed: getaddrinfo ENOTFOUND sepolia.infura.io
  Transaction 1214 failed: getaddrinfo ENOTFOUND sepolia.infura.io
  Transaction 1215 failed: getaddrinfo ENOTFOUND sepolia.infura.io
  Transaction 1216 failed: getaddrinfo ENOTFOUND sepolia.infura.io
  Transaction 1217 failed: getaddrinfo ENOTFOUND sepolia.infura.io
  Transaction 1218 failed: getaddrinfo ENOTFOUND sepolia.infura.io
  Transaction 1219 failed: getaddrinfo ENOTFOUND sepolia.infura.io
  Transaction 1220 failed: getaddrinfo ENOTFOUND sepolia.infura.io
  Transaction 1221 failed: getaddrinfo ENOTFOUND sepolia.infura.io
  Transaction 1222 failed: getaddrinfo ENOTFOUND sepolia.infura.io
  Transaction 1223 failed: getaddrinfo ENOTFOUND sepolia.infura.io
  Transaction 1224 failed: getaddrinfo ENOTFOUND sepolia.infura.io
  Transaction 1225 failed: getaddrinfo ENOTFOUND sepolia.infura.io
  Transaction 1226 failed: getaddrinfo ENOTFOUND sepolia.infura.io
  Transaction 1227 failed: getaddrinfo ENOTFOUND sepolia.infura.io
  Transaction 1228 failed: getaddrinfo ENOTFOUND sepolia.infura.io
  Transaction 1229 failed: getaddrinfo ENOTFOUND sepolia.infura.io
  Transaction 1230 failed: getaddrinfo ENOTFOUND sepolia.infura.io
  Transaction 1231 failed: getaddrinfo ENOTFOUND sepolia.infura.io
  Transaction 1232 failed: getaddrinfo ENOTFOUND sepolia.infura.io
  Transaction 1233 failed: getaddrinfo ENOTFOUND sepolia.infura.io
  Transaction 1234 failed: getaddrinfo ENOTFOUND sepolia.infura.io
  Transaction 1235 failed: getaddrinfo ENOTFOUND sepolia.infura.io
  Transaction 1236 failed: getaddrinfo ENOTFOUND sepolia.infura.io
  Transaction 1237 failed: getaddrinfo ENOTFOUND sepolia.infura.io
  Transaction 1238 failed: getaddrinfo ENOTFOUND sepolia.infura.io
  Transaction 1239 failed: getaddrinfo ENOTFOUND sepolia.infura.io
  Transaction 1240 failed: getaddrinfo ENOTFOUND sepolia.infura.io
  Transaction 1241 failed: getaddrinfo ENOTFOUND sepolia.infura.io
  Transaction 1242 failed: getaddrinfo ENOTFOUND sepolia.infura.io
  Transaction 1243 failed: getaddrinfo ENOTFOUND sepolia.infura.io
  Transaction 1244 failed: getaddrinfo ENOTFOUND sepolia.infura.io
  Transaction 1245 failed: getaddrinfo ENOTFOUND sepolia.infura.io
  Transaction 1246 failed: getaddrinfo ENOTFOUND sepolia.infura.io
  Transaction 1247 failed: getaddrinfo ENOTFOUND sepolia.infura.io
  Transaction 1248 failed: getaddrinfo ENOTFOUND sepolia.infura.io
  Transaction 1249 failed: getaddrinfo ENOTFOUND sepolia.infura.io
  Transaction 1250 failed: getaddrinfo ENOTFOUND sepolia.infura.io
  Transaction 1251 failed: getaddrinfo ENOTFOUND sepolia.infura.io
  Transaction 1252 failed: getaddrinfo ENOTFOUND sepolia.infura.io
  Transaction 1253 failed: getaddrinfo ENOTFOUND sepolia.infura.io
  Transaction 1254 failed: getaddrinfo ENOTFOUND sepolia.infura.io
  Transaction 1255 failed: getaddrinfo ENOTFOUND sepolia.infura.io
  Transaction 1256 failed: getaddrinfo ENOTFOUND sepolia.infura.io
  Transaction 1257 failed: getaddrinfo ENOTFOUND sepolia.infura.io
  Transaction 1258 failed: getaddrinfo ENOTFOUND sepolia.infura.io
  Transaction 1259 failed: getaddrinfo ENOTFOUND sepolia.infura.io
  Transaction 1260 failed: getaddrinfo ENOTFOUND sepolia.infura.io
  Transaction 1261 failed: getaddrinfo ENOTFOUND sepolia.infura.io
  Transaction 1262 failed: getaddrinfo ENOTFOUND sepolia.infura.io
  Transaction 1263 failed: getaddrinfo ENOTFOUND sepolia.infura.io
  Transaction 1264 failed: getaddrinfo ENOTFOUND sepolia.infura.io
  Transaction 1265 failed: getaddrinfo ENOTFOUND sepolia.infura.io
  Transaction 1266 failed: getaddrinfo ENOTFOUND sepolia.infura.io
  Transaction 1267 failed: getaddrinfo ENOTFOUND sepolia.infura.io
  Transaction 1268 failed: getaddrinfo ENOTFOUND sepolia.infura.io
  Transaction 1269 failed: getaddrinfo ENOTFOUND sepolia.infura.io
  Transaction 1270 failed: getaddrinfo ENOTFOUND sepolia.infura.io
  Transaction 1271 failed: getaddrinfo ENOTFOUND sepolia.infura.io
  Transaction 1272 failed: getaddrinfo ENOTFOUND sepolia.infura.io
  Transaction 1273 failed: getaddrinfo ENOTFOUND sepolia.infura.io
  Transaction 1274 failed: getaddrinfo ENOTFOUND sepolia.infura.io
  Transaction 1275 failed: getaddrinfo ENOTFOUND sepolia.infura.io
  Transaction 1276 failed: getaddrinfo ENOTFOUND sepolia.infura.io
  Transaction 1277 failed: getaddrinfo ENOTFOUND sepolia.infura.io
  Transaction 1278 failed: getaddrinfo ENOTFOUND sepolia.infura.io
  Transaction 1279 failed: getaddrinfo ENOTFOUND sepolia.infura.io
  Transaction 1280 failed: getaddrinfo ENOTFOUND sepolia.infura.io
  Transaction 1281 failed: getaddrinfo ENOTFOUND sepolia.infura.io
  Transaction 1282 failed: getaddrinfo ENOTFOUND sepolia.infura.io
  Transaction 1283 failed: getaddrinfo ENOTFOUND sepolia.infura.io
  Transaction 1284 failed: getaddrinfo ENOTFOUND sepolia.infura.io
  Transaction 1285 failed: getaddrinfo ENOTFOUND sepolia.infura.io
  Transaction 1286 failed: getaddrinfo ENOTFOUND sepolia.infura.io
  Transaction 1287 failed: getaddrinfo ENOTFOUND sepolia.infura.io
  Transaction 1288 failed: getaddrinfo ENOTFOUND sepolia.infura.io
  Transaction 1289 failed: getaddrinfo ENOTFOUND sepolia.infura.io
  Transaction 1290 failed: getaddrinfo ENOTFOUND sepolia.infura.io
  Transaction 1291 failed: getaddrinfo ENOTFOUND sepolia.infura.io
  Transaction 1292 failed: getaddrinfo ENOTFOUND sepolia.infura.io
  Transaction 1293 failed: getaddrinfo ENOTFOUND sepolia.infura.io
  Transaction 1294 failed: getaddrinfo ENOTFOUND sepolia.infura.io
  Transaction 1295 failed: getaddrinfo ENOTFOUND sepolia.infura.io
  Transaction 1296 failed: getaddrinfo ENOTFOUND sepolia.infura.io
  Transaction 1297 failed: getaddrinfo ENOTFOUND sepolia.infura.io
  Transaction 1298 failed: getaddrinfo ENOTFOUND sepolia.infura.io
  Transaction 1299 failed: getaddrinfo ENOTFOUND sepolia.infura.io
  Transaction 1300 failed: getaddrinfo ENOTFOUND sepolia.infura.io
  Transaction 1301 failed: getaddrinfo ENOTFOUND sepolia.infura.io
  Transaction 1302 failed: getaddrinfo ENOTFOUND sepolia.infura.io
  Transaction 1303 failed: getaddrinfo ENOTFOUND sepolia.infura.io
  Transaction 1304 failed: getaddrinfo ENOTFOUND sepolia.infura.io
  Transaction 1305 failed: getaddrinfo ENOTFOUND sepolia.infura.io
  Transaction 1306 failed: getaddrinfo ENOTFOUND sepolia.infura.io
  Transaction 1307 failed: getaddrinfo ENOTFOUND sepolia.infura.io
  Transaction 1308 failed: getaddrinfo ENOTFOUND sepolia.infura.io
  Transaction 1309 failed: getaddrinfo ENOTFOUND sepolia.infura.io
  Transaction 1310 failed: getaddrinfo ENOTFOUND sepolia.infura.io
  Transaction 1311 failed: getaddrinfo ENOTFOUND sepolia.infura.io
  Transaction 1312 failed: getaddrinfo ENOTFOUND sepolia.infura.io
  Transaction 1313 failed: getaddrinfo ENOTFOUND sepolia.infura.io
  Transaction 1314 failed: getaddrinfo ENOTFOUND sepolia.infura.io
  Transaction 1315 failed: getaddrinfo ENOTFOUND sepolia.infura.io
  Transaction 1316 failed: getaddrinfo ENOTFOUND sepolia.infura.io
  Transaction 1317 failed: getaddrinfo ENOTFOUND sepolia.infura.io
  Transaction 1318 failed: getaddrinfo ENOTFOUND sepolia.infura.io
  Transaction 1319 failed: getaddrinfo ENOTFOUND sepolia.infura.io
  Transaction 1320 failed: getaddrinfo ENOTFOUND sepolia.infura.io
  Transaction 1321 failed: getaddrinfo ENOTFOUND sepolia.infura.io
  Transaction 1322 failed: getaddrinfo ENOTFOUND sepolia.infura.io
  Transaction 1323 failed: getaddrinfo ENOTFOUND sepolia.infura.io
  Transaction 1324 failed: getaddrinfo ENOTFOUND sepolia.infura.io
  Transaction 1325 failed: getaddrinfo ENOTFOUND sepolia.infura.io
  Transaction 1326 failed: getaddrinfo ENOTFOUND sepolia.infura.io
  Transaction 1327 failed: getaddrinfo ENOTFOUND sepolia.infura.io
  Transaction 1328 failed: getaddrinfo ENOTFOUND sepolia.infura.io
  Transaction 1329 failed: getaddrinfo ENOTFOUND sepolia.infura.io
  Transaction 1330 failed: getaddrinfo ENOTFOUND sepolia.infura.io
  Transaction 1331 failed: getaddrinfo ENOTFOUND sepolia.infura.io
  Transaction 1332 failed: getaddrinfo ENOTFOUND sepolia.infura.io
  Transaction 1333 failed: getaddrinfo ENOTFOUND sepolia.infura.io
  Transaction 1334 failed: getaddrinfo ENOTFOUND sepolia.infura.io
  Transaction 1335 failed: getaddrinfo ENOTFOUND sepolia.infura.io
  Transaction 1336 failed: getaddrinfo ENOTFOUND sepolia.infura.io
  Transaction 1337 failed: getaddrinfo ENOTFOUND sepolia.infura.io
  Transaction 1338 failed: getaddrinfo ENOTFOUND sepolia.infura.io
  Transaction 1339 failed: getaddrinfo ENOTFOUND sepolia.infura.io
  Transaction 1340 failed: getaddrinfo ENOTFOUND sepolia.infura.io
  Transaction 1341 failed: getaddrinfo ENOTFOUND sepolia.infura.io
  Transaction 1342 failed: getaddrinfo ENOTFOUND sepolia.infura.io
  Transaction 1343 failed: getaddrinfo ENOTFOUND sepolia.infura.io
  Transaction 1344 failed: getaddrinfo ENOTFOUND sepolia.infura.io
  Transaction 1345 failed: getaddrinfo ENOTFOUND sepolia.infura.io
  Transaction 1346 failed: getaddrinfo ENOTFOUND sepolia.infura.io
  Transaction 1347 failed: getaddrinfo ENOTFOUND sepolia.infura.io
  Transaction 1348 failed: getaddrinfo ENOTFOUND sepolia.infura.io
  Transaction 1349 failed: getaddrinfo ENOTFOUND sepolia.infura.io
  Transaction 1350 failed: getaddrinfo ENOTFOUND sepolia.infura.io
  Transaction 1351 failed: getaddrinfo ENOTFOUND sepolia.infura.io
  Transaction 1352 failed: getaddrinfo ENOTFOUND sepolia.infura.io
  Transaction 1353 failed: getaddrinfo ENOTFOUND sepolia.infura.io
  Transaction 1354 failed: getaddrinfo ENOTFOUND sepolia.infura.io
  Transaction 1355 failed: getaddrinfo ENOTFOUND sepolia.infura.io
  Transaction 1356 failed: getaddrinfo ENOTFOUND sepolia.infura.io
  Transaction 1357 failed: getaddrinfo ENOTFOUND sepolia.infura.io
  Transaction 1358 failed: getaddrinfo ENOTFOUND sepolia.infura.io
  Transaction 1359 failed: getaddrinfo ENOTFOUND sepolia.infura.io
  Transaction 1360 failed: getaddrinfo ENOTFOUND sepolia.infura.io
  Transaction 1361 failed: getaddrinfo ENOTFOUND sepolia.infura.io
  Transaction 1362 failed: getaddrinfo ENOTFOUND sepolia.infura.io
  Transaction 1363 failed: getaddrinfo ENOTFOUND sepolia.infura.io
  Transaction 1364 failed: getaddrinfo ENOTFOUND sepolia.infura.io
  Transaction 1365 failed: getaddrinfo ENOTFOUND sepolia.infura.io
  Transaction 1366 failed: getaddrinfo ENOTFOUND sepolia.infura.io
  Transaction 1367 failed: getaddrinfo ENOTFOUND sepolia.infura.io
  Transaction 1368 failed: getaddrinfo ENOTFOUND sepolia.infura.io
  Transaction 1369 failed: getaddrinfo ENOTFOUND sepolia.infura.io
  Transaction 1370 failed: getaddrinfo ENOTFOUND sepolia.infura.io
  Transaction 1371 failed: getaddrinfo ENOTFOUND sepolia.infura.io
  Transaction 1372 failed: getaddrinfo ENOTFOUND sepolia.infura.io
  Transaction 1373 failed: getaddrinfo ENOTFOUND sepolia.infura.io
  Transaction 1374 failed: getaddrinfo ENOTFOUND sepolia.infura.io
  Transaction 1375 failed: getaddrinfo ENOTFOUND sepolia.infura.io
  Transaction 1376 failed: getaddrinfo ENOTFOUND sepolia.infura.io
  Transaction 1377 failed: getaddrinfo ENOTFOUND sepolia.infura.io
  Transaction 1378 failed: getaddrinfo ENOTFOUND sepolia.infura.io
  Transaction 1379 failed: getaddrinfo ENOTFOUND sepolia.infura.io
  Transaction 1380 failed: getaddrinfo ENOTFOUND sepolia.infura.io
  Transaction 1381 failed: getaddrinfo ENOTFOUND sepolia.infura.io
  Transaction 1382 failed: getaddrinfo ENOTFOUND sepolia.infura.io
  Transaction 1383 failed: getaddrinfo ENOTFOUND sepolia.infura.io
  Transaction 1384 failed: getaddrinfo ENOTFOUND sepolia.infura.io
  Transaction 1385 failed: getaddrinfo ENOTFOUND sepolia.infura.io
  Transaction 1386 failed: getaddrinfo ENOTFOUND sepolia.infura.io
  Transaction 1387 failed: getaddrinfo ENOTFOUND sepolia.infura.io
  Transaction 1388 failed: getaddrinfo ENOTFOUND sepolia.infura.io
  Transaction 1389 failed: getaddrinfo ENOTFOUND sepolia.infura.io
  Transaction 1390 failed: getaddrinfo ENOTFOUND sepolia.infura.io
  Transaction 1391 failed: getaddrinfo ENOTFOUND sepolia.infura.io
  Transaction 1392 failed: getaddrinfo ENOTFOUND sepolia.infura.io
  Transaction 1393 failed: getaddrinfo ENOTFOUND sepolia.infura.io
  Transaction 1394 failed: getaddrinfo ENOTFOUND sepolia.infura.io
  Transaction 1395 failed: getaddrinfo ENOTFOUND sepolia.infura.io
  Transaction 1396 failed: getaddrinfo ENOTFOUND sepolia.infura.io
  Transaction 1397 failed: getaddrinfo ENOTFOUND sepolia.infura.io
  Transaction 1398 failed: getaddrinfo ENOTFOUND sepolia.infura.io
  Transaction 1399 failed: getaddrinfo ENOTFOUND sepolia.infura.io
  Transaction 1400 failed: getaddrinfo ENOTFOUND sepolia.infura.io
  Transaction 1401 failed: getaddrinfo ENOTFOUND sepolia.infura.io
  Transaction 1402 failed: getaddrinfo ENOTFOUND sepolia.infura.io
  Transaction 1403 failed: getaddrinfo ENOTFOUND sepolia.infura.io
  Transaction 1404 failed: getaddrinfo ENOTFOUND sepolia.infura.io
  Transaction 1405 failed: getaddrinfo ENOTFOUND sepolia.infura.io
  Transaction 1406 failed: getaddrinfo ENOTFOUND sepolia.infura.io
  Transaction 1407 failed: getaddrinfo ENOTFOUND sepolia.infura.io
  Transaction 1408 failed: getaddrinfo ENOTFOUND sepolia.infura.io
  Transaction 1409 failed: getaddrinfo ENOTFOUND sepolia.infura.io
  Transaction 1410 failed: getaddrinfo ENOTFOUND sepolia.infura.io
  Transaction 1411 failed: getaddrinfo ENOTFOUND sepolia.infura.io
  Transaction 1412 failed: getaddrinfo ENOTFOUND sepolia.infura.io
  Transaction 1413 failed: getaddrinfo ENOTFOUND sepolia.infura.io
  Transaction 1414 failed: getaddrinfo ENOTFOUND sepolia.infura.io
  Transaction 1415 failed: getaddrinfo ENOTFOUND sepolia.infura.io
  Transaction 1416 failed: getaddrinfo ENOTFOUND sepolia.infura.io
  Transaction 1417 failed: getaddrinfo ENOTFOUND sepolia.infura.io
  Transaction 1418 failed: getaddrinfo ENOTFOUND sepolia.infura.io
  Transaction 1419 failed: getaddrinfo ENOTFOUND sepolia.infura.io
  Transaction 1420 failed: getaddrinfo ENOTFOUND sepolia.infura.io
  Transaction 1421 failed: getaddrinfo ENOTFOUND sepolia.infura.io
  Transaction 1422 failed: getaddrinfo ENOTFOUND sepolia.infura.io
  Transaction 1423 failed: getaddrinfo ENOTFOUND sepolia.infura.io
  Transaction 1424 failed: getaddrinfo ENOTFOUND sepolia.infura.io
  Transaction 1425 failed: getaddrinfo ENOTFOUND sepolia.infura.io
  Transaction 1426 failed: getaddrinfo ENOTFOUND sepolia.infura.io
  Transaction 1427 failed: getaddrinfo ENOTFOUND sepolia.infura.io
  Transaction 1428 failed: getaddrinfo ENOTFOUND sepolia.infura.io
  Transaction 1429 failed: getaddrinfo ENOTFOUND sepolia.infura.io
  Transaction 1430 failed: getaddrinfo ENOTFOUND sepolia.infura.io
  Transaction 1431 failed: getaddrinfo ENOTFOUND sepolia.infura.io
  Transaction 1432 failed: getaddrinfo ENOTFOUND sepolia.infura.io
  Transaction 1433 failed: getaddrinfo ENOTFOUND sepolia.infura.io
  Transaction 1434 failed: getaddrinfo ENOTFOUND sepolia.infura.io
  Transaction 1435 failed: getaddrinfo ENOTFOUND sepolia.infura.io
  Transaction 1436 failed: getaddrinfo ENOTFOUND sepolia.infura.io
  Transaction 1437 failed: getaddrinfo ENOTFOUND sepolia.infura.io
  Transaction 1438 failed: getaddrinfo ENOTFOUND sepolia.infura.io
  Transaction 1439 failed: getaddrinfo ENOTFOUND sepolia.infura.io
  Transaction 1440 failed: getaddrinfo ENOTFOUND sepolia.infura.io
  Transaction 1441 failed: getaddrinfo ENOTFOUND sepolia.infura.io
  Transaction 1442 failed: getaddrinfo ENOTFOUND sepolia.infura.io
  Transaction 1443 failed: getaddrinfo ENOTFOUND sepolia.infura.io
  Transaction 1444 failed: getaddrinfo ENOTFOUND sepolia.infura.io
  Transaction 1445 failed: getaddrinfo ENOTFOUND sepolia.infura.io
  Transaction 1446 failed: getaddrinfo ENOTFOUND sepolia.infura.io
  Transaction 1447 failed: getaddrinfo ENOTFOUND sepolia.infura.io
  Transaction 1448 failed: getaddrinfo ENOTFOUND sepolia.infura.io
  Transaction 1449 failed: getaddrinfo ENOTFOUND sepolia.infura.io
  Transaction 1450 failed: getaddrinfo ENOTFOUND sepolia.infura.io
  Transaction 1451 failed: getaddrinfo ENOTFOUND sepolia.infura.io
  Transaction 1452 failed: getaddrinfo ENOTFOUND sepolia.infura.io
  Transaction 1453 failed: getaddrinfo ENOTFOUND sepolia.infura.io
  Transaction 1454 failed: getaddrinfo ENOTFOUND sepolia.infura.io
  Transaction 1455 failed: getaddrinfo ENOTFOUND sepolia.infura.io
  Transaction 1456 failed: getaddrinfo ENOTFOUND sepolia.infura.io
  Transaction 1457 failed: getaddrinfo ENOTFOUND sepolia.infura.io
  Transaction 1458 failed: getaddrinfo ENOTFOUND sepolia.infura.io
  Transaction 1459 failed: getaddrinfo ENOTFOUND sepolia.infura.io
  Transaction 1460 failed: getaddrinfo ENOTFOUND sepolia.infura.io
  Transaction 1461 failed: getaddrinfo ENOTFOUND sepolia.infura.io
  Transaction 1462 failed: getaddrinfo ENOTFOUND sepolia.infura.io
  Transaction 1463 failed: getaddrinfo ENOTFOUND sepolia.infura.io
  Transaction 1464 failed: getaddrinfo ENOTFOUND sepolia.infura.io
  Transaction 1465 failed: getaddrinfo ENOTFOUND sepolia.infura.io
  Transaction 1466 failed: getaddrinfo ENOTFOUND sepolia.infura.io
  Transaction 1467 failed: getaddrinfo ENOTFOUND sepolia.infura.io
  Transaction 1468 failed: getaddrinfo ENOTFOUND sepolia.infura.io
  Transaction 1469 failed: getaddrinfo ENOTFOUND sepolia.infura.io
  Transaction 1470 failed: getaddrinfo ENOTFOUND sepolia.infura.io
  Transaction 1471 failed: getaddrinfo ENOTFOUND sepolia.infura.io
  Transaction 1472 failed: getaddrinfo ENOTFOUND sepolia.infura.io
  Transaction 1473 failed: getaddrinfo ENOTFOUND sepolia.infura.io
  Transaction 1474 failed: getaddrinfo ENOTFOUND sepolia.infura.io
  Transaction 1475 failed: getaddrinfo ENOTFOUND sepolia.infura.io
  Transaction 1476 failed: getaddrinfo ENOTFOUND sepolia.infura.io
  Transaction 1477 failed: getaddrinfo ENOTFOUND sepolia.infura.io
  Transaction 1478 failed: getaddrinfo ENOTFOUND sepolia.infura.io
  Transaction 1479 failed: getaddrinfo ENOTFOUND sepolia.infura.io
  Transaction 1480 failed: getaddrinfo ENOTFOUND sepolia.infura.io
  Transaction 1481 failed: getaddrinfo ENOTFOUND sepolia.infura.io
  Transaction 1482 failed: getaddrinfo ENOTFOUND sepolia.infura.io
  Transaction 1483 failed: getaddrinfo ENOTFOUND sepolia.infura.io
  Transaction 1484 failed: getaddrinfo ENOTFOUND sepolia.infura.io
  Transaction 1485 failed: getaddrinfo ENOTFOUND sepolia.infura.io
  Transaction 1486 failed: getaddrinfo ENOTFOUND sepolia.infura.io
  Transaction 1487 failed: getaddrinfo ENOTFOUND sepolia.infura.io
  Transaction 1488 failed: getaddrinfo ENOTFOUND sepolia.infura.io
  Transaction 1489 failed: getaddrinfo ENOTFOUND sepolia.infura.io
  Transaction 1490 failed: getaddrinfo ENOTFOUND sepolia.infura.io
  Transaction 1491 failed: getaddrinfo ENOTFOUND sepolia.infura.io
  Transaction 1492 failed: getaddrinfo ENOTFOUND sepolia.infura.io
  Transaction 1493 failed: getaddrinfo ENOTFOUND sepolia.infura.io
  Transaction 1494 failed: getaddrinfo ENOTFOUND sepolia.infura.io
  Transaction 1495 failed: getaddrinfo ENOTFOUND sepolia.infura.io
  Transaction 1496 failed: getaddrinfo ENOTFOUND sepolia.infura.io
  Transaction 1497 failed: getaddrinfo ENOTFOUND sepolia.infura.io
  Transaction 1498 failed: getaddrinfo ENOTFOUND sepolia.infura.io
  Transaction 1499 failed: getaddrinfo ENOTFOUND sepolia.infura.io
  Transaction 1500 failed: getaddrinfo ENOTFOUND sepolia.infura.io
  Transaction 1501 failed: getaddrinfo ENOTFOUND sepolia.infura.io
  Transaction 1502 failed: getaddrinfo ENOTFOUND sepolia.infura.io
  Transaction 1503 failed: getaddrinfo ENOTFOUND sepolia.infura.io
  Transaction 1504 failed: getaddrinfo ENOTFOUND sepolia.infura.io
  Transaction 1505 failed: getaddrinfo ENOTFOUND sepolia.infura.io
  Transaction 1506 failed: getaddrinfo ENOTFOUND sepolia.infura.io
  Transaction 1507 failed: getaddrinfo ENOTFOUND sepolia.infura.io
  Transaction 1508 failed: getaddrinfo ENOTFOUND sepolia.infura.io
  Transaction 1509 failed: getaddrinfo ENOTFOUND sepolia.infura.io
  Transaction 1510 failed: getaddrinfo ENOTFOUND sepolia.infura.io
  Transaction 1511 failed: getaddrinfo ENOTFOUND sepolia.infura.io
  Transaction 1512 failed: getaddrinfo ENOTFOUND sepolia.infura.io
  Transaction 1513 failed: getaddrinfo ENOTFOUND sepolia.infura.io
  Transaction 1514 failed: getaddrinfo ENOTFOUND sepolia.infura.io
  Transaction 1515 failed: getaddrinfo ENOTFOUND sepolia.infura.io
  Transaction 1516 failed: getaddrinfo ENOTFOUND sepolia.infura.io
  Transaction 1517 failed: getaddrinfo ENOTFOUND sepolia.infura.io
  Transaction 1518 failed: getaddrinfo ENOTFOUND sepolia.infura.io
  Transaction 1519 failed: getaddrinfo ENOTFOUND sepolia.infura.io
  Transaction 1520 failed: getaddrinfo ENOTFOUND sepolia.infura.io
  Transaction 1521 failed: getaddrinfo ENOTFOUND sepolia.infura.io
  Transaction 1522 failed: getaddrinfo ENOTFOUND sepolia.infura.io
  Transaction 1523 failed: getaddrinfo ENOTFOUND sepolia.infura.io
  Transaction 1524 failed: getaddrinfo ENOTFOUND sepolia.infura.io
  Transaction 1525 failed: getaddrinfo ENOTFOUND sepolia.infura.io
  Transaction 1526 failed: getaddrinfo ENOTFOUND sepolia.infura.io
  Transaction 1527 failed: getaddrinfo ENOTFOUND sepolia.infura.io
  Transaction 1528 failed: getaddrinfo ENOTFOUND sepolia.infura.io
  Transaction 1529 failed: getaddrinfo ENOTFOUND sepolia.infura.io
  Transaction 1530 failed: getaddrinfo ENOTFOUND sepolia.infura.io
  Transaction 1531 failed: getaddrinfo ENOTFOUND sepolia.infura.io
  Transaction 1532 failed: getaddrinfo ENOTFOUND sepolia.infura.io
  Transaction 1533 failed: getaddrinfo ENOTFOUND sepolia.infura.io
  Transaction 1534 failed: getaddrinfo ENOTFOUND sepolia.infura.io
  Transaction 1535 failed: getaddrinfo ENOTFOUND sepolia.infura.io
  Transaction 1536 failed: getaddrinfo ENOTFOUND sepolia.infura.io
  Transaction 1537 failed: getaddrinfo ENOTFOUND sepolia.infura.io
  Transaction 1538 failed: getaddrinfo ENOTFOUND sepolia.infura.io
  Transaction 1539 failed: getaddrinfo ENOTFOUND sepolia.infura.io
  Transaction 1540 failed: getaddrinfo ENOTFOUND sepolia.infura.io
  Transaction 1541 failed: getaddrinfo ENOTFOUND sepolia.infura.io
  Transaction 1542 failed: getaddrinfo ENOTFOUND sepolia.infura.io
  Transaction 1543 failed: getaddrinfo ENOTFOUND sepolia.infura.io
  Transaction 1544 failed: getaddrinfo ENOTFOUND sepolia.infura.io
  Transaction 1545 failed: getaddrinfo ENOTFOUND sepolia.infura.io
  Transaction 1546 failed: getaddrinfo ENOTFOUND sepolia.infura.io
  Transaction 1547 failed: getaddrinfo ENOTFOUND sepolia.infura.io
  Transaction 1548 failed: getaddrinfo ENOTFOUND sepolia.infura.io
  Transaction 1549 failed: getaddrinfo ENOTFOUND sepolia.infura.io
  Transaction 1550 failed: getaddrinfo ENOTFOUND sepolia.infura.io
  Transaction 1551 failed: getaddrinfo ENOTFOUND sepolia.infura.io
  Transaction 1552 failed: getaddrinfo ENOTFOUND sepolia.infura.io
  Transaction 1553 failed: getaddrinfo ENOTFOUND sepolia.infura.io
  Transaction 1554 failed: getaddrinfo ENOTFOUND sepolia.infura.io
  Transaction 1555 failed: getaddrinfo ENOTFOUND sepolia.infura.io
  Transaction 1556 failed: getaddrinfo ENOTFOUND sepolia.infura.io
  Transaction 1557 failed: getaddrinfo ENOTFOUND sepolia.infura.io
  Transaction 1558 failed: getaddrinfo ENOTFOUND sepolia.infura.io
  Transaction 1559 failed: getaddrinfo ENOTFOUND sepolia.infura.io
  Transaction 1560 failed: getaddrinfo ENOTFOUND sepolia.infura.io
  Transaction 1561 failed: getaddrinfo ENOTFOUND sepolia.infura.io
  Transaction 1562 failed: getaddrinfo ENOTFOUND sepolia.infura.io
  Transaction 1563 failed: getaddrinfo ENOTFOUND sepolia.infura.io
  Transaction 1564 failed: getaddrinfo ENOTFOUND sepolia.infura.io
  Transaction 1565 failed: getaddrinfo ENOTFOUND sepolia.infura.io
  Transaction 1566 failed: getaddrinfo ENOTFOUND sepolia.infura.io
  Transaction 1567 failed: getaddrinfo ENOTFOUND sepolia.infura.io
  Transaction 1568 failed: getaddrinfo ENOTFOUND sepolia.infura.io
  Transaction 1569 failed: getaddrinfo ENOTFOUND sepolia.infura.io
  Transaction 1570 failed: getaddrinfo ENOTFOUND sepolia.infura.io
  Transaction 1571 failed: getaddrinfo ENOTFOUND sepolia.infura.io
  Transaction 1572 failed: getaddrinfo ENOTFOUND sepolia.infura.io
  Transaction 1573 failed: getaddrinfo ENOTFOUND sepolia.infura.io
  Transaction 1574 failed: getaddrinfo ENOTFOUND sepolia.infura.io
  Transaction 1575 failed: getaddrinfo ENOTFOUND sepolia.infura.io
  Transaction 1576 failed: getaddrinfo ENOTFOUND sepolia.infura.io
  Transaction 1577 failed: getaddrinfo ENOTFOUND sepolia.infura.io
  Transaction 1578 failed: getaddrinfo ENOTFOUND sepolia.infura.io
  Transaction 1579 failed: getaddrinfo ENOTFOUND sepolia.infura.io
  Transaction 1580 failed: getaddrinfo ENOTFOUND sepolia.infura.io
  Transaction 1581 failed: getaddrinfo ENOTFOUND sepolia.infura.io
  Transaction 1582 failed: getaddrinfo ENOTFOUND sepolia.infura.io
  Transaction 1583 failed: getaddrinfo ENOTFOUND sepolia.infura.io
  Transaction 1584 failed: getaddrinfo ENOTFOUND sepolia.infura.io
  Transaction 1585 failed: getaddrinfo ENOTFOUND sepolia.infura.io
  Transaction 1586 failed: getaddrinfo ENOTFOUND sepolia.infura.io
  Transaction 1587 failed: getaddrinfo ENOTFOUND sepolia.infura.io
  Transaction 1588 failed: getaddrinfo ENOTFOUND sepolia.infura.io
  Transaction 1589 failed: getaddrinfo ENOTFOUND sepolia.infura.io
  Transaction 1590 failed: getaddrinfo ENOTFOUND sepolia.infura.io
  Transaction 1591 failed: getaddrinfo ENOTFOUND sepolia.infura.io
  Transaction 1592 failed: getaddrinfo ENOTFOUND sepolia.infura.io
  Transaction 1593 failed: getaddrinfo ENOTFOUND sepolia.infura.io
  Transaction 1594 failed: getaddrinfo ENOTFOUND sepolia.infura.io
  Transaction 1595 failed: getaddrinfo ENOTFOUND sepolia.infura.io
  Transaction 1596 failed: getaddrinfo ENOTFOUND sepolia.infura.io
  Transaction 1597 failed: getaddrinfo ENOTFOUND sepolia.infura.io
  Transaction 1598 failed: getaddrinfo ENOTFOUND sepolia.infura.io
  Transaction 1599 failed: getaddrinfo ENOTFOUND sepolia.infura.io
  Transaction 1600 failed: getaddrinfo ENOTFOUND sepolia.infura.io
  Transaction 1601 failed: getaddrinfo ENOTFOUND sepolia.infura.io
  Transaction 1602 failed: getaddrinfo ENOTFOUND sepolia.infura.io
  Transaction 1603 failed: getaddrinfo ENOTFOUND sepolia.infura.io
  Transaction 1604 failed: getaddrinfo ENOTFOUND sepolia.infura.io
  Transaction 1605 failed: getaddrinfo ENOTFOUND sepolia.infura.io
  Transaction 1606 failed: getaddrinfo ENOTFOUND sepolia.infura.io
  Transaction 1607 failed: getaddrinfo ENOTFOUND sepolia.infura.io
  Transaction 1608 failed: getaddrinfo ENOTFOUND sepolia.infura.io
  Transaction 1609 failed: getaddrinfo ENOTFOUND sepolia.infura.io
  Transaction 1610 failed: getaddrinfo ENOTFOUND sepolia.infura.io
  Transaction 1611 failed: getaddrinfo ENOTFOUND sepolia.infura.io
  Transaction 1612 failed: getaddrinfo ENOTFOUND sepolia.infura.io
  Transaction 1613 failed: getaddrinfo ENOTFOUND sepolia.infura.io
  Transaction 1614 failed: getaddrinfo ENOTFOUND sepolia.infura.io
  Transaction 1615 failed: getaddrinfo ENOTFOUND sepolia.infura.io
  Transaction 1616 failed: getaddrinfo ENOTFOUND sepolia.infura.io
  Transaction 1617 failed: getaddrinfo ENOTFOUND sepolia.infura.io
  Transaction 1618 failed: getaddrinfo ENOTFOUND sepolia.infura.io
  Transaction 1619 failed: getaddrinfo ENOTFOUND sepolia.infura.io
  Transaction 1620 failed: getaddrinfo ENOTFOUND sepolia.infura.io
  Transaction 1621 failed: getaddrinfo ENOTFOUND sepolia.infura.io
  Transaction 1622 failed: getaddrinfo ENOTFOUND sepolia.infura.io
  Transaction 1623 failed: getaddrinfo ENOTFOUND sepolia.infura.io
  Transaction 1624 failed: getaddrinfo ENOTFOUND sepolia.infura.io
  Transaction 1625 failed: getaddrinfo ENOTFOUND sepolia.infura.io
  Transaction 1626 failed: getaddrinfo ENOTFOUND sepolia.infura.io
  Transaction 1627 failed: getaddrinfo ENOTFOUND sepolia.infura.io
  Transaction 1628 failed: getaddrinfo ENOTFOUND sepolia.infura.io
  Transaction 1629 failed: getaddrinfo ENOTFOUND sepolia.infura.io
  Transaction 1630 failed: getaddrinfo ENOTFOUND sepolia.infura.io
  Transaction 1631 failed: getaddrinfo ENOTFOUND sepolia.infura.io
  Transaction 1632 failed: getaddrinfo ENOTFOUND sepolia.infura.io
  Transaction 1633 failed: getaddrinfo ENOTFOUND sepolia.infura.io
  Transaction 1634 failed: getaddrinfo ENOTFOUND sepolia.infura.io
  Transaction 1635 failed: getaddrinfo ENOTFOUND sepolia.infura.io
  Transaction 1636 failed: getaddrinfo ENOTFOUND sepolia.infura.io
  Transaction 1637 failed: getaddrinfo ENOTFOUND sepolia.infura.io
  Transaction 1638 failed: getaddrinfo ENOTFOUND sepolia.infura.io
  Transaction 1639 failed: getaddrinfo ENOTFOUND sepolia.infura.io
  Transaction 1640 failed: getaddrinfo ENOTFOUND sepolia.infura.io
  Transaction 1641 failed: getaddrinfo ENOTFOUND sepolia.infura.io
  Transaction 1642 failed: getaddrinfo ENOTFOUND sepolia.infura.io
  Transaction 1643 failed: getaddrinfo ENOTFOUND sepolia.infura.io
  Transaction 1644 failed: getaddrinfo ENOTFOUND sepolia.infura.io
  Transaction 1645 failed: getaddrinfo ENOTFOUND sepolia.infura.io
  Transaction 1646 failed: getaddrinfo ENOTFOUND sepolia.infura.io
  Transaction 1647 failed: getaddrinfo ENOTFOUND sepolia.infura.io
  Transaction 1648 failed: getaddrinfo ENOTFOUND sepolia.infura.io
  Transaction 1649 failed: getaddrinfo ENOTFOUND sepolia.infura.io
  Transaction 1650 failed: getaddrinfo ENOTFOUND sepolia.infura.io
  Transaction 1651 failed: getaddrinfo ENOTFOUND sepolia.infura.io
  Transaction 1652 failed: getaddrinfo ENOTFOUND sepolia.infura.io
  Transaction 1653 failed: getaddrinfo ENOTFOUND sepolia.infura.io
  Transaction 1654 failed: getaddrinfo ENOTFOUND sepolia.infura.io
  Transaction 1655 failed: getaddrinfo ENOTFOUND sepolia.infura.io
  Transaction 1656 failed: getaddrinfo ENOTFOUND sepolia.infura.io
  Transaction 1657 failed: getaddrinfo ENOTFOUND sepolia.infura.io
  Transaction 1658 failed: getaddrinfo ENOTFOUND sepolia.infura.io
  Transaction 1659 failed: getaddrinfo ENOTFOUND sepolia.infura.io
  Transaction 1660 failed: getaddrinfo ENOTFOUND sepolia.infura.io
  Transaction 1661 failed: getaddrinfo ENOTFOUND sepolia.infura.io
  Transaction 1662 failed: getaddrinfo ENOTFOUND sepolia.infura.io
  Transaction 1663 failed: getaddrinfo ENOTFOUND sepolia.infura.io
  Transaction 1664 failed: getaddrinfo ENOTFOUND sepolia.infura.io
  Transaction 1665 failed: getaddrinfo ENOTFOUND sepolia.infura.io
  Transaction 1666 failed: getaddrinfo ENOTFOUND sepolia.infura.io
  Transaction 1667 failed: getaddrinfo ENOTFOUND sepolia.infura.io
  Transaction 1668 failed: getaddrinfo ENOTFOUND sepolia.infura.io
  Transaction 1669 failed: getaddrinfo ENOTFOUND sepolia.infura.io
  Transaction 1670 failed: getaddrinfo ENOTFOUND sepolia.infura.io
  Transaction 1671 failed: getaddrinfo ENOTFOUND sepolia.infura.io
  Transaction 1672 failed: getaddrinfo ENOTFOUND sepolia.infura.io
  Transaction 1673 failed: getaddrinfo ENOTFOUND sepolia.infura.io
  Transaction 1674 failed: getaddrinfo ENOTFOUND sepolia.infura.io
  Transaction 1675 failed: getaddrinfo ENOTFOUND sepolia.infura.io
  Transaction 1676 failed: getaddrinfo ENOTFOUND sepolia.infura.io
  Transaction 1677 failed: getaddrinfo ENOTFOUND sepolia.infura.io
  Transaction 1678 failed: getaddrinfo ENOTFOUND sepolia.infura.io
  Transaction 1679 failed: getaddrinfo ENOTFOUND sepolia.infura.io
  Transaction 1680 failed: getaddrinfo ENOTFOUND sepolia.infura.io
  Transaction 1681 failed: getaddrinfo ENOTFOUND sepolia.infura.io
  Transaction 1682 failed: getaddrinfo ENOTFOUND sepolia.infura.io
  Transaction 1683 failed: getaddrinfo ENOTFOUND sepolia.infura.io
  Transaction 1684 failed: getaddrinfo ENOTFOUND sepolia.infura.io
  Transaction 1685 failed: getaddrinfo ENOTFOUND sepolia.infura.io
  Transaction 1686 failed: getaddrinfo ENOTFOUND sepolia.infura.io
  Transaction 1687 failed: getaddrinfo ENOTFOUND sepolia.infura.io
  Transaction 1688 failed: getaddrinfo ENOTFOUND sepolia.infura.io
  Transaction 1689 failed: getaddrinfo ENOTFOUND sepolia.infura.io
  Transaction 1690 failed: getaddrinfo ENOTFOUND sepolia.infura.io
  Transaction 1691 failed: getaddrinfo ENOTFOUND sepolia.infura.io
  Transaction 1692 failed: getaddrinfo ENOTFOUND sepolia.infura.io
  Transaction 1693 failed: getaddrinfo ENOTFOUND sepolia.infura.io
  Transaction 1694 failed: getaddrinfo ENOTFOUND sepolia.infura.io
  Transaction 1695 failed: getaddrinfo ENOTFOUND sepolia.infura.io
  Transaction 1696 failed: getaddrinfo ENOTFOUND sepolia.infura.io
  Transaction 1697 failed: getaddrinfo ENOTFOUND sepolia.infura.io
  Transaction 1698 failed: getaddrinfo ENOTFOUND sepolia.infura.io
  Transaction 1699 failed: getaddrinfo ENOTFOUND sepolia.infura.io
  Transaction 1700 failed: getaddrinfo ENOTFOUND sepolia.infura.io
  Transaction 1701 failed: getaddrinfo ENOTFOUND sepolia.infura.io
  Transaction 1702 failed: getaddrinfo ENOTFOUND sepolia.infura.io
  Transaction 1703 failed: getaddrinfo ENOTFOUND sepolia.infura.io
  Transaction 1704 failed: getaddrinfo ENOTFOUND sepolia.infura.io
  Transaction 1705 failed: getaddrinfo ENOTFOUND sepolia.infura.io
  Transaction 1706 failed: getaddrinfo ENOTFOUND sepolia.infura.io
  Transaction 1707 failed: getaddrinfo ENOTFOUND sepolia.infura.io
  Transaction 1708 failed: getaddrinfo ENOTFOUND sepolia.infura.io
  Transaction 1709 failed: getaddrinfo ENOTFOUND sepolia.infura.io
  Transaction 1710 failed: getaddrinfo ENOTFOUND sepolia.infura.io
  Transaction 1711 failed: getaddrinfo ENOTFOUND sepolia.infura.io
  Transaction 1712 failed: getaddrinfo ENOTFOUND sepolia.infura.io
  Transaction 1713 failed: getaddrinfo ENOTFOUND sepolia.infura.io
  Transaction 1714 failed: getaddrinfo ENOTFOUND sepolia.infura.io
  Transaction 1715 failed: getaddrinfo ENOTFOUND sepolia.infura.io
  Transaction 1716 failed: getaddrinfo ENOTFOUND sepolia.infura.io
  Transaction 1717 failed: getaddrinfo ENOTFOUND sepolia.infura.io
  Transaction 1718 failed: getaddrinfo ENOTFOUND sepolia.infura.io
  Transaction 1719 failed: getaddrinfo ENOTFOUND sepolia.infura.io
  Transaction 1720 failed: getaddrinfo ENOTFOUND sepolia.infura.io
  Transaction 1721 failed: getaddrinfo ENOTFOUND sepolia.infura.io
  Transaction 1722 failed: getaddrinfo ENOTFOUND sepolia.infura.io
  Transaction 1723 failed: getaddrinfo ENOTFOUND sepolia.infura.io
  Transaction 1724 failed: getaddrinfo ENOTFOUND sepolia.infura.io
  Transaction 1725 failed: getaddrinfo ENOTFOUND sepolia.infura.io
  Transaction 1726 failed: getaddrinfo ENOTFOUND sepolia.infura.io
  Transaction 1727 failed: getaddrinfo ENOTFOUND sepolia.infura.io
  Transaction 1728 failed: getaddrinfo ENOTFOUND sepolia.infura.io
  Transaction 1729 failed: getaddrinfo ENOTFOUND sepolia.infura.io
  Transaction 1730 failed: getaddrinfo ENOTFOUND sepolia.infura.io
  Transaction 1731 failed: getaddrinfo ENOTFOUND sepolia.infura.io
  Transaction 1732 failed: getaddrinfo ENOTFOUND sepolia.infura.io
  Transaction 1733 failed: getaddrinfo ENOTFOUND sepolia.infura.io
  Transaction 1734 failed: getaddrinfo ENOTFOUND sepolia.infura.io
  Transaction 1735 failed: getaddrinfo ENOTFOUND sepolia.infura.io
  Transaction 1736 failed: getaddrinfo ENOTFOUND sepolia.infura.io
  Transaction 1737 failed: getaddrinfo ENOTFOUND sepolia.infura.io
  Transaction 1738 failed: getaddrinfo ENOTFOUND sepolia.infura.io
  Transaction 1739 failed: getaddrinfo ENOTFOUND sepolia.infura.io
  Transaction 1740 failed: getaddrinfo ENOTFOUND sepolia.infura.io
  Transaction 1741 failed: getaddrinfo ENOTFOUND sepolia.infura.io
  Transaction 1742 failed: getaddrinfo ENOTFOUND sepolia.infura.io
  Transaction 1743 failed: getaddrinfo ENOTFOUND sepolia.infura.io
  Transaction 1744 failed: getaddrinfo ENOTFOUND sepolia.infura.io
  Transaction 1745 failed: getaddrinfo ENOTFOUND sepolia.infura.io
  Transaction 1746 failed: getaddrinfo ENOTFOUND sepolia.infura.io
  Transaction 1747 failed: getaddrinfo ENOTFOUND sepolia.infura.io
  Transaction 1748 failed: getaddrinfo ENOTFOUND sepolia.infura.io
  Transaction 1749 failed: getaddrinfo ENOTFOUND sepolia.infura.io
  Transaction 1750 failed: getaddrinfo ENOTFOUND sepolia.infura.io
  Transaction 1751 failed: getaddrinfo ENOTFOUND sepolia.infura.io
  Transaction 1752 failed: getaddrinfo ENOTFOUND sepolia.infura.io
  Transaction 1753 failed: getaddrinfo ENOTFOUND sepolia.infura.io
  Transaction 1754 failed: getaddrinfo ENOTFOUND sepolia.infura.io
  Transaction 1755 failed: getaddrinfo ENOTFOUND sepolia.infura.io
  Transaction 1756 failed: getaddrinfo ENOTFOUND sepolia.infura.io
  Transaction 1757 failed: getaddrinfo ENOTFOUND sepolia.infura.io
  Transaction 1758 failed: getaddrinfo ENOTFOUND sepolia.infura.io
  Transaction 1759 failed: getaddrinfo ENOTFOUND sepolia.infura.io
  Transaction 1760 failed: getaddrinfo ENOTFOUND sepolia.infura.io
  Transaction 1761 failed: getaddrinfo ENOTFOUND sepolia.infura.io
  Transaction 1762 failed: getaddrinfo ENOTFOUND sepolia.infura.io
  Transaction 1763 failed: getaddrinfo ENOTFOUND sepolia.infura.io
  Transaction 1764 failed: getaddrinfo ENOTFOUND sepolia.infura.io
  Transaction 1765 failed: getaddrinfo ENOTFOUND sepolia.infura.io
  Transaction 1766 failed: getaddrinfo ENOTFOUND sepolia.infura.io
  Transaction 1767 failed: getaddrinfo ENOTFOUND sepolia.infura.io
  Transaction 1768 failed: getaddrinfo ENOTFOUND sepolia.infura.io
  Transaction 1769 failed: getaddrinfo ENOTFOUND sepolia.infura.io
  Transaction 1770 failed: getaddrinfo ENOTFOUND sepolia.infura.io
  Transaction 1771 failed: getaddrinfo ENOTFOUND sepolia.infura.io
  Transaction 1772 failed: getaddrinfo ENOTFOUND sepolia.infura.io
  Transaction 1773 failed: getaddrinfo ENOTFOUND sepolia.infura.io
  Transaction 1774 failed: getaddrinfo ENOTFOUND sepolia.infura.io
  Transaction 1775 failed: getaddrinfo ENOTFOUND sepolia.infura.io
  Transaction 1776 failed: getaddrinfo ENOTFOUND sepolia.infura.io
  Transaction 1777 failed: getaddrinfo ENOTFOUND sepolia.infura.io
  Transaction 1778 failed: getaddrinfo ENOTFOUND sepolia.infura.io
  Transaction 1779 failed: getaddrinfo ENOTFOUND sepolia.infura.io
  Transaction 1780 failed: getaddrinfo ENOTFOUND sepolia.infura.io
  Transaction 1781 failed: getaddrinfo ENOTFOUND sepolia.infura.io
  Transaction 1782 failed: getaddrinfo ENOTFOUND sepolia.infura.io
  Transaction 1783 failed: getaddrinfo ENOTFOUND sepolia.infura.io
  Transaction 1784 failed: getaddrinfo ENOTFOUND sepolia.infura.io
  Transaction 1785 failed: getaddrinfo ENOTFOUND sepolia.infura.io
  Transaction 1786 failed: getaddrinfo ENOTFOUND sepolia.infura.io
  Transaction 1787 failed: getaddrinfo ENOTFOUND sepolia.infura.io
  Transaction 1788 failed: getaddrinfo ENOTFOUND sepolia.infura.io
  Transaction 1789 failed: getaddrinfo ENOTFOUND sepolia.infura.io
  Transaction 1790 failed: getaddrinfo ENOTFOUND sepolia.infura.io
  Transaction 1791 failed: getaddrinfo ENOTFOUND sepolia.infura.io
  Transaction 1792 failed: getaddrinfo ENOTFOUND sepolia.infura.io
  Transaction 1793 failed: getaddrinfo ENOTFOUND sepolia.infura.io
  Transaction 1794 failed: getaddrinfo ENOTFOUND sepolia.infura.io
  Transaction 1795 failed: getaddrinfo ENOTFOUND sepolia.infura.io
  Transaction 1796 failed: getaddrinfo ENOTFOUND sepolia.infura.io
  Transaction 1797 failed: getaddrinfo ENOTFOUND sepolia.infura.io
  Transaction 1798 failed: getaddrinfo ENOTFOUND sepolia.infura.io
  Transaction 1799 failed: getaddrinfo ENOTFOUND sepolia.infura.io
  Transaction 1800 failed: getaddrinfo ENOTFOUND sepolia.infura.io
  Transaction 1801 failed: getaddrinfo ENOTFOUND sepolia.infura.io
  Transaction 1802 failed: getaddrinfo ENOTFOUND sepolia.infura.io
  Transaction 1803 failed: getaddrinfo ENOTFOUND sepolia.infura.io
  Transaction 1804 failed: getaddrinfo ENOTFOUND sepolia.infura.io
  Transaction 1805 failed: getaddrinfo ENOTFOUND sepolia.infura.io
  Transaction 1806 failed: getaddrinfo ENOTFOUND sepolia.infura.io
  Transaction 1807 failed: getaddrinfo ENOTFOUND sepolia.infura.io
  Transaction 1808 failed: getaddrinfo ENOTFOUND sepolia.infura.io
  Transaction 1809 failed: getaddrinfo ENOTFOUND sepolia.infura.io
  Transaction 1810 failed: getaddrinfo ENOTFOUND sepolia.infura.io
  Transaction 1811 failed: getaddrinfo ENOTFOUND sepolia.infura.io
  Transaction 1812 failed: getaddrinfo ENOTFOUND sepolia.infura.io
  Transaction 1813 failed: getaddrinfo ENOTFOUND sepolia.infura.io
  Transaction 1814 failed: getaddrinfo ENOTFOUND sepolia.infura.io
  Transaction 1815 failed: getaddrinfo ENOTFOUND sepolia.infura.io
  Transaction 1816 failed: getaddrinfo ENOTFOUND sepolia.infura.io
  Transaction 1817 failed: getaddrinfo ENOTFOUND sepolia.infura.io
  Transaction 1818 failed: getaddrinfo ENOTFOUND sepolia.infura.io
  Transaction 1819 failed: getaddrinfo ENOTFOUND sepolia.infura.io
  Transaction 1820 failed: getaddrinfo ENOTFOUND sepolia.infura.io
  Transaction 1821 failed: getaddrinfo ENOTFOUND sepolia.infura.io
  Transaction 1822 failed: getaddrinfo ENOTFOUND sepolia.infura.io
  Transaction 1823 failed: getaddrinfo ENOTFOUND sepolia.infura.io
  Transaction 1824 failed: getaddrinfo ENOTFOUND sepolia.infura.io
  Transaction 1825 failed: getaddrinfo ENOTFOUND sepolia.infura.io
  Transaction 1826 failed: getaddrinfo ENOTFOUND sepolia.infura.io
  Transaction 1827 failed: getaddrinfo ENOTFOUND sepolia.infura.io
  Transaction 1828 failed: getaddrinfo ENOTFOUND sepolia.infura.io
  Transaction 1829 failed: getaddrinfo ENOTFOUND sepolia.infura.io
  Transaction 1830 failed: getaddrinfo ENOTFOUND sepolia.infura.io
  Transaction 1831 failed: getaddrinfo ENOTFOUND sepolia.infura.io
  Transaction 1832 failed: getaddrinfo ENOTFOUND sepolia.infura.io
  Transaction 1833 failed: getaddrinfo ENOTFOUND sepolia.infura.io
  Transaction 1834 failed: getaddrinfo ENOTFOUND sepolia.infura.io
  Transaction 1835 failed: getaddrinfo ENOTFOUND sepolia.infura.io
  Transaction 1836 failed: getaddrinfo ENOTFOUND sepolia.infura.io
  Transaction 1837 failed: getaddrinfo ENOTFOUND sepolia.infura.io
  Transaction 1838 failed: getaddrinfo ENOTFOUND sepolia.infura.io
  Transaction 1839 failed: getaddrinfo ENOTFOUND sepolia.infura.io
  Transaction 1840 failed: getaddrinfo ENOTFOUND sepolia.infura.io
  Transaction 1841 failed: getaddrinfo ENOTFOUND sepolia.infura.io
  Transaction 1842 failed: getaddrinfo ENOTFOUND sepolia.infura.io
  Transaction 1843 failed: getaddrinfo ENOTFOUND sepolia.infura.io
  Transaction 1844 failed: getaddrinfo ENOTFOUND sepolia.infura.io
  Transaction 1845 failed: getaddrinfo ENOTFOUND sepolia.infura.io
  Transaction 1846 failed: getaddrinfo ENOTFOUND sepolia.infura.io
  Transaction 1847 failed: getaddrinfo ENOTFOUND sepolia.infura.io
  Transaction 1848 failed: getaddrinfo ENOTFOUND sepolia.infura.io
  Transaction 1849 failed: getaddrinfo ENOTFOUND sepolia.infura.io
  Transaction 1850 failed: getaddrinfo ENOTFOUND sepolia.infura.io
  Transaction 1851 failed: getaddrinfo ENOTFOUND sepolia.infura.io
  Transaction 1852 failed: getaddrinfo ENOTFOUND sepolia.infura.io
  Transaction 1853 failed: getaddrinfo ENOTFOUND sepolia.infura.io
  Transaction 1854 failed: getaddrinfo ENOTFOUND sepolia.infura.io
  Transaction 1855 failed: getaddrinfo ENOTFOUND sepolia.infura.io
  Transaction 1856 failed: getaddrinfo ENOTFOUND sepolia.infura.io
  Transaction 1857 failed: getaddrinfo ENOTFOUND sepolia.infura.io
  Transaction 1858 failed: getaddrinfo ENOTFOUND sepolia.infura.io
  Transaction 1859 failed: getaddrinfo ENOTFOUND sepolia.infura.io
  Transaction 1860 failed: getaddrinfo ENOTFOUND sepolia.infura.io
  Transaction 1861 failed: getaddrinfo ENOTFOUND sepolia.infura.io
  Transaction 1862 failed: getaddrinfo ENOTFOUND sepolia.infura.io
  Transaction 1863 failed: getaddrinfo ENOTFOUND sepolia.infura.io
  Transaction 1864 failed: getaddrinfo ENOTFOUND sepolia.infura.io
  Transaction 1865 failed: getaddrinfo ENOTFOUND sepolia.infura.io
  Transaction 1866 failed: getaddrinfo ENOTFOUND sepolia.infura.io
  Transaction 1867 failed: getaddrinfo ENOTFOUND sepolia.infura.io
  Transaction 1868 failed: getaddrinfo ENOTFOUND sepolia.infura.io
  Transaction 1869 failed: getaddrinfo ENOTFOUND sepolia.infura.io
  Transaction 1870 failed: getaddrinfo ENOTFOUND sepolia.infura.io
  Transaction 1871 failed: getaddrinfo ENOTFOUND sepolia.infura.io
  Transaction 1872 failed: getaddrinfo ENOTFOUND sepolia.infura.io
  Transaction 1873 failed: getaddrinfo ENOTFOUND sepolia.infura.io
  Transaction 1874 failed: getaddrinfo ENOTFOUND sepolia.infura.io
  Transaction 1875 failed: getaddrinfo ENOTFOUND sepolia.infura.io
  Transaction 1876 failed: getaddrinfo ENOTFOUND sepolia.infura.io
  Transaction 1877 failed: getaddrinfo ENOTFOUND sepolia.infura.io
  Transaction 1878 failed: getaddrinfo ENOTFOUND sepolia.infura.io
  Transaction 1879 failed: getaddrinfo ENOTFOUND sepolia.infura.io
  Transaction 1880 failed: getaddrinfo ENOTFOUND sepolia.infura.io
  Transaction 1881 failed: getaddrinfo ENOTFOUND sepolia.infura.io
  Transaction 1882 failed: getaddrinfo ENOTFOUND sepolia.infura.io
  Transaction 1883 failed: getaddrinfo ENOTFOUND sepolia.infura.io
  Transaction 1884 failed: getaddrinfo ENOTFOUND sepolia.infura.io
  Transaction 1885 failed: getaddrinfo ENOTFOUND sepolia.infura.io
  Transaction 1886 failed: getaddrinfo ENOTFOUND sepolia.infura.io
  Transaction 1887 failed: getaddrinfo ENOTFOUND sepolia.infura.io
  Transaction 1888 failed: getaddrinfo ENOTFOUND sepolia.infura.io
  Transaction 1889 failed: getaddrinfo ENOTFOUND sepolia.infura.io
  Transaction 1890 failed: getaddrinfo ENOTFOUND sepolia.infura.io
  Transaction 1891 failed: getaddrinfo ENOTFOUND sepolia.infura.io
  Transaction 1892 failed: getaddrinfo ENOTFOUND sepolia.infura.io
  Transaction 1893 failed: getaddrinfo ENOTFOUND sepolia.infura.io
  Transaction 1894 failed: getaddrinfo ENOTFOUND sepolia.infura.io
  Transaction 1895 failed: getaddrinfo ENOTFOUND sepolia.infura.io
  Transaction 1896 failed: getaddrinfo ENOTFOUND sepolia.infura.io
  Transaction 1897 failed: getaddrinfo ENOTFOUND sepolia.infura.io
  Transaction 1898 failed: getaddrinfo ENOTFOUND sepolia.infura.io
  Transaction 1899 failed: getaddrinfo ENOTFOUND sepolia.infura.io
  Transaction 1900 failed: getaddrinfo ENOTFOUND sepolia.infura.io
  Transaction 1901 failed: getaddrinfo ENOTFOUND sepolia.infura.io
  Transaction 1902 failed: getaddrinfo ENOTFOUND sepolia.infura.io
  Transaction 1903 failed: getaddrinfo ENOTFOUND sepolia.infura.io
  Transaction 1904 failed: getaddrinfo ENOTFOUND sepolia.infura.io
  Transaction 1905 failed: getaddrinfo ENOTFOUND sepolia.infura.io
  Transaction 1906 failed: getaddrinfo ENOTFOUND sepolia.infura.io
  Transaction 1907 failed: getaddrinfo ENOTFOUND sepolia.infura.io
  Transaction 1908 failed: getaddrinfo ENOTFOUND sepolia.infura.io
  Transaction 1909 failed: getaddrinfo ENOTFOUND sepolia.infura.io
  Transaction 1910 failed: getaddrinfo ENOTFOUND sepolia.infura.io
  Transaction 1911 failed: getaddrinfo ENOTFOUND sepolia.infura.io
  Transaction 1912 failed: getaddrinfo ENOTFOUND sepolia.infura.io
  Transaction 1913 failed: getaddrinfo ENOTFOUND sepolia.infura.io
  Transaction 1914 failed: getaddrinfo ENOTFOUND sepolia.infura.io
  Transaction 1915 failed: getaddrinfo ENOTFOUND sepolia.infura.io
  Transaction 1916 failed: getaddrinfo ENOTFOUND sepolia.infura.io
  Transaction 1917 failed: getaddrinfo ENOTFOUND sepolia.infura.io
  Transaction 1918 failed: getaddrinfo ENOTFOUND sepolia.infura.io
  Transaction 1919 failed: getaddrinfo ENOTFOUND sepolia.infura.io
  Transaction 1920 failed: getaddrinfo ENOTFOUND sepolia.infura.io
  Transaction 1921 failed: getaddrinfo ENOTFOUND sepolia.infura.io
  Transaction 1922 failed: getaddrinfo ENOTFOUND sepolia.infura.io
  Transaction 1923 failed: getaddrinfo ENOTFOUND sepolia.infura.io
  Transaction 1924 failed: getaddrinfo ENOTFOUND sepolia.infura.io
  Transaction 1925 failed: getaddrinfo ENOTFOUND sepolia.infura.io
  Transaction 1926 failed: getaddrinfo ENOTFOUND sepolia.infura.io
  Transaction 1927 failed: getaddrinfo ENOTFOUND sepolia.infura.io
  Transaction 1928 failed: getaddrinfo ENOTFOUND sepolia.infura.io
  Transaction 1929 failed: getaddrinfo ENOTFOUND sepolia.infura.io
  Transaction 1930 failed: getaddrinfo ENOTFOUND sepolia.infura.io
  Transaction 1931 failed: getaddrinfo ENOTFOUND sepolia.infura.io
  Transaction 1932 failed: getaddrinfo ENOTFOUND sepolia.infura.io
  Transaction 1933 failed: getaddrinfo ENOTFOUND sepolia.infura.io
  Transaction 1934 failed: getaddrinfo ENOTFOUND sepolia.infura.io
  Transaction 1935 failed: getaddrinfo ENOTFOUND sepolia.infura.io
  Transaction 1936 failed: getaddrinfo ENOTFOUND sepolia.infura.io
  Transaction 1937 failed: getaddrinfo ENOTFOUND sepolia.infura.io
  Transaction 1938 failed: getaddrinfo ENOTFOUND sepolia.infura.io
  Transaction 1939 failed: getaddrinfo ENOTFOUND sepolia.infura.io
  Transaction 1940 failed: getaddrinfo ENOTFOUND sepolia.infura.io
  Transaction 1941 failed: getaddrinfo ENOTFOUND sepolia.infura.io
  Transaction 1942 failed: getaddrinfo ENOTFOUND sepolia.infura.io
  Transaction 1943 failed: getaddrinfo ENOTFOUND sepolia.infura.io
  Transaction 1944 failed: getaddrinfo ENOTFOUND sepolia.infura.io
  Transaction 1945 failed: getaddrinfo ENOTFOUND sepolia.infura.io
  Transaction 1946 failed: getaddrinfo ENOTFOUND sepolia.infura.io
  Transaction 1947 failed: getaddrinfo ENOTFOUND sepolia.infura.io
  Transaction 1948 failed: getaddrinfo ENOTFOUND sepolia.infura.io
  Transaction 1949 failed: getaddrinfo ENOTFOUND sepolia.infura.io
  Transaction 1950 failed: getaddrinfo ENOTFOUND sepolia.infura.io
  Transaction 1951 failed: getaddrinfo ENOTFOUND sepolia.infura.io
  Transaction 1952 failed: getaddrinfo ENOTFOUND sepolia.infura.io
  Transaction 1953 failed: getaddrinfo ENOTFOUND sepolia.infura.io
  Transaction 1954 failed: getaddrinfo ENOTFOUND sepolia.infura.io
  Transaction 1955 failed: getaddrinfo ENOTFOUND sepolia.infura.io
  Transaction 1956 failed: getaddrinfo ENOTFOUND sepolia.infura.io
  Transaction 1957 failed: getaddrinfo ENOTFOUND sepolia.infura.io
  Transaction 1958 failed: getaddrinfo ENOTFOUND sepolia.infura.io
  Transaction 1959 failed: getaddrinfo ENOTFOUND sepolia.infura.io
  Transaction 1960 failed: getaddrinfo ENOTFOUND sepolia.infura.io
  Transaction 1961 failed: getaddrinfo ENOTFOUND sepolia.infura.io
  Transaction 1962 failed: getaddrinfo ENOTFOUND sepolia.infura.io
  Transaction 1963 failed: getaddrinfo ENOTFOUND sepolia.infura.io
  Transaction 1964 failed: getaddrinfo ENOTFOUND sepolia.infura.io
  Transaction 1965 failed: getaddrinfo ENOTFOUND sepolia.infura.io
  Transaction 1966 failed: getaddrinfo ENOTFOUND sepolia.infura.io
  Transaction 1967 failed: getaddrinfo ENOTFOUND sepolia.infura.io
  Transaction 1968 failed: getaddrinfo ENOTFOUND sepolia.infura.io
  Transaction 1969 failed: getaddrinfo ENOTFOUND sepolia.infura.io
  Transaction 1970 failed: getaddrinfo ENOTFOUND sepolia.infura.io
  Transaction 1971 failed: getaddrinfo ENOTFOUND sepolia.infura.io
  Transaction 1972 failed: getaddrinfo ENOTFOUND sepolia.infura.io
  Transaction 1973 failed: getaddrinfo ENOTFOUND sepolia.infura.io
  Transaction 1974 failed: getaddrinfo ENOTFOUND sepolia.infura.io
  Transaction 1975 failed: getaddrinfo ENOTFOUND sepolia.infura.io
  Transaction 1976 failed: getaddrinfo ENOTFOUND sepolia.infura.io
  Transaction 1977 failed: getaddrinfo ENOTFOUND sepolia.infura.io
  Transaction 1978 failed: getaddrinfo ENOTFOUND sepolia.infura.io
  Transaction 1979 failed: getaddrinfo ENOTFOUND sepolia.infura.io
  Transaction 1980 failed: getaddrinfo ENOTFOUND sepolia.infura.io
  Transaction 1981 failed: getaddrinfo ENOTFOUND sepolia.infura.io
  Transaction 1982 failed: getaddrinfo ENOTFOUND sepolia.infura.io
  Transaction 1983 failed: getaddrinfo ENOTFOUND sepolia.infura.io
  Transaction 1984 failed: getaddrinfo ENOTFOUND sepolia.infura.io
  Transaction 1985 failed: getaddrinfo ENOTFOUND sepolia.infura.io
  Transaction 1986 failed: getaddrinfo ENOTFOUND sepolia.infura.io
  Transaction 1987 failed: getaddrinfo ENOTFOUND sepolia.infura.io
  Transaction 1988 failed: getaddrinfo ENOTFOUND sepolia.infura.io
  Transaction 1989 failed: getaddrinfo ENOTFOUND sepolia.infura.io
  Transaction 1990 failed: getaddrinfo ENOTFOUND sepolia.infura.io
  Transaction 1991 failed: getaddrinfo ENOTFOUND sepolia.infura.io
  Transaction 1992 failed: getaddrinfo ENOTFOUND sepolia.infura.io
  Transaction 1993 failed: getaddrinfo ENOTFOUND sepolia.infura.io
  Transaction 1994 failed: getaddrinfo ENOTFOUND sepolia.infura.io
  Transaction 1995 failed: getaddrinfo ENOTFOUND sepolia.infura.io
  Transaction 1996 failed: getaddrinfo ENOTFOUND sepolia.infura.io
  Transaction 1997 failed: getaddrinfo ENOTFOUND sepolia.infura.io
  Transaction 1998 failed: getaddrinfo ENOTFOUND sepolia.infura.io
  Transaction 1999 failed: getaddrinfo ENOTFOUND sepolia.infura.io
  Transaction 2000 failed: getaddrinfo ENOTFOUND sepolia.infura.io

Level 1 completed:
  Total Gas: 0
  Average Gas: NaN

========== Testing Level 2 ==========
Running 2000 transactions...

  Transaction 1 failed: getaddrinfo ENOTFOUND sepolia.infura.io
  Transaction 2 failed: getaddrinfo ENOTFOUND sepolia.infura.io
  Transaction 3 failed: getaddrinfo ENOTFOUND sepolia.infura.io
  Transaction 4 failed: getaddrinfo ENOTFOUND sepolia.infura.io
  Transaction 5 failed: getaddrinfo ENOTFOUND sepolia.infura.io
  Transaction 6 failed: getaddrinfo ENOTFOUND sepolia.infura.io
  Transaction 7 failed: getaddrinfo ENOTFOUND sepolia.infura.io
  Transaction 8 failed: getaddrinfo ENOTFOUND sepolia.infura.io
  Transaction 9 failed: getaddrinfo ENOTFOUND sepolia.infura.io
  Transaction 10 failed: getaddrinfo ENOTFOUND sepolia.infura.io
  Transaction 11 failed: getaddrinfo ENOTFOUND sepolia.infura.io
  Transaction 12 failed: getaddrinfo ENOTFOUND sepolia.infura.io
  Transaction 13 failed: getaddrinfo ENOTFOUND sepolia.infura.io
  Transaction 14 failed: getaddrinfo ENOTFOUND sepolia.infura.io
  Transaction 15 failed: getaddrinfo ENOTFOUND sepolia.infura.io
  Transaction 16 failed: getaddrinfo ENOTFOUND sepolia.infura.io
  Transaction 17 failed: getaddrinfo ENOTFOUND sepolia.infura.io
  Transaction 18 failed: getaddrinfo ENOTFOUND sepolia.infura.io
  Transaction 19 failed: getaddrinfo ENOTFOUND sepolia.infura.io
  Transaction 20 failed: getaddrinfo ENOTFOUND sepolia.infura.io
  Transaction 21 failed: getaddrinfo ENOTFOUND sepolia.infura.io
  Transaction 22 failed: getaddrinfo ENOTFOUND sepolia.infura.io
  Transaction 23 failed: getaddrinfo ENOTFOUND sepolia.infura.io
  Transaction 24 failed: getaddrinfo ENOTFOUND sepolia.infura.io
  Transaction 25 failed: getaddrinfo ENOTFOUND sepolia.infura.io
  Transaction 26 failed: getaddrinfo ENOTFOUND sepolia.infura.io
  Transaction 27 failed: getaddrinfo ENOTFOUND sepolia.infura.io
  Transaction 28 failed: getaddrinfo ENOTFOUND sepolia.infura.io
  Transaction 29 failed: getaddrinfo ENOTFOUND sepolia.infura.io
  Transaction 30 failed: getaddrinfo ENOTFOUND sepolia.infura.io
  Transaction 31 failed: getaddrinfo ENOTFOUND sepolia.infura.io
  Transaction 32 failed: getaddrinfo ENOTFOUND sepolia.infura.io
  Transaction 33 failed: getaddrinfo ENOTFOUND sepolia.infura.io
  Transaction 34 failed: getaddrinfo ENOTFOUND sepolia.infura.io
  Transaction 35 failed: getaddrinfo ENOTFOUND sepolia.infura.io
  Transaction 36 failed: getaddrinfo ENOTFOUND sepolia.infura.io
  Transaction 37 failed: getaddrinfo ENOTFOUND sepolia.infura.io
  Transaction 38 failed: getaddrinfo ENOTFOUND sepolia.infura.io
  Transaction 39 failed: getaddrinfo ENOTFOUND sepolia.infura.io
  Transaction 40 failed: getaddrinfo ENOTFOUND sepolia.infura.io
  Transaction 41 failed: getaddrinfo ENOTFOUND sepolia.infura.io
  Transaction 42 failed: getaddrinfo ENOTFOUND sepolia.infura.io
  Transaction 43 failed: getaddrinfo ENOTFOUND sepolia.infura.io
  Transaction 44 failed: getaddrinfo ENOTFOUND sepolia.infura.io
  Transaction 45 failed: getaddrinfo ENOTFOUND sepolia.infura.io
  Transaction 46 failed: getaddrinfo ENOTFOUND sepolia.infura.io
  Transaction 47 failed: getaddrinfo ENOTFOUND sepolia.infura.io
  Transaction 48 failed: getaddrinfo ENOTFOUND sepolia.infura.io
  Transaction 49 failed: getaddrinfo ENOTFOUND sepolia.infura.io
  Transaction 50 failed: getaddrinfo ENOTFOUND sepolia.infura.io
  Transaction 51 failed: getaddrinfo ENOTFOUND sepolia.infura.io
  Transaction 52 failed: getaddrinfo ENOTFOUND sepolia.infura.io
  Transaction 53 failed: getaddrinfo ENOTFOUND sepolia.infura.io
  Transaction 54 failed: getaddrinfo ENOTFOUND sepolia.infura.io
  Transaction 55 failed: getaddrinfo ENOTFOUND sepolia.infura.io
  Transaction 56 failed: getaddrinfo ENOTFOUND sepolia.infura.io
  Transaction 57 failed: getaddrinfo ENOTFOUND sepolia.infura.io
  Transaction 58 failed: getaddrinfo ENOTFOUND sepolia.infura.io
  Transaction 59 failed: getaddrinfo ENOTFOUND sepolia.infura.io
  Transaction 60 failed: getaddrinfo ENOTFOUND sepolia.infura.io
  Transaction 61 failed: getaddrinfo ENOTFOUND sepolia.infura.io
  Transaction 62 failed: getaddrinfo ENOTFOUND sepolia.infura.io
  Transaction 63 failed: getaddrinfo ENOTFOUND sepolia.infura.io
  Transaction 64 failed: getaddrinfo ENOTFOUND sepolia.infura.io
  Transaction 65 failed: getaddrinfo ENOTFOUND sepolia.infura.io
  Transaction 66 failed: getaddrinfo ENOTFOUND sepolia.infura.io
  Transaction 67 failed: getaddrinfo ENOTFOUND sepolia.infura.io
  Transaction 68 failed: getaddrinfo ENOTFOUND sepolia.infura.io
  Transaction 69 failed: getaddrinfo ENOTFOUND sepolia.infura.io
  Transaction 70 failed: getaddrinfo ENOTFOUND sepolia.infura.io
  Transaction 71 failed: getaddrinfo ENOTFOUND sepolia.infura.io
  Transaction 72 failed: getaddrinfo ENOTFOUND sepolia.infura.io
  Transaction 73 failed: getaddrinfo ENOTFOUND sepolia.infura.io
  Transaction 74 failed: getaddrinfo ENOTFOUND sepolia.infura.io
  Transaction 75 failed: getaddrinfo ENOTFOUND sepolia.infura.io
  Transaction 76 failed: getaddrinfo ENOTFOUND sepolia.infura.io
  Transaction 77 failed: getaddrinfo ENOTFOUND sepolia.infura.io
  Transaction 78 failed: getaddrinfo ENOTFOUND sepolia.infura.io
  Transaction 79 failed: getaddrinfo ENOTFOUND sepolia.infura.io
  Transaction 80 failed: getaddrinfo ENOTFOUND sepolia.infura.io
  Transaction 81 failed: getaddrinfo ENOTFOUND sepolia.infura.io
  Transaction 82 failed: getaddrinfo ENOTFOUND sepolia.infura.io
  Transaction 83 failed: getaddrinfo ENOTFOUND sepolia.infura.io
  Transaction 84 failed: getaddrinfo ENOTFOUND sepolia.infura.io
  Transaction 85 failed: getaddrinfo ENOTFOUND sepolia.infura.io
  Transaction 86 failed: getaddrinfo ENOTFOUND sepolia.infura.io
  Transaction 87 failed: getaddrinfo ENOTFOUND sepolia.infura.io
  Transaction 88 failed: getaddrinfo ENOTFOUND sepolia.infura.io
  Transaction 89 failed: getaddrinfo ENOTFOUND sepolia.infura.io
  Transaction 90 failed: getaddrinfo ENOTFOUND sepolia.infura.io
  Transaction 91 failed: getaddrinfo ENOTFOUND sepolia.infura.io
  Transaction 92 failed: getaddrinfo ENOTFOUND sepolia.infura.io
  Transaction 93 failed: getaddrinfo ENOTFOUND sepolia.infura.io
  Transaction 94 failed: getaddrinfo ENOTFOUND sepolia.infura.io
  Transaction 95 failed: getaddrinfo ENOTFOUND sepolia.infura.io
  Transaction 96 failed: getaddrinfo ENOTFOUND sepolia.infura.io
  Transaction 97 failed: getaddrinfo ENOTFOUND sepolia.infura.io
  Transaction 98 failed: getaddrinfo ENOTFOUND sepolia.infura.io
  Transaction 99 failed: getaddrinfo ENOTFOUND sepolia.infura.io
  Transaction 100 failed: getaddrinfo ENOTFOUND sepolia.infura.io
  Transaction 101 failed: getaddrinfo ENOTFOUND sepolia.infura.io
  Transaction 102 failed: getaddrinfo ENOTFOUND sepolia.infura.io
  Transaction 103 failed: getaddrinfo ENOTFOUND sepolia.infura.io
  Transaction 104 failed: getaddrinfo ENOTFOUND sepolia.infura.io
  Transaction 105 failed: getaddrinfo ENOTFOUND sepolia.infura.io
  Transaction 106 failed: getaddrinfo ENOTFOUND sepolia.infura.io
  Transaction 107 failed: getaddrinfo ENOTFOUND sepolia.infura.io
  Transaction 108 failed: getaddrinfo ENOTFOUND sepolia.infura.io
  Transaction 109 failed: getaddrinfo ENOTFOUND sepolia.infura.io
  Transaction 110 failed: getaddrinfo ENOTFOUND sepolia.infura.io
  Transaction 111 failed: getaddrinfo ENOTFOUND sepolia.infura.io
  Transaction 112 failed: getaddrinfo ENOTFOUND sepolia.infura.io
  Transaction 113 failed: getaddrinfo ENOTFOUND sepolia.infura.io
  Transaction 114 failed: getaddrinfo ENOTFOUND sepolia.infura.io
  Transaction 115 failed: getaddrinfo ENOTFOUND sepolia.infura.io
  Transaction 116 failed: getaddrinfo ENOTFOUND sepolia.infura.io
  Transaction 117 failed: getaddrinfo ENOTFOUND sepolia.infura.io
  Transaction 118 failed: getaddrinfo ENOTFOUND sepolia.infura.io
  Transaction 119 failed: getaddrinfo ENOTFOUND sepolia.infura.io
  Transaction 120 failed: getaddrinfo ENOTFOUND sepolia.infura.io
  Transaction 121 failed: getaddrinfo ENOTFOUND sepolia.infura.io
  Transaction 122 failed: getaddrinfo ENOTFOUND sepolia.infura.io
  Transaction 123 failed: getaddrinfo ENOTFOUND sepolia.infura.io
  Transaction 124 failed: getaddrinfo ENOTFOUND sepolia.infura.io
  Transaction 125 failed: getaddrinfo ENOTFOUND sepolia.infura.io
  Transaction 126 failed: getaddrinfo ENOTFOUND sepolia.infura.io
  Transaction 127 failed: getaddrinfo ENOTFOUND sepolia.infura.io
  Transaction 128 failed: getaddrinfo ENOTFOUND sepolia.infura.io
  Transaction 129 failed: getaddrinfo ENOTFOUND sepolia.infura.io
  Transaction 130 failed: getaddrinfo ENOTFOUND sepolia.infura.io
  Transaction 131 failed: getaddrinfo ENOTFOUND sepolia.infura.io
  Transaction 132 failed: getaddrinfo ENOTFOUND sepolia.infura.io
  Transaction 133 failed: getaddrinfo ENOTFOUND sepolia.infura.io
  Transaction 134 failed: getaddrinfo ENOTFOUND sepolia.infura.io
  Transaction 135 failed: getaddrinfo ENOTFOUND sepolia.infura.io
  Transaction 136 failed: getaddrinfo ENOTFOUND sepolia.infura.io
  Transaction 137 failed: getaddrinfo ENOTFOUND sepolia.infura.io
  Transaction 138 failed: getaddrinfo ENOTFOUND sepolia.infura.io
  Transaction 139 failed: getaddrinfo ENOTFOUND sepolia.infura.io
  Transaction 140 failed: getaddrinfo ENOTFOUND sepolia.infura.io
  Transaction 141 failed: getaddrinfo ENOTFOUND sepolia.infura.io
  Transaction 142 failed: getaddrinfo ENOTFOUND sepolia.infura.io
  Transaction 143 failed: getaddrinfo ENOTFOUND sepolia.infura.io
  Transaction 144 failed: getaddrinfo ENOTFOUND sepolia.infura.io
  Transaction 145 failed: getaddrinfo ENOTFOUND sepolia.infura.io
  Transaction 146 failed: getaddrinfo ENOTFOUND sepolia.infura.io
  Transaction 147 failed: getaddrinfo ENOTFOUND sepolia.infura.io
  Transaction 148 failed: getaddrinfo ENOTFOUND sepolia.infura.io
  Transaction 149 failed: getaddrinfo ENOTFOUND sepolia.infura.io
  Transaction 150 failed: getaddrinfo ENOTFOUND sepolia.infura.io
  Transaction 151 failed: getaddrinfo ENOTFOUND sepolia.infura.io
  Transaction 152 failed: getaddrinfo ENOTFOUND sepolia.infura.io
  Transaction 153 failed: getaddrinfo ENOTFOUND sepolia.infura.io
  Transaction 154 failed: getaddrinfo ENOTFOUND sepolia.infura.io
  Transaction 155 failed: getaddrinfo ENOTFOUND sepolia.infura.io
  Transaction 156 failed: getaddrinfo ENOTFOUND sepolia.infura.io
  Transaction 157 failed: getaddrinfo ENOTFOUND sepolia.infura.io
  Transaction 158 failed: getaddrinfo ENOTFOUND sepolia.infura.io
  Transaction 159 failed: getaddrinfo ENOTFOUND sepolia.infura.io
  Transaction 160 failed: getaddrinfo ENOTFOUND sepolia.infura.io
  Transaction 161 failed: getaddrinfo ENOTFOUND sepolia.infura.io
  Transaction 162 failed: getaddrinfo ENOTFOUND sepolia.infura.io
  Transaction 163 failed: getaddrinfo ENOTFOUND sepolia.infura.io
  Transaction 164 failed: getaddrinfo ENOTFOUND sepolia.infura.io
  Transaction 165 failed: getaddrinfo ENOTFOUND sepolia.infura.io
  Transaction 166 failed: getaddrinfo ENOTFOUND sepolia.infura.io
  Transaction 167 failed: getaddrinfo ENOTFOUND sepolia.infura.io
  Transaction 168 failed: getaddrinfo ENOTFOUND sepolia.infura.io
  Transaction 169 failed: getaddrinfo ENOTFOUND sepolia.infura.io
  Transaction 170 failed: getaddrinfo ENOTFOUND sepolia.infura.io
  Transaction 171 failed: getaddrinfo ENOTFOUND sepolia.infura.io
  Transaction 172 failed: getaddrinfo ENOTFOUND sepolia.infura.io
  Transaction 173 failed: getaddrinfo ENOTFOUND sepolia.infura.io
  Transaction 174 failed: getaddrinfo ENOTFOUND sepolia.infura.io
  Transaction 175 failed: getaddrinfo ENOTFOUND sepolia.infura.io
  Transaction 176 failed: getaddrinfo ENOTFOUND sepolia.infura.io
  Transaction 177 failed: getaddrinfo ENOTFOUND sepolia.infura.io
  Transaction 178 failed: getaddrinfo ENOTFOUND sepolia.infura.io
  Transaction 179 failed: getaddrinfo ENOTFOUND sepolia.infura.io
  Transaction 180 failed: getaddrinfo ENOTFOUND sepolia.infura.io
  Transaction 181 failed: getaddrinfo ENOTFOUND sepolia.infura.io
  Transaction 182 failed: getaddrinfo ENOTFOUND sepolia.infura.io
  Transaction 183 failed: getaddrinfo ENOTFOUND sepolia.infura.io
  Transaction 184 failed: getaddrinfo ENOTFOUND sepolia.infura.io
  Transaction 185 failed: getaddrinfo ENOTFOUND sepolia.infura.io
  Transaction 186 failed: getaddrinfo ENOTFOUND sepolia.infura.io
  Transaction 187 failed: getaddrinfo ENOTFOUND sepolia.infura.io
  Transaction 188 failed: getaddrinfo ENOTFOUND sepolia.infura.io
  Transaction 189 failed: getaddrinfo ENOTFOUND sepolia.infura.io
  Transaction 190 failed: getaddrinfo ENOTFOUND sepolia.infura.io
  Transaction 191 failed: getaddrinfo ENOTFOUND sepolia.infura.io
  Transaction 192 failed: getaddrinfo ENOTFOUND sepolia.infura.io
  Transaction 193 failed: getaddrinfo ENOTFOUND sepolia.infura.io
  Transaction 194 failed: getaddrinfo ENOTFOUND sepolia.infura.io
  Transaction 195 failed: getaddrinfo ENOTFOUND sepolia.infura.io
  Transaction 196 failed: getaddrinfo ENOTFOUND sepolia.infura.io
  Transaction 197 failed: getaddrinfo ENOTFOUND sepolia.infura.io
  Transaction 198 failed: getaddrinfo ENOTFOUND sepolia.infura.io
  Transaction 199 failed: getaddrinfo ENOTFOUND sepolia.infura.io
  Transaction 200 failed: getaddrinfo ENOTFOUND sepolia.infura.io
  Transaction 201 failed: getaddrinfo ENOTFOUND sepolia.infura.io
  Transaction 202 failed: getaddrinfo ENOTFOUND sepolia.infura.io
  Transaction 203 failed: getaddrinfo ENOTFOUND sepolia.infura.io
  Transaction 204 failed: getaddrinfo ENOTFOUND sepolia.infura.io
  Transaction 205 failed: getaddrinfo ENOTFOUND sepolia.infura.io
  Transaction 206 failed: getaddrinfo ENOTFOUND sepolia.infura.io
  Transaction 207 failed: getaddrinfo ENOTFOUND sepolia.infura.io
  Transaction 208 failed: getaddrinfo ENOTFOUND sepolia.infura.io
  Transaction 209 failed: getaddrinfo ENOTFOUND sepolia.infura.io
  Transaction 210 failed: getaddrinfo ENOTFOUND sepolia.infura.io
  Transaction 211 failed: getaddrinfo ENOTFOUND sepolia.infura.io
  Transaction 212 failed: getaddrinfo ENOTFOUND sepolia.infura.io
  Transaction 213 failed: getaddrinfo ENOTFOUND sepolia.infura.io
  Transaction 214 failed: getaddrinfo ENOTFOUND sepolia.infura.io
  Transaction 215 failed: getaddrinfo ENOTFOUND sepolia.infura.io
  Transaction 216 failed: getaddrinfo ENOTFOUND sepolia.infura.io
  Transaction 217 failed: getaddrinfo ENOTFOUND sepolia.infura.io
  Transaction 218 failed: getaddrinfo ENOTFOUND sepolia.infura.io
  Transaction 219 failed: getaddrinfo ENOTFOUND sepolia.infura.io
  Transaction 220 failed: getaddrinfo ENOTFOUND sepolia.infura.io
  Transaction 221 failed: getaddrinfo ENOTFOUND sepolia.infura.io
  Transaction 222 failed: getaddrinfo ENOTFOUND sepolia.infura.io
  Transaction 223 failed: getaddrinfo ENOTFOUND sepolia.infura.io
  Transaction 224 failed: getaddrinfo ENOTFOUND sepolia.infura.io
  Transaction 225 failed: getaddrinfo ENOTFOUND sepolia.infura.io
  Transaction 226 failed: getaddrinfo ENOTFOUND sepolia.infura.io
  Transaction 227 failed: getaddrinfo ENOTFOUND sepolia.infura.io
  Transaction 228 failed: getaddrinfo ENOTFOUND sepolia.infura.io
  Transaction 229 failed: getaddrinfo ENOTFOUND sepolia.infura.io
  Transaction 230 failed: getaddrinfo ENOTFOUND sepolia.infura.io
  Transaction 231 failed: getaddrinfo ENOTFOUND sepolia.infura.io
  Transaction 232 failed: getaddrinfo ENOTFOUND sepolia.infura.io
  Transaction 233 failed: getaddrinfo ENOTFOUND sepolia.infura.io
  Transaction 234 failed: getaddrinfo ENOTFOUND sepolia.infura.io
  Transaction 235 failed: getaddrinfo ENOTFOUND sepolia.infura.io
  Transaction 236 failed: getaddrinfo ENOTFOUND sepolia.infura.io
  Transaction 237 failed: getaddrinfo ENOTFOUND sepolia.infura.io
  Transaction 238 failed: getaddrinfo ENOTFOUND sepolia.infura.io
  Transaction 239 failed: getaddrinfo ENOTFOUND sepolia.infura.io
  Transaction 240 failed: getaddrinfo ENOTFOUND sepolia.infura.io
  Transaction 241 failed: getaddrinfo ENOTFOUND sepolia.infura.io
  Transaction 242 failed: getaddrinfo ENOTFOUND sepolia.infura.io
  Transaction 243 failed: getaddrinfo ENOTFOUND sepolia.infura.io
  Transaction 244 failed: getaddrinfo ENOTFOUND sepolia.infura.io
  Transaction 245 failed: getaddrinfo ENOTFOUND sepolia.infura.io
  Transaction 246 failed: getaddrinfo ENOTFOUND sepolia.infura.io
  Transaction 247 failed: getaddrinfo ENOTFOUND sepolia.infura.io
  Transaction 248 failed: getaddrinfo ENOTFOUND sepolia.infura.io
  Transaction 249 failed: getaddrinfo ENOTFOUND sepolia.infura.io
  Transaction 250 failed: getaddrinfo ENOTFOUND sepolia.infura.io
  Transaction 251 failed: getaddrinfo ENOTFOUND sepolia.infura.io
  Transaction 252 failed: getaddrinfo ENOTFOUND sepolia.infura.io
  Transaction 253 failed: getaddrinfo ENOTFOUND sepolia.infura.io
  Transaction 254 failed: getaddrinfo ENOTFOUND sepolia.infura.io
  Transaction 255 failed: getaddrinfo ENOTFOUND sepolia.infura.io
  Transaction 256 failed: getaddrinfo ENOTFOUND sepolia.infura.io
  Transaction 257 failed: getaddrinfo ENOTFOUND sepolia.infura.io
  Transaction 258 failed: getaddrinfo ENOTFOUND sepolia.infura.io
  Transaction 259 failed: getaddrinfo ENOTFOUND sepolia.infura.io
  Transaction 260 failed: getaddrinfo ENOTFOUND sepolia.infura.io
  Transaction 261 failed: getaddrinfo ENOTFOUND sepolia.infura.io
  Transaction 262 failed: getaddrinfo ENOTFOUND sepolia.infura.io
  Transaction 263 failed: getaddrinfo ENOTFOUND sepolia.infura.io
  Transaction 264 failed: getaddrinfo ENOTFOUND sepolia.infura.io
  Transaction 265 failed: getaddrinfo ENOTFOUND sepolia.infura.io
  Transaction 266 failed: getaddrinfo ENOTFOUND sepolia.infura.io
  Transaction 267 failed: getaddrinfo ENOTFOUND sepolia.infura.io
  Transaction 268 failed: getaddrinfo ENOTFOUND sepolia.infura.io
  Transaction 269 failed: getaddrinfo ENOTFOUND sepolia.infura.io
  Transaction 270 failed: getaddrinfo ENOTFOUND sepolia.infura.io
  Transaction 271 failed: getaddrinfo ENOTFOUND sepolia.infura.io
  Transaction 272 failed: getaddrinfo ENOTFOUND sepolia.infura.io
  Transaction 273 failed: getaddrinfo ENOTFOUND sepolia.infura.io
  Transaction 274 failed: getaddrinfo ENOTFOUND sepolia.infura.io
  Transaction 275 failed: getaddrinfo ENOTFOUND sepolia.infura.io
  Transaction 276 failed: getaddrinfo ENOTFOUND sepolia.infura.io
  Transaction 277 failed: getaddrinfo ENOTFOUND sepolia.infura.io
  Transaction 278 failed: getaddrinfo ENOTFOUND sepolia.infura.io
  Transaction 279 failed: getaddrinfo ENOTFOUND sepolia.infura.io
  Transaction 280 failed: getaddrinfo ENOTFOUND sepolia.infura.io
  Transaction 281 failed: getaddrinfo ENOTFOUND sepolia.infura.io
  Transaction 282 failed: getaddrinfo ENOTFOUND sepolia.infura.io
  Transaction 283 failed: getaddrinfo ENOTFOUND sepolia.infura.io
  Transaction 284 failed: getaddrinfo ENOTFOUND sepolia.infura.io
  Transaction 285 failed: getaddrinfo ENOTFOUND sepolia.infura.io
  Transaction 286 failed: getaddrinfo ENOTFOUND sepolia.infura.io
  Transaction 287 failed: getaddrinfo ENOTFOUND sepolia.infura.io
  Transaction 288 failed: getaddrinfo ENOTFOUND sepolia.infura.io
  Transaction 289 failed: getaddrinfo ENOTFOUND sepolia.infura.io
  Transaction 290 failed: getaddrinfo ENOTFOUND sepolia.infura.io
  Transaction 291 failed: getaddrinfo ENOTFOUND sepolia.infura.io
  Transaction 292 failed: getaddrinfo ENOTFOUND sepolia.infura.io
  Transaction 293 failed: getaddrinfo ENOTFOUND sepolia.infura.io
  Transaction 294 failed: getaddrinfo ENOTFOUND sepolia.infura.io
  Transaction 295 failed: getaddrinfo ENOTFOUND sepolia.infura.io
  Transaction 296 failed: getaddrinfo ENOTFOUND sepolia.infura.io
  Transaction 297 failed: getaddrinfo ENOTFOUND sepolia.infura.io
  Transaction 298 failed: getaddrinfo ENOTFOUND sepolia.infura.io
  Transaction 299 failed: getaddrinfo ENOTFOUND sepolia.infura.io
  Transaction 300 failed: getaddrinfo ENOTFOUND sepolia.infura.io
  Transaction 301 failed: getaddrinfo ENOTFOUND sepolia.infura.io
  Transaction 302 failed: getaddrinfo ENOTFOUND sepolia.infura.io
  Transaction 303 failed: getaddrinfo ENOTFOUND sepolia.infura.io
  Transaction 304 failed: getaddrinfo ENOTFOUND sepolia.infura.io
  Transaction 305 failed: getaddrinfo ENOTFOUND sepolia.infura.io
  Transaction 306 failed: getaddrinfo ENOTFOUND sepolia.infura.io
  Transaction 307 failed: getaddrinfo ENOTFOUND sepolia.infura.io
  Transaction 308 failed: getaddrinfo ENOTFOUND sepolia.infura.io
  Transaction 309 failed: getaddrinfo ENOTFOUND sepolia.infura.io
  Transaction 310 failed: getaddrinfo ENOTFOUND sepolia.infura.io
  Transaction 311 failed: getaddrinfo ENOTFOUND sepolia.infura.io
  Transaction 312 failed: getaddrinfo ENOTFOUND sepolia.infura.io
  Transaction 313 failed: getaddrinfo ENOTFOUND sepolia.infura.io
  Transaction 314 failed: getaddrinfo ENOTFOUND sepolia.infura.io
  Transaction 315 failed: getaddrinfo ENOTFOUND sepolia.infura.io
  Transaction 316 failed: getaddrinfo ENOTFOUND sepolia.infura.io
  Transaction 317 failed: getaddrinfo ENOTFOUND sepolia.infura.io
  Transaction 318 failed: getaddrinfo ENOTFOUND sepolia.infura.io
  Transaction 319 failed: getaddrinfo ENOTFOUND sepolia.infura.io
  Transaction 320 failed: getaddrinfo ENOTFOUND sepolia.infura.io
  Transaction 321 failed: getaddrinfo ENOTFOUND sepolia.infura.io
  Transaction 322 failed: getaddrinfo ENOTFOUND sepolia.infura.io
  Transaction 323 failed: getaddrinfo ENOTFOUND sepolia.infura.io
  Transaction 324 failed: getaddrinfo ENOTFOUND sepolia.infura.io
  Transaction 325 failed: getaddrinfo ENOTFOUND sepolia.infura.io
  Transaction 326 failed: getaddrinfo ENOTFOUND sepolia.infura.io
  Transaction 327 failed: getaddrinfo ENOTFOUND sepolia.infura.io
  Transaction 328 failed: getaddrinfo ENOTFOUND sepolia.infura.io
  Transaction 329 failed: getaddrinfo ENOTFOUND sepolia.infura.io
  Transaction 330 failed: getaddrinfo ENOTFOUND sepolia.infura.io
  Transaction 331 failed: getaddrinfo ENOTFOUND sepolia.infura.io
  Transaction 332 failed: getaddrinfo ENOTFOUND sepolia.infura.io
  Transaction 333 failed: getaddrinfo ENOTFOUND sepolia.infura.io
  Transaction 334 failed: getaddrinfo ENOTFOUND sepolia.infura.io
  Transaction 335 failed: getaddrinfo ENOTFOUND sepolia.infura.io
  Transaction 336 failed: getaddrinfo ENOTFOUND sepolia.infura.io
  Transaction 337 failed: getaddrinfo ENOTFOUND sepolia.infura.io
  Transaction 338 failed: getaddrinfo ENOTFOUND sepolia.infura.io
  Transaction 339 failed: getaddrinfo ENOTFOUND sepolia.infura.io
  Transaction 340 failed: getaddrinfo ENOTFOUND sepolia.infura.io
  Transaction 341 failed: getaddrinfo ENOTFOUND sepolia.infura.io
  Transaction 342 failed: getaddrinfo ENOTFOUND sepolia.infura.io
  Transaction 343 failed: getaddrinfo ENOTFOUND sepolia.infura.io
  Transaction 344 failed: getaddrinfo ENOTFOUND sepolia.infura.io
  Transaction 345 failed: getaddrinfo ENOTFOUND sepolia.infura.io
  Transaction 346 failed: getaddrinfo ENOTFOUND sepolia.infura.io
  Transaction 347 failed: getaddrinfo ENOTFOUND sepolia.infura.io
  Transaction 348 failed: getaddrinfo ENOTFOUND sepolia.infura.io
  Transaction 349 failed: getaddrinfo ENOTFOUND sepolia.infura.io
  Transaction 350 failed: getaddrinfo ENOTFOUND sepolia.infura.io
  Transaction 351 failed: getaddrinfo ENOTFOUND sepolia.infura.io
  Transaction 352 failed: getaddrinfo ENOTFOUND sepolia.infura.io
  Transaction 353 failed: getaddrinfo ENOTFOUND sepolia.infura.io
  Transaction 354 failed: getaddrinfo ENOTFOUND sepolia.infura.io
  Transaction 355 failed: getaddrinfo ENOTFOUND sepolia.infura.io
  Transaction 356 failed: getaddrinfo ENOTFOUND sepolia.infura.io
  Transaction 357 failed: getaddrinfo ENOTFOUND sepolia.infura.io
  Transaction 358 failed: getaddrinfo ENOTFOUND sepolia.infura.io
  Transaction 359 failed: getaddrinfo ENOTFOUND sepolia.infura.io
  Transaction 360 failed: getaddrinfo ENOTFOUND sepolia.infura.io
  Transaction 361 failed: getaddrinfo ENOTFOUND sepolia.infura.io
  Transaction 362 failed: getaddrinfo ENOTFOUND sepolia.infura.io
  Transaction 363 failed: getaddrinfo ENOTFOUND sepolia.infura.io
  Transaction 364 failed: getaddrinfo ENOTFOUND sepolia.infura.io
  Transaction 365 failed: getaddrinfo ENOTFOUND sepolia.infura.io
  Transaction 366 failed: getaddrinfo ENOTFOUND sepolia.infura.io
  Transaction 367 failed: getaddrinfo ENOTFOUND sepolia.infura.io
  Transaction 368 failed: getaddrinfo ENOTFOUND sepolia.infura.io
  Transaction 369 failed: getaddrinfo ENOTFOUND sepolia.infura.io
  Transaction 370 failed: getaddrinfo ENOTFOUND sepolia.infura.io
  Transaction 371 failed: getaddrinfo ENOTFOUND sepolia.infura.io
  Transaction 372 failed: getaddrinfo ENOTFOUND sepolia.infura.io
  Transaction 373 failed: getaddrinfo ENOTFOUND sepolia.infura.io
  Transaction 374 failed: getaddrinfo ENOTFOUND sepolia.infura.io
  Transaction 375 failed: getaddrinfo ENOTFOUND sepolia.infura.io
  Transaction 376 failed: getaddrinfo ENOTFOUND sepolia.infura.io
  Transaction 377 failed: getaddrinfo ENOTFOUND sepolia.infura.io
  Transaction 378 failed: getaddrinfo ENOTFOUND sepolia.infura.io
  Transaction 379 failed: getaddrinfo ENOTFOUND sepolia.infura.io
  Transaction 380 failed: getaddrinfo ENOTFOUND sepolia.infura.io
  Transaction 381 failed: getaddrinfo ENOTFOUND sepolia.infura.io
  Transaction 382 failed: getaddrinfo ENOTFOUND sepolia.infura.io
  Transaction 383 failed: getaddrinfo ENOTFOUND sepolia.infura.io
  Transaction 384 failed: getaddrinfo ENOTFOUND sepolia.infura.io
  Transaction 385 failed: getaddrinfo ENOTFOUND sepolia.infura.io
  Transaction 386 failed: getaddrinfo ENOTFOUND sepolia.infura.io
  Transaction 387 failed: getaddrinfo ENOTFOUND sepolia.infura.io
  Transaction 388 failed: getaddrinfo ENOTFOUND sepolia.infura.io
  Transaction 389 failed: getaddrinfo ENOTFOUND sepolia.infura.io
  Transaction 390 failed: getaddrinfo ENOTFOUND sepolia.infura.io
  Transaction 391 failed: getaddrinfo ENOTFOUND sepolia.infura.io
  Transaction 392 failed: getaddrinfo ENOTFOUND sepolia.infura.io
  Transaction 393 failed: getaddrinfo ENOTFOUND sepolia.infura.io
  Transaction 394 failed: getaddrinfo ENOTFOUND sepolia.infura.io
  Transaction 395 failed: getaddrinfo ENOTFOUND sepolia.infura.io
  Transaction 396 failed: getaddrinfo ENOTFOUND sepolia.infura.io
  Transaction 397 failed: getaddrinfo ENOTFOUND sepolia.infura.io
  Transaction 398 failed: getaddrinfo ENOTFOUND sepolia.infura.io
  Transaction 399 failed: getaddrinfo ENOTFOUND sepolia.infura.io
  Transaction 400 failed: getaddrinfo ENOTFOUND sepolia.infura.io
  Transaction 401 failed: getaddrinfo ENOTFOUND sepolia.infura.io
  Transaction 402 failed: getaddrinfo ENOTFOUND sepolia.infura.io
  Transaction 403 failed: getaddrinfo ENOTFOUND sepolia.infura.io
  Transaction 404 failed: getaddrinfo ENOTFOUND sepolia.infura.io
  Transaction 405 failed: getaddrinfo ENOTFOUND sepolia.infura.io
  Transaction 406 failed: getaddrinfo ENOTFOUND sepolia.infura.io
  Transaction 407 failed: getaddrinfo ENOTFOUND sepolia.infura.io
  Transaction 408 failed: getaddrinfo ENOTFOUND sepolia.infura.io
  Transaction 409 failed: getaddrinfo ENOTFOUND sepolia.infura.io
  Transaction 410 failed: getaddrinfo ENOTFOUND sepolia.infura.io
  Transaction 411 failed: getaddrinfo ENOTFOUND sepolia.infura.io
  Transaction 412 failed: getaddrinfo ENOTFOUND sepolia.infura.io
  Transaction 413 failed: getaddrinfo ENOTFOUND sepolia.infura.io
  Transaction 414 failed: getaddrinfo ENOTFOUND sepolia.infura.io
  Transaction 415 failed: getaddrinfo ENOTFOUND sepolia.infura.io
  Transaction 416 failed: getaddrinfo ENOTFOUND sepolia.infura.io
  Transaction 417 failed: getaddrinfo ENOTFOUND sepolia.infura.io
  Transaction 418 failed: getaddrinfo ENOTFOUND sepolia.infura.io
  Transaction 419 failed: getaddrinfo ENOTFOUND sepolia.infura.io
  Transaction 420 failed: getaddrinfo ENOTFOUND sepolia.infura.io
  Transaction 421 failed: getaddrinfo ENOTFOUND sepolia.infura.io
  Transaction 422 failed: getaddrinfo ENOTFOUND sepolia.infura.io
  Transaction 423 failed: getaddrinfo ENOTFOUND sepolia.infura.io
  Transaction 424 failed: getaddrinfo ENOTFOUND sepolia.infura.io
  Transaction 425 failed: getaddrinfo ENOTFOUND sepolia.infura.io
  Transaction 426 failed: getaddrinfo ENOTFOUND sepolia.infura.io
  Transaction 427 failed: getaddrinfo ENOTFOUND sepolia.infura.io
  Transaction 428 failed: getaddrinfo ENOTFOUND sepolia.infura.io
  Transaction 429 failed: getaddrinfo ENOTFOUND sepolia.infura.io
  Transaction 430 failed: getaddrinfo ENOTFOUND sepolia.infura.io
  Transaction 431 failed: getaddrinfo ENOTFOUND sepolia.infura.io
  Transaction 432 failed: getaddrinfo ENOTFOUND sepolia.infura.io
  Transaction 433 failed: getaddrinfo ENOTFOUND sepolia.infura.io
  Transaction 434 failed: getaddrinfo ENOTFOUND sepolia.infura.io
  Transaction 435 failed: getaddrinfo ENOTFOUND sepolia.infura.io
  Transaction 436 failed: getaddrinfo ENOTFOUND sepolia.infura.io
  Transaction 437 failed: getaddrinfo ENOTFOUND sepolia.infura.io
  Transaction 438 failed: getaddrinfo ENOTFOUND sepolia.infura.io
  Transaction 439 failed: getaddrinfo ENOTFOUND sepolia.infura.io
  Transaction 440 failed: getaddrinfo ENOTFOUND sepolia.infura.io
  Transaction 441 failed: getaddrinfo ENOTFOUND sepolia.infura.io
  Transaction 442 failed: getaddrinfo ENOTFOUND sepolia.infura.io
  Transaction 443 failed: getaddrinfo ENOTFOUND sepolia.infura.io
  Transaction 444 failed: getaddrinfo ENOTFOUND sepolia.infura.io
  Transaction 445 failed: getaddrinfo ENOTFOUND sepolia.infura.io
  Transaction 446 failed: getaddrinfo ENOTFOUND sepolia.infura.io
  Transaction 447 failed: getaddrinfo ENOTFOUND sepolia.infura.io
  Transaction 448 failed: getaddrinfo ENOTFOUND sepolia.infura.io
  Transaction 449 failed: getaddrinfo ENOTFOUND sepolia.infura.io
  Transaction 450 failed: getaddrinfo ENOTFOUND sepolia.infura.io
  Transaction 451 failed: getaddrinfo ENOTFOUND sepolia.infura.io
  Transaction 452 failed: getaddrinfo ENOTFOUND sepolia.infura.io
  Transaction 453 failed: getaddrinfo ENOTFOUND sepolia.infura.io
  Transaction 454 failed: getaddrinfo ENOTFOUND sepolia.infura.io
  Transaction 455 failed: getaddrinfo ENOTFOUND sepolia.infura.io
  Transaction 456 failed: getaddrinfo ENOTFOUND sepolia.infura.io
  Transaction 457 failed: getaddrinfo ENOTFOUND sepolia.infura.io
  Transaction 458 failed: getaddrinfo ENOTFOUND sepolia.infura.io
  Transaction 459 failed: getaddrinfo ENOTFOUND sepolia.infura.io
  Transaction 460 failed: getaddrinfo ENOTFOUND sepolia.infura.io
  Transaction 461 failed: getaddrinfo ENOTFOUND sepolia.infura.io
  Transaction 462 failed: getaddrinfo ENOTFOUND sepolia.infura.io
  Transaction 463 failed: getaddrinfo ENOTFOUND sepolia.infura.io
  Transaction 464 failed: getaddrinfo ENOTFOUND sepolia.infura.io
  Transaction 465 failed: getaddrinfo ENOTFOUND sepolia.infura.io
  Transaction 466 failed: getaddrinfo ENOTFOUND sepolia.infura.io
  Transaction 467 failed: getaddrinfo ENOTFOUND sepolia.infura.io
  Transaction 468 failed: getaddrinfo ENOTFOUND sepolia.infura.io
  Transaction 469 failed: getaddrinfo ENOTFOUND sepolia.infura.io
  Transaction 470 failed: getaddrinfo ENOTFOUND sepolia.infura.io
  Transaction 471 failed: getaddrinfo ENOTFOUND sepolia.infura.io
  Transaction 472 failed: getaddrinfo ENOTFOUND sepolia.infura.io
  Transaction 473 failed: getaddrinfo ENOTFOUND sepolia.infura.io
  Transaction 474 failed: getaddrinfo ENOTFOUND sepolia.infura.io
  Transaction 475 failed: getaddrinfo ENOTFOUND sepolia.infura.io
  Transaction 476 failed: getaddrinfo ENOTFOUND sepolia.infura.io
  Transaction 477 failed: getaddrinfo ENOTFOUND sepolia.infura.io
  Transaction 478 failed: getaddrinfo ENOTFOUND sepolia.infura.io
  Transaction 479 failed: getaddrinfo ENOTFOUND sepolia.infura.io
  Transaction 480 failed: getaddrinfo ENOTFOUND sepolia.infura.io
  Transaction 481 failed: getaddrinfo ENOTFOUND sepolia.infura.io
  Transaction 482 failed: getaddrinfo ENOTFOUND sepolia.infura.io
  Transaction 483 failed: getaddrinfo ENOTFOUND sepolia.infura.io
  Transaction 484 failed: getaddrinfo ENOTFOUND sepolia.infura.io
  Transaction 485 failed: getaddrinfo ENOTFOUND sepolia.infura.io
  Transaction 486 failed: getaddrinfo ENOTFOUND sepolia.infura.io
  Transaction 487 failed: getaddrinfo ENOTFOUND sepolia.infura.io
  Transaction 488 failed: getaddrinfo ENOTFOUND sepolia.infura.io
  Transaction 489 failed: getaddrinfo ENOTFOUND sepolia.infura.io
  Transaction 490 failed: getaddrinfo ENOTFOUND sepolia.infura.io
  Transaction 491 failed: getaddrinfo ENOTFOUND sepolia.infura.io
  Transaction 492 failed: getaddrinfo ENOTFOUND sepolia.infura.io
  Transaction 493 failed: getaddrinfo ENOTFOUND sepolia.infura.io
  Transaction 494 failed: getaddrinfo ENOTFOUND sepolia.infura.io
  Transaction 495 failed: getaddrinfo ENOTFOUND sepolia.infura.io
  Transaction 496 failed: getaddrinfo ENOTFOUND sepolia.infura.io
  Transaction 497 failed: getaddrinfo ENOTFOUND sepolia.infura.io
  Transaction 498 failed: getaddrinfo ENOTFOUND sepolia.infura.io
  Transaction 499 failed: getaddrinfo ENOTFOUND sepolia.infura.io
  Transaction 500 failed: getaddrinfo ENOTFOUND sepolia.infura.io
  Transaction 501 failed: getaddrinfo ENOTFOUND sepolia.infura.io
  Transaction 502 failed: getaddrinfo ENOTFOUND sepolia.infura.io
  Transaction 503 failed: getaddrinfo ENOTFOUND sepolia.infura.io
  Transaction 504 failed: getaddrinfo ENOTFOUND sepolia.infura.io
  Transaction 505 failed: getaddrinfo ENOTFOUND sepolia.infura.io
  Transaction 506 failed: getaddrinfo ENOTFOUND sepolia.infura.io
  Transaction 507 failed: getaddrinfo ENOTFOUND sepolia.infura.io
  Transaction 508 failed: getaddrinfo ENOTFOUND sepolia.infura.io
  Transaction 509 failed: getaddrinfo ENOTFOUND sepolia.infura.io
  Transaction 510 failed: getaddrinfo ENOTFOUND sepolia.infura.io
  Transaction 511 failed: getaddrinfo ENOTFOUND sepolia.infura.io
  Transaction 512 failed: getaddrinfo ENOTFOUND sepolia.infura.io
  Transaction 513 failed: getaddrinfo ENOTFOUND sepolia.infura.io
  Transaction 514 failed: getaddrinfo ENOTFOUND sepolia.infura.io
  Transaction 515 failed: getaddrinfo ENOTFOUND sepolia.infura.io
  Transaction 516 failed: getaddrinfo ENOTFOUND sepolia.infura.io
  Transaction 517 failed: getaddrinfo ENOTFOUND sepolia.infura.io
  Transaction 518 failed: getaddrinfo ENOTFOUND sepolia.infura.io
  Transaction 519 failed: getaddrinfo ENOTFOUND sepolia.infura.io
  Transaction 520 failed: getaddrinfo ENOTFOUND sepolia.infura.io
  Transaction 521 failed: getaddrinfo ENOTFOUND sepolia.infura.io
  Transaction 522 failed: getaddrinfo ENOTFOUND sepolia.infura.io
  Transaction 523 failed: getaddrinfo ENOTFOUND sepolia.infura.io
  Transaction 524 failed: getaddrinfo ENOTFOUND sepolia.infura.io
  Transaction 525 failed: getaddrinfo ENOTFOUND sepolia.infura.io
  Transaction 526 failed: getaddrinfo ENOTFOUND sepolia.infura.io
  Transaction 527 failed: getaddrinfo ENOTFOUND sepolia.infura.io
  Transaction 528 failed: getaddrinfo ENOTFOUND sepolia.infura.io
  Transaction 529 failed: getaddrinfo ENOTFOUND sepolia.infura.io
  Transaction 530 failed: getaddrinfo ENOTFOUND sepolia.infura.io
  Transaction 531 failed: getaddrinfo ENOTFOUND sepolia.infura.io
  Transaction 532 failed: getaddrinfo ENOTFOUND sepolia.infura.io
  Transaction 533 failed: getaddrinfo ENOTFOUND sepolia.infura.io
  Transaction 534 failed: getaddrinfo ENOTFOUND sepolia.infura.io
  Transaction 535 failed: getaddrinfo ENOTFOUND sepolia.infura.io
  Transaction 536 failed: getaddrinfo ENOTFOUND sepolia.infura.io
  Transaction 537 failed: getaddrinfo ENOTFOUND sepolia.infura.io
  Transaction 538 failed: getaddrinfo ENOTFOUND sepolia.infura.io
  Transaction 539 failed: getaddrinfo ENOTFOUND sepolia.infura.io
  Transaction 540 failed: getaddrinfo ENOTFOUND sepolia.infura.io
  Transaction 541 failed: getaddrinfo ENOTFOUND sepolia.infura.io
  Transaction 542 failed: getaddrinfo ENOTFOUND sepolia.infura.io
  Transaction 543 failed: getaddrinfo ENOTFOUND sepolia.infura.io
  Transaction 544 failed: getaddrinfo ENOTFOUND sepolia.infura.io
  Transaction 545 failed: getaddrinfo ENOTFOUND sepolia.infura.io
  Transaction 546 failed: getaddrinfo ENOTFOUND sepolia.infura.io
  Transaction 547 failed: getaddrinfo ENOTFOUND sepolia.infura.io
  Transaction 548 failed: getaddrinfo ENOTFOUND sepolia.infura.io
  Transaction 549 failed: getaddrinfo ENOTFOUND sepolia.infura.io
  Transaction 550 failed: getaddrinfo ENOTFOUND sepolia.infura.io
  Transaction 551 failed: getaddrinfo ENOTFOUND sepolia.infura.io
  Transaction 552 failed: getaddrinfo ENOTFOUND sepolia.infura.io
  Transaction 553 failed: getaddrinfo ENOTFOUND sepolia.infura.io
  Transaction 554 failed: getaddrinfo ENOTFOUND sepolia.infura.io
  Transaction 555 failed: getaddrinfo ENOTFOUND sepolia.infura.io
  Transaction 556 failed: getaddrinfo ENOTFOUND sepolia.infura.io
  Transaction 557 failed: getaddrinfo ENOTFOUND sepolia.infura.io
  Transaction 558 failed: getaddrinfo ENOTFOUND sepolia.infura.io
  Transaction 559 failed: getaddrinfo ENOTFOUND sepolia.infura.io
  Transaction 560 failed: getaddrinfo ENOTFOUND sepolia.infura.io
  Transaction 561 failed: getaddrinfo ENOTFOUND sepolia.infura.io
  Transaction 562 failed: getaddrinfo ENOTFOUND sepolia.infura.io
  Transaction 563 failed: getaddrinfo ENOTFOUND sepolia.infura.io
  Transaction 564 failed: getaddrinfo ENOTFOUND sepolia.infura.io
  Transaction 565 failed: getaddrinfo ENOTFOUND sepolia.infura.io
  Transaction 566 failed: getaddrinfo ENOTFOUND sepolia.infura.io
  Transaction 567 failed: getaddrinfo ENOTFOUND sepolia.infura.io
  Transaction 568 failed: getaddrinfo ENOTFOUND sepolia.infura.io
  Transaction 569 failed: getaddrinfo ENOTFOUND sepolia.infura.io
  Transaction 570 failed: getaddrinfo ENOTFOUND sepolia.infura.io
  Transaction 571 failed: getaddrinfo ENOTFOUND sepolia.infura.io
  Transaction 572 failed: getaddrinfo ENOTFOUND sepolia.infura.io
  Transaction 573 failed: getaddrinfo ENOTFOUND sepolia.infura.io
  Transaction 574 failed: getaddrinfo ENOTFOUND sepolia.infura.io
  Transaction 575 failed: getaddrinfo ENOTFOUND sepolia.infura.io
  Transaction 576 failed: getaddrinfo ENOTFOUND sepolia.infura.io
  Transaction 577 failed: getaddrinfo ENOTFOUND sepolia.infura.io
  Transaction 578 failed: getaddrinfo ENOTFOUND sepolia.infura.io
  Transaction 579 failed: getaddrinfo ENOTFOUND sepolia.infura.io
  Transaction 580 failed: getaddrinfo ENOTFOUND sepolia.infura.io
  Transaction 581 failed: getaddrinfo ENOTFOUND sepolia.infura.io
  Transaction 582 failed: getaddrinfo ENOTFOUND sepolia.infura.io
  Transaction 583 failed: getaddrinfo ENOTFOUND sepolia.infura.io
  Transaction 584 failed: getaddrinfo ENOTFOUND sepolia.infura.io
  Transaction 585 failed: getaddrinfo ENOTFOUND sepolia.infura.io
  Transaction 586 failed: getaddrinfo ENOTFOUND sepolia.infura.io
  Transaction 587 failed: getaddrinfo ENOTFOUND sepolia.infura.io
  Transaction 588 failed: getaddrinfo ENOTFOUND sepolia.infura.io
  Transaction 589 failed: getaddrinfo ENOTFOUND sepolia.infura.io
  Transaction 590 failed: getaddrinfo ENOTFOUND sepolia.infura.io
  Transaction 591 failed: getaddrinfo ENOTFOUND sepolia.infura.io
  Transaction 592 failed: getaddrinfo ENOTFOUND sepolia.infura.io
  Transaction 593 failed: getaddrinfo ENOTFOUND sepolia.infura.io
  Transaction 594 failed: getaddrinfo ENOTFOUND sepolia.infura.io
  Transaction 595 failed: getaddrinfo ENOTFOUND sepolia.infura.io
  Transaction 596 failed: getaddrinfo ENOTFOUND sepolia.infura.io
  Transaction 597 failed: getaddrinfo ENOTFOUND sepolia.infura.io
  Transaction 598 failed: getaddrinfo ENOTFOUND sepolia.infura.io
  Transaction 599 failed: getaddrinfo ENOTFOUND sepolia.infura.io
  Transaction 600 failed: getaddrinfo ENOTFOUND sepolia.infura.io
  Transaction 601 failed: getaddrinfo ENOTFOUND sepolia.infura.io
  Transaction 602 failed: getaddrinfo ENOTFOUND sepolia.infura.io
  Transaction 603 failed: getaddrinfo ENOTFOUND sepolia.infura.io
  Transaction 604 failed: getaddrinfo ENOTFOUND sepolia.infura.io
  Transaction 605 failed: getaddrinfo ENOTFOUND sepolia.infura.io
  Transaction 606 failed: getaddrinfo ENOTFOUND sepolia.infura.io
  Transaction 607 failed: getaddrinfo ENOTFOUND sepolia.infura.io
  Transaction 608 failed: getaddrinfo ENOTFOUND sepolia.infura.io
  Transaction 609 failed: getaddrinfo ENOTFOUND sepolia.infura.io
  Transaction 610 failed: getaddrinfo ENOTFOUND sepolia.infura.io
  Transaction 611 failed: getaddrinfo ENOTFOUND sepolia.infura.io
  Transaction 612 failed: getaddrinfo ENOTFOUND sepolia.infura.io
  Transaction 613 failed: getaddrinfo ENOTFOUND sepolia.infura.io
  Transaction 614 failed: getaddrinfo ENOTFOUND sepolia.infura.io
  Transaction 615 failed: getaddrinfo ENOTFOUND sepolia.infura.io
  Transaction 616 failed: getaddrinfo ENOTFOUND sepolia.infura.io
  Transaction 617 failed: getaddrinfo ENOTFOUND sepolia.infura.io
  Transaction 618 failed: getaddrinfo ENOTFOUND sepolia.infura.io
  Transaction 619 failed: getaddrinfo ENOTFOUND sepolia.infura.io
  Transaction 620 failed: getaddrinfo ENOTFOUND sepolia.infura.io
  Transaction 621 failed: getaddrinfo ENOTFOUND sepolia.infura.io
  Transaction 622 failed: getaddrinfo ENOTFOUND sepolia.infura.io
  Transaction 623 failed: getaddrinfo ENOTFOUND sepolia.infura.io
  Transaction 624 failed: getaddrinfo ENOTFOUND sepolia.infura.io
  Transaction 625 failed: getaddrinfo ENOTFOUND sepolia.infura.io
  Transaction 626 failed: getaddrinfo ENOTFOUND sepolia.infura.io
  Transaction 627 failed: getaddrinfo ENOTFOUND sepolia.infura.io
  Transaction 628 failed: getaddrinfo ENOTFOUND sepolia.infura.io
  Transaction 629 failed: getaddrinfo ENOTFOUND sepolia.infura.io
  Transaction 630 failed: getaddrinfo ENOTFOUND sepolia.infura.io
  Transaction 631 failed: getaddrinfo ENOTFOUND sepolia.infura.io
  Transaction 632 failed: getaddrinfo ENOTFOUND sepolia.infura.io
  Transaction 633 failed: getaddrinfo ENOTFOUND sepolia.infura.io
  Transaction 634 failed: getaddrinfo ENOTFOUND sepolia.infura.io
  Transaction 635 failed: getaddrinfo ENOTFOUND sepolia.infura.io
  Transaction 636 failed: getaddrinfo ENOTFOUND sepolia.infura.io
  Transaction 637 failed: getaddrinfo ENOTFOUND sepolia.infura.io
  Transaction 638 failed: getaddrinfo ENOTFOUND sepolia.infura.io
  Transaction 639 failed: getaddrinfo ENOTFOUND sepolia.infura.io
  Transaction 640 failed: getaddrinfo ENOTFOUND sepolia.infura.io
  Transaction 641 failed: getaddrinfo ENOTFOUND sepolia.infura.io
  Transaction 642 failed: getaddrinfo ENOTFOUND sepolia.infura.io
  Transaction 643 failed: getaddrinfo ENOTFOUND sepolia.infura.io
  Transaction 644 failed: getaddrinfo ENOTFOUND sepolia.infura.io
  Transaction 645 failed: getaddrinfo ENOTFOUND sepolia.infura.io
  Transaction 646 failed: getaddrinfo ENOTFOUND sepolia.infura.io
  Transaction 647 failed: getaddrinfo ENOTFOUND sepolia.infura.io
  Transaction 648 failed: getaddrinfo ENOTFOUND sepolia.infura.io
  Transaction 649 failed: getaddrinfo ENOTFOUND sepolia.infura.io
  Transaction 650 failed: getaddrinfo ENOTFOUND sepolia.infura.io
  Transaction 651 failed: getaddrinfo ENOTFOUND sepolia.infura.io
  Transaction 652 failed: getaddrinfo ENOTFOUND sepolia.infura.io
  Transaction 653 failed: getaddrinfo ENOTFOUND sepolia.infura.io
  Transaction 654 failed: getaddrinfo ENOTFOUND sepolia.infura.io
  Transaction 655 failed: getaddrinfo ENOTFOUND sepolia.infura.io
  Transaction 656 failed: getaddrinfo ENOTFOUND sepolia.infura.io
  Transaction 657 failed: getaddrinfo ENOTFOUND sepolia.infura.io
  Transaction 658 failed: getaddrinfo ENOTFOUND sepolia.infura.io
  Transaction 659 failed: getaddrinfo ENOTFOUND sepolia.infura.io
  Transaction 660 failed: getaddrinfo ENOTFOUND sepolia.infura.io
  Transaction 661 failed: getaddrinfo ENOTFOUND sepolia.infura.io
  Transaction 662 failed: getaddrinfo ENOTFOUND sepolia.infura.io
  Transaction 663 failed: getaddrinfo ENOTFOUND sepolia.infura.io
  Transaction 664 failed: getaddrinfo ENOTFOUND sepolia.infura.io
  Transaction 665 failed: getaddrinfo ENOTFOUND sepolia.infura.io
  Transaction 666 failed: getaddrinfo ENOTFOUND sepolia.infura.io
  Transaction 667 failed: getaddrinfo ENOTFOUND sepolia.infura.io
  Transaction 668 failed: getaddrinfo ENOTFOUND sepolia.infura.io
  Transaction 669 failed: getaddrinfo ENOTFOUND sepolia.infura.io
  Transaction 670 failed: getaddrinfo ENOTFOUND sepolia.infura.io
  Transaction 671 failed: getaddrinfo ENOTFOUND sepolia.infura.io
  Transaction 672 failed: getaddrinfo ENOTFOUND sepolia.infura.io
  Transaction 673 failed: getaddrinfo ENOTFOUND sepolia.infura.io
  Transaction 674 failed: getaddrinfo ENOTFOUND sepolia.infura.io
  Transaction 675 failed: getaddrinfo ENOTFOUND sepolia.infura.io
  Transaction 676 failed: getaddrinfo ENOTFOUND sepolia.infura.io
  Transaction 677 failed: getaddrinfo ENOTFOUND sepolia.infura.io
  Transaction 678 failed: getaddrinfo ENOTFOUND sepolia.infura.io
  Transaction 679 failed: getaddrinfo ENOTFOUND sepolia.infura.io
  Transaction 680 failed: getaddrinfo ENOTFOUND sepolia.infura.io
  Transaction 681 failed: getaddrinfo ENOTFOUND sepolia.infura.io
  Transaction 682 failed: getaddrinfo ENOTFOUND sepolia.infura.io
  Transaction 683 failed: getaddrinfo ENOTFOUND sepolia.infura.io
  Transaction 684 failed: getaddrinfo ENOTFOUND sepolia.infura.io
  Transaction 685 failed: getaddrinfo ENOTFOUND sepolia.infura.io
  Transaction 686 failed: getaddrinfo ENOTFOUND sepolia.infura.io
  Transaction 687 failed: getaddrinfo ENOTFOUND sepolia.infura.io
  Transaction 688 failed: getaddrinfo ENOTFOUND sepolia.infura.io
  Transaction 689 failed: getaddrinfo ENOTFOUND sepolia.infura.io
  Transaction 690 failed: getaddrinfo ENOTFOUND sepolia.infura.io
  Transaction 691 failed: getaddrinfo ENOTFOUND sepolia.infura.io
  Transaction 692 failed: getaddrinfo ENOTFOUND sepolia.infura.io
  Transaction 693 failed: getaddrinfo ENOTFOUND sepolia.infura.io
  Transaction 694 failed: getaddrinfo ENOTFOUND sepolia.infura.io
  Transaction 695 failed: getaddrinfo ENOTFOUND sepolia.infura.io
  Transaction 696 failed: getaddrinfo ENOTFOUND sepolia.infura.io
  Transaction 697 failed: getaddrinfo ENOTFOUND sepolia.infura.io
  Transaction 698 failed: getaddrinfo ENOTFOUND sepolia.infura.io
  Transaction 699 failed: getaddrinfo ENOTFOUND sepolia.infura.io
  Transaction 700 failed: getaddrinfo ENOTFOUND sepolia.infura.io
  Transaction 701 failed: getaddrinfo ENOTFOUND sepolia.infura.io
  Transaction 702 failed: getaddrinfo ENOTFOUND sepolia.infura.io
  Transaction 703 failed: getaddrinfo ENOTFOUND sepolia.infura.io
  Transaction 704 failed: getaddrinfo ENOTFOUND sepolia.infura.io
  Transaction 705 failed: getaddrinfo ENOTFOUND sepolia.infura.io
  Transaction 706 failed: getaddrinfo ENOTFOUND sepolia.infura.io
  Transaction 707 failed: getaddrinfo ENOTFOUND sepolia.infura.io
  Transaction 708 failed: getaddrinfo ENOTFOUND sepolia.infura.io
  Transaction 709 failed: getaddrinfo ENOTFOUND sepolia.infura.io
  Transaction 710 failed: getaddrinfo ENOTFOUND sepolia.infura.io
  Transaction 711 failed: getaddrinfo ENOTFOUND sepolia.infura.io
  Transaction 712 failed: getaddrinfo ENOTFOUND sepolia.infura.io
  Transaction 713 failed: getaddrinfo ENOTFOUND sepolia.infura.io
  Transaction 714 failed: getaddrinfo ENOTFOUND sepolia.infura.io
  Transaction 715 failed: getaddrinfo ENOTFOUND sepolia.infura.io
  Transaction 716 failed: getaddrinfo ENOTFOUND sepolia.infura.io
  Transaction 717 failed: getaddrinfo ENOTFOUND sepolia.infura.io
  Transaction 718 failed: getaddrinfo ENOTFOUND sepolia.infura.io
  Transaction 719 failed: getaddrinfo ENOTFOUND sepolia.infura.io
  Transaction 720 failed: getaddrinfo ENOTFOUND sepolia.infura.io
  Transaction 721 failed: getaddrinfo ENOTFOUND sepolia.infura.io
  Transaction 722 failed: getaddrinfo ENOTFOUND sepolia.infura.io
  Transaction 723 failed: getaddrinfo ENOTFOUND sepolia.infura.io
  Transaction 724 failed: getaddrinfo ENOTFOUND sepolia.infura.io
  Transaction 725 failed: getaddrinfo ENOTFOUND sepolia.infura.io
  Transaction 726 failed: getaddrinfo ENOTFOUND sepolia.infura.io
  Transaction 727 failed: getaddrinfo ENOTFOUND sepolia.infura.io
  Transaction 728 failed: getaddrinfo ENOTFOUND sepolia.infura.io
  Transaction 729 failed: getaddrinfo ENOTFOUND sepolia.infura.io
  Transaction 730 failed: getaddrinfo ENOTFOUND sepolia.infura.io
  Transaction 731 failed: getaddrinfo ENOTFOUND sepolia.infura.io
  Transaction 732 failed: getaddrinfo ENOTFOUND sepolia.infura.io
  Transaction 733 failed: getaddrinfo ENOTFOUND sepolia.infura.io
  Transaction 734 failed: getaddrinfo ENOTFOUND sepolia.infura.io
  Transaction 735 failed: getaddrinfo ENOTFOUND sepolia.infura.io
  Transaction 736 failed: getaddrinfo ENOTFOUND sepolia.infura.io
  Transaction 737 failed: getaddrinfo ENOTFOUND sepolia.infura.io
  Transaction 738 failed: getaddrinfo ENOTFOUND sepolia.infura.io
  Transaction 739 failed: getaddrinfo ENOTFOUND sepolia.infura.io
  Transaction 740 failed: getaddrinfo ENOTFOUND sepolia.infura.io
  Transaction 741 failed: getaddrinfo ENOTFOUND sepolia.infura.io
  Transaction 742 failed: getaddrinfo ENOTFOUND sepolia.infura.io
  Transaction 743 failed: getaddrinfo ENOTFOUND sepolia.infura.io
  Transaction 744 failed: getaddrinfo ENOTFOUND sepolia.infura.io
  Transaction 745 failed: getaddrinfo ENOTFOUND sepolia.infura.io
  Transaction 746 failed: getaddrinfo ENOTFOUND sepolia.infura.io
  Transaction 747 failed: getaddrinfo ENOTFOUND sepolia.infura.io
  Transaction 748 failed: getaddrinfo ENOTFOUND sepolia.infura.io
  Transaction 749 failed: getaddrinfo ENOTFOUND sepolia.infura.io
  Transaction 750 failed: getaddrinfo ENOTFOUND sepolia.infura.io
  Transaction 751 failed: getaddrinfo ENOTFOUND sepolia.infura.io
  Transaction 752 failed: getaddrinfo ENOTFOUND sepolia.infura.io
  Transaction 753 failed: getaddrinfo ENOTFOUND sepolia.infura.io
  Transaction 754 failed: getaddrinfo ENOTFOUND sepolia.infura.io
  Transaction 755 failed: getaddrinfo ENOTFOUND sepolia.infura.io
  Transaction 756 failed: getaddrinfo ENOTFOUND sepolia.infura.io
  Transaction 757 failed: getaddrinfo ENOTFOUND sepolia.infura.io
  Transaction 758 failed: getaddrinfo ENOTFOUND sepolia.infura.io
  Transaction 759 failed: getaddrinfo ENOTFOUND sepolia.infura.io
  Transaction 760 failed: getaddrinfo ENOTFOUND sepolia.infura.io
  Transaction 761 failed: getaddrinfo ENOTFOUND sepolia.infura.io
  Transaction 762 failed: getaddrinfo ENOTFOUND sepolia.infura.io
  Transaction 763 failed: getaddrinfo ENOTFOUND sepolia.infura.io
  Transaction 764 failed: getaddrinfo ENOTFOUND sepolia.infura.io
  Transaction 765 failed: getaddrinfo ENOTFOUND sepolia.infura.io
  Transaction 766 failed: getaddrinfo ENOTFOUND sepolia.infura.io
  Transaction 767 failed: getaddrinfo ENOTFOUND sepolia.infura.io
  Transaction 768 failed: getaddrinfo ENOTFOUND sepolia.infura.io
  Transaction 769 failed: getaddrinfo ENOTFOUND sepolia.infura.io
  Transaction 770 failed: getaddrinfo ENOTFOUND sepolia.infura.io
  Transaction 771 failed: getaddrinfo ENOTFOUND sepolia.infura.io
  Transaction 772 failed: getaddrinfo ENOTFOUND sepolia.infura.io
  Transaction 773 failed: getaddrinfo ENOTFOUND sepolia.infura.io
  Transaction 774 failed: getaddrinfo ENOTFOUND sepolia.infura.io
  Transaction 775 failed: getaddrinfo ENOTFOUND sepolia.infura.io
  Transaction 776 failed: getaddrinfo ENOTFOUND sepolia.infura.io
  Transaction 777 failed: getaddrinfo ENOTFOUND sepolia.infura.io
  Transaction 778 failed: getaddrinfo ENOTFOUND sepolia.infura.io
  Transaction 779 failed: getaddrinfo ENOTFOUND sepolia.infura.io
  Transaction 780 failed: getaddrinfo ENOTFOUND sepolia.infura.io
  Transaction 781 failed: getaddrinfo ENOTFOUND sepolia.infura.io
  Transaction 782 failed: getaddrinfo ENOTFOUND sepolia.infura.io
  Transaction 783 failed: getaddrinfo ENOTFOUND sepolia.infura.io
  Transaction 784 failed: getaddrinfo ENOTFOUND sepolia.infura.io
  Transaction 785 failed: getaddrinfo ENOTFOUND sepolia.infura.io
  Transaction 786 failed: getaddrinfo ENOTFOUND sepolia.infura.io
  Transaction 787 failed: getaddrinfo ENOTFOUND sepolia.infura.io
  Transaction 788 failed: getaddrinfo ENOTFOUND sepolia.infura.io
  Transaction 789 failed: getaddrinfo ENOTFOUND sepolia.infura.io
  Transaction 790 failed: getaddrinfo ENOTFOUND sepolia.infura.io
  Transaction 791 failed: getaddrinfo ENOTFOUND sepolia.infura.io
  Transaction 792 failed: getaddrinfo ENOTFOUND sepolia.infura.io
  Transaction 793 failed: getaddrinfo ENOTFOUND sepolia.infura.io
  Transaction 794 failed: getaddrinfo ENOTFOUND sepolia.infura.io
  Transaction 795 failed: getaddrinfo ENOTFOUND sepolia.infura.io
  Transaction 796 failed: getaddrinfo ENOTFOUND sepolia.infura.io
  Transaction 797 failed: getaddrinfo ENOTFOUND sepolia.infura.io
  Transaction 798 failed: getaddrinfo ENOTFOUND sepolia.infura.io
  Transaction 799 failed: getaddrinfo ENOTFOUND sepolia.infura.io
  Transaction 800 failed: getaddrinfo ENOTFOUND sepolia.infura.io
  Transaction 801 failed: getaddrinfo ENOTFOUND sepolia.infura.io
  Transaction 802 failed: getaddrinfo ENOTFOUND sepolia.infura.io
  Transaction 803 failed: getaddrinfo ENOTFOUND sepolia.infura.io
  Transaction 804 failed: getaddrinfo ENOTFOUND sepolia.infura.io
  Transaction 805 failed: getaddrinfo ENOTFOUND sepolia.infura.io
  Transaction 806 failed: getaddrinfo ENOTFOUND sepolia.infura.io
  Transaction 807 failed: getaddrinfo ENOTFOUND sepolia.infura.io
  Transaction 808 failed: getaddrinfo ENOTFOUND sepolia.infura.io
  Transaction 809 failed: getaddrinfo ENOTFOUND sepolia.infura.io
  Transaction 810 failed: getaddrinfo ENOTFOUND sepolia.infura.io
  Transaction 811 failed: getaddrinfo ENOTFOUND sepolia.infura.io
  Transaction 812 failed: getaddrinfo ENOTFOUND sepolia.infura.io
  Transaction 813 failed: getaddrinfo ENOTFOUND sepolia.infura.io
  Transaction 814 failed: getaddrinfo ENOTFOUND sepolia.infura.io
  Transaction 815 failed: getaddrinfo ENOTFOUND sepolia.infura.io
  Transaction 816 failed: getaddrinfo ENOTFOUND sepolia.infura.io
  Transaction 817 failed: getaddrinfo ENOTFOUND sepolia.infura.io
  Transaction 818 failed: getaddrinfo ENOTFOUND sepolia.infura.io
  Transaction 819 failed: getaddrinfo ENOTFOUND sepolia.infura.io
  Transaction 820 failed: getaddrinfo ENOTFOUND sepolia.infura.io
  Transaction 821 failed: getaddrinfo ENOTFOUND sepolia.infura.io
  Transaction 822 failed: getaddrinfo ENOTFOUND sepolia.infura.io
  Transaction 823 failed: getaddrinfo ENOTFOUND sepolia.infura.io
  Transaction 824 failed: getaddrinfo ENOTFOUND sepolia.infura.io
  Transaction 825 failed: getaddrinfo ENOTFOUND sepolia.infura.io
  Transaction 826 failed: getaddrinfo ENOTFOUND sepolia.infura.io
  Transaction 827 failed: getaddrinfo ENOTFOUND sepolia.infura.io
  Transaction 828 failed: getaddrinfo ENOTFOUND sepolia.infura.io
  Transaction 829 failed: getaddrinfo ENOTFOUND sepolia.infura.io
  Transaction 830 failed: getaddrinfo ENOTFOUND sepolia.infura.io
  Transaction 831 failed: getaddrinfo ENOTFOUND sepolia.infura.io
  Transaction 832 failed: getaddrinfo ENOTFOUND sepolia.infura.io
  Transaction 833 failed: getaddrinfo ENOTFOUND sepolia.infura.io
  Transaction 834 failed: getaddrinfo ENOTFOUND sepolia.infura.io
  Transaction 835 failed: getaddrinfo ENOTFOUND sepolia.infura.io
  Transaction 836 failed: getaddrinfo ENOTFOUND sepolia.infura.io
  Transaction 837 failed: getaddrinfo ENOTFOUND sepolia.infura.io
  Transaction 838 failed: getaddrinfo ENOTFOUND sepolia.infura.io
  Transaction 839 failed: getaddrinfo ENOTFOUND sepolia.infura.io
  Transaction 840 failed: getaddrinfo ENOTFOUND sepolia.infura.io
  Transaction 841 failed: getaddrinfo ENOTFOUND sepolia.infura.io
  Transaction 842 failed: getaddrinfo ENOTFOUND sepolia.infura.io
  Transaction 843 failed: getaddrinfo ENOTFOUND sepolia.infura.io
  Transaction 844 failed: getaddrinfo ENOTFOUND sepolia.infura.io
  Transaction 845 failed: getaddrinfo ENOTFOUND sepolia.infura.io
  Transaction 846 failed: getaddrinfo ENOTFOUND sepolia.infura.io
  Transaction 847 failed: getaddrinfo ENOTFOUND sepolia.infura.io
  Transaction 848 failed: getaddrinfo ENOTFOUND sepolia.infura.io
  Transaction 849 failed: getaddrinfo ENOTFOUND sepolia.infura.io
  Transaction 850 failed: getaddrinfo ENOTFOUND sepolia.infura.io
  Transaction 851 failed: getaddrinfo ENOTFOUND sepolia.infura.io
  Transaction 852 failed: getaddrinfo ENOTFOUND sepolia.infura.io
  Transaction 853 failed: getaddrinfo ENOTFOUND sepolia.infura.io
  Transaction 854 failed: getaddrinfo ENOTFOUND sepolia.infura.io
  Transaction 855 failed: getaddrinfo ENOTFOUND sepolia.infura.io
  Transaction 856 failed: getaddrinfo ENOTFOUND sepolia.infura.io
  Transaction 857 failed: getaddrinfo ENOTFOUND sepolia.infura.io
  Transaction 858 failed: getaddrinfo ENOTFOUND sepolia.infura.io
  Transaction 859 failed: getaddrinfo ENOTFOUND sepolia.infura.io
  Transaction 860 failed: getaddrinfo ENOTFOUND sepolia.infura.io
  Transaction 861 failed: getaddrinfo ENOTFOUND sepolia.infura.io
  Transaction 862 failed: getaddrinfo ENOTFOUND sepolia.infura.io
  Transaction 863 failed: getaddrinfo ENOTFOUND sepolia.infura.io
  Transaction 864 failed: getaddrinfo ENOTFOUND sepolia.infura.io
  Transaction 865 failed: getaddrinfo ENOTFOUND sepolia.infura.io
  Transaction 866 failed: getaddrinfo ENOTFOUND sepolia.infura.io
  Transaction 867 failed: getaddrinfo ENOTFOUND sepolia.infura.io
  Transaction 868 failed: getaddrinfo ENOTFOUND sepolia.infura.io
  Transaction 869 failed: getaddrinfo ENOTFOUND sepolia.infura.io
  Transaction 870 failed: getaddrinfo ENOTFOUND sepolia.infura.io
  Transaction 871 failed: getaddrinfo ENOTFOUND sepolia.infura.io
  Transaction 872 failed: getaddrinfo ENOTFOUND sepolia.infura.io
  Transaction 873 failed: getaddrinfo ENOTFOUND sepolia.infura.io
  Transaction 874 failed: getaddrinfo ENOTFOUND sepolia.infura.io
  Transaction 875 failed: getaddrinfo ENOTFOUND sepolia.infura.io
  Transaction 876 failed: getaddrinfo ENOTFOUND sepolia.infura.io
  Transaction 877 failed: getaddrinfo ENOTFOUND sepolia.infura.io
  Transaction 878 failed: getaddrinfo ENOTFOUND sepolia.infura.io
  Transaction 879 failed: getaddrinfo ENOTFOUND sepolia.infura.io
  Transaction 880 failed: getaddrinfo ENOTFOUND sepolia.infura.io
  Transaction 881 failed: getaddrinfo ENOTFOUND sepolia.infura.io
  Transaction 882 failed: getaddrinfo ENOTFOUND sepolia.infura.io
  Transaction 883 failed: getaddrinfo ENOTFOUND sepolia.infura.io
  Transaction 884 failed: getaddrinfo ENOTFOUND sepolia.infura.io
  Transaction 885 failed: getaddrinfo ENOTFOUND sepolia.infura.io
  Transaction 886 failed: getaddrinfo ENOTFOUND sepolia.infura.io
  Transaction 887 failed: getaddrinfo ENOTFOUND sepolia.infura.io
  Transaction 888 failed: getaddrinfo ENOTFOUND sepolia.infura.io
  Transaction 889 failed: getaddrinfo ENOTFOUND sepolia.infura.io
  Transaction 890 failed: getaddrinfo ENOTFOUND sepolia.infura.io
  Transaction 891 failed: getaddrinfo ENOTFOUND sepolia.infura.io
  Transaction 892 failed: getaddrinfo ENOTFOUND sepolia.infura.io
  Transaction 893 failed: getaddrinfo ENOTFOUND sepolia.infura.io
  Transaction 894 failed: getaddrinfo ENOTFOUND sepolia.infura.io
  Transaction 895 failed: getaddrinfo ENOTFOUND sepolia.infura.io
  Transaction 896 failed: getaddrinfo ENOTFOUND sepolia.infura.io
  Transaction 897 failed: getaddrinfo ENOTFOUND sepolia.infura.io
  Transaction 898 failed: getaddrinfo ENOTFOUND sepolia.infura.io
  Transaction 899 failed: getaddrinfo ENOTFOUND sepolia.infura.io
  Transaction 900 failed: getaddrinfo ENOTFOUND sepolia.infura.io
  Transaction 901 failed: getaddrinfo ENOTFOUND sepolia.infura.io
  Transaction 902 failed: getaddrinfo ENOTFOUND sepolia.infura.io
  Transaction 903 failed: getaddrinfo ENOTFOUND sepolia.infura.io
  Transaction 904 failed: getaddrinfo ENOTFOUND sepolia.infura.io
  Transaction 905 failed: getaddrinfo ENOTFOUND sepolia.infura.io
  Transaction 906 failed: getaddrinfo ENOTFOUND sepolia.infura.io
  Transaction 907 failed: getaddrinfo ENOTFOUND sepolia.infura.io
  Transaction 908 failed: getaddrinfo ENOTFOUND sepolia.infura.io
  Transaction 909 failed: getaddrinfo ENOTFOUND sepolia.infura.io
  Transaction 910 failed: getaddrinfo ENOTFOUND sepolia.infura.io
  Transaction 911 failed: getaddrinfo ENOTFOUND sepolia.infura.io
  Transaction 912 failed: getaddrinfo ENOTFOUND sepolia.infura.io
  Transaction 913 failed: getaddrinfo ENOTFOUND sepolia.infura.io
  Transaction 914 failed: getaddrinfo ENOTFOUND sepolia.infura.io
  Transaction 915 failed: getaddrinfo ENOTFOUND sepolia.infura.io
  Transaction 916 failed: getaddrinfo ENOTFOUND sepolia.infura.io
  Transaction 917 failed: getaddrinfo ENOTFOUND sepolia.infura.io
  Transaction 918 failed: getaddrinfo ENOTFOUND sepolia.infura.io
  Transaction 919 failed: getaddrinfo ENOTFOUND sepolia.infura.io
  Transaction 920 failed: getaddrinfo ENOTFOUND sepolia.infura.io
  Transaction 921 failed: getaddrinfo ENOTFOUND sepolia.infura.io
  Transaction 922 failed: getaddrinfo ENOTFOUND sepolia.infura.io
  Transaction 923 failed: getaddrinfo ENOTFOUND sepolia.infura.io
  Transaction 924 failed: getaddrinfo ENOTFOUND sepolia.infura.io
  Transaction 925 failed: getaddrinfo ENOTFOUND sepolia.infura.io
  Transaction 926 failed: getaddrinfo ENOTFOUND sepolia.infura.io
  Transaction 927 failed: getaddrinfo ENOTFOUND sepolia.infura.io
  Transaction 928 failed: getaddrinfo ENOTFOUND sepolia.infura.io
  Transaction 929 failed: getaddrinfo ENOTFOUND sepolia.infura.io
  Transaction 930 failed: getaddrinfo ENOTFOUND sepolia.infura.io
  Transaction 931 failed: getaddrinfo ENOTFOUND sepolia.infura.io
  Transaction 932 failed: getaddrinfo ENOTFOUND sepolia.infura.io
  Transaction 933 failed: getaddrinfo ENOTFOUND sepolia.infura.io
  Transaction 934 failed: getaddrinfo ENOTFOUND sepolia.infura.io
  Transaction 935 failed: getaddrinfo ENOTFOUND sepolia.infura.io
  Transaction 936 failed: getaddrinfo ENOTFOUND sepolia.infura.io
  Transaction 937 failed: getaddrinfo ENOTFOUND sepolia.infura.io
  Transaction 938 failed: getaddrinfo ENOTFOUND sepolia.infura.io
  Transaction 939 failed: getaddrinfo ENOTFOUND sepolia.infura.io
  Transaction 940 failed: getaddrinfo ENOTFOUND sepolia.infura.io
  Transaction 941 failed: getaddrinfo ENOTFOUND sepolia.infura.io
  Transaction 942 failed: getaddrinfo ENOTFOUND sepolia.infura.io
  Transaction 943 failed: getaddrinfo ENOTFOUND sepolia.infura.io
  Transaction 944 failed: getaddrinfo ENOTFOUND sepolia.infura.io
  Transaction 945 failed: getaddrinfo ENOTFOUND sepolia.infura.io
  Transaction 946 failed: getaddrinfo ENOTFOUND sepolia.infura.io
  Transaction 947 failed: getaddrinfo ENOTFOUND sepolia.infura.io
  Transaction 948 failed: getaddrinfo ENOTFOUND sepolia.infura.io
  Transaction 949 failed: getaddrinfo ENOTFOUND sepolia.infura.io
  Transaction 950 failed: getaddrinfo ENOTFOUND sepolia.infura.io
  Transaction 951 failed: getaddrinfo ENOTFOUND sepolia.infura.io
  Transaction 952 failed: getaddrinfo ENOTFOUND sepolia.infura.io
  Transaction 953 failed: getaddrinfo ENOTFOUND sepolia.infura.io
  Transaction 954 failed: getaddrinfo ENOTFOUND sepolia.infura.io
  Transaction 955 failed: getaddrinfo ENOTFOUND sepolia.infura.io
  Transaction 956 failed: getaddrinfo ENOTFOUND sepolia.infura.io
  Transaction 957 failed: getaddrinfo ENOTFOUND sepolia.infura.io
  Transaction 958 failed: getaddrinfo ENOTFOUND sepolia.infura.io
  Transaction 959 failed: getaddrinfo ENOTFOUND sepolia.infura.io
  Transaction 960 failed: getaddrinfo ENOTFOUND sepolia.infura.io
  Transaction 961 failed: getaddrinfo ENOTFOUND sepolia.infura.io
  Transaction 962 failed: getaddrinfo ENOTFOUND sepolia.infura.io
  Transaction 963 failed: getaddrinfo ENOTFOUND sepolia.infura.io
  Transaction 964 failed: getaddrinfo ENOTFOUND sepolia.infura.io
  Transaction 965 failed: getaddrinfo ENOTFOUND sepolia.infura.io
  Transaction 966 failed: getaddrinfo ENOTFOUND sepolia.infura.io
  Transaction 967 failed: getaddrinfo ENOTFOUND sepolia.infura.io
  Transaction 968 failed: getaddrinfo ENOTFOUND sepolia.infura.io
  Transaction 969 failed: getaddrinfo ENOTFOUND sepolia.infura.io
  Transaction 970 failed: getaddrinfo ENOTFOUND sepolia.infura.io
  Transaction 971 failed: getaddrinfo ENOTFOUND sepolia.infura.io
  Transaction 972 failed: getaddrinfo ENOTFOUND sepolia.infura.io
  Transaction 973 failed: getaddrinfo ENOTFOUND sepolia.infura.io
  Transaction 974 failed: getaddrinfo ENOTFOUND sepolia.infura.io
  Transaction 975 failed: getaddrinfo ENOTFOUND sepolia.infura.io
  Transaction 976 failed: getaddrinfo ENOTFOUND sepolia.infura.io
  Transaction 977 failed: getaddrinfo ENOTFOUND sepolia.infura.io
  Transaction 978 failed: getaddrinfo ENOTFOUND sepolia.infura.io
  Transaction 979 failed: getaddrinfo ENOTFOUND sepolia.infura.io
  Transaction 980 failed: getaddrinfo ENOTFOUND sepolia.infura.io
  Transaction 981 failed: getaddrinfo ENOTFOUND sepolia.infura.io
  Transaction 982 failed: getaddrinfo ENOTFOUND sepolia.infura.io
  Transaction 983 failed: getaddrinfo ENOTFOUND sepolia.infura.io
  Transaction 984 failed: getaddrinfo ENOTFOUND sepolia.infura.io
  Transaction 985 failed: getaddrinfo ENOTFOUND sepolia.infura.io
  Transaction 986 failed: getaddrinfo ENOTFOUND sepolia.infura.io
  Transaction 987 failed: getaddrinfo ENOTFOUND sepolia.infura.io
  Transaction 988 failed: getaddrinfo ENOTFOUND sepolia.infura.io
  Transaction 989 failed: getaddrinfo ENOTFOUND sepolia.infura.io
  Transaction 990 failed: getaddrinfo ENOTFOUND sepolia.infura.io
  Transaction 991 failed: getaddrinfo ENOTFOUND sepolia.infura.io
  Transaction 992 failed: getaddrinfo ENOTFOUND sepolia.infura.io
  Transaction 993 failed: getaddrinfo ENOTFOUND sepolia.infura.io
  Transaction 994 failed: getaddrinfo ENOTFOUND sepolia.infura.io
  Transaction 995 failed: getaddrinfo ENOTFOUND sepolia.infura.io
  Transaction 996 failed: getaddrinfo ENOTFOUND sepolia.infura.io
  Transaction 997 failed: getaddrinfo ENOTFOUND sepolia.infura.io
  Transaction 998 failed: getaddrinfo ENOTFOUND sepolia.infura.io
  Transaction 999 failed: getaddrinfo ENOTFOUND sepolia.infura.io
  Transaction 1000 failed: getaddrinfo ENOTFOUND sepolia.infura.io
  Transaction 1001 failed: getaddrinfo ENOTFOUND sepolia.infura.io
  Transaction 1002 failed: getaddrinfo ENOTFOUND sepolia.infura.io
  Transaction 1003 failed: getaddrinfo ENOTFOUND sepolia.infura.io
  Transaction 1004 failed: getaddrinfo ENOTFOUND sepolia.infura.io
  Transaction 1005 failed: getaddrinfo ENOTFOUND sepolia.infura.io
  Transaction 1006 failed: getaddrinfo ENOTFOUND sepolia.infura.io
  Transaction 1007 failed: getaddrinfo ENOTFOUND sepolia.infura.io
  Transaction 1008 failed: getaddrinfo ENOTFOUND sepolia.infura.io
  Transaction 1009 failed: getaddrinfo ENOTFOUND sepolia.infura.io
  Transaction 1010 failed: getaddrinfo ENOTFOUND sepolia.infura.io
  Transaction 1011 failed: getaddrinfo ENOTFOUND sepolia.infura.io
  Transaction 1012 failed: getaddrinfo ENOTFOUND sepolia.infura.io
  Transaction 1013 failed: getaddrinfo ENOTFOUND sepolia.infura.io
  Transaction 1014 failed: getaddrinfo ENOTFOUND sepolia.infura.io
  Transaction 1015 failed: getaddrinfo ENOTFOUND sepolia.infura.io
  Transaction 1016 failed: getaddrinfo ENOTFOUND sepolia.infura.io
  Transaction 1017 failed: getaddrinfo ENOTFOUND sepolia.infura.io
  Transaction 1018 failed: getaddrinfo ENOTFOUND sepolia.infura.io
  Transaction 1019 failed: getaddrinfo ENOTFOUND sepolia.infura.io
  Transaction 1020 failed: getaddrinfo ENOTFOUND sepolia.infura.io
  Transaction 1021 failed: getaddrinfo ENOTFOUND sepolia.infura.io
  Transaction 1022 failed: getaddrinfo ENOTFOUND sepolia.infura.io
  Transaction 1023 failed: getaddrinfo ENOTFOUND sepolia.infura.io
  Transaction 1024 failed: getaddrinfo ENOTFOUND sepolia.infura.io
  Transaction 1025 failed: getaddrinfo ENOTFOUND sepolia.infura.io
  Transaction 1026 failed: getaddrinfo ENOTFOUND sepolia.infura.io
  Transaction 1027 failed: getaddrinfo ENOTFOUND sepolia.infura.io
  Transaction 1028 failed: getaddrinfo ENOTFOUND sepolia.infura.io
  Transaction 1029 failed: getaddrinfo ENOTFOUND sepolia.infura.io
  Transaction 1030 failed: getaddrinfo ENOTFOUND sepolia.infura.io
  Transaction 1031 failed: getaddrinfo ENOTFOUND sepolia.infura.io
  Transaction 1032 failed: getaddrinfo ENOTFOUND sepolia.infura.io
  Transaction 1033 failed: getaddrinfo ENOTFOUND sepolia.infura.io
  Transaction 1034 failed: getaddrinfo ENOTFOUND sepolia.infura.io
  Transaction 1035 failed: getaddrinfo ENOTFOUND sepolia.infura.io
  Transaction 1036 failed: getaddrinfo ENOTFOUND sepolia.infura.io
  Transaction 1037 failed: getaddrinfo ENOTFOUND sepolia.infura.io
  Transaction 1038 failed: getaddrinfo ENOTFOUND sepolia.infura.io
  Transaction 1039 failed: getaddrinfo ENOTFOUND sepolia.infura.io
  Transaction 1040 failed: getaddrinfo ENOTFOUND sepolia.infura.io
  Transaction 1041 failed: getaddrinfo ENOTFOUND sepolia.infura.io
  Transaction 1042 failed: getaddrinfo ENOTFOUND sepolia.infura.io
  Transaction 1043 failed: getaddrinfo ENOTFOUND sepolia.infura.io
  Transaction 1044 failed: getaddrinfo ENOTFOUND sepolia.infura.io
  Transaction 1045 failed: getaddrinfo ENOTFOUND sepolia.infura.io
  Transaction 1046 failed: getaddrinfo ENOTFOUND sepolia.infura.io
  Transaction 1047 failed: getaddrinfo ENOTFOUND sepolia.infura.io
  Transaction 1048 failed: getaddrinfo ENOTFOUND sepolia.infura.io
  Transaction 1049 failed: getaddrinfo ENOTFOUND sepolia.infura.io
  Transaction 1050 failed: getaddrinfo ENOTFOUND sepolia.infura.io
  Transaction 1051 failed: getaddrinfo ENOTFOUND sepolia.infura.io
  Transaction 1052 failed: getaddrinfo ENOTFOUND sepolia.infura.io
  Transaction 1053 failed: getaddrinfo ENOTFOUND sepolia.infura.io
  Transaction 1054 failed: getaddrinfo ENOTFOUND sepolia.infura.io
  Transaction 1055 failed: getaddrinfo ENOTFOUND sepolia.infura.io
  Transaction 1056 failed: getaddrinfo ENOTFOUND sepolia.infura.io
  Transaction 1057 failed: getaddrinfo ENOTFOUND sepolia.infura.io
  Transaction 1058 failed: getaddrinfo ENOTFOUND sepolia.infura.io
  Transaction 1059 failed: getaddrinfo ENOTFOUND sepolia.infura.io
  Transaction 1060 failed: getaddrinfo ENOTFOUND sepolia.infura.io
  Transaction 1061 failed: getaddrinfo ENOTFOUND sepolia.infura.io
  Transaction 1062 failed: getaddrinfo ENOTFOUND sepolia.infura.io
  Transaction 1063 failed: getaddrinfo ENOTFOUND sepolia.infura.io
  Transaction 1064 failed: getaddrinfo ENOTFOUND sepolia.infura.io
  Transaction 1065 failed: getaddrinfo ENOTFOUND sepolia.infura.io
  Transaction 1066 failed: getaddrinfo ENOTFOUND sepolia.infura.io
  Transaction 1067 failed: getaddrinfo ENOTFOUND sepolia.infura.io
  Transaction 1068 failed: getaddrinfo ENOTFOUND sepolia.infura.io
  Transaction 1069 failed: getaddrinfo ENOTFOUND sepolia.infura.io
  Transaction 1070 failed: getaddrinfo ENOTFOUND sepolia.infura.io
  Transaction 1071 failed: getaddrinfo ENOTFOUND sepolia.infura.io
  Transaction 1072 failed: getaddrinfo ENOTFOUND sepolia.infura.io
  Transaction 1073 failed: getaddrinfo ENOTFOUND sepolia.infura.io
  Transaction 1074 failed: getaddrinfo ENOTFOUND sepolia.infura.io
  Transaction 1075 failed: getaddrinfo ENOTFOUND sepolia.infura.io
  Transaction 1076 failed: getaddrinfo ENOTFOUND sepolia.infura.io
  Transaction 1077 failed: getaddrinfo ENOTFOUND sepolia.infura.io
  Transaction 1078 failed: getaddrinfo ENOTFOUND sepolia.infura.io
  Transaction 1079 failed: getaddrinfo ENOTFOUND sepolia.infura.io
  Transaction 1080 failed: getaddrinfo ENOTFOUND sepolia.infura.io
  Transaction 1081 failed: getaddrinfo ENOTFOUND sepolia.infura.io
  Transaction 1082 failed: getaddrinfo ENOTFOUND sepolia.infura.io
  Transaction 1083 failed: getaddrinfo ENOTFOUND sepolia.infura.io
  Transaction 1084 failed: getaddrinfo ENOTFOUND sepolia.infura.io
  Transaction 1085 failed: getaddrinfo ENOTFOUND sepolia.infura.io
  Transaction 1086 failed: getaddrinfo ENOTFOUND sepolia.infura.io
  Transaction 1087 failed: getaddrinfo ENOTFOUND sepolia.infura.io
  Transaction 1088 failed: getaddrinfo ENOTFOUND sepolia.infura.io
  Transaction 1089 failed: getaddrinfo ENOTFOUND sepolia.infura.io
  Transaction 1090 failed: getaddrinfo ENOTFOUND sepolia.infura.io
  Transaction 1091 failed: getaddrinfo ENOTFOUND sepolia.infura.io
  Transaction 1092 failed: getaddrinfo ENOTFOUND sepolia.infura.io
  Transaction 1093 failed: getaddrinfo ENOTFOUND sepolia.infura.io
  Transaction 1094 failed: getaddrinfo ENOTFOUND sepolia.infura.io
  Transaction 1095 failed: getaddrinfo ENOTFOUND sepolia.infura.io
  Transaction 1096 failed: getaddrinfo ENOTFOUND sepolia.infura.io
  Transaction 1097 failed: getaddrinfo ENOTFOUND sepolia.infura.io
  Transaction 1098 failed: getaddrinfo ENOTFOUND sepolia.infura.io
  Transaction 1099 failed: getaddrinfo ENOTFOUND sepolia.infura.io
  Transaction 1100 failed: getaddrinfo ENOTFOUND sepolia.infura.io
  Transaction 1101 failed: getaddrinfo ENOTFOUND sepolia.infura.io
  Transaction 1102 failed: getaddrinfo ENOTFOUND sepolia.infura.io
  Transaction 1103 failed: getaddrinfo ENOTFOUND sepolia.infura.io
  Transaction 1104 failed: getaddrinfo ENOTFOUND sepolia.infura.io
  Transaction 1105 failed: getaddrinfo ENOTFOUND sepolia.infura.io
  Transaction 1106 failed: getaddrinfo ENOTFOUND sepolia.infura.io
  Transaction 1107 failed: getaddrinfo ENOTFOUND sepolia.infura.io
  Transaction 1108 failed: getaddrinfo ENOTFOUND sepolia.infura.io
  Transaction 1109 failed: getaddrinfo ENOTFOUND sepolia.infura.io
  Transaction 1110 failed: getaddrinfo ENOTFOUND sepolia.infura.io
  Transaction 1111 failed: getaddrinfo ENOTFOUND sepolia.infura.io
  Transaction 1112 failed: getaddrinfo ENOTFOUND sepolia.infura.io
  Transaction 1113 failed: getaddrinfo ENOTFOUND sepolia.infura.io
  Transaction 1114 failed: getaddrinfo ENOTFOUND sepolia.infura.io
  Transaction 1115 failed: getaddrinfo ENOTFOUND sepolia.infura.io
  Transaction 1116 failed: getaddrinfo ENOTFOUND sepolia.infura.io
  Transaction 1117 failed: getaddrinfo ENOTFOUND sepolia.infura.io
  Transaction 1118 failed: getaddrinfo ENOTFOUND sepolia.infura.io
  Transaction 1119 failed: getaddrinfo ENOTFOUND sepolia.infura.io
  Transaction 1120 failed: getaddrinfo ENOTFOUND sepolia.infura.io
  Transaction 1121 failed: getaddrinfo ENOTFOUND sepolia.infura.io
  Transaction 1122 failed: getaddrinfo ENOTFOUND sepolia.infura.io
  Transaction 1123 failed: getaddrinfo ENOTFOUND sepolia.infura.io
  Transaction 1124 failed: getaddrinfo ENOTFOUND sepolia.infura.io
  Transaction 1125 failed: getaddrinfo ENOTFOUND sepolia.infura.io
  Transaction 1126 failed: getaddrinfo ENOTFOUND sepolia.infura.io
  Transaction 1127 failed: getaddrinfo ENOTFOUND sepolia.infura.io
  Transaction 1128 failed: getaddrinfo ENOTFOUND sepolia.infura.io
  Transaction 1129 failed: getaddrinfo ENOTFOUND sepolia.infura.io
  Transaction 1130 failed: getaddrinfo ENOTFOUND sepolia.infura.io
  Transaction 1131 failed: getaddrinfo ENOTFOUND sepolia.infura.io
  Transaction 1132 failed: getaddrinfo ENOTFOUND sepolia.infura.io
  Transaction 1133 failed: getaddrinfo ENOTFOUND sepolia.infura.io
  Transaction 1134 failed: getaddrinfo ENOTFOUND sepolia.infura.io
  Transaction 1135 failed: getaddrinfo ENOTFOUND sepolia.infura.io
  Transaction 1136 failed: getaddrinfo ENOTFOUND sepolia.infura.io
  Transaction 1137 failed: getaddrinfo ENOTFOUND sepolia.infura.io
  Transaction 1138 failed: getaddrinfo ENOTFOUND sepolia.infura.io
  Transaction 1139 failed: getaddrinfo ENOTFOUND sepolia.infura.io
  Transaction 1140 failed: getaddrinfo ENOTFOUND sepolia.infura.io
  Transaction 1141 failed: getaddrinfo ENOTFOUND sepolia.infura.io
  Transaction 1142 failed: getaddrinfo ENOTFOUND sepolia.infura.io
  Transaction 1143 failed: getaddrinfo ENOTFOUND sepolia.infura.io
  Transaction 1144 failed: getaddrinfo ENOTFOUND sepolia.infura.io
  Transaction 1145 failed: getaddrinfo ENOTFOUND sepolia.infura.io
  Transaction 1146 failed: getaddrinfo ENOTFOUND sepolia.infura.io
  Transaction 1147 failed: getaddrinfo ENOTFOUND sepolia.infura.io
  Transaction 1148 failed: getaddrinfo ENOTFOUND sepolia.infura.io
  Transaction 1149 failed: getaddrinfo ENOTFOUND sepolia.infura.io
  Transaction 1150 failed: getaddrinfo ENOTFOUND sepolia.infura.io
  Transaction 1151 failed: getaddrinfo ENOTFOUND sepolia.infura.io
  Transaction 1152 failed: getaddrinfo ENOTFOUND sepolia.infura.io
  Transaction 1153 failed: getaddrinfo ENOTFOUND sepolia.infura.io
  Transaction 1154 failed: getaddrinfo ENOTFOUND sepolia.infura.io
  Transaction 1155 failed: getaddrinfo ENOTFOUND sepolia.infura.io
  Transaction 1156 failed: getaddrinfo ENOTFOUND sepolia.infura.io
  Transaction 1157 failed: getaddrinfo ENOTFOUND sepolia.infura.io
  Transaction 1158 failed: getaddrinfo ENOTFOUND sepolia.infura.io
  Transaction 1159 failed: getaddrinfo ENOTFOUND sepolia.infura.io
  Transaction 1160 failed: getaddrinfo ENOTFOUND sepolia.infura.io
  Transaction 1161 failed: getaddrinfo ENOTFOUND sepolia.infura.io
  Transaction 1162 failed: getaddrinfo ENOTFOUND sepolia.infura.io
  Transaction 1163 failed: getaddrinfo ENOTFOUND sepolia.infura.io
  Transaction 1164 failed: getaddrinfo ENOTFOUND sepolia.infura.io
  Transaction 1165 failed: getaddrinfo ENOTFOUND sepolia.infura.io
  Transaction 1166 failed: getaddrinfo ENOTFOUND sepolia.infura.io
  Transaction 1167 failed: getaddrinfo ENOTFOUND sepolia.infura.io
  Transaction 1168 failed: getaddrinfo ENOTFOUND sepolia.infura.io
  Transaction 1169 failed: getaddrinfo ENOTFOUND sepolia.infura.io
  Transaction 1170 failed: getaddrinfo ENOTFOUND sepolia.infura.io
  Transaction 1171 failed: getaddrinfo ENOTFOUND sepolia.infura.io
  Transaction 1172 failed: getaddrinfo ENOTFOUND sepolia.infura.io
  Transaction 1173 failed: getaddrinfo ENOTFOUND sepolia.infura.io
  Transaction 1174 failed: getaddrinfo ENOTFOUND sepolia.infura.io
  Transaction 1175 failed: getaddrinfo ENOTFOUND sepolia.infura.io
  Transaction 1176 failed: getaddrinfo ENOTFOUND sepolia.infura.io
  Transaction 1177 failed: getaddrinfo ENOTFOUND sepolia.infura.io
  Transaction 1178 failed: getaddrinfo ENOTFOUND sepolia.infura.io
  Transaction 1179 failed: getaddrinfo ENOTFOUND sepolia.infura.io
  Transaction 1180 failed: getaddrinfo ENOTFOUND sepolia.infura.io
  Transaction 1181 failed: getaddrinfo ENOTFOUND sepolia.infura.io
  Transaction 1182 failed: getaddrinfo ENOTFOUND sepolia.infura.io
  Transaction 1183 failed: getaddrinfo ENOTFOUND sepolia.infura.io
  Transaction 1184 failed: getaddrinfo ENOTFOUND sepolia.infura.io
  Transaction 1185 failed: getaddrinfo ENOTFOUND sepolia.infura.io
  Transaction 1186 failed: getaddrinfo ENOTFOUND sepolia.infura.io
  Transaction 1187 failed: getaddrinfo ENOTFOUND sepolia.infura.io
  Transaction 1188 failed: getaddrinfo ENOTFOUND sepolia.infura.io
  Transaction 1189 failed: getaddrinfo ENOTFOUND sepolia.infura.io
  Transaction 1190 failed: getaddrinfo ENOTFOUND sepolia.infura.io
  Transaction 1191 failed: getaddrinfo ENOTFOUND sepolia.infura.io
  Transaction 1192 failed: getaddrinfo ENOTFOUND sepolia.infura.io
  Transaction 1193 failed: getaddrinfo ENOTFOUND sepolia.infura.io
  Transaction 1194 failed: getaddrinfo ENOTFOUND sepolia.infura.io
  Transaction 1195 failed: getaddrinfo ENOTFOUND sepolia.infura.io
  Transaction 1196 failed: getaddrinfo ENOTFOUND sepolia.infura.io
  Transaction 1197 failed: getaddrinfo ENOTFOUND sepolia.infura.io
  Transaction 1198 failed: getaddrinfo ENOTFOUND sepolia.infura.io
  Transaction 1199 failed: getaddrinfo ENOTFOUND sepolia.infura.io
  Transaction 1200 failed: getaddrinfo ENOTFOUND sepolia.infura.io
  Transaction 1201 failed: getaddrinfo ENOTFOUND sepolia.infura.io
  Transaction 1202 failed: getaddrinfo ENOTFOUND sepolia.infura.io
  Transaction 1203 failed: getaddrinfo ENOTFOUND sepolia.infura.io
  Transaction 1204 failed: getaddrinfo ENOTFOUND sepolia.infura.io
  Transaction 1205 failed: getaddrinfo ENOTFOUND sepolia.infura.io
  Transaction 1206 failed: getaddrinfo ENOTFOUND sepolia.infura.io
  Transaction 1207 failed: getaddrinfo ENOTFOUND sepolia.infura.io
  Transaction 1208 failed: getaddrinfo ENOTFOUND sepolia.infura.io
  Transaction 1209 failed: getaddrinfo ENOTFOUND sepolia.infura.io
  Transaction 1210 failed: getaddrinfo ENOTFOUND sepolia.infura.io
  Transaction 1211 failed: getaddrinfo ENOTFOUND sepolia.infura.io
  Transaction 1212 failed: getaddrinfo ENOTFOUND sepolia.infura.io
  Transaction 1213 failed: getaddrinfo ENOTFOUND sepolia.infura.io
  Transaction 1214 failed: getaddrinfo ENOTFOUND sepolia.infura.io
  Transaction 1215 failed: getaddrinfo ENOTFOUND sepolia.infura.io
  Transaction 1216 failed: getaddrinfo ENOTFOUND sepolia.infura.io
  Transaction 1217 failed: getaddrinfo ENOTFOUND sepolia.infura.io
  Transaction 1218 failed: getaddrinfo ENOTFOUND sepolia.infura.io
  Transaction 1219 failed: getaddrinfo ENOTFOUND sepolia.infura.io
  Transaction 1220 failed: getaddrinfo ENOTFOUND sepolia.infura.io
  Transaction 1221 failed: getaddrinfo ENOTFOUND sepolia.infura.io
  Transaction 1222 failed: getaddrinfo ENOTFOUND sepolia.infura.io
  Transaction 1223 failed: getaddrinfo ENOTFOUND sepolia.infura.io
  Transaction 1224 failed: getaddrinfo ENOTFOUND sepolia.infura.io
  Transaction 1225 failed: getaddrinfo ENOTFOUND sepolia.infura.io
  Transaction 1226 failed: getaddrinfo ENOTFOUND sepolia.infura.io
  Transaction 1227 failed: getaddrinfo ENOTFOUND sepolia.infura.io
  Transaction 1228 failed: getaddrinfo ENOTFOUND sepolia.infura.io
  Transaction 1229 failed: getaddrinfo ENOTFOUND sepolia.infura.io
  Transaction 1230 failed: getaddrinfo ENOTFOUND sepolia.infura.io
  Transaction 1231 failed: getaddrinfo ENOTFOUND sepolia.infura.io
  Transaction 1232 failed: getaddrinfo ENOTFOUND sepolia.infura.io
  Transaction 1233 failed: getaddrinfo ENOTFOUND sepolia.infura.io
  Transaction 1234 failed: getaddrinfo ENOTFOUND sepolia.infura.io
  Transaction 1235 failed: getaddrinfo ENOTFOUND sepolia.infura.io
  Transaction 1236 failed: getaddrinfo ENOTFOUND sepolia.infura.io
  Transaction 1237 failed: getaddrinfo ENOTFOUND sepolia.infura.io
  Transaction 1238 failed: getaddrinfo ENOTFOUND sepolia.infura.io
  Transaction 1239 failed: getaddrinfo ENOTFOUND sepolia.infura.io
  Transaction 1240 failed: getaddrinfo ENOTFOUND sepolia.infura.io
  Transaction 1241 failed: getaddrinfo ENOTFOUND sepolia.infura.io
  Transaction 1242 failed: getaddrinfo ENOTFOUND sepolia.infura.io
  Transaction 1243 failed: getaddrinfo ENOTFOUND sepolia.infura.io
  Transaction 1244 failed: getaddrinfo ENOTFOUND sepolia.infura.io
  Transaction 1245 failed: getaddrinfo ENOTFOUND sepolia.infura.io
  Transaction 1246 failed: getaddrinfo ENOTFOUND sepolia.infura.io
  Transaction 1247 failed: getaddrinfo ENOTFOUND sepolia.infura.io
  Transaction 1248 failed: getaddrinfo ENOTFOUND sepolia.infura.io
  Transaction 1249 failed: getaddrinfo ENOTFOUND sepolia.infura.io
  Transaction 1250 failed: getaddrinfo ENOTFOUND sepolia.infura.io
  Transaction 1251 failed: getaddrinfo ENOTFOUND sepolia.infura.io
  Transaction 1252 failed: getaddrinfo ENOTFOUND sepolia.infura.io
  Transaction 1253 failed: getaddrinfo ENOTFOUND sepolia.infura.io
  Transaction 1254 failed: getaddrinfo ENOTFOUND sepolia.infura.io
  Transaction 1255 failed: getaddrinfo ENOTFOUND sepolia.infura.io
  Transaction 1256 failed: getaddrinfo ENOTFOUND sepolia.infura.io
  Transaction 1257 failed: getaddrinfo ENOTFOUND sepolia.infura.io
  Transaction 1258 failed: getaddrinfo ENOTFOUND sepolia.infura.io
  Transaction 1259 failed: getaddrinfo ENOTFOUND sepolia.infura.io
  Transaction 1260 failed: getaddrinfo ENOTFOUND sepolia.infura.io
  Transaction 1261 failed: getaddrinfo ENOTFOUND sepolia.infura.io
  Transaction 1262 failed: getaddrinfo ENOTFOUND sepolia.infura.io
  Transaction 1263 failed: getaddrinfo ENOTFOUND sepolia.infura.io
  Transaction 1264 failed: getaddrinfo ENOTFOUND sepolia.infura.io
  Transaction 1265 failed: getaddrinfo ENOTFOUND sepolia.infura.io
  Transaction 1266 failed: getaddrinfo ENOTFOUND sepolia.infura.io
  Transaction 1267 failed: getaddrinfo ENOTFOUND sepolia.infura.io
  Transaction 1268 failed: getaddrinfo ENOTFOUND sepolia.infura.io
  Transaction 1269 failed: getaddrinfo ENOTFOUND sepolia.infura.io
  Transaction 1270 failed: getaddrinfo ENOTFOUND sepolia.infura.io
  Transaction 1271 failed: getaddrinfo ENOTFOUND sepolia.infura.io
  Transaction 1272 failed: getaddrinfo ENOTFOUND sepolia.infura.io
  Transaction 1273 failed: getaddrinfo ENOTFOUND sepolia.infura.io
  Transaction 1274 failed: getaddrinfo ENOTFOUND sepolia.infura.io
  Transaction 1275 failed: getaddrinfo ENOTFOUND sepolia.infura.io
  Transaction 1276 failed: getaddrinfo ENOTFOUND sepolia.infura.io
  Transaction 1277 failed: getaddrinfo ENOTFOUND sepolia.infura.io
  Transaction 1278 failed: getaddrinfo ENOTFOUND sepolia.infura.io
  Transaction 1279 failed: getaddrinfo ENOTFOUND sepolia.infura.io
  Transaction 1280 failed: getaddrinfo ENOTFOUND sepolia.infura.io
  Transaction 1281 failed: getaddrinfo ENOTFOUND sepolia.infura.io
  Transaction 1282 failed: getaddrinfo ENOTFOUND sepolia.infura.io
  Transaction 1283 failed: getaddrinfo ENOTFOUND sepolia.infura.io
  Transaction 1284 failed: getaddrinfo ENOTFOUND sepolia.infura.io
  Transaction 1285 failed: getaddrinfo ENOTFOUND sepolia.infura.io
  Transaction 1286 failed: getaddrinfo ENOTFOUND sepolia.infura.io
  Transaction 1287 failed: getaddrinfo ENOTFOUND sepolia.infura.io
  Transaction 1288 failed: getaddrinfo ENOTFOUND sepolia.infura.io
  Transaction 1289 failed: getaddrinfo ENOTFOUND sepolia.infura.io
  Transaction 1290 failed: getaddrinfo ENOTFOUND sepolia.infura.io
  Transaction 1291 failed: getaddrinfo ENOTFOUND sepolia.infura.io
  Transaction 1292 failed: getaddrinfo ENOTFOUND sepolia.infura.io
  Transaction 1293 failed: getaddrinfo ENOTFOUND sepolia.infura.io
  Transaction 1294 failed: getaddrinfo ENOTFOUND sepolia.infura.io
  Transaction 1295 failed: getaddrinfo ENOTFOUND sepolia.infura.io
  Transaction 1296 failed: getaddrinfo ENOTFOUND sepolia.infura.io
  Transaction 1297 failed: getaddrinfo ENOTFOUND sepolia.infura.io
  Transaction 1298 failed: getaddrinfo ENOTFOUND sepolia.infura.io
  Transaction 1299 failed: getaddrinfo ENOTFOUND sepolia.infura.io
  Transaction 1300 failed: getaddrinfo ENOTFOUND sepolia.infura.io
  Transaction 1301 failed: getaddrinfo ENOTFOUND sepolia.infura.io
  Transaction 1302 failed: getaddrinfo ENOTFOUND sepolia.infura.io
  Transaction 1303 failed: getaddrinfo ENOTFOUND sepolia.infura.io
  Transaction 1304 failed: getaddrinfo ENOTFOUND sepolia.infura.io
  Transaction 1305 failed: getaddrinfo ENOTFOUND sepolia.infura.io
  Transaction 1306 failed: getaddrinfo ENOTFOUND sepolia.infura.io
  Transaction 1307 failed: getaddrinfo ENOTFOUND sepolia.infura.io
  Transaction 1308 failed: getaddrinfo ENOTFOUND sepolia.infura.io
  Transaction 1309 failed: getaddrinfo ENOTFOUND sepolia.infura.io
  Transaction 1310 failed: getaddrinfo ENOTFOUND sepolia.infura.io
  Transaction 1311 failed: getaddrinfo ENOTFOUND sepolia.infura.io
  Transaction 1312 failed: getaddrinfo ENOTFOUND sepolia.infura.io
  Transaction 1313 failed: getaddrinfo ENOTFOUND sepolia.infura.io
  Transaction 1314 failed: getaddrinfo ENOTFOUND sepolia.infura.io
  Transaction 1315 failed: getaddrinfo ENOTFOUND sepolia.infura.io
  Transaction 1316 failed: getaddrinfo ENOTFOUND sepolia.infura.io
  Transaction 1317 failed: getaddrinfo ENOTFOUND sepolia.infura.io
  Transaction 1318 failed: getaddrinfo ENOTFOUND sepolia.infura.io
  Transaction 1319 failed: getaddrinfo ENOTFOUND sepolia.infura.io
  Transaction 1320 failed: getaddrinfo ENOTFOUND sepolia.infura.io
  Transaction 1321 failed: getaddrinfo ENOTFOUND sepolia.infura.io
  Transaction 1322 failed: getaddrinfo ENOTFOUND sepolia.infura.io
  Transaction 1323 failed: getaddrinfo ENOTFOUND sepolia.infura.io
  Transaction 1324 failed: getaddrinfo ENOTFOUND sepolia.infura.io
  Transaction 1325 failed: getaddrinfo ENOTFOUND sepolia.infura.io
  Transaction 1326 failed: getaddrinfo ENOTFOUND sepolia.infura.io
  Transaction 1327 failed: getaddrinfo ENOTFOUND sepolia.infura.io
  Transaction 1328 failed: getaddrinfo ENOTFOUND sepolia.infura.io
  Transaction 1329 failed: getaddrinfo ENOTFOUND sepolia.infura.io
  Transaction 1330 failed: getaddrinfo ENOTFOUND sepolia.infura.io
  Transaction 1331 failed: getaddrinfo ENOTFOUND sepolia.infura.io
  Transaction 1332 failed: getaddrinfo ENOTFOUND sepolia.infura.io
  Transaction 1333 failed: getaddrinfo ENOTFOUND sepolia.infura.io
  Transaction 1334 failed: getaddrinfo ENOTFOUND sepolia.infura.io
  Transaction 1335 failed: getaddrinfo ENOTFOUND sepolia.infura.io
  Transaction 1336 failed: getaddrinfo ENOTFOUND sepolia.infura.io
  Transaction 1337 failed: getaddrinfo ENOTFOUND sepolia.infura.io
  Transaction 1338 failed: getaddrinfo ENOTFOUND sepolia.infura.io
  Transaction 1339 failed: getaddrinfo ENOTFOUND sepolia.infura.io
  Transaction 1340 failed: getaddrinfo ENOTFOUND sepolia.infura.io
  Transaction 1341 failed: getaddrinfo ENOTFOUND sepolia.infura.io
  Transaction 1342 failed: getaddrinfo ENOTFOUND sepolia.infura.io
  Transaction 1343 failed: getaddrinfo ENOTFOUND sepolia.infura.io
  Transaction 1344 failed: getaddrinfo ENOTFOUND sepolia.infura.io
  Transaction 1345 failed: getaddrinfo ENOTFOUND sepolia.infura.io
  Transaction 1346 failed: getaddrinfo ENOTFOUND sepolia.infura.io
  Transaction 1347 failed: getaddrinfo ENOTFOUND sepolia.infura.io
  Transaction 1348 failed: getaddrinfo ENOTFOUND sepolia.infura.io
  Transaction 1349 failed: getaddrinfo ENOTFOUND sepolia.infura.io
  Transaction 1350 failed: getaddrinfo ENOTFOUND sepolia.infura.io
  Transaction 1351 failed: getaddrinfo ENOTFOUND sepolia.infura.io
  Transaction 1352 failed: getaddrinfo ENOTFOUND sepolia.infura.io
  Transaction 1353 failed: getaddrinfo ENOTFOUND sepolia.infura.io
  Transaction 1354 failed: getaddrinfo ENOTFOUND sepolia.infura.io
  Transaction 1355 failed: getaddrinfo ENOTFOUND sepolia.infura.io
  Transaction 1356 failed: getaddrinfo ENOTFOUND sepolia.infura.io
  Transaction 1357 failed: getaddrinfo ENOTFOUND sepolia.infura.io
  Transaction 1358 failed: getaddrinfo ENOTFOUND sepolia.infura.io
  Transaction 1359 failed: getaddrinfo ENOTFOUND sepolia.infura.io
  Transaction 1360 failed: getaddrinfo ENOTFOUND sepolia.infura.io
  Transaction 1361 failed: getaddrinfo ENOTFOUND sepolia.infura.io
  Transaction 1362 failed: getaddrinfo ENOTFOUND sepolia.infura.io
  Transaction 1363 failed: getaddrinfo ENOTFOUND sepolia.infura.io
  Transaction 1364 failed: getaddrinfo ENOTFOUND sepolia.infura.io
  Transaction 1365 failed: getaddrinfo ENOTFOUND sepolia.infura.io
  Transaction 1366 failed: getaddrinfo ENOTFOUND sepolia.infura.io
  Transaction 1367 failed: getaddrinfo ENOTFOUND sepolia.infura.io
  Transaction 1368 failed: getaddrinfo ENOTFOUND sepolia.infura.io
  Transaction 1369 failed: getaddrinfo ENOTFOUND sepolia.infura.io
  Transaction 1370 failed: getaddrinfo ENOTFOUND sepolia.infura.io
  Transaction 1371 failed: getaddrinfo ENOTFOUND sepolia.infura.io
  Transaction 1372 failed: getaddrinfo ENOTFOUND sepolia.infura.io
  Transaction 1373 failed: getaddrinfo ENOTFOUND sepolia.infura.io
  Transaction 1374 failed: getaddrinfo ENOTFOUND sepolia.infura.io
  Transaction 1375 failed: getaddrinfo ENOTFOUND sepolia.infura.io
  Transaction 1376 failed: getaddrinfo ENOTFOUND sepolia.infura.io
  Transaction 1377 failed: getaddrinfo ENOTFOUND sepolia.infura.io
  Transaction 1378 failed: getaddrinfo ENOTFOUND sepolia.infura.io
  Transaction 1379 failed: getaddrinfo ENOTFOUND sepolia.infura.io
  Transaction 1380 failed: getaddrinfo ENOTFOUND sepolia.infura.io
  Transaction 1381 failed: getaddrinfo ENOTFOUND sepolia.infura.io
  Transaction 1382 failed: getaddrinfo ENOTFOUND sepolia.infura.io
  Transaction 1383 failed: getaddrinfo ENOTFOUND sepolia.infura.io
  Transaction 1384 failed: getaddrinfo ENOTFOUND sepolia.infura.io
  Transaction 1385 failed: getaddrinfo ENOTFOUND sepolia.infura.io
  Transaction 1386 failed: getaddrinfo ENOTFOUND sepolia.infura.io
  Transaction 1387 failed: getaddrinfo ENOTFOUND sepolia.infura.io
  Transaction 1388 failed: getaddrinfo ENOTFOUND sepolia.infura.io
  Transaction 1389 failed: getaddrinfo ENOTFOUND sepolia.infura.io
  Transaction 1390 failed: getaddrinfo ENOTFOUND sepolia.infura.io
  Transaction 1391 failed: getaddrinfo ENOTFOUND sepolia.infura.io
  Transaction 1392 failed: getaddrinfo ENOTFOUND sepolia.infura.io
  Transaction 1393 failed: getaddrinfo ENOTFOUND sepolia.infura.io
  Transaction 1394 failed: getaddrinfo ENOTFOUND sepolia.infura.io
  Transaction 1395 failed: getaddrinfo ENOTFOUND sepolia.infura.io
  Transaction 1396 failed: getaddrinfo ENOTFOUND sepolia.infura.io
  Transaction 1397 failed: getaddrinfo ENOTFOUND sepolia.infura.io
  Transaction 1398 failed: getaddrinfo ENOTFOUND sepolia.infura.io
  Transaction 1399 failed: getaddrinfo ENOTFOUND sepolia.infura.io
  Transaction 1400 failed: getaddrinfo ENOTFOUND sepolia.infura.io
  Transaction 1401 failed: getaddrinfo ENOTFOUND sepolia.infura.io
  Transaction 1402 failed: getaddrinfo ENOTFOUND sepolia.infura.io
  Transaction 1403 failed: getaddrinfo ENOTFOUND sepolia.infura.io
  Transaction 1404 failed: getaddrinfo ENOTFOUND sepolia.infura.io
  Transaction 1405 failed: getaddrinfo ENOTFOUND sepolia.infura.io
  Transaction 1406 failed: getaddrinfo ENOTFOUND sepolia.infura.io
  Transaction 1407 failed: getaddrinfo ENOTFOUND sepolia.infura.io
  Transaction 1408 failed: getaddrinfo ENOTFOUND sepolia.infura.io
  Transaction 1409 failed: getaddrinfo ENOTFOUND sepolia.infura.io
  Transaction 1410 failed: getaddrinfo ENOTFOUND sepolia.infura.io
  Transaction 1411 failed: getaddrinfo ENOTFOUND sepolia.infura.io
  Transaction 1412 failed: getaddrinfo ENOTFOUND sepolia.infura.io
  Transaction 1413 failed: getaddrinfo ENOTFOUND sepolia.infura.io
  Transaction 1414 failed: getaddrinfo ENOTFOUND sepolia.infura.io
  Transaction 1415 failed: getaddrinfo ENOTFOUND sepolia.infura.io
  Transaction 1416 failed: getaddrinfo ENOTFOUND sepolia.infura.io
  Transaction 1417 failed: getaddrinfo ENOTFOUND sepolia.infura.io
  Transaction 1418 failed: getaddrinfo ENOTFOUND sepolia.infura.io
  Transaction 1419 failed: getaddrinfo ENOTFOUND sepolia.infura.io
  Transaction 1420 failed: getaddrinfo ENOTFOUND sepolia.infura.io
  Transaction 1421 failed: getaddrinfo ENOTFOUND sepolia.infura.io
  Transaction 1422 failed: getaddrinfo ENOTFOUND sepolia.infura.io
  Transaction 1423 failed: getaddrinfo ENOTFOUND sepolia.infura.io
  Transaction 1424 failed: getaddrinfo ENOTFOUND sepolia.infura.io
  Transaction 1425 failed: getaddrinfo ENOTFOUND sepolia.infura.io
  Transaction 1426 failed: getaddrinfo ENOTFOUND sepolia.infura.io
  Transaction 1427 failed: getaddrinfo ENOTFOUND sepolia.infura.io
  Transaction 1428 failed: getaddrinfo ENOTFOUND sepolia.infura.io
  Transaction 1429 failed: getaddrinfo ENOTFOUND sepolia.infura.io
  Transaction 1430 failed: getaddrinfo ENOTFOUND sepolia.infura.io
  Transaction 1431 failed: getaddrinfo ENOTFOUND sepolia.infura.io
  Transaction 1432 failed: getaddrinfo ENOTFOUND sepolia.infura.io
  Transaction 1433 failed: getaddrinfo ENOTFOUND sepolia.infura.io
  Transaction 1434 failed: getaddrinfo ENOTFOUND sepolia.infura.io
  Transaction 1435 failed: getaddrinfo ENOTFOUND sepolia.infura.io
  Transaction 1436 failed: getaddrinfo ENOTFOUND sepolia.infura.io
  Transaction 1437 failed: getaddrinfo ENOTFOUND sepolia.infura.io
  Transaction 1438 failed: getaddrinfo ENOTFOUND sepolia.infura.io
  Transaction 1439 failed: getaddrinfo ENOTFOUND sepolia.infura.io
  Transaction 1440 failed: getaddrinfo ENOTFOUND sepolia.infura.io
  Transaction 1441 failed: getaddrinfo ENOTFOUND sepolia.infura.io
  Transaction 1442 failed: getaddrinfo ENOTFOUND sepolia.infura.io
  Transaction 1443 failed: getaddrinfo ENOTFOUND sepolia.infura.io
  Transaction 1444 failed: getaddrinfo ENOTFOUND sepolia.infura.io
  Transaction 1445 failed: getaddrinfo ENOTFOUND sepolia.infura.io
  Transaction 1446 failed: getaddrinfo ENOTFOUND sepolia.infura.io
  Transaction 1447 failed: getaddrinfo ENOTFOUND sepolia.infura.io
  Transaction 1448 failed: getaddrinfo ENOTFOUND sepolia.infura.io
  Transaction 1449 failed: getaddrinfo ENOTFOUND sepolia.infura.io
  Transaction 1450 failed: getaddrinfo ENOTFOUND sepolia.infura.io
  Transaction 1451 failed: getaddrinfo ENOTFOUND sepolia.infura.io
  Transaction 1452 failed: getaddrinfo ENOTFOUND sepolia.infura.io
  Transaction 1453 failed: getaddrinfo ENOTFOUND sepolia.infura.io
  Transaction 1454 failed: getaddrinfo ENOTFOUND sepolia.infura.io
  Transaction 1455 failed: getaddrinfo ENOTFOUND sepolia.infura.io
  Transaction 1456 failed: getaddrinfo ENOTFOUND sepolia.infura.io
  Transaction 1457 failed: getaddrinfo ENOTFOUND sepolia.infura.io
  Transaction 1458 failed: getaddrinfo ENOTFOUND sepolia.infura.io
  Transaction 1459 failed: getaddrinfo ENOTFOUND sepolia.infura.io
  Transaction 1460 failed: getaddrinfo ENOTFOUND sepolia.infura.io
  Transaction 1461 failed: getaddrinfo ENOTFOUND sepolia.infura.io
  Transaction 1462 failed: getaddrinfo ENOTFOUND sepolia.infura.io
  Transaction 1463 failed: getaddrinfo ENOTFOUND sepolia.infura.io
  Transaction 1464 failed: getaddrinfo ENOTFOUND sepolia.infura.io
  Transaction 1465 failed: getaddrinfo ENOTFOUND sepolia.infura.io
  Transaction 1466 failed: getaddrinfo ENOTFOUND sepolia.infura.io
  Transaction 1467 failed: getaddrinfo ENOTFOUND sepolia.infura.io
  Transaction 1468 failed: getaddrinfo ENOTFOUND sepolia.infura.io
  Transaction 1469 failed: getaddrinfo ENOTFOUND sepolia.infura.io
  Transaction 1470 failed: getaddrinfo ENOTFOUND sepolia.infura.io
  Transaction 1471 failed: getaddrinfo ENOTFOUND sepolia.infura.io
  Transaction 1472 failed: getaddrinfo ENOTFOUND sepolia.infura.io
  Transaction 1473 failed: getaddrinfo ENOTFOUND sepolia.infura.io
  Transaction 1474 failed: getaddrinfo ENOTFOUND sepolia.infura.io
  Transaction 1475 failed: getaddrinfo ENOTFOUND sepolia.infura.io
  Transaction 1476 failed: getaddrinfo ENOTFOUND sepolia.infura.io
  Transaction 1477 failed: getaddrinfo ENOTFOUND sepolia.infura.io
  Transaction 1478 failed: getaddrinfo ENOTFOUND sepolia.infura.io
  Transaction 1479 failed: getaddrinfo ENOTFOUND sepolia.infura.io
  Transaction 1480 failed: getaddrinfo ENOTFOUND sepolia.infura.io
  Transaction 1481 failed: getaddrinfo ENOTFOUND sepolia.infura.io
  Transaction 1482 failed: getaddrinfo ENOTFOUND sepolia.infura.io
  Transaction 1483 failed: getaddrinfo ENOTFOUND sepolia.infura.io
  Transaction 1484 failed: getaddrinfo ENOTFOUND sepolia.infura.io
  Transaction 1485 failed: getaddrinfo ENOTFOUND sepolia.infura.io
  Transaction 1486 failed: getaddrinfo ENOTFOUND sepolia.infura.io
  Transaction 1487 failed: getaddrinfo ENOTFOUND sepolia.infura.io
  Transaction 1488 failed: getaddrinfo ENOTFOUND sepolia.infura.io
  Transaction 1489 failed: getaddrinfo ENOTFOUND sepolia.infura.io
  Transaction 1490 failed: getaddrinfo ENOTFOUND sepolia.infura.io
  Transaction 1491 failed: getaddrinfo ENOTFOUND sepolia.infura.io
  Transaction 1492 failed: getaddrinfo ENOTFOUND sepolia.infura.io
  Transaction 1493 failed: getaddrinfo ENOTFOUND sepolia.infura.io
  Transaction 1494 failed: getaddrinfo ENOTFOUND sepolia.infura.io
  Transaction 1495 failed: getaddrinfo ENOTFOUND sepolia.infura.io
  Transaction 1496 failed: getaddrinfo ENOTFOUND sepolia.infura.io
  Transaction 1497 failed: getaddrinfo ENOTFOUND sepolia.infura.io
  Transaction 1498 failed: getaddrinfo ENOTFOUND sepolia.infura.io
  Transaction 1499 failed: getaddrinfo ENOTFOUND sepolia.infura.io
  Transaction 1500 failed: getaddrinfo ENOTFOUND sepolia.infura.io
  Transaction 1501 failed: getaddrinfo ENOTFOUND sepolia.infura.io
  Transaction 1502 failed: getaddrinfo ENOTFOUND sepolia.infura.io
  Transaction 1503 failed: getaddrinfo ENOTFOUND sepolia.infura.io
  Transaction 1504 failed: getaddrinfo ENOTFOUND sepolia.infura.io
  Transaction 1505 failed: getaddrinfo ENOTFOUND sepolia.infura.io
  Transaction 1506 failed: getaddrinfo ENOTFOUND sepolia.infura.io
  Transaction 1507 failed: getaddrinfo ENOTFOUND sepolia.infura.io
  Transaction 1508 failed: getaddrinfo ENOTFOUND sepolia.infura.io
  Transaction 1509 failed: getaddrinfo ENOTFOUND sepolia.infura.io
  Transaction 1510 failed: getaddrinfo ENOTFOUND sepolia.infura.io
  Transaction 1511 failed: getaddrinfo ENOTFOUND sepolia.infura.io
  Transaction 1512 failed: getaddrinfo ENOTFOUND sepolia.infura.io
  Transaction 1513 failed: getaddrinfo ENOTFOUND sepolia.infura.io
  Transaction 1514 failed: getaddrinfo ENOTFOUND sepolia.infura.io
  Transaction 1515 failed: getaddrinfo ENOTFOUND sepolia.infura.io
  Transaction 1516 failed: getaddrinfo ENOTFOUND sepolia.infura.io
  Transaction 1517 failed: getaddrinfo ENOTFOUND sepolia.infura.io
  Transaction 1518 failed: getaddrinfo ENOTFOUND sepolia.infura.io
  Transaction 1519 failed: getaddrinfo ENOTFOUND sepolia.infura.io
  Transaction 1520 failed: getaddrinfo ENOTFOUND sepolia.infura.io
  Transaction 1521 failed: getaddrinfo ENOTFOUND sepolia.infura.io
  Transaction 1522 failed: getaddrinfo ENOTFOUND sepolia.infura.io
  Transaction 1523 failed: getaddrinfo ENOTFOUND sepolia.infura.io
  Transaction 1524 failed: getaddrinfo ENOTFOUND sepolia.infura.io
  Transaction 1525 failed: getaddrinfo ENOTFOUND sepolia.infura.io
  Transaction 1526 failed: getaddrinfo ENOTFOUND sepolia.infura.io
  Transaction 1527 failed: getaddrinfo ENOTFOUND sepolia.infura.io
  Transaction 1528 failed: getaddrinfo ENOTFOUND sepolia.infura.io
  Transaction 1529 failed: getaddrinfo ENOTFOUND sepolia.infura.io
  Transaction 1530 failed: getaddrinfo ENOTFOUND sepolia.infura.io
  Transaction 1531 failed: getaddrinfo ENOTFOUND sepolia.infura.io
  Transaction 1532 failed: getaddrinfo ENOTFOUND sepolia.infura.io
  Transaction 1533 failed: getaddrinfo ENOTFOUND sepolia.infura.io
  Transaction 1534 failed: getaddrinfo ENOTFOUND sepolia.infura.io
  Transaction 1535 failed: getaddrinfo ENOTFOUND sepolia.infura.io
  Transaction 1536 failed: getaddrinfo ENOTFOUND sepolia.infura.io
  Transaction 1537 failed: getaddrinfo ENOTFOUND sepolia.infura.io
  Transaction 1538 failed: getaddrinfo ENOTFOUND sepolia.infura.io
  Transaction 1539 failed: getaddrinfo ENOTFOUND sepolia.infura.io
  Transaction 1540 failed: getaddrinfo ENOTFOUND sepolia.infura.io
  Transaction 1541 failed: getaddrinfo ENOTFOUND sepolia.infura.io
  Transaction 1542 failed: getaddrinfo ENOTFOUND sepolia.infura.io
  Transaction 1543 failed: getaddrinfo ENOTFOUND sepolia.infura.io
  Transaction 1544 failed: getaddrinfo ENOTFOUND sepolia.infura.io
  Transaction 1545 failed: getaddrinfo ENOTFOUND sepolia.infura.io
  Transaction 1546 failed: getaddrinfo ENOTFOUND sepolia.infura.io
  Transaction 1547 failed: getaddrinfo ENOTFOUND sepolia.infura.io
  Transaction 1548 failed: getaddrinfo ENOTFOUND sepolia.infura.io
  Transaction 1549 failed: getaddrinfo ENOTFOUND sepolia.infura.io
  Transaction 1550 failed: getaddrinfo ENOTFOUND sepolia.infura.io
  Transaction 1551 failed: getaddrinfo ENOTFOUND sepolia.infura.io
  Transaction 1552 failed: getaddrinfo ENOTFOUND sepolia.infura.io
  Transaction 1553 failed: getaddrinfo ENOTFOUND sepolia.infura.io
  Transaction 1554 failed: getaddrinfo ENOTFOUND sepolia.infura.io
  Transaction 1555 failed: getaddrinfo ENOTFOUND sepolia.infura.io
  Transaction 1556 failed: getaddrinfo ENOTFOUND sepolia.infura.io
  Transaction 1557 failed: getaddrinfo ENOTFOUND sepolia.infura.io
  Transaction 1558 failed: getaddrinfo ENOTFOUND sepolia.infura.io
  Transaction 1559 failed: getaddrinfo ENOTFOUND sepolia.infura.io
  Transaction 1560 failed: getaddrinfo ENOTFOUND sepolia.infura.io
  Transaction 1561 failed: getaddrinfo ENOTFOUND sepolia.infura.io
  Transaction 1562 failed: getaddrinfo ENOTFOUND sepolia.infura.io
  Transaction 1563 failed: getaddrinfo ENOTFOUND sepolia.infura.io
  Transaction 1564 failed: getaddrinfo ENOTFOUND sepolia.infura.io
  Transaction 1565 failed: getaddrinfo ENOTFOUND sepolia.infura.io
  Transaction 1566 failed: getaddrinfo ENOTFOUND sepolia.infura.io
  Transaction 1567 failed: getaddrinfo ENOTFOUND sepolia.infura.io
  Transaction 1568 failed: getaddrinfo ENOTFOUND sepolia.infura.io
  Transaction 1569 failed: getaddrinfo ENOTFOUND sepolia.infura.io
  Transaction 1570 failed: getaddrinfo ENOTFOUND sepolia.infura.io
  Transaction 1571 failed: getaddrinfo ENOTFOUND sepolia.infura.io
  Transaction 1572 failed: getaddrinfo ENOTFOUND sepolia.infura.io
  Transaction 1573 failed: getaddrinfo ENOTFOUND sepolia.infura.io
  Transaction 1574 failed: getaddrinfo ENOTFOUND sepolia.infura.io
  Transaction 1575 failed: getaddrinfo ENOTFOUND sepolia.infura.io
  Transaction 1576 failed: getaddrinfo ENOTFOUND sepolia.infura.io
  Transaction 1577 failed: getaddrinfo ENOTFOUND sepolia.infura.io
  Transaction 1578 failed: getaddrinfo ENOTFOUND sepolia.infura.io
  Transaction 1579 failed: getaddrinfo ENOTFOUND sepolia.infura.io
  Transaction 1580 failed: getaddrinfo ENOTFOUND sepolia.infura.io
  Transaction 1581 failed: getaddrinfo ENOTFOUND sepolia.infura.io
  Transaction 1582 failed: getaddrinfo ENOTFOUND sepolia.infura.io
  Transaction 1583 failed: getaddrinfo ENOTFOUND sepolia.infura.io
  Transaction 1584 failed: getaddrinfo ENOTFOUND sepolia.infura.io
  Transaction 1585 failed: getaddrinfo ENOTFOUND sepolia.infura.io
  Transaction 1586 failed: getaddrinfo ENOTFOUND sepolia.infura.io
  Transaction 1587 failed: getaddrinfo ENOTFOUND sepolia.infura.io
  Transaction 1588 failed: getaddrinfo ENOTFOUND sepolia.infura.io
  Transaction 1589 failed: getaddrinfo ENOTFOUND sepolia.infura.io
  Transaction 1590 failed: getaddrinfo ENOTFOUND sepolia.infura.io
  Transaction 1591 failed: getaddrinfo ENOTFOUND sepolia.infura.io
  Transaction 1592 failed: getaddrinfo ENOTFOUND sepolia.infura.io
  Transaction 1593 failed: getaddrinfo ENOTFOUND sepolia.infura.io
  Transaction 1594 failed: getaddrinfo ENOTFOUND sepolia.infura.io
  Transaction 1595 failed: getaddrinfo ENOTFOUND sepolia.infura.io
  Transaction 1596 failed: getaddrinfo ENOTFOUND sepolia.infura.io
  Transaction 1597 failed: getaddrinfo ENOTFOUND sepolia.infura.io
  Transaction 1598 failed: getaddrinfo ENOTFOUND sepolia.infura.io
  Transaction 1599 failed: getaddrinfo ENOTFOUND sepolia.infura.io
  Transaction 1600 failed: getaddrinfo ENOTFOUND sepolia.infura.io
  Transaction 1601 failed: getaddrinfo ENOTFOUND sepolia.infura.io
  Transaction 1602 failed: getaddrinfo ENOTFOUND sepolia.infura.io
  Transaction 1603 failed: getaddrinfo ENOTFOUND sepolia.infura.io
  Transaction 1604 failed: getaddrinfo ENOTFOUND sepolia.infura.io
  Transaction 1605 failed: getaddrinfo ENOTFOUND sepolia.infura.io
  Transaction 1606 failed: getaddrinfo ENOTFOUND sepolia.infura.io
  Transaction 1607 failed: getaddrinfo ENOTFOUND sepolia.infura.io
  Transaction 1608 failed: getaddrinfo ENOTFOUND sepolia.infura.io
  Transaction 1609 failed: getaddrinfo ENOTFOUND sepolia.infura.io
  Transaction 1610 failed: getaddrinfo ENOTFOUND sepolia.infura.io
  Transaction 1611 failed: getaddrinfo ENOTFOUND sepolia.infura.io
  Transaction 1612 failed: getaddrinfo ENOTFOUND sepolia.infura.io
  Transaction 1613 failed: getaddrinfo ENOTFOUND sepolia.infura.io
  Transaction 1614 failed: getaddrinfo ENOTFOUND sepolia.infura.io
  Transaction 1615 failed: getaddrinfo ENOTFOUND sepolia.infura.io
  Transaction 1616 failed: getaddrinfo ENOTFOUND sepolia.infura.io
  Transaction 1617 failed: getaddrinfo ENOTFOUND sepolia.infura.io
  Transaction 1618 failed: getaddrinfo ENOTFOUND sepolia.infura.io
  Transaction 1619 failed: getaddrinfo ENOTFOUND sepolia.infura.io
  Transaction 1620 failed: getaddrinfo ENOTFOUND sepolia.infura.io
  Transaction 1621 failed: getaddrinfo ENOTFOUND sepolia.infura.io
  Transaction 1622 failed: getaddrinfo ENOTFOUND sepolia.infura.io
  Transaction 1623 failed: getaddrinfo ENOTFOUND sepolia.infura.io
  Transaction 1624 failed: getaddrinfo ENOTFOUND sepolia.infura.io
  Transaction 1625 failed: getaddrinfo ENOTFOUND sepolia.infura.io
  Transaction 1626 failed: getaddrinfo ENOTFOUND sepolia.infura.io
  Transaction 1627 failed: getaddrinfo ENOTFOUND sepolia.infura.io
  Transaction 1628 failed: getaddrinfo ENOTFOUND sepolia.infura.io
  Transaction 1629 failed: getaddrinfo ENOTFOUND sepolia.infura.io
  Transaction 1630 failed: getaddrinfo ENOTFOUND sepolia.infura.io
  Transaction 1631 failed: getaddrinfo ENOTFOUND sepolia.infura.io
  Transaction 1632 failed: getaddrinfo ENOTFOUND sepolia.infura.io
  Transaction 1633 failed: getaddrinfo ENOTFOUND sepolia.infura.io
  Transaction 1634 failed: getaddrinfo ENOTFOUND sepolia.infura.io
  Transaction 1635 failed: getaddrinfo ENOTFOUND sepolia.infura.io
  Transaction 1636 failed: getaddrinfo ENOTFOUND sepolia.infura.io
  Transaction 1637 failed: getaddrinfo ENOTFOUND sepolia.infura.io
  Transaction 1638 failed: getaddrinfo ENOTFOUND sepolia.infura.io
  Transaction 1639 failed: getaddrinfo ENOTFOUND sepolia.infura.io
  Transaction 1640 failed: getaddrinfo ENOTFOUND sepolia.infura.io
  Transaction 1641 failed: getaddrinfo ENOTFOUND sepolia.infura.io
  Transaction 1642 failed: getaddrinfo ENOTFOUND sepolia.infura.io
  Transaction 1643 failed: getaddrinfo ENOTFOUND sepolia.infura.io
  Transaction 1644 failed: getaddrinfo ENOTFOUND sepolia.infura.io
  Transaction 1645 failed: getaddrinfo ENOTFOUND sepolia.infura.io
  Transaction 1646 failed: getaddrinfo ENOTFOUND sepolia.infura.io
  Transaction 1647 failed: getaddrinfo ENOTFOUND sepolia.infura.io
  Transaction 1648 failed: getaddrinfo ENOTFOUND sepolia.infura.io
  Transaction 1649 failed: getaddrinfo ENOTFOUND sepolia.infura.io
  Transaction 1650 failed: getaddrinfo ENOTFOUND sepolia.infura.io
  Transaction 1651 failed: getaddrinfo ENOTFOUND sepolia.infura.io
  Transaction 1652 failed: getaddrinfo ENOTFOUND sepolia.infura.io
  Transaction 1653 failed: getaddrinfo ENOTFOUND sepolia.infura.io
  Transaction 1654 failed: getaddrinfo ENOTFOUND sepolia.infura.io
  Transaction 1655 failed: getaddrinfo ENOTFOUND sepolia.infura.io
  Transaction 1656 failed: getaddrinfo ENOTFOUND sepolia.infura.io
  Transaction 1657 failed: getaddrinfo ENOTFOUND sepolia.infura.io
  Transaction 1658 failed: getaddrinfo ENOTFOUND sepolia.infura.io
  Transaction 1659 failed: getaddrinfo ENOTFOUND sepolia.infura.io
  Transaction 1660 failed: getaddrinfo ENOTFOUND sepolia.infura.io
  Transaction 1661 failed: getaddrinfo ENOTFOUND sepolia.infura.io
  Transaction 1662 failed: getaddrinfo ENOTFOUND sepolia.infura.io
  Transaction 1663 failed: getaddrinfo ENOTFOUND sepolia.infura.io
  Transaction 1664 failed: getaddrinfo ENOTFOUND sepolia.infura.io
  Transaction 1665 failed: getaddrinfo ENOTFOUND sepolia.infura.io
  Transaction 1666 failed: getaddrinfo ENOTFOUND sepolia.infura.io
  Transaction 1667 failed: getaddrinfo ENOTFOUND sepolia.infura.io
  Transaction 1668 failed: getaddrinfo ENOTFOUND sepolia.infura.io
  Transaction 1669 failed: getaddrinfo ENOTFOUND sepolia.infura.io
  Transaction 1670 failed: getaddrinfo ENOTFOUND sepolia.infura.io
  Transaction 1671 failed: getaddrinfo ENOTFOUND sepolia.infura.io
  Transaction 1672 failed: getaddrinfo ENOTFOUND sepolia.infura.io
  Transaction 1673 failed: getaddrinfo ENOTFOUND sepolia.infura.io
  Transaction 1674 failed: getaddrinfo ENOTFOUND sepolia.infura.io
  Transaction 1675 failed: getaddrinfo ENOTFOUND sepolia.infura.io
  Transaction 1676 failed: getaddrinfo ENOTFOUND sepolia.infura.io
  Transaction 1677 failed: getaddrinfo ENOTFOUND sepolia.infura.io
  Transaction 1678 failed: getaddrinfo ENOTFOUND sepolia.infura.io
  Transaction 1679 failed: getaddrinfo ENOTFOUND sepolia.infura.io
  Transaction 1680 failed: getaddrinfo ENOTFOUND sepolia.infura.io
  Transaction 1681 failed: getaddrinfo ENOTFOUND sepolia.infura.io
  Transaction 1682 failed: getaddrinfo ENOTFOUND sepolia.infura.io
  Transaction 1683 failed: getaddrinfo ENOTFOUND sepolia.infura.io
  Transaction 1684 failed: getaddrinfo ENOTFOUND sepolia.infura.io
  Transaction 1685 failed: getaddrinfo ENOTFOUND sepolia.infura.io
  Transaction 1686 failed: getaddrinfo ENOTFOUND sepolia.infura.io
  Transaction 1687 failed: getaddrinfo ENOTFOUND sepolia.infura.io
  Transaction 1688 failed: getaddrinfo ENOTFOUND sepolia.infura.io
  Transaction 1689 failed: getaddrinfo ENOTFOUND sepolia.infura.io
  Transaction 1690 failed: getaddrinfo ENOTFOUND sepolia.infura.io
  Transaction 1691 failed: getaddrinfo ENOTFOUND sepolia.infura.io
  Transaction 1692 failed: getaddrinfo ENOTFOUND sepolia.infura.io
  Transaction 1693 failed: getaddrinfo ENOTFOUND sepolia.infura.io
  Transaction 1694 failed: getaddrinfo ENOTFOUND sepolia.infura.io
  Transaction 1695 failed: getaddrinfo ENOTFOUND sepolia.infura.io
  Transaction 1696 failed: getaddrinfo ENOTFOUND sepolia.infura.io
  Transaction 1697 failed: getaddrinfo ENOTFOUND sepolia.infura.io
  Transaction 1698 failed: getaddrinfo ENOTFOUND sepolia.infura.io
  Transaction 1699 failed: getaddrinfo ENOTFOUND sepolia.infura.io
  Transaction 1700 failed: getaddrinfo ENOTFOUND sepolia.infura.io
  Transaction 1701 failed: getaddrinfo ENOTFOUND sepolia.infura.io
  Transaction 1702 failed: getaddrinfo ENOTFOUND sepolia.infura.io
  Transaction 1703 failed: getaddrinfo ENOTFOUND sepolia.infura.io
  Transaction 1704 failed: getaddrinfo ENOTFOUND sepolia.infura.io
  Transaction 1705 failed: getaddrinfo ENOTFOUND sepolia.infura.io
  Transaction 1706 failed: getaddrinfo ENOTFOUND sepolia.infura.io
  Transaction 1707 failed: getaddrinfo ENOTFOUND sepolia.infura.io
  Transaction 1708 failed: getaddrinfo ENOTFOUND sepolia.infura.io
  Transaction 1709 failed: getaddrinfo ENOTFOUND sepolia.infura.io
  Transaction 1710 failed: getaddrinfo ENOTFOUND sepolia.infura.io
  Transaction 1711 failed: getaddrinfo ENOTFOUND sepolia.infura.io
  Transaction 1712 failed: getaddrinfo ENOTFOUND sepolia.infura.io
  Transaction 1713 failed: getaddrinfo ENOTFOUND sepolia.infura.io
  Transaction 1714 failed: getaddrinfo ENOTFOUND sepolia.infura.io
  Transaction 1715 failed: getaddrinfo ENOTFOUND sepolia.infura.io
  Transaction 1716 failed: getaddrinfo ENOTFOUND sepolia.infura.io
  Transaction 1717 failed: getaddrinfo ENOTFOUND sepolia.infura.io
  Transaction 1718 failed: getaddrinfo ENOTFOUND sepolia.infura.io
  Transaction 1719 failed: getaddrinfo ENOTFOUND sepolia.infura.io
  Transaction 1720 failed: getaddrinfo ENOTFOUND sepolia.infura.io
  Transaction 1721 failed: getaddrinfo ENOTFOUND sepolia.infura.io
  Transaction 1722 failed: getaddrinfo ENOTFOUND sepolia.infura.io
  Transaction 1723 failed: getaddrinfo ENOTFOUND sepolia.infura.io
  Transaction 1724 failed: getaddrinfo ENOTFOUND sepolia.infura.io
  Transaction 1725 failed: getaddrinfo ENOTFOUND sepolia.infura.io
  Transaction 1726 failed: getaddrinfo ENOTFOUND sepolia.infura.io
  Transaction 1727 failed: getaddrinfo ENOTFOUND sepolia.infura.io
  Transaction 1728 failed: getaddrinfo ENOTFOUND sepolia.infura.io
  Transaction 1729 failed: getaddrinfo ENOTFOUND sepolia.infura.io
  Transaction 1730 failed: getaddrinfo ENOTFOUND sepolia.infura.io
  Transaction 1731 failed: getaddrinfo ENOTFOUND sepolia.infura.io
  Transaction 1732 failed: getaddrinfo ENOTFOUND sepolia.infura.io
  Transaction 1733 failed: getaddrinfo ENOTFOUND sepolia.infura.io
  Transaction 1734 failed: getaddrinfo ENOTFOUND sepolia.infura.io
  Transaction 1735 failed: getaddrinfo ENOTFOUND sepolia.infura.io
  Transaction 1736 failed: getaddrinfo ENOTFOUND sepolia.infura.io
  Transaction 1737 failed: getaddrinfo ENOTFOUND sepolia.infura.io
  Transaction 1738 failed: getaddrinfo ENOTFOUND sepolia.infura.io
  Transaction 1739 failed: getaddrinfo ENOTFOUND sepolia.infura.io
  Transaction 1740 failed: getaddrinfo ENOTFOUND sepolia.infura.io
  Transaction 1741 failed: getaddrinfo ENOTFOUND sepolia.infura.io
  Transaction 1742 failed: getaddrinfo ENOTFOUND sepolia.infura.io
  Transaction 1743 failed: getaddrinfo ENOTFOUND sepolia.infura.io
  Transaction 1744 failed: getaddrinfo ENOTFOUND sepolia.infura.io
  Transaction 1745 failed: getaddrinfo ENOTFOUND sepolia.infura.io
  Transaction 1746 failed: getaddrinfo ENOTFOUND sepolia.infura.io
  Transaction 1747 failed: getaddrinfo ENOTFOUND sepolia.infura.io
  Transaction 1748 failed: getaddrinfo ENOTFOUND sepolia.infura.io
  Transaction 1749 failed: getaddrinfo ENOTFOUND sepolia.infura.io
  Transaction 1750 failed: getaddrinfo ENOTFOUND sepolia.infura.io
  Transaction 1751 failed: getaddrinfo ENOTFOUND sepolia.infura.io
  Transaction 1752 failed: getaddrinfo ENOTFOUND sepolia.infura.io
  Transaction 1753 failed: getaddrinfo ENOTFOUND sepolia.infura.io
  Transaction 1754 failed: getaddrinfo ENOTFOUND sepolia.infura.io
  Transaction 1755 failed: getaddrinfo ENOTFOUND sepolia.infura.io
  Transaction 1756 failed: getaddrinfo ENOTFOUND sepolia.infura.io
  Transaction 1757 failed: getaddrinfo ENOTFOUND sepolia.infura.io
  Transaction 1758 failed: getaddrinfo ENOTFOUND sepolia.infura.io
  Transaction 1759 failed: getaddrinfo ENOTFOUND sepolia.infura.io
  Transaction 1760 failed: getaddrinfo ENOTFOUND sepolia.infura.io
  Transaction 1761 failed: getaddrinfo ENOTFOUND sepolia.infura.io
  Transaction 1762 failed: getaddrinfo ENOTFOUND sepolia.infura.io
  Transaction 1763 failed: getaddrinfo ENOTFOUND sepolia.infura.io
  Transaction 1764 failed: getaddrinfo ENOTFOUND sepolia.infura.io
  Transaction 1765 failed: getaddrinfo ENOTFOUND sepolia.infura.io
  Transaction 1766 failed: getaddrinfo ENOTFOUND sepolia.infura.io
  Transaction 1767 failed: getaddrinfo ENOTFOUND sepolia.infura.io
  Transaction 1768 failed: getaddrinfo ENOTFOUND sepolia.infura.io
  Transaction 1769 failed: getaddrinfo ENOTFOUND sepolia.infura.io
  Transaction 1770 failed: getaddrinfo ENOTFOUND sepolia.infura.io
  Transaction 1771 failed: getaddrinfo ENOTFOUND sepolia.infura.io
  Transaction 1772 failed: getaddrinfo ENOTFOUND sepolia.infura.io
  Transaction 1773 failed: getaddrinfo ENOTFOUND sepolia.infura.io
  Transaction 1774 failed: getaddrinfo ENOTFOUND sepolia.infura.io
  Transaction 1775 failed: getaddrinfo ENOTFOUND sepolia.infura.io
  Transaction 1776 failed: getaddrinfo ENOTFOUND sepolia.infura.io
  Transaction 1777 failed: getaddrinfo ENOTFOUND sepolia.infura.io
  Transaction 1778 failed: getaddrinfo ENOTFOUND sepolia.infura.io
  Transaction 1779 failed: getaddrinfo ENOTFOUND sepolia.infura.io
  Transaction 1780 failed: getaddrinfo ENOTFOUND sepolia.infura.io
  Transaction 1781 failed: getaddrinfo ENOTFOUND sepolia.infura.io
  Transaction 1782 failed: getaddrinfo ENOTFOUND sepolia.infura.io
  Transaction 1783 failed: getaddrinfo ENOTFOUND sepolia.infura.io
  Transaction 1784 failed: getaddrinfo ENOTFOUND sepolia.infura.io
  Transaction 1785 failed: getaddrinfo ENOTFOUND sepolia.infura.io
  Transaction 1786 failed: getaddrinfo ENOTFOUND sepolia.infura.io
  Transaction 1787 failed: getaddrinfo ENOTFOUND sepolia.infura.io
  Transaction 1788 failed: getaddrinfo ENOTFOUND sepolia.infura.io
  Transaction 1789 failed: getaddrinfo ENOTFOUND sepolia.infura.io
  Transaction 1790 failed: getaddrinfo ENOTFOUND sepolia.infura.io
  Transaction 1791 failed: getaddrinfo ENOTFOUND sepolia.infura.io
  Transaction 1792 failed: getaddrinfo ENOTFOUND sepolia.infura.io
  Transaction 1793 failed: getaddrinfo ENOTFOUND sepolia.infura.io
  Transaction 1794 failed: getaddrinfo ENOTFOUND sepolia.infura.io
  Transaction 1795 failed: getaddrinfo ENOTFOUND sepolia.infura.io
  Transaction 1796 failed: getaddrinfo ENOTFOUND sepolia.infura.io
  Transaction 1797 failed: getaddrinfo ENOTFOUND sepolia.infura.io
  Transaction 1798 failed: getaddrinfo ENOTFOUND sepolia.infura.io
  Transaction 1799 failed: getaddrinfo ENOTFOUND sepolia.infura.io
  Transaction 1800 failed: getaddrinfo ENOTFOUND sepolia.infura.io
  Transaction 1801 failed: getaddrinfo ENOTFOUND sepolia.infura.io
  Transaction 1802 failed: getaddrinfo ENOTFOUND sepolia.infura.io
  Transaction 1803 failed: getaddrinfo ENOTFOUND sepolia.infura.io
  Transaction 1804 failed: getaddrinfo ENOTFOUND sepolia.infura.io
  Transaction 1805 failed: getaddrinfo ENOTFOUND sepolia.infura.io
  Transaction 1806 failed: getaddrinfo ENOTFOUND sepolia.infura.io
  Transaction 1807 failed: getaddrinfo ENOTFOUND sepolia.infura.io
  Transaction 1808 failed: getaddrinfo ENOTFOUND sepolia.infura.io
  Transaction 1809 failed: getaddrinfo ENOTFOUND sepolia.infura.io
  Transaction 1810 failed: getaddrinfo ENOTFOUND sepolia.infura.io
  Transaction 1811 failed: getaddrinfo ENOTFOUND sepolia.infura.io
  Transaction 1812 failed: getaddrinfo ENOTFOUND sepolia.infura.io
  Transaction 1813 failed: getaddrinfo ENOTFOUND sepolia.infura.io
  Transaction 1814 failed: getaddrinfo ENOTFOUND sepolia.infura.io
  Transaction 1815 failed: getaddrinfo ENOTFOUND sepolia.infura.io
  Transaction 1816 failed: getaddrinfo ENOTFOUND sepolia.infura.io
  Transaction 1817 failed: getaddrinfo ENOTFOUND sepolia.infura.io
  Transaction 1818 failed: getaddrinfo ENOTFOUND sepolia.infura.io
  Transaction 1819 failed: getaddrinfo ENOTFOUND sepolia.infura.io
  Transaction 1820 failed: getaddrinfo ENOTFOUND sepolia.infura.io
  Transaction 1821 failed: getaddrinfo ENOTFOUND sepolia.infura.io
  Transaction 1822 failed: getaddrinfo ENOTFOUND sepolia.infura.io
  Transaction 1823 failed: getaddrinfo ENOTFOUND sepolia.infura.io
  Transaction 1824 failed: getaddrinfo ENOTFOUND sepolia.infura.io
  Transaction 1825 failed: getaddrinfo ENOTFOUND sepolia.infura.io
  Transaction 1826 failed: getaddrinfo ENOTFOUND sepolia.infura.io
  Transaction 1827 failed: getaddrinfo ENOTFOUND sepolia.infura.io
  Transaction 1828 failed: getaddrinfo ENOTFOUND sepolia.infura.io
  Transaction 1829 failed: getaddrinfo ENOTFOUND sepolia.infura.io
  Transaction 1830 failed: getaddrinfo ENOTFOUND sepolia.infura.io
  Transaction 1831 failed: getaddrinfo ENOTFOUND sepolia.infura.io
  Transaction 1832 failed: getaddrinfo ENOTFOUND sepolia.infura.io
  Transaction 1833 failed: getaddrinfo ENOTFOUND sepolia.infura.io
  Transaction 1834 failed: getaddrinfo ENOTFOUND sepolia.infura.io
  Transaction 1835 failed: getaddrinfo ENOTFOUND sepolia.infura.io
  Transaction 1836 failed: getaddrinfo ENOTFOUND sepolia.infura.io
  Transaction 1837 failed: getaddrinfo ENOTFOUND sepolia.infura.io
  Transaction 1838 failed: getaddrinfo ENOTFOUND sepolia.infura.io
  Transaction 1839 failed: getaddrinfo ENOTFOUND sepolia.infura.io
  Transaction 1840 failed: getaddrinfo ENOTFOUND sepolia.infura.io
  Transaction 1841 failed: getaddrinfo ENOTFOUND sepolia.infura.io
  Transaction 1842 failed: getaddrinfo ENOTFOUND sepolia.infura.io
  Transaction 1843 failed: getaddrinfo ENOTFOUND sepolia.infura.io
  Transaction 1844 failed: getaddrinfo ENOTFOUND sepolia.infura.io
  Transaction 1845 failed: getaddrinfo ENOTFOUND sepolia.infura.io
  Transaction 1846 failed: getaddrinfo ENOTFOUND sepolia.infura.io
  Transaction 1847 failed: getaddrinfo ENOTFOUND sepolia.infura.io
  Transaction 1848 failed: getaddrinfo ENOTFOUND sepolia.infura.io
  Transaction 1849 failed: getaddrinfo ENOTFOUND sepolia.infura.io
  Transaction 1850 failed: getaddrinfo ENOTFOUND sepolia.infura.io
  Transaction 1851 failed: getaddrinfo ENOTFOUND sepolia.infura.io
  Transaction 1852 failed: getaddrinfo ENOTFOUND sepolia.infura.io
  Transaction 1853 failed: getaddrinfo ENOTFOUND sepolia.infura.io
  Transaction 1854 failed: getaddrinfo ENOTFOUND sepolia.infura.io
  Transaction 1855 failed: getaddrinfo ENOTFOUND sepolia.infura.io
  Transaction 1856 failed: getaddrinfo ENOTFOUND sepolia.infura.io
  Transaction 1857 failed: getaddrinfo ENOTFOUND sepolia.infura.io
  Transaction 1858 failed: getaddrinfo ENOTFOUND sepolia.infura.io
  Transaction 1859 failed: getaddrinfo ENOTFOUND sepolia.infura.io
  Transaction 1860 failed: getaddrinfo ENOTFOUND sepolia.infura.io
  Transaction 1861 failed: getaddrinfo ENOTFOUND sepolia.infura.io
  Transaction 1862 failed: getaddrinfo ENOTFOUND sepolia.infura.io
  Transaction 1863 failed: getaddrinfo ENOTFOUND sepolia.infura.io
  Transaction 1864 failed: getaddrinfo ENOTFOUND sepolia.infura.io
  Transaction 1865 failed: getaddrinfo ENOTFOUND sepolia.infura.io
  Transaction 1866 failed: getaddrinfo ENOTFOUND sepolia.infura.io
  Transaction 1867 failed: getaddrinfo ENOTFOUND sepolia.infura.io
  Transaction 1868 failed: getaddrinfo ENOTFOUND sepolia.infura.io
  Transaction 1869 failed: getaddrinfo ENOTFOUND sepolia.infura.io
  Transaction 1870 failed: getaddrinfo ENOTFOUND sepolia.infura.io
  Transaction 1871 failed: getaddrinfo ENOTFOUND sepolia.infura.io
  Transaction 1872 failed: getaddrinfo ENOTFOUND sepolia.infura.io
  Transaction 1873 failed: getaddrinfo ENOTFOUND sepolia.infura.io
  Transaction 1874 failed: getaddrinfo ENOTFOUND sepolia.infura.io
  Transaction 1875 failed: getaddrinfo ENOTFOUND sepolia.infura.io
  Transaction 1876 failed: getaddrinfo ENOTFOUND sepolia.infura.io
  Transaction 1877 failed: getaddrinfo ENOTFOUND sepolia.infura.io
  Transaction 1878 failed: getaddrinfo ENOTFOUND sepolia.infura.io
  Transaction 1879 failed: getaddrinfo ENOTFOUND sepolia.infura.io
  Transaction 1880 failed: getaddrinfo ENOTFOUND sepolia.infura.io
  Transaction 1881 failed: getaddrinfo ENOTFOUND sepolia.infura.io
  Transaction 1882 failed: getaddrinfo ENOTFOUND sepolia.infura.io
  Transaction 1883 failed: getaddrinfo ENOTFOUND sepolia.infura.io
  Transaction 1884 failed: getaddrinfo ENOTFOUND sepolia.infura.io
  Transaction 1885 failed: getaddrinfo ENOTFOUND sepolia.infura.io
  Transaction 1886 failed: getaddrinfo ENOTFOUND sepolia.infura.io
  Transaction 1887 failed: getaddrinfo ENOTFOUND sepolia.infura.io
  Transaction 1888 failed: getaddrinfo ENOTFOUND sepolia.infura.io
  Transaction 1889 failed: getaddrinfo ENOTFOUND sepolia.infura.io
  Transaction 1890 failed: getaddrinfo ENOTFOUND sepolia.infura.io
  Transaction 1891 failed: getaddrinfo ENOTFOUND sepolia.infura.io
  Transaction 1892 failed: getaddrinfo ENOTFOUND sepolia.infura.io
  Transaction 1893 failed: getaddrinfo ENOTFOUND sepolia.infura.io
  Transaction 1894 failed: getaddrinfo ENOTFOUND sepolia.infura.io
  Transaction 1895 failed: getaddrinfo ENOTFOUND sepolia.infura.io
  Transaction 1896 failed: getaddrinfo ENOTFOUND sepolia.infura.io
  Transaction 1897 failed: getaddrinfo ENOTFOUND sepolia.infura.io
  Transaction 1898 failed: getaddrinfo ENOTFOUND sepolia.infura.io
  Transaction 1899 failed: getaddrinfo ENOTFOUND sepolia.infura.io
  Transaction 1900 failed: getaddrinfo ENOTFOUND sepolia.infura.io
  Transaction 1901 failed: getaddrinfo ENOTFOUND sepolia.infura.io
  Transaction 1902 failed: getaddrinfo ENOTFOUND sepolia.infura.io
  Transaction 1903 failed: getaddrinfo ENOTFOUND sepolia.infura.io
  Transaction 1904 failed: getaddrinfo ENOTFOUND sepolia.infura.io
  Transaction 1905 failed: getaddrinfo ENOTFOUND sepolia.infura.io
  Transaction 1906 failed: getaddrinfo ENOTFOUND sepolia.infura.io
  Transaction 1907 failed: getaddrinfo ENOTFOUND sepolia.infura.io
  Transaction 1908 failed: getaddrinfo ENOTFOUND sepolia.infura.io
  Transaction 1909 failed: getaddrinfo ENOTFOUND sepolia.infura.io
  Transaction 1910 failed: getaddrinfo ENOTFOUND sepolia.infura.io
  Transaction 1911 failed: getaddrinfo ENOTFOUND sepolia.infura.io
  Transaction 1912 failed: getaddrinfo ENOTFOUND sepolia.infura.io
  Transaction 1913 failed: getaddrinfo ENOTFOUND sepolia.infura.io
  Transaction 1914 failed: getaddrinfo ENOTFOUND sepolia.infura.io
  Transaction 1915 failed: getaddrinfo ENOTFOUND sepolia.infura.io
  Transaction 1916 failed: getaddrinfo ENOTFOUND sepolia.infura.io
  Transaction 1917 failed: getaddrinfo ENOTFOUND sepolia.infura.io
  Transaction 1918 failed: getaddrinfo ENOTFOUND sepolia.infura.io
  Transaction 1919 failed: getaddrinfo ENOTFOUND sepolia.infura.io
  Transaction 1920 failed: getaddrinfo ENOTFOUND sepolia.infura.io
  Transaction 1921 failed: getaddrinfo ENOTFOUND sepolia.infura.io
  Transaction 1922 failed: getaddrinfo ENOTFOUND sepolia.infura.io
  Transaction 1923 failed: getaddrinfo ENOTFOUND sepolia.infura.io
  Transaction 1924 failed: getaddrinfo ENOTFOUND sepolia.infura.io
  Transaction 1925 failed: getaddrinfo ENOTFOUND sepolia.infura.io
  Transaction 1926 failed: getaddrinfo ENOTFOUND sepolia.infura.io
  Transaction 1927 failed: getaddrinfo ENOTFOUND sepolia.infura.io
  Transaction 1928 failed: getaddrinfo ENOTFOUND sepolia.infura.io
  Transaction 1929 failed: getaddrinfo ENOTFOUND sepolia.infura.io
  Transaction 1930 failed: getaddrinfo ENOTFOUND sepolia.infura.io
  Transaction 1931 failed: getaddrinfo ENOTFOUND sepolia.infura.io
  Transaction 1932 failed: getaddrinfo ENOTFOUND sepolia.infura.io
  Transaction 1933 failed: getaddrinfo ENOTFOUND sepolia.infura.io
  Transaction 1934 failed: getaddrinfo ENOTFOUND sepolia.infura.io
  Transaction 1935 failed: getaddrinfo ENOTFOUND sepolia.infura.io
  Transaction 1936 failed: getaddrinfo ENOTFOUND sepolia.infura.io
  Transaction 1937 failed: getaddrinfo ENOTFOUND sepolia.infura.io
  Transaction 1938 failed: getaddrinfo ENOTFOUND sepolia.infura.io
  Transaction 1939 failed: getaddrinfo ENOTFOUND sepolia.infura.io
  Transaction 1940 failed: getaddrinfo ENOTFOUND sepolia.infura.io
  Transaction 1941 failed: getaddrinfo ENOTFOUND sepolia.infura.io
  Transaction 1942 failed: getaddrinfo ENOTFOUND sepolia.infura.io
  Transaction 1943 failed: getaddrinfo ENOTFOUND sepolia.infura.io
  Transaction 1944 failed: getaddrinfo ENOTFOUND sepolia.infura.io
  Transaction 1945 failed: getaddrinfo ENOTFOUND sepolia.infura.io
  Transaction 1946 failed: getaddrinfo ENOTFOUND sepolia.infura.io
  Transaction 1947 failed: getaddrinfo ENOTFOUND sepolia.infura.io
  Transaction 1948 failed: getaddrinfo ENOTFOUND sepolia.infura.io
  Transaction 1949 failed: getaddrinfo ENOTFOUND sepolia.infura.io
  Transaction 1950 failed: getaddrinfo ENOTFOUND sepolia.infura.io
  Transaction 1951 failed: getaddrinfo ENOTFOUND sepolia.infura.io
  Transaction 1952 failed: getaddrinfo ENOTFOUND sepolia.infura.io
  Transaction 1953 failed: getaddrinfo ENOTFOUND sepolia.infura.io
  Transaction 1954 failed: getaddrinfo ENOTFOUND sepolia.infura.io
  Transaction 1955 failed: getaddrinfo ENOTFOUND sepolia.infura.io
  Transaction 1956 failed: getaddrinfo ENOTFOUND sepolia.infura.io
  Transaction 1957 failed: getaddrinfo ENOTFOUND sepolia.infura.io
  Transaction 1958 failed: getaddrinfo ENOTFOUND sepolia.infura.io
  Transaction 1959 failed: getaddrinfo ENOTFOUND sepolia.infura.io
  Transaction 1960 failed: getaddrinfo ENOTFOUND sepolia.infura.io
  Transaction 1961 failed: getaddrinfo ENOTFOUND sepolia.infura.io
  Transaction 1962 failed: getaddrinfo ENOTFOUND sepolia.infura.io
  Transaction 1963 failed: getaddrinfo ENOTFOUND sepolia.infura.io
  Transaction 1964 failed: getaddrinfo ENOTFOUND sepolia.infura.io
  Transaction 1965 failed: getaddrinfo ENOTFOUND sepolia.infura.io
  Transaction 1966 failed: getaddrinfo ENOTFOUND sepolia.infura.io
  Transaction 1967 failed: getaddrinfo ENOTFOUND sepolia.infura.io
  Transaction 1968 failed: getaddrinfo ENOTFOUND sepolia.infura.io
  Transaction 1969 failed: getaddrinfo ENOTFOUND sepolia.infura.io
  Transaction 1970 failed: getaddrinfo ENOTFOUND sepolia.infura.io
  Transaction 1971 failed: getaddrinfo ENOTFOUND sepolia.infura.io
  Transaction 1972 failed: getaddrinfo ENOTFOUND sepolia.infura.io
  Transaction 1973 failed: getaddrinfo ENOTFOUND sepolia.infura.io
  Transaction 1974 failed: getaddrinfo ENOTFOUND sepolia.infura.io
  Transaction 1975 failed: getaddrinfo ENOTFOUND sepolia.infura.io
  Transaction 1976 failed: getaddrinfo ENOTFOUND sepolia.infura.io
  Transaction 1977 failed: getaddrinfo ENOTFOUND sepolia.infura.io
  Transaction 1978 failed: getaddrinfo ENOTFOUND sepolia.infura.io
  Transaction 1979 failed: getaddrinfo ENOTFOUND sepolia.infura.io
  Transaction 1980 failed: getaddrinfo ENOTFOUND sepolia.infura.io
  Transaction 1981 failed: getaddrinfo ENOTFOUND sepolia.infura.io
  Transaction 1982 failed: getaddrinfo ENOTFOUND sepolia.infura.io
  Transaction 1983 failed: getaddrinfo ENOTFOUND sepolia.infura.io
  Transaction 1984 failed: getaddrinfo ENOTFOUND sepolia.infura.io
  Transaction 1985 failed: getaddrinfo ENOTFOUND sepolia.infura.io
  Transaction 1986 failed: getaddrinfo ENOTFOUND sepolia.infura.io
  Transaction 1987 failed: getaddrinfo ENOTFOUND sepolia.infura.io
  Transaction 1988 failed: getaddrinfo ENOTFOUND sepolia.infura.io
  Transaction 1989 failed: getaddrinfo ENOTFOUND sepolia.infura.io
  Transaction 1990 failed: getaddrinfo ENOTFOUND sepolia.infura.io
  Transaction 1991 failed: getaddrinfo ENOTFOUND sepolia.infura.io
  Transaction 1992 failed: getaddrinfo ENOTFOUND sepolia.infura.io
  Transaction 1993 failed: getaddrinfo ENOTFOUND sepolia.infura.io
  Transaction 1994 failed: getaddrinfo ENOTFOUND sepolia.infura.io
  Transaction 1995 failed: getaddrinfo ENOTFOUND sepolia.infura.io
  Transaction 1996 failed: getaddrinfo ENOTFOUND sepolia.infura.io
  Transaction 1997 failed: getaddrinfo ENOTFOUND sepolia.infura.io
  Transaction 1998 failed: getaddrinfo ENOTFOUND sepolia.infura.io
  Transaction 1999 failed: getaddrinfo ENOTFOUND sepolia.infura.io
  Transaction 2000 failed: getaddrinfo ENOTFOUND sepolia.infura.io

Level 2 completed:
  Total Gas: 0
  Average Gas: NaN

========== Testing Level 3 ==========
Running 2000 transactions...

  Transaction 1 failed: getaddrinfo ENOTFOUND sepolia.infura.io
  Transaction 2 failed: getaddrinfo ENOTFOUND sepolia.infura.io
  Transaction 3 failed: getaddrinfo ENOTFOUND sepolia.infura.io
  Transaction 4 failed: getaddrinfo ENOTFOUND sepolia.infura.io
  Transaction 5 failed: getaddrinfo ENOTFOUND sepolia.infura.io
  Transaction 6 failed: getaddrinfo ENOTFOUND sepolia.infura.io
  Transaction 7 failed: getaddrinfo ENOTFOUND sepolia.infura.io
  Transaction 8 failed: getaddrinfo ENOTFOUND sepolia.infura.io
  Transaction 9 failed: getaddrinfo ENOTFOUND sepolia.infura.io
  Transaction 10 failed: getaddrinfo ENOTFOUND sepolia.infura.io
  Transaction 11 failed: getaddrinfo ENOTFOUND sepolia.infura.io
  Transaction 12 failed: getaddrinfo ENOTFOUND sepolia.infura.io
  Transaction 13 failed: getaddrinfo ENOTFOUND sepolia.infura.io
  Transaction 14 failed: getaddrinfo ENOTFOUND sepolia.infura.io
  Transaction 15 failed: getaddrinfo ENOTFOUND sepolia.infura.io
  Transaction 16 failed: getaddrinfo ENOTFOUND sepolia.infura.io
  Transaction 17 failed: getaddrinfo ENOTFOUND sepolia.infura.io
  Transaction 18 failed: getaddrinfo ENOTFOUND sepolia.infura.io
  Transaction 19 failed: getaddrinfo ENOTFOUND sepolia.infura.io
  Transaction 20 failed: getaddrinfo ENOTFOUND sepolia.infura.io
  Transaction 21 failed: getaddrinfo ENOTFOUND sepolia.infura.io
  Transaction 22 failed: getaddrinfo ENOTFOUND sepolia.infura.io
  Transaction 23 failed: getaddrinfo ENOTFOUND sepolia.infura.io
  Transaction 24 failed: getaddrinfo ENOTFOUND sepolia.infura.io
  Transaction 25 failed: getaddrinfo ENOTFOUND sepolia.infura.io
  Transaction 26 failed: getaddrinfo ENOTFOUND sepolia.infura.io
  Transaction 27 failed: getaddrinfo ENOTFOUND sepolia.infura.io
  Transaction 28 failed: getaddrinfo ENOTFOUND sepolia.infura.io
  Transaction 29 failed: getaddrinfo ENOTFOUND sepolia.infura.io
  Transaction 30 failed: getaddrinfo ENOTFOUND sepolia.infura.io
  Transaction 31 failed: getaddrinfo ENOTFOUND sepolia.infura.io
  Transaction 32 failed: getaddrinfo ENOTFOUND sepolia.infura.io
  Transaction 33 failed: getaddrinfo ENOTFOUND sepolia.infura.io
  Transaction 34 failed: getaddrinfo ENOTFOUND sepolia.infura.io
  Transaction 35 failed: getaddrinfo ENOTFOUND sepolia.infura.io
  Transaction 36 failed: getaddrinfo ENOTFOUND sepolia.infura.io
  Transaction 37 failed: getaddrinfo ENOTFOUND sepolia.infura.io
  Transaction 38 failed: getaddrinfo ENOTFOUND sepolia.infura.io
  Transaction 39 failed: getaddrinfo ENOTFOUND sepolia.infura.io
  Transaction 40 failed: getaddrinfo ENOTFOUND sepolia.infura.io
  Transaction 41 failed: getaddrinfo ENOTFOUND sepolia.infura.io
  Transaction 42 failed: getaddrinfo ENOTFOUND sepolia.infura.io
  Transaction 43 failed: getaddrinfo ENOTFOUND sepolia.infura.io
  Transaction 44 failed: getaddrinfo ENOTFOUND sepolia.infura.io
  Transaction 45 failed: getaddrinfo ENOTFOUND sepolia.infura.io
  Transaction 46 failed: getaddrinfo ENOTFOUND sepolia.infura.io
  Transaction 47 failed: getaddrinfo ENOTFOUND sepolia.infura.io
  Transaction 48 failed: getaddrinfo ENOTFOUND sepolia.infura.io
  Transaction 49 failed: getaddrinfo ENOTFOUND sepolia.infura.io
  Transaction 50 failed: getaddrinfo ENOTFOUND sepolia.infura.io
  Transaction 51 failed: getaddrinfo ENOTFOUND sepolia.infura.io
  Transaction 52 failed: getaddrinfo ENOTFOUND sepolia.infura.io
  Transaction 53 failed: getaddrinfo ENOTFOUND sepolia.infura.io
  Transaction 54 failed: getaddrinfo ENOTFOUND sepolia.infura.io
  Transaction 55 failed: getaddrinfo ENOTFOUND sepolia.infura.io
  Transaction 56 failed: getaddrinfo ENOTFOUND sepolia.infura.io
  Transaction 57 failed: getaddrinfo ENOTFOUND sepolia.infura.io
  Transaction 58 failed: getaddrinfo ENOTFOUND sepolia.infura.io
  Transaction 59 failed: getaddrinfo ENOTFOUND sepolia.infura.io
  Transaction 60 failed: getaddrinfo ENOTFOUND sepolia.infura.io
  Transaction 61 failed: getaddrinfo ENOTFOUND sepolia.infura.io
  Transaction 62 failed: getaddrinfo ENOTFOUND sepolia.infura.io
  Transaction 63 failed: getaddrinfo ENOTFOUND sepolia.infura.io
  Transaction 64 failed: getaddrinfo ENOTFOUND sepolia.infura.io
  Transaction 65 failed: getaddrinfo ENOTFOUND sepolia.infura.io
  Transaction 66 failed: getaddrinfo ENOTFOUND sepolia.infura.io
  Transaction 67 failed: getaddrinfo ENOTFOUND sepolia.infura.io
  Transaction 68 failed: getaddrinfo ENOTFOUND sepolia.infura.io
  Transaction 69 failed: getaddrinfo ENOTFOUND sepolia.infura.io
  Transaction 70 failed: getaddrinfo ENOTFOUND sepolia.infura.io
  Transaction 71 failed: getaddrinfo ENOTFOUND sepolia.infura.io
  Transaction 72 failed: getaddrinfo ENOTFOUND sepolia.infura.io
  Transaction 73 failed: getaddrinfo ENOTFOUND sepolia.infura.io
  Transaction 74 failed: getaddrinfo ENOTFOUND sepolia.infura.io
  Transaction 75 failed: getaddrinfo ENOTFOUND sepolia.infura.io
  Transaction 76 failed: getaddrinfo ENOTFOUND sepolia.infura.io
  Transaction 77 failed: getaddrinfo ENOTFOUND sepolia.infura.io
  Transaction 78 failed: getaddrinfo ENOTFOUND sepolia.infura.io
  Transaction 79 failed: getaddrinfo ENOTFOUND sepolia.infura.io
  Transaction 80 failed: getaddrinfo ENOTFOUND sepolia.infura.io
  Transaction 81 failed: getaddrinfo ENOTFOUND sepolia.infura.io
  Transaction 82 failed: getaddrinfo ENOTFOUND sepolia.infura.io
  Transaction 83 failed: getaddrinfo ENOTFOUND sepolia.infura.io
  Transaction 84 failed: getaddrinfo ENOTFOUND sepolia.infura.io
  Transaction 85 failed: getaddrinfo ENOTFOUND sepolia.infura.io
  Transaction 86 failed: getaddrinfo ENOTFOUND sepolia.infura.io
  Transaction 87 failed: getaddrinfo ENOTFOUND sepolia.infura.io
  Transaction 88 failed: getaddrinfo ENOTFOUND sepolia.infura.io
  Transaction 89 failed: getaddrinfo ENOTFOUND sepolia.infura.io
  Transaction 90 failed: getaddrinfo ENOTFOUND sepolia.infura.io
  Transaction 91 failed: getaddrinfo ENOTFOUND sepolia.infura.io
  Transaction 92 failed: getaddrinfo ENOTFOUND sepolia.infura.io
  Transaction 93 failed: getaddrinfo ENOTFOUND sepolia.infura.io
  Transaction 94 failed: getaddrinfo ENOTFOUND sepolia.infura.io
  Transaction 95 failed: getaddrinfo ENOTFOUND sepolia.infura.io
  Transaction 96 failed: getaddrinfo ENOTFOUND sepolia.infura.io
  Transaction 97 failed: getaddrinfo ENOTFOUND sepolia.infura.io
  Transaction 98 failed: getaddrinfo ENOTFOUND sepolia.infura.io
  Transaction 99 failed: getaddrinfo ENOTFOUND sepolia.infura.io
  Transaction 100 failed: getaddrinfo ENOTFOUND sepolia.infura.io
  Transaction 101 failed: getaddrinfo ENOTFOUND sepolia.infura.io
  Transaction 102 failed: getaddrinfo ENOTFOUND sepolia.infura.io
  Transaction 103 failed: getaddrinfo ENOTFOUND sepolia.infura.io
  Transaction 104 failed: getaddrinfo ENOTFOUND sepolia.infura.io
  Transaction 105 failed: getaddrinfo ENOTFOUND sepolia.infura.io
  Transaction 106 failed: getaddrinfo ENOTFOUND sepolia.infura.io
  Transaction 107 failed: getaddrinfo ENOTFOUND sepolia.infura.io
  Transaction 108 failed: getaddrinfo ENOTFOUND sepolia.infura.io
  Transaction 109 failed: getaddrinfo ENOTFOUND sepolia.infura.io
  Transaction 110 failed: getaddrinfo ENOTFOUND sepolia.infura.io
  Transaction 111 failed: getaddrinfo ENOTFOUND sepolia.infura.io
  Transaction 112 failed: getaddrinfo ENOTFOUND sepolia.infura.io
  Transaction 113 failed: getaddrinfo ENOTFOUND sepolia.infura.io
  Transaction 114 failed: getaddrinfo ENOTFOUND sepolia.infura.io
  Transaction 115 failed: getaddrinfo ENOTFOUND sepolia.infura.io
  Transaction 116 failed: getaddrinfo ENOTFOUND sepolia.infura.io
  Transaction 117 failed: getaddrinfo ENOTFOUND sepolia.infura.io
  Transaction 118 failed: getaddrinfo ENOTFOUND sepolia.infura.io
  Transaction 119 failed: getaddrinfo ENOTFOUND sepolia.infura.io
  Transaction 120 failed: getaddrinfo ENOTFOUND sepolia.infura.io
  Transaction 121 failed: getaddrinfo ENOTFOUND sepolia.infura.io
  Transaction 122 failed: getaddrinfo ENOTFOUND sepolia.infura.io
  Transaction 123 failed: getaddrinfo ENOTFOUND sepolia.infura.io
  Transaction 124 failed: getaddrinfo ENOTFOUND sepolia.infura.io
  Transaction 125 failed: getaddrinfo ENOTFOUND sepolia.infura.io
  Transaction 126 failed: getaddrinfo ENOTFOUND sepolia.infura.io
  Transaction 127 failed: getaddrinfo ENOTFOUND sepolia.infura.io
  Transaction 128 failed: getaddrinfo ENOTFOUND sepolia.infura.io
  Transaction 129 failed: getaddrinfo ENOTFOUND sepolia.infura.io
  Transaction 130 failed: getaddrinfo ENOTFOUND sepolia.infura.io
  Transaction 131 failed: getaddrinfo ENOTFOUND sepolia.infura.io
  Transaction 132 failed: getaddrinfo ENOTFOUND sepolia.infura.io
  Transaction 133 failed: getaddrinfo ENOTFOUND sepolia.infura.io
  Transaction 134 failed: getaddrinfo ENOTFOUND sepolia.infura.io
  Transaction 135 failed: getaddrinfo ENOTFOUND sepolia.infura.io
  Transaction 136 failed: getaddrinfo ENOTFOUND sepolia.infura.io
  Transaction 137 failed: getaddrinfo ENOTFOUND sepolia.infura.io
  Transaction 138 failed: getaddrinfo ENOTFOUND sepolia.infura.io
  Transaction 139 failed: getaddrinfo ENOTFOUND sepolia.infura.io
  Transaction 140 failed: getaddrinfo ENOTFOUND sepolia.infura.io
  Transaction 141 failed: getaddrinfo ENOTFOUND sepolia.infura.io
  Transaction 142 failed: getaddrinfo ENOTFOUND sepolia.infura.io
  Transaction 143 failed: getaddrinfo ENOTFOUND sepolia.infura.io
  Transaction 144 failed: getaddrinfo ENOTFOUND sepolia.infura.io
  Transaction 145 failed: getaddrinfo ENOTFOUND sepolia.infura.io
  Transaction 146 failed: getaddrinfo ENOTFOUND sepolia.infura.io
  Transaction 147 failed: getaddrinfo ENOTFOUND sepolia.infura.io
  Transaction 148 failed: getaddrinfo ENOTFOUND sepolia.infura.io
  Transaction 149 failed: getaddrinfo ENOTFOUND sepolia.infura.io
  Transaction 150 failed: getaddrinfo ENOTFOUND sepolia.infura.io
  Transaction 151 failed: getaddrinfo ENOTFOUND sepolia.infura.io
  Transaction 152 failed: getaddrinfo ENOTFOUND sepolia.infura.io
  Transaction 153 failed: getaddrinfo ENOTFOUND sepolia.infura.io
  Transaction 154 failed: getaddrinfo ENOTFOUND sepolia.infura.io
  Transaction 155 failed: getaddrinfo ENOTFOUND sepolia.infura.io
  Transaction 156 failed: getaddrinfo ENOTFOUND sepolia.infura.io
  Transaction 157 failed: getaddrinfo ENOTFOUND sepolia.infura.io
  Transaction 158 failed: getaddrinfo ENOTFOUND sepolia.infura.io
  Transaction 159 failed: getaddrinfo ENOTFOUND sepolia.infura.io
  Transaction 160 failed: getaddrinfo ENOTFOUND sepolia.infura.io
  Transaction 161 failed: getaddrinfo ENOTFOUND sepolia.infura.io
  Transaction 162 failed: getaddrinfo ENOTFOUND sepolia.infura.io
  Transaction 163 failed: getaddrinfo ENOTFOUND sepolia.infura.io
  Transaction 164 failed: getaddrinfo ENOTFOUND sepolia.infura.io
  Transaction 165 failed: getaddrinfo ENOTFOUND sepolia.infura.io
  Transaction 166 failed: getaddrinfo ENOTFOUND sepolia.infura.io
  Transaction 167 failed: getaddrinfo ENOTFOUND sepolia.infura.io
  Transaction 168 failed: getaddrinfo ENOTFOUND sepolia.infura.io
  Transaction 169 failed: getaddrinfo ENOTFOUND sepolia.infura.io
  Transaction 170 failed: getaddrinfo ENOTFOUND sepolia.infura.io
  Transaction 171 failed: getaddrinfo ENOTFOUND sepolia.infura.io
  Transaction 172 failed: getaddrinfo ENOTFOUND sepolia.infura.io
  Transaction 173 failed: getaddrinfo ENOTFOUND sepolia.infura.io
  Transaction 174 failed: getaddrinfo ENOTFOUND sepolia.infura.io
  Transaction 175 failed: getaddrinfo ENOTFOUND sepolia.infura.io
  Transaction 176 failed: getaddrinfo ENOTFOUND sepolia.infura.io
  Transaction 177 failed: getaddrinfo ENOTFOUND sepolia.infura.io
  Transaction 178 failed: getaddrinfo ENOTFOUND sepolia.infura.io
  Transaction 179 failed: getaddrinfo ENOTFOUND sepolia.infura.io
  Transaction 180 failed: getaddrinfo ENOTFOUND sepolia.infura.io
  Transaction 181 failed: getaddrinfo ENOTFOUND sepolia.infura.io
  Transaction 182 failed: getaddrinfo ENOTFOUND sepolia.infura.io
  Transaction 183 failed: getaddrinfo ENOTFOUND sepolia.infura.io
  Transaction 184 failed: getaddrinfo ENOTFOUND sepolia.infura.io
  Transaction 185 failed: getaddrinfo ENOTFOUND sepolia.infura.io
  Transaction 186 failed: getaddrinfo ENOTFOUND sepolia.infura.io
  Transaction 187 failed: getaddrinfo ENOTFOUND sepolia.infura.io
  Transaction 188 failed: getaddrinfo ENOTFOUND sepolia.infura.io
  Transaction 189 failed: getaddrinfo ENOTFOUND sepolia.infura.io
  Transaction 190 failed: getaddrinfo ENOTFOUND sepolia.infura.io
  Transaction 191 failed: getaddrinfo ENOTFOUND sepolia.infura.io
  Transaction 192 failed: getaddrinfo ENOTFOUND sepolia.infura.io
  Transaction 193 failed: getaddrinfo ENOTFOUND sepolia.infura.io
  Transaction 194 failed: getaddrinfo ENOTFOUND sepolia.infura.io
  Transaction 195 failed: getaddrinfo ENOTFOUND sepolia.infura.io
  Transaction 196 failed: getaddrinfo ENOTFOUND sepolia.infura.io
  Transaction 197 failed: getaddrinfo ENOTFOUND sepolia.infura.io
  Transaction 198 failed: getaddrinfo ENOTFOUND sepolia.infura.io
  Transaction 199 failed: getaddrinfo ENOTFOUND sepolia.infura.io
  Transaction 200 failed: getaddrinfo ENOTFOUND sepolia.infura.io
  Transaction 201 failed: getaddrinfo ENOTFOUND sepolia.infura.io
  Transaction 202 failed: getaddrinfo ENOTFOUND sepolia.infura.io
  Transaction 203 failed: getaddrinfo ENOTFOUND sepolia.infura.io
  Transaction 204 failed: getaddrinfo ENOTFOUND sepolia.infura.io
  Transaction 205 failed: getaddrinfo ENOTFOUND sepolia.infura.io
  Transaction 206 failed: getaddrinfo ENOTFOUND sepolia.infura.io
  Transaction 207 failed: getaddrinfo ENOTFOUND sepolia.infura.io
  Transaction 208 failed: getaddrinfo ENOTFOUND sepolia.infura.io
  Transaction 209 failed: getaddrinfo ENOTFOUND sepolia.infura.io
  Transaction 210 failed: getaddrinfo ENOTFOUND sepolia.infura.io
  Transaction 211 failed: getaddrinfo ENOTFOUND sepolia.infura.io
  Transaction 212 failed: getaddrinfo ENOTFOUND sepolia.infura.io
  Transaction 213 failed: getaddrinfo ENOTFOUND sepolia.infura.io
  Transaction 214 failed: getaddrinfo ENOTFOUND sepolia.infura.io
  Transaction 215 failed: getaddrinfo ENOTFOUND sepolia.infura.io
  Transaction 216 failed: getaddrinfo ENOTFOUND sepolia.infura.io
  Transaction 217 failed: getaddrinfo ENOTFOUND sepolia.infura.io
  Transaction 218 failed: getaddrinfo ENOTFOUND sepolia.infura.io
  Transaction 219 failed: getaddrinfo ENOTFOUND sepolia.infura.io
  Transaction 220 failed: getaddrinfo ENOTFOUND sepolia.infura.io
  Transaction 221 failed: getaddrinfo ENOTFOUND sepolia.infura.io
  Transaction 222 failed: getaddrinfo ENOTFOUND sepolia.infura.io
  Transaction 223 failed: getaddrinfo ENOTFOUND sepolia.infura.io
  Transaction 224 failed: getaddrinfo ENOTFOUND sepolia.infura.io
  Transaction 225 failed: getaddrinfo ENOTFOUND sepolia.infura.io
  Transaction 226 failed: getaddrinfo ENOTFOUND sepolia.infura.io
  Transaction 227 failed: getaddrinfo ENOTFOUND sepolia.infura.io
  Transaction 228 failed: getaddrinfo ENOTFOUND sepolia.infura.io
  Transaction 229 failed: getaddrinfo ENOTFOUND sepolia.infura.io
  Transaction 230 failed: getaddrinfo ENOTFOUND sepolia.infura.io
  Transaction 231 failed: getaddrinfo ENOTFOUND sepolia.infura.io
  Transaction 232 failed: getaddrinfo ENOTFOUND sepolia.infura.io
  Transaction 233 failed: getaddrinfo ENOTFOUND sepolia.infura.io
  Transaction 234 failed: getaddrinfo ENOTFOUND sepolia.infura.io
  Transaction 235 failed: getaddrinfo ENOTFOUND sepolia.infura.io
  Transaction 236 failed: getaddrinfo ENOTFOUND sepolia.infura.io
  Transaction 237 failed: getaddrinfo ENOTFOUND sepolia.infura.io
  Transaction 238 failed: getaddrinfo ENOTFOUND sepolia.infura.io
  Transaction 239 failed: getaddrinfo ENOTFOUND sepolia.infura.io
  Transaction 240 failed: getaddrinfo ENOTFOUND sepolia.infura.io
  Transaction 241 failed: getaddrinfo ENOTFOUND sepolia.infura.io
  Transaction 242 failed: getaddrinfo ENOTFOUND sepolia.infura.io
  Transaction 243 failed: getaddrinfo ENOTFOUND sepolia.infura.io
  Transaction 244 failed: getaddrinfo ENOTFOUND sepolia.infura.io
  Transaction 245 failed: getaddrinfo ENOTFOUND sepolia.infura.io
  Transaction 246 failed: getaddrinfo ENOTFOUND sepolia.infura.io
  Transaction 247 failed: getaddrinfo ENOTFOUND sepolia.infura.io
  Transaction 248 failed: getaddrinfo ENOTFOUND sepolia.infura.io
  Transaction 249 failed: getaddrinfo ENOTFOUND sepolia.infura.io
  Transaction 250 failed: getaddrinfo ENOTFOUND sepolia.infura.io
  Transaction 251 failed: getaddrinfo ENOTFOUND sepolia.infura.io
  Transaction 252 failed: getaddrinfo ENOTFOUND sepolia.infura.io
  Transaction 253 failed: getaddrinfo ENOTFOUND sepolia.infura.io
  Transaction 254 failed: getaddrinfo ENOTFOUND sepolia.infura.io
  Transaction 255 failed: getaddrinfo ENOTFOUND sepolia.infura.io
  Transaction 256 failed: getaddrinfo ENOTFOUND sepolia.infura.io
  Transaction 257 failed: getaddrinfo ENOTFOUND sepolia.infura.io
  Transaction 258 failed: getaddrinfo ENOTFOUND sepolia.infura.io
  Transaction 259 failed: getaddrinfo ENOTFOUND sepolia.infura.io
  Transaction 260 failed: getaddrinfo ENOTFOUND sepolia.infura.io
  Transaction 261 failed: getaddrinfo ENOTFOUND sepolia.infura.io
  Transaction 262 failed: getaddrinfo ENOTFOUND sepolia.infura.io
  Transaction 263 failed: getaddrinfo ENOTFOUND sepolia.infura.io
  Transaction 264 failed: getaddrinfo ENOTFOUND sepolia.infura.io
  Transaction 265 failed: getaddrinfo ENOTFOUND sepolia.infura.io
  Transaction 266 failed: getaddrinfo ENOTFOUND sepolia.infura.io
  Transaction 267 failed: getaddrinfo ENOTFOUND sepolia.infura.io
  Transaction 268 failed: getaddrinfo ENOTFOUND sepolia.infura.io
  Transaction 269 failed: getaddrinfo ENOTFOUND sepolia.infura.io
  Transaction 270 failed: getaddrinfo ENOTFOUND sepolia.infura.io
  Transaction 271 failed: getaddrinfo ENOTFOUND sepolia.infura.io
  Transaction 272 failed: getaddrinfo ENOTFOUND sepolia.infura.io
  Transaction 273 failed: getaddrinfo ENOTFOUND sepolia.infura.io
  Transaction 274 failed: getaddrinfo ENOTFOUND sepolia.infura.io
  Transaction 275 failed: getaddrinfo ENOTFOUND sepolia.infura.io
  Transaction 276 failed: getaddrinfo ENOTFOUND sepolia.infura.io
  Transaction 277 failed: getaddrinfo ENOTFOUND sepolia.infura.io
  Transaction 278 failed: getaddrinfo ENOTFOUND sepolia.infura.io
  Transaction 279 failed: getaddrinfo ENOTFOUND sepolia.infura.io
  Transaction 280 failed: getaddrinfo ENOTFOUND sepolia.infura.io
  Transaction 281 failed: getaddrinfo ENOTFOUND sepolia.infura.io
  Transaction 282 failed: getaddrinfo ENOTFOUND sepolia.infura.io
  Transaction 283 failed: getaddrinfo ENOTFOUND sepolia.infura.io
  Transaction 284 failed: getaddrinfo ENOTFOUND sepolia.infura.io
  Transaction 285 failed: getaddrinfo ENOTFOUND sepolia.infura.io
  Transaction 286 failed: getaddrinfo ENOTFOUND sepolia.infura.io
  Transaction 287 failed: getaddrinfo ENOTFOUND sepolia.infura.io
  Transaction 288 failed: getaddrinfo ENOTFOUND sepolia.infura.io
  Transaction 289 failed: getaddrinfo ENOTFOUND sepolia.infura.io
  Transaction 290 failed: getaddrinfo ENOTFOUND sepolia.infura.io
  Transaction 291 failed: getaddrinfo ENOTFOUND sepolia.infura.io
  Transaction 292 failed: getaddrinfo ENOTFOUND sepolia.infura.io
  Transaction 293 failed: getaddrinfo ENOTFOUND sepolia.infura.io
  Transaction 294 failed: getaddrinfo ENOTFOUND sepolia.infura.io
  Transaction 295 failed: getaddrinfo ENOTFOUND sepolia.infura.io
  Transaction 296 failed: getaddrinfo ENOTFOUND sepolia.infura.io
  Transaction 297 failed: getaddrinfo ENOTFOUND sepolia.infura.io
  Transaction 298 failed: getaddrinfo ENOTFOUND sepolia.infura.io
  Transaction 299 failed: getaddrinfo ENOTFOUND sepolia.infura.io
  Transaction 300 failed: getaddrinfo ENOTFOUND sepolia.infura.io
  Transaction 301 failed: getaddrinfo ENOTFOUND sepolia.infura.io
  Transaction 302 failed: getaddrinfo ENOTFOUND sepolia.infura.io
  Transaction 303 failed: getaddrinfo ENOTFOUND sepolia.infura.io
  Transaction 304 failed: getaddrinfo ENOTFOUND sepolia.infura.io
  Transaction 305 failed: getaddrinfo ENOTFOUND sepolia.infura.io
  Transaction 306 failed: getaddrinfo ENOTFOUND sepolia.infura.io
  Transaction 307 failed: getaddrinfo ENOTFOUND sepolia.infura.io
  Transaction 308 failed: getaddrinfo ENOTFOUND sepolia.infura.io
  Transaction 309 failed: getaddrinfo ENOTFOUND sepolia.infura.io
  Transaction 310 failed: getaddrinfo ENOTFOUND sepolia.infura.io
  Transaction 311 failed: getaddrinfo ENOTFOUND sepolia.infura.io
  Transaction 312 failed: getaddrinfo ENOTFOUND sepolia.infura.io
  Transaction 313 failed: getaddrinfo ENOTFOUND sepolia.infura.io
  Transaction 314 failed: getaddrinfo ENOTFOUND sepolia.infura.io
  Transaction 315 failed: getaddrinfo ENOTFOUND sepolia.infura.io
  Transaction 316 failed: getaddrinfo ENOTFOUND sepolia.infura.io
  Transaction 317 failed: getaddrinfo ENOTFOUND sepolia.infura.io
  Transaction 318 failed: getaddrinfo ENOTFOUND sepolia.infura.io
  Transaction 319 failed: getaddrinfo ENOTFOUND sepolia.infura.io
  Transaction 320 failed: getaddrinfo ENOTFOUND sepolia.infura.io
  Transaction 321 failed: getaddrinfo ENOTFOUND sepolia.infura.io
  Transaction 322 failed: getaddrinfo ENOTFOUND sepolia.infura.io
  Transaction 323 failed: getaddrinfo ENOTFOUND sepolia.infura.io
  Transaction 324 failed: getaddrinfo ENOTFOUND sepolia.infura.io
  Transaction 325 failed: getaddrinfo ENOTFOUND sepolia.infura.io
  Transaction 326 failed: getaddrinfo ENOTFOUND sepolia.infura.io
  Transaction 327 failed: getaddrinfo ENOTFOUND sepolia.infura.io
  Transaction 328 failed: getaddrinfo ENOTFOUND sepolia.infura.io
  Transaction 329 failed: getaddrinfo ENOTFOUND sepolia.infura.io
  Transaction 330 failed: getaddrinfo ENOTFOUND sepolia.infura.io
  Transaction 331 failed: getaddrinfo ENOTFOUND sepolia.infura.io
  Transaction 332 failed: getaddrinfo ENOTFOUND sepolia.infura.io
  Transaction 333 failed: getaddrinfo ENOTFOUND sepolia.infura.io
  Transaction 334 failed: getaddrinfo ENOTFOUND sepolia.infura.io
  Transaction 335 failed: getaddrinfo ENOTFOUND sepolia.infura.io
  Transaction 336 failed: getaddrinfo ENOTFOUND sepolia.infura.io
  Transaction 337 failed: getaddrinfo ENOTFOUND sepolia.infura.io
  Transaction 338 failed: getaddrinfo ENOTFOUND sepolia.infura.io
  Transaction 339 failed: getaddrinfo ENOTFOUND sepolia.infura.io
  Transaction 340 failed: getaddrinfo ENOTFOUND sepolia.infura.io
  Transaction 341 failed: getaddrinfo ENOTFOUND sepolia.infura.io
  Transaction 342 failed: getaddrinfo ENOTFOUND sepolia.infura.io
  Transaction 343 failed: getaddrinfo ENOTFOUND sepolia.infura.io
  Transaction 344 failed: getaddrinfo ENOTFOUND sepolia.infura.io
  Transaction 345 failed: getaddrinfo ENOTFOUND sepolia.infura.io
  Transaction 346 failed: getaddrinfo ENOTFOUND sepolia.infura.io
  Transaction 347 failed: getaddrinfo ENOTFOUND sepolia.infura.io
  Transaction 348 failed: getaddrinfo ENOTFOUND sepolia.infura.io
  Transaction 349 failed: getaddrinfo ENOTFOUND sepolia.infura.io
  Transaction 350 failed: getaddrinfo ENOTFOUND sepolia.infura.io
  Transaction 351 failed: getaddrinfo ENOTFOUND sepolia.infura.io
  Transaction 352 failed: getaddrinfo ENOTFOUND sepolia.infura.io
  Transaction 353 failed: getaddrinfo ENOTFOUND sepolia.infura.io
  Transaction 354 failed: getaddrinfo ENOTFOUND sepolia.infura.io
  Transaction 355 failed: getaddrinfo ENOTFOUND sepolia.infura.io
  Transaction 356 failed: getaddrinfo ENOTFOUND sepolia.infura.io
  Transaction 357 failed: getaddrinfo ENOTFOUND sepolia.infura.io
  Transaction 358 failed: getaddrinfo ENOTFOUND sepolia.infura.io
  Transaction 359 failed: getaddrinfo ENOTFOUND sepolia.infura.io
  Transaction 360 failed: getaddrinfo ENOTFOUND sepolia.infura.io
  Transaction 361 failed: getaddrinfo ENOTFOUND sepolia.infura.io
  Transaction 362 failed: getaddrinfo ENOTFOUND sepolia.infura.io
  Transaction 363 failed: getaddrinfo ENOTFOUND sepolia.infura.io
  Transaction 364 failed: getaddrinfo ENOTFOUND sepolia.infura.io
  Transaction 365 failed: getaddrinfo ENOTFOUND sepolia.infura.io
  Transaction 366 failed: getaddrinfo ENOTFOUND sepolia.infura.io
  Transaction 367 failed: getaddrinfo ENOTFOUND sepolia.infura.io
  Transaction 368 failed: getaddrinfo ENOTFOUND sepolia.infura.io
  Transaction 369 failed: getaddrinfo ENOTFOUND sepolia.infura.io
  Transaction 370 failed: getaddrinfo ENOTFOUND sepolia.infura.io
  Transaction 371 failed: getaddrinfo ENOTFOUND sepolia.infura.io
  Transaction 372 failed: getaddrinfo ENOTFOUND sepolia.infura.io
  Transaction 373 failed: getaddrinfo ENOTFOUND sepolia.infura.io
  Transaction 374 failed: getaddrinfo ENOTFOUND sepolia.infura.io
  Transaction 375 failed: getaddrinfo ENOTFOUND sepolia.infura.io
  Transaction 376 failed: getaddrinfo ENOTFOUND sepolia.infura.io
  Transaction 377 failed: getaddrinfo ENOTFOUND sepolia.infura.io
  Transaction 378 failed: getaddrinfo ENOTFOUND sepolia.infura.io
  Transaction 379 failed: getaddrinfo ENOTFOUND sepolia.infura.io
  Transaction 380 failed: getaddrinfo ENOTFOUND sepolia.infura.io
  Transaction 381 failed: getaddrinfo ENOTFOUND sepolia.infura.io
  Transaction 382 failed: getaddrinfo ENOTFOUND sepolia.infura.io
  Transaction 383 failed: getaddrinfo ENOTFOUND sepolia.infura.io
  Transaction 384 failed: getaddrinfo ENOTFOUND sepolia.infura.io
  Transaction 385 failed: getaddrinfo ENOTFOUND sepolia.infura.io
  Transaction 386 failed: getaddrinfo ENOTFOUND sepolia.infura.io
  Transaction 387 failed: getaddrinfo ENOTFOUND sepolia.infura.io
  Transaction 388 failed: getaddrinfo ENOTFOUND sepolia.infura.io
  Transaction 389 failed: getaddrinfo ENOTFOUND sepolia.infura.io
  Transaction 390 failed: getaddrinfo ENOTFOUND sepolia.infura.io
  Transaction 391 failed: getaddrinfo ENOTFOUND sepolia.infura.io
  Transaction 392 failed: getaddrinfo ENOTFOUND sepolia.infura.io
  Transaction 393 failed: getaddrinfo ENOTFOUND sepolia.infura.io
  Transaction 394 failed: getaddrinfo ENOTFOUND sepolia.infura.io
  Transaction 395 failed: getaddrinfo ENOTFOUND sepolia.infura.io
  Transaction 396 failed: getaddrinfo ENOTFOUND sepolia.infura.io
  Transaction 397 failed: getaddrinfo ENOTFOUND sepolia.infura.io
  Transaction 398 failed: getaddrinfo ENOTFOUND sepolia.infura.io
  Transaction 399 failed: getaddrinfo ENOTFOUND sepolia.infura.io
  Transaction 400 failed: getaddrinfo ENOTFOUND sepolia.infura.io
  Transaction 401 failed: getaddrinfo ENOTFOUND sepolia.infura.io
  Transaction 402 failed: getaddrinfo ENOTFOUND sepolia.infura.io
  Transaction 403 failed: getaddrinfo ENOTFOUND sepolia.infura.io
  Transaction 404 failed: getaddrinfo ENOTFOUND sepolia.infura.io
  Transaction 405 failed: getaddrinfo ENOTFOUND sepolia.infura.io
  Transaction 406 failed: getaddrinfo ENOTFOUND sepolia.infura.io
  Transaction 407 failed: getaddrinfo ENOTFOUND sepolia.infura.io
  Transaction 408 failed: getaddrinfo ENOTFOUND sepolia.infura.io
  Transaction 409 failed: getaddrinfo ENOTFOUND sepolia.infura.io
  Transaction 410 failed: getaddrinfo ENOTFOUND sepolia.infura.io
  Transaction 411 failed: getaddrinfo ENOTFOUND sepolia.infura.io
  Transaction 412 failed: getaddrinfo ENOTFOUND sepolia.infura.io
  Transaction 413 failed: getaddrinfo ENOTFOUND sepolia.infura.io
  Transaction 414 failed: getaddrinfo ENOTFOUND sepolia.infura.io
  Transaction 415 failed: getaddrinfo ENOTFOUND sepolia.infura.io
  Transaction 416 failed: getaddrinfo ENOTFOUND sepolia.infura.io
  Transaction 417 failed: getaddrinfo ENOTFOUND sepolia.infura.io
  Transaction 418 failed: getaddrinfo ENOTFOUND sepolia.infura.io
  Transaction 419 failed: getaddrinfo ENOTFOUND sepolia.infura.io
  Transaction 420 failed: getaddrinfo ENOTFOUND sepolia.infura.io
  Transaction 421 failed: getaddrinfo ENOTFOUND sepolia.infura.io
  Transaction 422 failed: getaddrinfo ENOTFOUND sepolia.infura.io
  Transaction 423 failed: getaddrinfo ENOTFOUND sepolia.infura.io
  Transaction 424 failed: getaddrinfo ENOTFOUND sepolia.infura.io
  Transaction 425 failed: getaddrinfo ENOTFOUND sepolia.infura.io
  Transaction 426 failed: getaddrinfo ENOTFOUND sepolia.infura.io
  Transaction 427 failed: getaddrinfo ENOTFOUND sepolia.infura.io
  Transaction 428 failed: getaddrinfo ENOTFOUND sepolia.infura.io
  Transaction 429 failed: getaddrinfo ENOTFOUND sepolia.infura.io
  Transaction 430 failed: getaddrinfo ENOTFOUND sepolia.infura.io
  Transaction 431 failed: getaddrinfo ENOTFOUND sepolia.infura.io
  Transaction 432 failed: getaddrinfo ENOTFOUND sepolia.infura.io
  Transaction 433 failed: getaddrinfo ENOTFOUND sepolia.infura.io
  Transaction 434 failed: getaddrinfo ENOTFOUND sepolia.infura.io
  Transaction 435 failed: getaddrinfo ENOTFOUND sepolia.infura.io
  Transaction 436 failed: getaddrinfo ENOTFOUND sepolia.infura.io
  Transaction 437 failed: getaddrinfo ENOTFOUND sepolia.infura.io
  Transaction 438 failed: getaddrinfo ENOTFOUND sepolia.infura.io
  Transaction 439 failed: getaddrinfo ENOTFOUND sepolia.infura.io
  Transaction 440 failed: getaddrinfo ENOTFOUND sepolia.infura.io
  Transaction 441 failed: getaddrinfo ENOTFOUND sepolia.infura.io
  Transaction 442 failed: getaddrinfo ENOTFOUND sepolia.infura.io
  Transaction 443 failed: getaddrinfo ENOTFOUND sepolia.infura.io
  Transaction 444 failed: getaddrinfo ENOTFOUND sepolia.infura.io
  Transaction 445 failed: getaddrinfo ENOTFOUND sepolia.infura.io
  Transaction 446 failed: getaddrinfo ENOTFOUND sepolia.infura.io
  Transaction 447 failed: getaddrinfo ENOTFOUND sepolia.infura.io
  Transaction 448 failed: getaddrinfo ENOTFOUND sepolia.infura.io
  Transaction 449 failed: getaddrinfo ENOTFOUND sepolia.infura.io
  Transaction 450 failed: getaddrinfo ENOTFOUND sepolia.infura.io
  Transaction 451 failed: getaddrinfo ENOTFOUND sepolia.infura.io
  Transaction 452 failed: getaddrinfo ENOTFOUND sepolia.infura.io
  Transaction 453 failed: getaddrinfo ENOTFOUND sepolia.infura.io
  Transaction 454 failed: getaddrinfo ENOTFOUND sepolia.infura.io
  Transaction 455 failed: getaddrinfo ENOTFOUND sepolia.infura.io
  Transaction 456 failed: getaddrinfo ENOTFOUND sepolia.infura.io
  Transaction 457 failed: getaddrinfo ENOTFOUND sepolia.infura.io
  Transaction 458 failed: getaddrinfo ENOTFOUND sepolia.infura.io
  Transaction 459 failed: getaddrinfo ENOTFOUND sepolia.infura.io
  Transaction 460 failed: getaddrinfo ENOTFOUND sepolia.infura.io
  Transaction 461 failed: getaddrinfo ENOTFOUND sepolia.infura.io
  Transaction 462 failed: getaddrinfo ENOTFOUND sepolia.infura.io
  Transaction 463 failed: getaddrinfo ENOTFOUND sepolia.infura.io
  Transaction 464 failed: getaddrinfo ENOTFOUND sepolia.infura.io
  Transaction 465 failed: getaddrinfo ENOTFOUND sepolia.infura.io
  Transaction 466 failed: getaddrinfo ENOTFOUND sepolia.infura.io
  Transaction 467 failed: getaddrinfo ENOTFOUND sepolia.infura.io
  Transaction 468 failed: getaddrinfo ENOTFOUND sepolia.infura.io
  Transaction 469 failed: getaddrinfo ENOTFOUND sepolia.infura.io
  Transaction 470 failed: getaddrinfo ENOTFOUND sepolia.infura.io
  Transaction 471 failed: getaddrinfo ENOTFOUND sepolia.infura.io
  Transaction 472 failed: getaddrinfo ENOTFOUND sepolia.infura.io
  Transaction 473 failed: getaddrinfo ENOTFOUND sepolia.infura.io
  Transaction 474 failed: getaddrinfo ENOTFOUND sepolia.infura.io
  Transaction 475 failed: getaddrinfo ENOTFOUND sepolia.infura.io
  Transaction 476 failed: getaddrinfo ENOTFOUND sepolia.infura.io
  Transaction 477 failed: getaddrinfo ENOTFOUND sepolia.infura.io
  Transaction 478 failed: getaddrinfo ENOTFOUND sepolia.infura.io
  Transaction 479 failed: getaddrinfo ENOTFOUND sepolia.infura.io
  Transaction 480 failed: getaddrinfo ENOTFOUND sepolia.infura.io
  Transaction 481 failed: getaddrinfo ENOTFOUND sepolia.infura.io
  Transaction 482 failed: getaddrinfo ENOTFOUND sepolia.infura.io
  Transaction 483 failed: getaddrinfo ENOTFOUND sepolia.infura.io
  Transaction 484 failed: getaddrinfo ENOTFOUND sepolia.infura.io
  Transaction 485 failed: getaddrinfo ENOTFOUND sepolia.infura.io
  Transaction 486 failed: getaddrinfo ENOTFOUND sepolia.infura.io
  Transaction 487 failed: getaddrinfo ENOTFOUND sepolia.infura.io
  Transaction 488 failed: getaddrinfo ENOTFOUND sepolia.infura.io
  Transaction 489 failed: getaddrinfo ENOTFOUND sepolia.infura.io
  Transaction 490 failed: getaddrinfo ENOTFOUND sepolia.infura.io
  Transaction 491 failed: getaddrinfo ENOTFOUND sepolia.infura.io
  Transaction 492 failed: getaddrinfo ENOTFOUND sepolia.infura.io
  Transaction 493 failed: getaddrinfo ENOTFOUND sepolia.infura.io
  Transaction 494 failed: getaddrinfo ENOTFOUND sepolia.infura.io
  Transaction 495 failed: getaddrinfo ENOTFOUND sepolia.infura.io
  Transaction 496 failed: getaddrinfo ENOTFOUND sepolia.infura.io
  Transaction 497 failed: getaddrinfo ENOTFOUND sepolia.infura.io
  Transaction 498 failed: getaddrinfo ENOTFOUND sepolia.infura.io
  Transaction 499 failed: getaddrinfo ENOTFOUND sepolia.infura.io
  Transaction 500 failed: getaddrinfo ENOTFOUND sepolia.infura.io
  Transaction 501 failed: getaddrinfo ENOTFOUND sepolia.infura.io
  Transaction 502 failed: getaddrinfo ENOTFOUND sepolia.infura.io
  Transaction 503 failed: getaddrinfo ENOTFOUND sepolia.infura.io
  Transaction 504 failed: getaddrinfo ENOTFOUND sepolia.infura.io
  Transaction 505 failed: getaddrinfo ENOTFOUND sepolia.infura.io
  Transaction 506 failed: getaddrinfo ENOTFOUND sepolia.infura.io
  Transaction 507 failed: getaddrinfo ENOTFOUND sepolia.infura.io
  Transaction 508 failed: getaddrinfo ENOTFOUND sepolia.infura.io
  Transaction 509 failed: getaddrinfo ENOTFOUND sepolia.infura.io
  Transaction 510 failed: getaddrinfo ENOTFOUND sepolia.infura.io
  Transaction 511 failed: getaddrinfo ENOTFOUND sepolia.infura.io
  Transaction 512 failed: getaddrinfo ENOTFOUND sepolia.infura.io
  Transaction 513 failed: getaddrinfo ENOTFOUND sepolia.infura.io
  Transaction 514 failed: getaddrinfo ENOTFOUND sepolia.infura.io
  Transaction 515 failed: getaddrinfo ENOTFOUND sepolia.infura.io
  Transaction 516 failed: getaddrinfo ENOTFOUND sepolia.infura.io
  Transaction 517 failed: getaddrinfo ENOTFOUND sepolia.infura.io
  Transaction 518 failed: getaddrinfo ENOTFOUND sepolia.infura.io
  Transaction 519 failed: getaddrinfo ENOTFOUND sepolia.infura.io
  Transaction 520 failed: getaddrinfo ENOTFOUND sepolia.infura.io
  Transaction 521 failed: getaddrinfo ENOTFOUND sepolia.infura.io
  Transaction 522 failed: getaddrinfo ENOTFOUND sepolia.infura.io
  Transaction 523 failed: getaddrinfo ENOTFOUND sepolia.infura.io
  Transaction 524 failed: getaddrinfo ENOTFOUND sepolia.infura.io
  Transaction 525 failed: getaddrinfo ENOTFOUND sepolia.infura.io
  Transaction 526 failed: getaddrinfo ENOTFOUND sepolia.infura.io
  Transaction 527 failed: getaddrinfo ENOTFOUND sepolia.infura.io
  Transaction 528 failed: getaddrinfo ENOTFOUND sepolia.infura.io
  Transaction 529 failed: getaddrinfo ENOTFOUND sepolia.infura.io
  Transaction 530 failed: getaddrinfo ENOTFOUND sepolia.infura.io
  Transaction 531 failed: getaddrinfo ENOTFOUND sepolia.infura.io
  Transaction 532 failed: getaddrinfo ENOTFOUND sepolia.infura.io
  Transaction 533 failed: getaddrinfo ENOTFOUND sepolia.infura.io
  Transaction 534 failed: getaddrinfo ENOTFOUND sepolia.infura.io
  Transaction 535 failed: getaddrinfo ENOTFOUND sepolia.infura.io
  Transaction 536 failed: getaddrinfo ENOTFOUND sepolia.infura.io
  Transaction 537 failed: getaddrinfo ENOTFOUND sepolia.infura.io
  Transaction 538 failed: getaddrinfo ENOTFOUND sepolia.infura.io
  Transaction 539 failed: getaddrinfo ENOTFOUND sepolia.infura.io
  Transaction 540 failed: getaddrinfo ENOTFOUND sepolia.infura.io
  Transaction 541 failed: getaddrinfo ENOTFOUND sepolia.infura.io
  Transaction 542 failed: getaddrinfo ENOTFOUND sepolia.infura.io
  Transaction 543 failed: getaddrinfo ENOTFOUND sepolia.infura.io
  Transaction 544 failed: getaddrinfo ENOTFOUND sepolia.infura.io
  Transaction 545 failed: getaddrinfo ENOTFOUND sepolia.infura.io
  Transaction 546 failed: getaddrinfo ENOTFOUND sepolia.infura.io
  Transaction 547 failed: getaddrinfo ENOTFOUND sepolia.infura.io
  Transaction 548 failed: getaddrinfo ENOTFOUND sepolia.infura.io
  Transaction 549 failed: getaddrinfo ENOTFOUND sepolia.infura.io
  Transaction 550 failed: getaddrinfo ENOTFOUND sepolia.infura.io
  Transaction 551 failed: getaddrinfo ENOTFOUND sepolia.infura.io
  Transaction 552 failed: getaddrinfo ENOTFOUND sepolia.infura.io
  Transaction 553 failed: getaddrinfo ENOTFOUND sepolia.infura.io
  Transaction 554 failed: getaddrinfo ENOTFOUND sepolia.infura.io
  Transaction 555 failed: getaddrinfo ENOTFOUND sepolia.infura.io
  Transaction 556 failed: getaddrinfo ENOTFOUND sepolia.infura.io
  Transaction 557 failed: getaddrinfo ENOTFOUND sepolia.infura.io
  Transaction 558 failed: getaddrinfo ENOTFOUND sepolia.infura.io
  Transaction 559 failed: getaddrinfo ENOTFOUND sepolia.infura.io
  Transaction 560 failed: getaddrinfo ENOTFOUND sepolia.infura.io
  Transaction 561 failed: getaddrinfo ENOTFOUND sepolia.infura.io
  Transaction 562 failed: getaddrinfo ENOTFOUND sepolia.infura.io
  Transaction 563 failed: getaddrinfo ENOTFOUND sepolia.infura.io
  Transaction 564 failed: getaddrinfo ENOTFOUND sepolia.infura.io
  Transaction 565 failed: getaddrinfo ENOTFOUND sepolia.infura.io
  Transaction 566 failed: getaddrinfo ENOTFOUND sepolia.infura.io
  Transaction 567 failed: getaddrinfo ENOTFOUND sepolia.infura.io
  Transaction 568 failed: getaddrinfo ENOTFOUND sepolia.infura.io
  Transaction 569 failed: getaddrinfo ENOTFOUND sepolia.infura.io
  Transaction 570 failed: getaddrinfo ENOTFOUND sepolia.infura.io
  Transaction 571 failed: getaddrinfo ENOTFOUND sepolia.infura.io
  Transaction 572 failed: getaddrinfo ENOTFOUND sepolia.infura.io
  Transaction 573 failed: getaddrinfo ENOTFOUND sepolia.infura.io
  Transaction 574 failed: getaddrinfo ENOTFOUND sepolia.infura.io
  Transaction 575 failed: getaddrinfo ENOTFOUND sepolia.infura.io
  Transaction 576 failed: getaddrinfo ENOTFOUND sepolia.infura.io
  Transaction 577 failed: getaddrinfo ENOTFOUND sepolia.infura.io
  Transaction 578 failed: getaddrinfo ENOTFOUND sepolia.infura.io
  Transaction 579 failed: getaddrinfo ENOTFOUND sepolia.infura.io
  Transaction 580 failed: getaddrinfo ENOTFOUND sepolia.infura.io
  Transaction 581 failed: getaddrinfo ENOTFOUND sepolia.infura.io
  Transaction 582 failed: getaddrinfo ENOTFOUND sepolia.infura.io
  Transaction 583 failed: getaddrinfo ENOTFOUND sepolia.infura.io
  Transaction 584 failed: getaddrinfo ENOTFOUND sepolia.infura.io
  Transaction 585 failed: getaddrinfo ENOTFOUND sepolia.infura.io
  Transaction 586 failed: getaddrinfo ENOTFOUND sepolia.infura.io
  Transaction 587 failed: getaddrinfo ENOTFOUND sepolia.infura.io
  Transaction 588 failed: getaddrinfo ENOTFOUND sepolia.infura.io
  Transaction 589 failed: getaddrinfo ENOTFOUND sepolia.infura.io
  Transaction 590 failed: getaddrinfo ENOTFOUND sepolia.infura.io
  Transaction 591 failed: getaddrinfo ENOTFOUND sepolia.infura.io
  Transaction 592 failed: getaddrinfo ENOTFOUND sepolia.infura.io
  Transaction 593 failed: getaddrinfo ENOTFOUND sepolia.infura.io
  Transaction 594 failed: getaddrinfo ENOTFOUND sepolia.infura.io
  Transaction 595 failed: getaddrinfo ENOTFOUND sepolia.infura.io
  Transaction 596 failed: getaddrinfo ENOTFOUND sepolia.infura.io
  Transaction 597 failed: getaddrinfo ENOTFOUND sepolia.infura.io
  Transaction 598 failed: getaddrinfo ENOTFOUND sepolia.infura.io
  Transaction 599 failed: getaddrinfo ENOTFOUND sepolia.infura.io
  Transaction 600 failed: getaddrinfo ENOTFOUND sepolia.infura.io
  Transaction 601 failed: getaddrinfo ENOTFOUND sepolia.infura.io
  Transaction 602 failed: getaddrinfo ENOTFOUND sepolia.infura.io
  Transaction 603 failed: getaddrinfo ENOTFOUND sepolia.infura.io
  Transaction 604 failed: getaddrinfo ENOTFOUND sepolia.infura.io
  Transaction 605 failed: getaddrinfo ENOTFOUND sepolia.infura.io
  Transaction 606 failed: getaddrinfo ENOTFOUND sepolia.infura.io
  Transaction 607 failed: getaddrinfo ENOTFOUND sepolia.infura.io
  Transaction 608 failed: getaddrinfo ENOTFOUND sepolia.infura.io
  Transaction 609 failed: getaddrinfo ENOTFOUND sepolia.infura.io
  Transaction 610 failed: getaddrinfo ENOTFOUND sepolia.infura.io
  Transaction 611 failed: getaddrinfo ENOTFOUND sepolia.infura.io
  Transaction 612 failed: getaddrinfo ENOTFOUND sepolia.infura.io
  Transaction 613 failed: getaddrinfo ENOTFOUND sepolia.infura.io
  Transaction 614 failed: getaddrinfo ENOTFOUND sepolia.infura.io
  Transaction 615 failed: getaddrinfo ENOTFOUND sepolia.infura.io
  Transaction 616 failed: getaddrinfo ENOTFOUND sepolia.infura.io
  Transaction 617 failed: getaddrinfo ENOTFOUND sepolia.infura.io
  Transaction 618 failed: getaddrinfo ENOTFOUND sepolia.infura.io
  Transaction 619 failed: getaddrinfo ENOTFOUND sepolia.infura.io
  Transaction 620 failed: getaddrinfo ENOTFOUND sepolia.infura.io
  Transaction 621 failed: getaddrinfo ENOTFOUND sepolia.infura.io
  Transaction 622 failed: getaddrinfo ENOTFOUND sepolia.infura.io
  Transaction 623 failed: getaddrinfo ENOTFOUND sepolia.infura.io
  Transaction 624 failed: getaddrinfo ENOTFOUND sepolia.infura.io
  Transaction 625 failed: getaddrinfo ENOTFOUND sepolia.infura.io
  Transaction 626 failed: getaddrinfo ENOTFOUND sepolia.infura.io
  Transaction 627 failed: getaddrinfo ENOTFOUND sepolia.infura.io
  Transaction 628 failed: getaddrinfo ENOTFOUND sepolia.infura.io
  Transaction 629 failed: getaddrinfo ENOTFOUND sepolia.infura.io
  Transaction 630 failed: getaddrinfo ENOTFOUND sepolia.infura.io
  Transaction 631 failed: getaddrinfo ENOTFOUND sepolia.infura.io
  Transaction 632 failed: getaddrinfo ENOTFOUND sepolia.infura.io
  Transaction 633 failed: getaddrinfo ENOTFOUND sepolia.infura.io
  Transaction 634 failed: getaddrinfo ENOTFOUND sepolia.infura.io
  Transaction 635 failed: getaddrinfo ENOTFOUND sepolia.infura.io
  Transaction 636 failed: getaddrinfo ENOTFOUND sepolia.infura.io
  Transaction 637 failed: getaddrinfo ENOTFOUND sepolia.infura.io
  Transaction 638 failed: getaddrinfo ENOTFOUND sepolia.infura.io
  Transaction 639 failed: getaddrinfo ENOTFOUND sepolia.infura.io
  Transaction 640 failed: getaddrinfo ENOTFOUND sepolia.infura.io
  Transaction 641 failed: getaddrinfo ENOTFOUND sepolia.infura.io
  Transaction 642 failed: getaddrinfo ENOTFOUND sepolia.infura.io
  Transaction 643 failed: getaddrinfo ENOTFOUND sepolia.infura.io
  Transaction 644 failed: getaddrinfo ENOTFOUND sepolia.infura.io
  Transaction 645 failed: getaddrinfo ENOTFOUND sepolia.infura.io
  Transaction 646 failed: getaddrinfo ENOTFOUND sepolia.infura.io
  Transaction 647 failed: getaddrinfo ENOTFOUND sepolia.infura.io
  Transaction 648 failed: getaddrinfo ENOTFOUND sepolia.infura.io
  Transaction 649 failed: getaddrinfo ENOTFOUND sepolia.infura.io
  Transaction 650 failed: getaddrinfo ENOTFOUND sepolia.infura.io
  Transaction 651 failed: getaddrinfo ENOTFOUND sepolia.infura.io
  Transaction 652 failed: getaddrinfo ENOTFOUND sepolia.infura.io
  Transaction 653 failed: getaddrinfo ENOTFOUND sepolia.infura.io
  Transaction 654 failed: getaddrinfo ENOTFOUND sepolia.infura.io
  Transaction 655 failed: getaddrinfo ENOTFOUND sepolia.infura.io
  Transaction 656 failed: getaddrinfo ENOTFOUND sepolia.infura.io
  Transaction 657 failed: getaddrinfo ENOTFOUND sepolia.infura.io
  Transaction 658 failed: getaddrinfo ENOTFOUND sepolia.infura.io
  Transaction 659 failed: getaddrinfo ENOTFOUND sepolia.infura.io
  Transaction 660 failed: getaddrinfo ENOTFOUND sepolia.infura.io
  Transaction 661 failed: getaddrinfo ENOTFOUND sepolia.infura.io
  Transaction 662 failed: getaddrinfo ENOTFOUND sepolia.infura.io
  Transaction 663 failed: getaddrinfo ENOTFOUND sepolia.infura.io
  Transaction 664 failed: getaddrinfo ENOTFOUND sepolia.infura.io
  Transaction 665 failed: getaddrinfo ENOTFOUND sepolia.infura.io
  Transaction 666 failed: getaddrinfo ENOTFOUND sepolia.infura.io
  Transaction 667 failed: getaddrinfo ENOTFOUND sepolia.infura.io
  Transaction 668 failed: getaddrinfo ENOTFOUND sepolia.infura.io
  Transaction 669 failed: getaddrinfo ENOTFOUND sepolia.infura.io
  Transaction 670 failed: getaddrinfo ENOTFOUND sepolia.infura.io
  Transaction 671 failed: getaddrinfo ENOTFOUND sepolia.infura.io
  Transaction 672 failed: getaddrinfo ENOTFOUND sepolia.infura.io
  Transaction 673 failed: getaddrinfo ENOTFOUND sepolia.infura.io
  Transaction 674 failed: getaddrinfo ENOTFOUND sepolia.infura.io
  Transaction 675 failed: getaddrinfo ENOTFOUND sepolia.infura.io
  Transaction 676 failed: getaddrinfo ENOTFOUND sepolia.infura.io
  Transaction 677 failed: getaddrinfo ENOTFOUND sepolia.infura.io
  Transaction 678 failed: getaddrinfo ENOTFOUND sepolia.infura.io
  Transaction 679 failed: getaddrinfo ENOTFOUND sepolia.infura.io
  Transaction 680 failed: getaddrinfo ENOTFOUND sepolia.infura.io
  Transaction 681 failed: getaddrinfo ENOTFOUND sepolia.infura.io
  Transaction 682 failed: getaddrinfo ENOTFOUND sepolia.infura.io
  Transaction 683 failed: getaddrinfo ENOTFOUND sepolia.infura.io
  Transaction 684 failed: getaddrinfo ENOTFOUND sepolia.infura.io
  Transaction 685 failed: getaddrinfo ENOTFOUND sepolia.infura.io
  Transaction 686 failed: getaddrinfo ENOTFOUND sepolia.infura.io
  Transaction 687 failed: getaddrinfo ENOTFOUND sepolia.infura.io
  Transaction 688 failed: getaddrinfo ENOTFOUND sepolia.infura.io
  Transaction 689 failed: getaddrinfo ENOTFOUND sepolia.infura.io
  Transaction 690 failed: getaddrinfo ENOTFOUND sepolia.infura.io
  Transaction 691 failed: getaddrinfo ENOTFOUND sepolia.infura.io
  Transaction 692 failed: getaddrinfo ENOTFOUND sepolia.infura.io
  Transaction 693 failed: getaddrinfo ENOTFOUND sepolia.infura.io
  Transaction 694 failed: getaddrinfo ENOTFOUND sepolia.infura.io
  Transaction 695 failed: getaddrinfo ENOTFOUND sepolia.infura.io
  Transaction 696 failed: getaddrinfo ENOTFOUND sepolia.infura.io
  Transaction 697 failed: getaddrinfo ENOTFOUND sepolia.infura.io
  Transaction 698 failed: getaddrinfo ENOTFOUND sepolia.infura.io
  Transaction 699 failed: getaddrinfo ENOTFOUND sepolia.infura.io
  Transaction 700 failed: getaddrinfo ENOTFOUND sepolia.infura.io
  Transaction 701 failed: getaddrinfo ENOTFOUND sepolia.infura.io
  Transaction 702 failed: getaddrinfo ENOTFOUND sepolia.infura.io
  Transaction 703 failed: getaddrinfo ENOTFOUND sepolia.infura.io
  Transaction 704 failed: getaddrinfo ENOTFOUND sepolia.infura.io
  Transaction 705 failed: getaddrinfo ENOTFOUND sepolia.infura.io
  Transaction 706 failed: getaddrinfo ENOTFOUND sepolia.infura.io
  Transaction 707 failed: getaddrinfo ENOTFOUND sepolia.infura.io
  Transaction 708 failed: getaddrinfo ENOTFOUND sepolia.infura.io
  Transaction 709 failed: getaddrinfo ENOTFOUND sepolia.infura.io
  Transaction 710 failed: getaddrinfo ENOTFOUND sepolia.infura.io
  Transaction 711 failed: getaddrinfo ENOTFOUND sepolia.infura.io
  Transaction 712 failed: getaddrinfo ENOTFOUND sepolia.infura.io
  Transaction 713 failed: getaddrinfo ENOTFOUND sepolia.infura.io
  Transaction 714 failed: getaddrinfo ENOTFOUND sepolia.infura.io
  Transaction 715 failed: getaddrinfo ENOTFOUND sepolia.infura.io
  Transaction 716 failed: getaddrinfo ENOTFOUND sepolia.infura.io
  Transaction 717 failed: getaddrinfo ENOTFOUND sepolia.infura.io
  Transaction 718 failed: getaddrinfo ENOTFOUND sepolia.infura.io
  Transaction 719 failed: getaddrinfo ENOTFOUND sepolia.infura.io
  Transaction 720 failed: getaddrinfo ENOTFOUND sepolia.infura.io
  Transaction 721 failed: getaddrinfo ENOTFOUND sepolia.infura.io
  Transaction 722 failed: getaddrinfo ENOTFOUND sepolia.infura.io
  Transaction 723 failed: getaddrinfo ENOTFOUND sepolia.infura.io
  Transaction 724 failed: getaddrinfo ENOTFOUND sepolia.infura.io
  Transaction 725 failed: getaddrinfo ENOTFOUND sepolia.infura.io
  Transaction 726 failed: getaddrinfo ENOTFOUND sepolia.infura.io
  Transaction 727 failed: getaddrinfo ENOTFOUND sepolia.infura.io
  Transaction 728 failed: getaddrinfo ENOTFOUND sepolia.infura.io
  Transaction 729 failed: getaddrinfo ENOTFOUND sepolia.infura.io
  Transaction 730 failed: getaddrinfo ENOTFOUND sepolia.infura.io
  Transaction 731 failed: getaddrinfo ENOTFOUND sepolia.infura.io
  Transaction 732 failed: getaddrinfo ENOTFOUND sepolia.infura.io
  Transaction 733 failed: getaddrinfo ENOTFOUND sepolia.infura.io
  Transaction 734 failed: getaddrinfo ENOTFOUND sepolia.infura.io
  Transaction 735 failed: getaddrinfo ENOTFOUND sepolia.infura.io
  Transaction 736 failed: getaddrinfo ENOTFOUND sepolia.infura.io
  Transaction 737 failed: getaddrinfo ENOTFOUND sepolia.infura.io
  Transaction 738 failed: getaddrinfo ENOTFOUND sepolia.infura.io
  Transaction 739 failed: getaddrinfo ENOTFOUND sepolia.infura.io
  Transaction 740 failed: getaddrinfo ENOTFOUND sepolia.infura.io
  Transaction 741 failed: getaddrinfo ENOTFOUND sepolia.infura.io
  Transaction 742 failed: getaddrinfo ENOTFOUND sepolia.infura.io
  Transaction 743 failed: getaddrinfo ENOTFOUND sepolia.infura.io
  Transaction 744 failed: getaddrinfo ENOTFOUND sepolia.infura.io
  Transaction 745 failed: getaddrinfo ENOTFOUND sepolia.infura.io
  Transaction 746 failed: getaddrinfo ENOTFOUND sepolia.infura.io
  Transaction 747 failed: getaddrinfo ENOTFOUND sepolia.infura.io
  Transaction 748 failed: getaddrinfo ENOTFOUND sepolia.infura.io
  Transaction 749 failed: getaddrinfo ENOTFOUND sepolia.infura.io
  Transaction 750 failed: getaddrinfo ENOTFOUND sepolia.infura.io
  Transaction 751 failed: getaddrinfo ENOTFOUND sepolia.infura.io
  Transaction 752 failed: getaddrinfo ENOTFOUND sepolia.infura.io
  Transaction 753 failed: getaddrinfo ENOTFOUND sepolia.infura.io
  Transaction 754 failed: getaddrinfo ENOTFOUND sepolia.infura.io
  Transaction 755 failed: getaddrinfo ENOTFOUND sepolia.infura.io
  Transaction 756 failed: getaddrinfo ENOTFOUND sepolia.infura.io
  Transaction 757 failed: getaddrinfo ENOTFOUND sepolia.infura.io
  Transaction 758 failed: getaddrinfo ENOTFOUND sepolia.infura.io
  Transaction 759 failed: getaddrinfo ENOTFOUND sepolia.infura.io
  Transaction 760 failed: getaddrinfo ENOTFOUND sepolia.infura.io
  Transaction 761 failed: getaddrinfo ENOTFOUND sepolia.infura.io
  Transaction 762 failed: getaddrinfo ENOTFOUND sepolia.infura.io
  Transaction 763 failed: getaddrinfo ENOTFOUND sepolia.infura.io
  Transaction 764 failed: getaddrinfo ENOTFOUND sepolia.infura.io
  Transaction 765 failed: getaddrinfo ENOTFOUND sepolia.infura.io
  Transaction 766 failed: getaddrinfo ENOTFOUND sepolia.infura.io
  Transaction 767 failed: getaddrinfo ENOTFOUND sepolia.infura.io
  Transaction 768 failed: getaddrinfo ENOTFOUND sepolia.infura.io
  Transaction 769 failed: getaddrinfo ENOTFOUND sepolia.infura.io
  Transaction 770 failed: getaddrinfo ENOTFOUND sepolia.infura.io
  Transaction 771 failed: getaddrinfo ENOTFOUND sepolia.infura.io
  Transaction 772 failed: getaddrinfo ENOTFOUND sepolia.infura.io
  Transaction 773 failed: getaddrinfo ENOTFOUND sepolia.infura.io
  Transaction 774 failed: getaddrinfo ENOTFOUND sepolia.infura.io
  Transaction 775 failed: getaddrinfo ENOTFOUND sepolia.infura.io
  Transaction 776 failed: getaddrinfo ENOTFOUND sepolia.infura.io
  Transaction 777 failed: getaddrinfo ENOTFOUND sepolia.infura.io
  Transaction 778 failed: getaddrinfo ENOTFOUND sepolia.infura.io
  Transaction 779 failed: getaddrinfo ENOTFOUND sepolia.infura.io
  Transaction 780 failed: getaddrinfo ENOTFOUND sepolia.infura.io
  Transaction 781 failed: getaddrinfo ENOTFOUND sepolia.infura.io
  Transaction 782 failed: getaddrinfo ENOTFOUND sepolia.infura.io
  Transaction 783 failed: getaddrinfo ENOTFOUND sepolia.infura.io
  Transaction 784 failed: getaddrinfo ENOTFOUND sepolia.infura.io
  Transaction 785 failed: getaddrinfo ENOTFOUND sepolia.infura.io
  Transaction 786 failed: getaddrinfo ENOTFOUND sepolia.infura.io
  Transaction 787 failed: getaddrinfo ENOTFOUND sepolia.infura.io
  Transaction 788 failed: getaddrinfo ENOTFOUND sepolia.infura.io
  Transaction 789 failed: getaddrinfo ENOTFOUND sepolia.infura.io
  Transaction 790 failed: getaddrinfo ENOTFOUND sepolia.infura.io
  Transaction 791 failed: getaddrinfo ENOTFOUND sepolia.infura.io
  Transaction 792 failed: getaddrinfo ENOTFOUND sepolia.infura.io
  Transaction 793 failed: getaddrinfo ENOTFOUND sepolia.infura.io
  Transaction 794 failed: getaddrinfo ENOTFOUND sepolia.infura.io
  Transaction 795 failed: getaddrinfo ENOTFOUND sepolia.infura.io
  Transaction 796 failed: getaddrinfo ENOTFOUND sepolia.infura.io
  Transaction 797 failed: getaddrinfo ENOTFOUND sepolia.infura.io
  Transaction 798 failed: getaddrinfo ENOTFOUND sepolia.infura.io
  Transaction 799 failed: getaddrinfo ENOTFOUND sepolia.infura.io
  Transaction 800 failed: getaddrinfo ENOTFOUND sepolia.infura.io
  Transaction 801 failed: getaddrinfo ENOTFOUND sepolia.infura.io
  Transaction 802 failed: getaddrinfo ENOTFOUND sepolia.infura.io
  Transaction 803 failed: getaddrinfo ENOTFOUND sepolia.infura.io
  Transaction 804 failed: getaddrinfo ENOTFOUND sepolia.infura.io
  Transaction 805 failed: getaddrinfo ENOTFOUND sepolia.infura.io
  Transaction 806 failed: getaddrinfo ENOTFOUND sepolia.infura.io
  Transaction 807 failed: getaddrinfo ENOTFOUND sepolia.infura.io
  Transaction 808 failed: getaddrinfo ENOTFOUND sepolia.infura.io
  Transaction 809 failed: getaddrinfo ENOTFOUND sepolia.infura.io
  Transaction 810 failed: getaddrinfo ENOTFOUND sepolia.infura.io
  Transaction 811 failed: getaddrinfo ENOTFOUND sepolia.infura.io
  Transaction 812 failed: getaddrinfo ENOTFOUND sepolia.infura.io
  Transaction 813 failed: getaddrinfo ENOTFOUND sepolia.infura.io
  Transaction 814 failed: getaddrinfo ENOTFOUND sepolia.infura.io
  Transaction 815 failed: getaddrinfo ENOTFOUND sepolia.infura.io
  Transaction 816 failed: getaddrinfo ENOTFOUND sepolia.infura.io
  Transaction 817 failed: getaddrinfo ENOTFOUND sepolia.infura.io
  Transaction 818 failed: getaddrinfo ENOTFOUND sepolia.infura.io
  Transaction 819 failed: getaddrinfo ENOTFOUND sepolia.infura.io
  Transaction 820 failed: getaddrinfo ENOTFOUND sepolia.infura.io
  Transaction 821 failed: getaddrinfo ENOTFOUND sepolia.infura.io
  Transaction 822 failed: getaddrinfo ENOTFOUND sepolia.infura.io
  Transaction 823 failed: getaddrinfo ENOTFOUND sepolia.infura.io
  Transaction 824 failed: getaddrinfo ENOTFOUND sepolia.infura.io
  Transaction 825 failed: getaddrinfo ENOTFOUND sepolia.infura.io
  Transaction 826 failed: getaddrinfo ENOTFOUND sepolia.infura.io
  Transaction 827 failed: getaddrinfo ENOTFOUND sepolia.infura.io
  Transaction 828 failed: getaddrinfo ENOTFOUND sepolia.infura.io
  Transaction 829 failed: getaddrinfo ENOTFOUND sepolia.infura.io
  Transaction 830 failed: getaddrinfo ENOTFOUND sepolia.infura.io
  Transaction 831 failed: getaddrinfo ENOTFOUND sepolia.infura.io
  Transaction 832 failed: getaddrinfo ENOTFOUND sepolia.infura.io
  Transaction 833 failed: getaddrinfo ENOTFOUND sepolia.infura.io
  Transaction 834 failed: getaddrinfo ENOTFOUND sepolia.infura.io
  Transaction 835 failed: getaddrinfo ENOTFOUND sepolia.infura.io
  Transaction 836 failed: getaddrinfo ENOTFOUND sepolia.infura.io
  Transaction 837 failed: getaddrinfo ENOTFOUND sepolia.infura.io
  Transaction 838 failed: getaddrinfo ENOTFOUND sepolia.infura.io
  Transaction 839 failed: getaddrinfo ENOTFOUND sepolia.infura.io
  Transaction 840 failed: getaddrinfo ENOTFOUND sepolia.infura.io
  Transaction 841 failed: getaddrinfo ENOTFOUND sepolia.infura.io
  Transaction 842 failed: getaddrinfo ENOTFOUND sepolia.infura.io
  Transaction 843 failed: getaddrinfo ENOTFOUND sepolia.infura.io
  Transaction 844 failed: getaddrinfo ENOTFOUND sepolia.infura.io
  Transaction 845 failed: getaddrinfo ENOTFOUND sepolia.infura.io
  Transaction 846 failed: getaddrinfo ENOTFOUND sepolia.infura.io
  Transaction 847 failed: getaddrinfo ENOTFOUND sepolia.infura.io
  Transaction 848 failed: getaddrinfo ENOTFOUND sepolia.infura.io
  Transaction 849 failed: getaddrinfo ENOTFOUND sepolia.infura.io
  Transaction 850 failed: getaddrinfo ENOTFOUND sepolia.infura.io
  Transaction 851 failed: getaddrinfo ENOTFOUND sepolia.infura.io
  Transaction 852 failed: getaddrinfo ENOTFOUND sepolia.infura.io
  Transaction 853 failed: getaddrinfo ENOTFOUND sepolia.infura.io
  Transaction 854 failed: getaddrinfo ENOTFOUND sepolia.infura.io
  Transaction 855 failed: getaddrinfo ENOTFOUND sepolia.infura.io
  Transaction 856 failed: getaddrinfo ENOTFOUND sepolia.infura.io
  Transaction 857 failed: getaddrinfo ENOTFOUND sepolia.infura.io
  Transaction 858 failed: getaddrinfo ENOTFOUND sepolia.infura.io
  Transaction 859 failed: getaddrinfo ENOTFOUND sepolia.infura.io
  Transaction 860 failed: getaddrinfo ENOTFOUND sepolia.infura.io
  Transaction 861 failed: getaddrinfo ENOTFOUND sepolia.infura.io
  Transaction 862 failed: getaddrinfo ENOTFOUND sepolia.infura.io
  Transaction 863 failed: getaddrinfo ENOTFOUND sepolia.infura.io
  Transaction 864 failed: getaddrinfo ENOTFOUND sepolia.infura.io
  Transaction 865 failed: getaddrinfo ENOTFOUND sepolia.infura.io
  Transaction 866 failed: getaddrinfo ENOTFOUND sepolia.infura.io
  Transaction 867 failed: getaddrinfo ENOTFOUND sepolia.infura.io
  Transaction 868 failed: getaddrinfo ENOTFOUND sepolia.infura.io
  Transaction 869 failed: getaddrinfo ENOTFOUND sepolia.infura.io
  Transaction 870 failed: getaddrinfo ENOTFOUND sepolia.infura.io
  Transaction 871 failed: getaddrinfo ENOTFOUND sepolia.infura.io
  Transaction 872 failed: getaddrinfo ENOTFOUND sepolia.infura.io
  Transaction 873 failed: getaddrinfo ENOTFOUND sepolia.infura.io
  Transaction 874 failed: getaddrinfo ENOTFOUND sepolia.infura.io
  Transaction 875 failed: getaddrinfo ENOTFOUND sepolia.infura.io
  Transaction 876 failed: getaddrinfo ENOTFOUND sepolia.infura.io
  Transaction 877 failed: getaddrinfo ENOTFOUND sepolia.infura.io
  Transaction 878 failed: getaddrinfo ENOTFOUND sepolia.infura.io
  Transaction 879 failed: getaddrinfo ENOTFOUND sepolia.infura.io
  Transaction 880 failed: getaddrinfo ENOTFOUND sepolia.infura.io
  Transaction 881 failed: getaddrinfo ENOTFOUND sepolia.infura.io
  Transaction 882 failed: getaddrinfo ENOTFOUND sepolia.infura.io
  Transaction 883 failed: getaddrinfo ENOTFOUND sepolia.infura.io
  Transaction 884 failed: getaddrinfo ENOTFOUND sepolia.infura.io
  Transaction 885 failed: getaddrinfo ENOTFOUND sepolia.infura.io
  Transaction 886 failed: getaddrinfo ENOTFOUND sepolia.infura.io
  Transaction 887 failed: getaddrinfo ENOTFOUND sepolia.infura.io
  Transaction 888 failed: getaddrinfo ENOTFOUND sepolia.infura.io
  Transaction 889 failed: getaddrinfo ENOTFOUND sepolia.infura.io
  Transaction 890 failed: getaddrinfo ENOTFOUND sepolia.infura.io
  Transaction 891 failed: getaddrinfo ENOTFOUND sepolia.infura.io
  Transaction 892 failed: getaddrinfo ENOTFOUND sepolia.infura.io
  Transaction 893 failed: getaddrinfo ENOTFOUND sepolia.infura.io
  Transaction 894 failed: getaddrinfo ENOTFOUND sepolia.infura.io
  Transaction 895 failed: getaddrinfo ENOTFOUND sepolia.infura.io
  Transaction 896 failed: getaddrinfo ENOTFOUND sepolia.infura.io
  Transaction 897 failed: getaddrinfo ENOTFOUND sepolia.infura.io
  Transaction 898 failed: getaddrinfo ENOTFOUND sepolia.infura.io
  Transaction 899 failed: getaddrinfo ENOTFOUND sepolia.infura.io
  Transaction 900 failed: getaddrinfo ENOTFOUND sepolia.infura.io
  Transaction 901 failed: getaddrinfo ENOTFOUND sepolia.infura.io
  Transaction 902 failed: getaddrinfo ENOTFOUND sepolia.infura.io
  Transaction 903 failed: getaddrinfo ENOTFOUND sepolia.infura.io
  Transaction 904 failed: getaddrinfo ENOTFOUND sepolia.infura.io
  Transaction 905 failed: getaddrinfo ENOTFOUND sepolia.infura.io
  Transaction 906 failed: getaddrinfo ENOTFOUND sepolia.infura.io
  Transaction 907 failed: getaddrinfo ENOTFOUND sepolia.infura.io
  Transaction 908 failed: getaddrinfo ENOTFOUND sepolia.infura.io
  Transaction 909 failed: getaddrinfo ENOTFOUND sepolia.infura.io
  Transaction 910 failed: getaddrinfo ENOTFOUND sepolia.infura.io
  Transaction 911 failed: getaddrinfo ENOTFOUND sepolia.infura.io
  Transaction 912 failed: getaddrinfo ENOTFOUND sepolia.infura.io
  Transaction 913 failed: getaddrinfo ENOTFOUND sepolia.infura.io
  Transaction 914 failed: getaddrinfo ENOTFOUND sepolia.infura.io
  Transaction 915 failed: getaddrinfo ENOTFOUND sepolia.infura.io
  Transaction 916 failed: getaddrinfo ENOTFOUND sepolia.infura.io
  Transaction 917 failed: getaddrinfo ENOTFOUND sepolia.infura.io
  Transaction 918 failed: getaddrinfo ENOTFOUND sepolia.infura.io
  Transaction 919 failed: getaddrinfo ENOTFOUND sepolia.infura.io
  Transaction 920 failed: getaddrinfo ENOTFOUND sepolia.infura.io
  Transaction 921 failed: getaddrinfo ENOTFOUND sepolia.infura.io
  Transaction 922 failed: getaddrinfo ENOTFOUND sepolia.infura.io
  Transaction 923 failed: getaddrinfo ENOTFOUND sepolia.infura.io
  Transaction 924 failed: getaddrinfo ENOTFOUND sepolia.infura.io
  Transaction 925 failed: getaddrinfo ENOTFOUND sepolia.infura.io
  Transaction 926 failed: getaddrinfo ENOTFOUND sepolia.infura.io
  Transaction 927 failed: getaddrinfo ENOTFOUND sepolia.infura.io
  Transaction 928 failed: getaddrinfo ENOTFOUND sepolia.infura.io
  Transaction 929 failed: getaddrinfo ENOTFOUND sepolia.infura.io
  Transaction 930 failed: getaddrinfo ENOTFOUND sepolia.infura.io
  Transaction 931 failed: getaddrinfo ENOTFOUND sepolia.infura.io
  Transaction 932 failed: getaddrinfo ENOTFOUND sepolia.infura.io
  Transaction 933 failed: getaddrinfo ENOTFOUND sepolia.infura.io
  Transaction 934 failed: getaddrinfo ENOTFOUND sepolia.infura.io
  Transaction 935 failed: getaddrinfo ENOTFOUND sepolia.infura.io
  Transaction 936 failed: getaddrinfo ENOTFOUND sepolia.infura.io
  Transaction 937 failed: getaddrinfo ENOTFOUND sepolia.infura.io
  Transaction 938 failed: getaddrinfo ENOTFOUND sepolia.infura.io
  Transaction 939 failed: getaddrinfo ENOTFOUND sepolia.infura.io
  Transaction 940 failed: getaddrinfo ENOTFOUND sepolia.infura.io
  Transaction 941 failed: getaddrinfo ENOTFOUND sepolia.infura.io
  Transaction 942 failed: getaddrinfo ENOTFOUND sepolia.infura.io
  Transaction 943 failed: getaddrinfo ENOTFOUND sepolia.infura.io
  Transaction 944 failed: getaddrinfo ENOTFOUND sepolia.infura.io
  Transaction 945 failed: getaddrinfo ENOTFOUND sepolia.infura.io
  Transaction 946 failed: getaddrinfo ENOTFOUND sepolia.infura.io
  Transaction 947 failed: getaddrinfo ENOTFOUND sepolia.infura.io
  Transaction 948 failed: getaddrinfo ENOTFOUND sepolia.infura.io
  Transaction 949 failed: getaddrinfo ENOTFOUND sepolia.infura.io
  Transaction 950 failed: getaddrinfo ENOTFOUND sepolia.infura.io
  Transaction 951 failed: getaddrinfo ENOTFOUND sepolia.infura.io
  Transaction 952 failed: getaddrinfo ENOTFOUND sepolia.infura.io
  Transaction 953 failed: getaddrinfo ENOTFOUND sepolia.infura.io
  Transaction 954 failed: getaddrinfo ENOTFOUND sepolia.infura.io
  Transaction 955 failed: getaddrinfo ENOTFOUND sepolia.infura.io
  Transaction 956 failed: getaddrinfo ENOTFOUND sepolia.infura.io
  Transaction 957 failed: getaddrinfo ENOTFOUND sepolia.infura.io
  Transaction 958 failed: getaddrinfo ENOTFOUND sepolia.infura.io
  Transaction 959 failed: getaddrinfo ENOTFOUND sepolia.infura.io
  Transaction 960 failed: getaddrinfo ENOTFOUND sepolia.infura.io
  Transaction 961 failed: getaddrinfo ENOTFOUND sepolia.infura.io
  Transaction 962 failed: getaddrinfo ENOTFOUND sepolia.infura.io
  Transaction 963 failed: getaddrinfo ENOTFOUND sepolia.infura.io
  Transaction 964 failed: getaddrinfo ENOTFOUND sepolia.infura.io
  Transaction 965 failed: getaddrinfo ENOTFOUND sepolia.infura.io
  Transaction 966 failed: getaddrinfo ENOTFOUND sepolia.infura.io
  Transaction 967 failed: getaddrinfo ENOTFOUND sepolia.infura.io
  Transaction 968 failed: getaddrinfo ENOTFOUND sepolia.infura.io
  Transaction 969 failed: getaddrinfo ENOTFOUND sepolia.infura.io
  Transaction 970 failed: getaddrinfo ENOTFOUND sepolia.infura.io
  Transaction 971 failed: getaddrinfo ENOTFOUND sepolia.infura.io
  Transaction 972 failed: getaddrinfo ENOTFOUND sepolia.infura.io
  Transaction 973 failed: getaddrinfo ENOTFOUND sepolia.infura.io
  Transaction 974 failed: getaddrinfo ENOTFOUND sepolia.infura.io
  Transaction 975 failed: getaddrinfo ENOTFOUND sepolia.infura.io
  Transaction 976 failed: getaddrinfo ENOTFOUND sepolia.infura.io
  Transaction 977 failed: getaddrinfo ENOTFOUND sepolia.infura.io
  Transaction 978 failed: getaddrinfo ENOTFOUND sepolia.infura.io
  Transaction 979 failed: getaddrinfo ENOTFOUND sepolia.infura.io
  Transaction 980 failed: getaddrinfo ENOTFOUND sepolia.infura.io
  Transaction 981 failed: getaddrinfo ENOTFOUND sepolia.infura.io
  Transaction 982 failed: getaddrinfo ENOTFOUND sepolia.infura.io
  Transaction 983 failed: getaddrinfo ENOTFOUND sepolia.infura.io
  Transaction 984 failed: getaddrinfo ENOTFOUND sepolia.infura.io
  Transaction 985 failed: getaddrinfo ENOTFOUND sepolia.infura.io
  Transaction 986 failed: getaddrinfo ENOTFOUND sepolia.infura.io
  Transaction 987 failed: getaddrinfo ENOTFOUND sepolia.infura.io
  Transaction 988 failed: getaddrinfo ENOTFOUND sepolia.infura.io
  Transaction 989 failed: getaddrinfo ENOTFOUND sepolia.infura.io
  Transaction 990 failed: getaddrinfo ENOTFOUND sepolia.infura.io
  Transaction 991 failed: getaddrinfo ENOTFOUND sepolia.infura.io
  Transaction 992 failed: getaddrinfo ENOTFOUND sepolia.infura.io
  Transaction 993 failed: getaddrinfo ENOTFOUND sepolia.infura.io
  Transaction 994 failed: getaddrinfo ENOTFOUND sepolia.infura.io
  Transaction 995 failed: getaddrinfo ENOTFOUND sepolia.infura.io
  Transaction 996 failed: getaddrinfo ENOTFOUND sepolia.infura.io
  Transaction 997 failed: getaddrinfo ENOTFOUND sepolia.infura.io
  Transaction 998 failed: getaddrinfo ENOTFOUND sepolia.infura.io
  Transaction 999 failed: getaddrinfo ENOTFOUND sepolia.infura.io
  Transaction 1000 failed: getaddrinfo ENOTFOUND sepolia.infura.io
  Transaction 1001 failed: getaddrinfo ENOTFOUND sepolia.infura.io
  Transaction 1002 failed: getaddrinfo ENOTFOUND sepolia.infura.io
  Transaction 1003 failed: getaddrinfo ENOTFOUND sepolia.infura.io
  Transaction 1004 failed: getaddrinfo ENOTFOUND sepolia.infura.io
  Transaction 1005 failed: getaddrinfo ENOTFOUND sepolia.infura.io
  Transaction 1006 failed: getaddrinfo ENOTFOUND sepolia.infura.io
  Transaction 1007 failed: getaddrinfo ENOTFOUND sepolia.infura.io
  Transaction 1008 failed: getaddrinfo ENOTFOUND sepolia.infura.io
  Transaction 1009 failed: getaddrinfo ENOTFOUND sepolia.infura.io
  Transaction 1010 failed: getaddrinfo ENOTFOUND sepolia.infura.io
  Transaction 1011 failed: getaddrinfo ENOTFOUND sepolia.infura.io
  Transaction 1012 failed: getaddrinfo ENOTFOUND sepolia.infura.io
  Transaction 1013 failed: getaddrinfo ENOTFOUND sepolia.infura.io
  Transaction 1014 failed: getaddrinfo ENOTFOUND sepolia.infura.io
  Transaction 1015 failed: getaddrinfo ENOTFOUND sepolia.infura.io
  Transaction 1016 failed: getaddrinfo ENOTFOUND sepolia.infura.io
  Transaction 1017 failed: getaddrinfo ENOTFOUND sepolia.infura.io
  Transaction 1018 failed: getaddrinfo ENOTFOUND sepolia.infura.io
  Transaction 1019 failed: getaddrinfo ENOTFOUND sepolia.infura.io
  Transaction 1020 failed: getaddrinfo ENOTFOUND sepolia.infura.io
  Transaction 1021 failed: getaddrinfo ENOTFOUND sepolia.infura.io
  Transaction 1022 failed: getaddrinfo ENOTFOUND sepolia.infura.io
  Transaction 1023 failed: getaddrinfo ENOTFOUND sepolia.infura.io
  Transaction 1024 failed: getaddrinfo ENOTFOUND sepolia.infura.io
  Transaction 1025 failed: getaddrinfo ENOTFOUND sepolia.infura.io
  Transaction 1026 failed: getaddrinfo ENOTFOUND sepolia.infura.io
  Transaction 1027 failed: getaddrinfo ENOTFOUND sepolia.infura.io
  Transaction 1028 failed: getaddrinfo ENOTFOUND sepolia.infura.io
  Transaction 1029 failed: getaddrinfo ENOTFOUND sepolia.infura.io
  Transaction 1030 failed: getaddrinfo ENOTFOUND sepolia.infura.io
  Transaction 1031 failed: getaddrinfo ENOTFOUND sepolia.infura.io
  Transaction 1032 failed: getaddrinfo ENOTFOUND sepolia.infura.io
  Transaction 1033 failed: getaddrinfo ENOTFOUND sepolia.infura.io
  Transaction 1034 failed: getaddrinfo ENOTFOUND sepolia.infura.io
  Transaction 1035 failed: getaddrinfo ENOTFOUND sepolia.infura.io
  Transaction 1036 failed: getaddrinfo ENOTFOUND sepolia.infura.io
  Transaction 1037 failed: getaddrinfo ENOTFOUND sepolia.infura.io
  Transaction 1038 failed: getaddrinfo ENOTFOUND sepolia.infura.io
  Transaction 1039 failed: getaddrinfo ENOTFOUND sepolia.infura.io
  Transaction 1040 failed: getaddrinfo ENOTFOUND sepolia.infura.io
  Transaction 1041 failed: getaddrinfo ENOTFOUND sepolia.infura.io
  Transaction 1042 failed: getaddrinfo ENOTFOUND sepolia.infura.io
  Transaction 1043 failed: getaddrinfo ENOTFOUND sepolia.infura.io
  Transaction 1044 failed: getaddrinfo ENOTFOUND sepolia.infura.io
  Transaction 1045 failed: getaddrinfo ENOTFOUND sepolia.infura.io
  Transaction 1046 failed: getaddrinfo ENOTFOUND sepolia.infura.io
  Transaction 1047 failed: getaddrinfo ENOTFOUND sepolia.infura.io
  Transaction 1048 failed: getaddrinfo ENOTFOUND sepolia.infura.io
  Transaction 1049 failed: getaddrinfo ENOTFOUND sepolia.infura.io
  Transaction 1050 failed: getaddrinfo ENOTFOUND sepolia.infura.io
  Transaction 1051 failed: getaddrinfo ENOTFOUND sepolia.infura.io
  Transaction 1052 failed: getaddrinfo ENOTFOUND sepolia.infura.io
  Transaction 1053 failed: getaddrinfo ENOTFOUND sepolia.infura.io
  Transaction 1054 failed: getaddrinfo ENOTFOUND sepolia.infura.io
  Transaction 1055 failed: getaddrinfo ENOTFOUND sepolia.infura.io
  Transaction 1056 failed: getaddrinfo ENOTFOUND sepolia.infura.io
  Transaction 1057 failed: getaddrinfo ENOTFOUND sepolia.infura.io
  Transaction 1058 failed: getaddrinfo ENOTFOUND sepolia.infura.io
  Transaction 1059 failed: getaddrinfo ENOTFOUND sepolia.infura.io
  Transaction 1060 failed: getaddrinfo ENOTFOUND sepolia.infura.io
  Transaction 1061 failed: getaddrinfo ENOTFOUND sepolia.infura.io
  Transaction 1062 failed: getaddrinfo ENOTFOUND sepolia.infura.io
  Transaction 1063 failed: getaddrinfo ENOTFOUND sepolia.infura.io
  Transaction 1064 failed: getaddrinfo ENOTFOUND sepolia.infura.io
  Transaction 1065 failed: getaddrinfo ENOTFOUND sepolia.infura.io
  Transaction 1066 failed: getaddrinfo ENOTFOUND sepolia.infura.io
  Transaction 1067 failed: getaddrinfo ENOTFOUND sepolia.infura.io
  Transaction 1068 failed: getaddrinfo ENOTFOUND sepolia.infura.io
  Transaction 1069 failed: getaddrinfo ENOTFOUND sepolia.infura.io
  Transaction 1070 failed: getaddrinfo ENOTFOUND sepolia.infura.io
  Transaction 1071 failed: getaddrinfo ENOTFOUND sepolia.infura.io
  Transaction 1072 failed: getaddrinfo ENOTFOUND sepolia.infura.io
  Transaction 1073 failed: getaddrinfo ENOTFOUND sepolia.infura.io
  Transaction 1074 failed: getaddrinfo ENOTFOUND sepolia.infura.io
  Transaction 1075 failed: getaddrinfo ENOTFOUND sepolia.infura.io
  Transaction 1076 failed: getaddrinfo ENOTFOUND sepolia.infura.io
  Transaction 1077 failed: getaddrinfo ENOTFOUND sepolia.infura.io
  Transaction 1078 failed: getaddrinfo ENOTFOUND sepolia.infura.io
  Transaction 1079 failed: getaddrinfo ENOTFOUND sepolia.infura.io
  Transaction 1080 failed: getaddrinfo ENOTFOUND sepolia.infura.io
  Transaction 1081 failed: getaddrinfo ENOTFOUND sepolia.infura.io
  Transaction 1082 failed: getaddrinfo ENOTFOUND sepolia.infura.io
  Transaction 1083 failed: getaddrinfo ENOTFOUND sepolia.infura.io
  Transaction 1084 failed: getaddrinfo ENOTFOUND sepolia.infura.io
  Transaction 1085 failed: getaddrinfo ENOTFOUND sepolia.infura.io
  Transaction 1086 failed: getaddrinfo ENOTFOUND sepolia.infura.io
  Transaction 1087 failed: getaddrinfo ENOTFOUND sepolia.infura.io
  Transaction 1088 failed: getaddrinfo ENOTFOUND sepolia.infura.io
  Transaction 1089 failed: getaddrinfo ENOTFOUND sepolia.infura.io
  Transaction 1090 failed: getaddrinfo ENOTFOUND sepolia.infura.io
  Transaction 1091 failed: getaddrinfo ENOTFOUND sepolia.infura.io
  Transaction 1092 failed: getaddrinfo ENOTFOUND sepolia.infura.io
  Transaction 1093 failed: getaddrinfo ENOTFOUND sepolia.infura.io
  Transaction 1094 failed: getaddrinfo ENOTFOUND sepolia.infura.io
  Transaction 1095 failed: getaddrinfo ENOTFOUND sepolia.infura.io
  Transaction 1096 failed: getaddrinfo ENOTFOUND sepolia.infura.io
  Transaction 1097 failed: getaddrinfo ENOTFOUND sepolia.infura.io
  Transaction 1098 failed: getaddrinfo ENOTFOUND sepolia.infura.io
  Transaction 1099 failed: getaddrinfo ENOTFOUND sepolia.infura.io
  Transaction 1100 failed: getaddrinfo ENOTFOUND sepolia.infura.io
  Transaction 1101 failed: getaddrinfo ENOTFOUND sepolia.infura.io
  Transaction 1102 failed: getaddrinfo ENOTFOUND sepolia.infura.io
  Transaction 1103 failed: getaddrinfo ENOTFOUND sepolia.infura.io
  Transaction 1104 failed: getaddrinfo ENOTFOUND sepolia.infura.io
  Transaction 1105 failed: getaddrinfo ENOTFOUND sepolia.infura.io
  Transaction 1106 failed: getaddrinfo ENOTFOUND sepolia.infura.io
  Transaction 1107 failed: getaddrinfo ENOTFOUND sepolia.infura.io
  Transaction 1108 failed: getaddrinfo ENOTFOUND sepolia.infura.io
  Transaction 1109 failed: getaddrinfo ENOTFOUND sepolia.infura.io
  Transaction 1110 failed: getaddrinfo ENOTFOUND sepolia.infura.io
  Transaction 1111 failed: getaddrinfo ENOTFOUND sepolia.infura.io
  Transaction 1112 failed: getaddrinfo ENOTFOUND sepolia.infura.io
  Transaction 1113 failed: getaddrinfo ENOTFOUND sepolia.infura.io
  Transaction 1114 failed: getaddrinfo ENOTFOUND sepolia.infura.io
  Transaction 1115 failed: getaddrinfo ENOTFOUND sepolia.infura.io
  Transaction 1116 failed: getaddrinfo ENOTFOUND sepolia.infura.io
  Transaction 1117 failed: getaddrinfo ENOTFOUND sepolia.infura.io
  Transaction 1118 failed: getaddrinfo ENOTFOUND sepolia.infura.io
  Transaction 1119 failed: getaddrinfo ENOTFOUND sepolia.infura.io
  Transaction 1120 failed: getaddrinfo ENOTFOUND sepolia.infura.io
  Transaction 1121 failed: getaddrinfo ENOTFOUND sepolia.infura.io
  Transaction 1122 failed: getaddrinfo ENOTFOUND sepolia.infura.io
  Transaction 1123 failed: getaddrinfo ENOTFOUND sepolia.infura.io
  Transaction 1124 failed: getaddrinfo ENOTFOUND sepolia.infura.io
  Transaction 1125 failed: getaddrinfo ENOTFOUND sepolia.infura.io
  Transaction 1126 failed: getaddrinfo ENOTFOUND sepolia.infura.io
  Transaction 1127 failed: getaddrinfo ENOTFOUND sepolia.infura.io
  Transaction 1128 failed: getaddrinfo ENOTFOUND sepolia.infura.io
  Transaction 1129 failed: getaddrinfo ENOTFOUND sepolia.infura.io
  Transaction 1130 failed: getaddrinfo ENOTFOUND sepolia.infura.io
  Transaction 1131 failed: getaddrinfo ENOTFOUND sepolia.infura.io
  Transaction 1132 failed: getaddrinfo ENOTFOUND sepolia.infura.io
  Transaction 1133 failed: getaddrinfo ENOTFOUND sepolia.infura.io
  Transaction 1134 failed: getaddrinfo ENOTFOUND sepolia.infura.io
  Transaction 1135 failed: getaddrinfo ENOTFOUND sepolia.infura.io
  Transaction 1136 failed: getaddrinfo ENOTFOUND sepolia.infura.io
  Transaction 1137 failed: getaddrinfo ENOTFOUND sepolia.infura.io
  Transaction 1138 failed: getaddrinfo ENOTFOUND sepolia.infura.io
  Transaction 1139 failed: getaddrinfo ENOTFOUND sepolia.infura.io
  Transaction 1140 failed: getaddrinfo ENOTFOUND sepolia.infura.io
  Transaction 1141 failed: getaddrinfo ENOTFOUND sepolia.infura.io
  Transaction 1142 failed: getaddrinfo ENOTFOUND sepolia.infura.io
  Transaction 1143 failed: getaddrinfo ENOTFOUND sepolia.infura.io
  Transaction 1144 failed: getaddrinfo ENOTFOUND sepolia.infura.io
  Transaction 1145 failed: getaddrinfo ENOTFOUND sepolia.infura.io
  Transaction 1146 failed: getaddrinfo ENOTFOUND sepolia.infura.io
  Transaction 1147 failed: getaddrinfo ENOTFOUND sepolia.infura.io
  Transaction 1148 failed: getaddrinfo ENOTFOUND sepolia.infura.io
  Transaction 1149 failed: getaddrinfo ENOTFOUND sepolia.infura.io
  Transaction 1150 failed: getaddrinfo ENOTFOUND sepolia.infura.io
  Transaction 1151 failed: getaddrinfo ENOTFOUND sepolia.infura.io
  Transaction 1152 failed: getaddrinfo ENOTFOUND sepolia.infura.io
  Transaction 1153 failed: getaddrinfo ENOTFOUND sepolia.infura.io
  Transaction 1154 failed: getaddrinfo ENOTFOUND sepolia.infura.io
  Transaction 1155 failed: getaddrinfo ENOTFOUND sepolia.infura.io
  Transaction 1156 failed: getaddrinfo ENOTFOUND sepolia.infura.io
  Transaction 1157 failed: getaddrinfo ENOTFOUND sepolia.infura.io
  Transaction 1158 failed: getaddrinfo ENOTFOUND sepolia.infura.io
  Transaction 1159 failed: getaddrinfo ENOTFOUND sepolia.infura.io
  Transaction 1160 failed: getaddrinfo ENOTFOUND sepolia.infura.io
  Transaction 1161 failed: getaddrinfo ENOTFOUND sepolia.infura.io
  Transaction 1162 failed: getaddrinfo ENOTFOUND sepolia.infura.io
  Transaction 1163 failed: getaddrinfo ENOTFOUND sepolia.infura.io
  Transaction 1164 failed: getaddrinfo ENOTFOUND sepolia.infura.io
  Transaction 1165 failed: getaddrinfo ENOTFOUND sepolia.infura.io
  Transaction 1166 failed: getaddrinfo ENOTFOUND sepolia.infura.io
  Transaction 1167 failed: getaddrinfo ENOTFOUND sepolia.infura.io
  Transaction 1168 failed: getaddrinfo ENOTFOUND sepolia.infura.io
  Transaction 1169 failed: getaddrinfo ENOTFOUND sepolia.infura.io
  Transaction 1170 failed: getaddrinfo ENOTFOUND sepolia.infura.io
  Transaction 1171 failed: getaddrinfo ENOTFOUND sepolia.infura.io
  Transaction 1172 failed: getaddrinfo ENOTFOUND sepolia.infura.io
  Transaction 1173 failed: getaddrinfo ENOTFOUND sepolia.infura.io
  Transaction 1174 failed: getaddrinfo ENOTFOUND sepolia.infura.io
  Transaction 1175 failed: getaddrinfo ENOTFOUND sepolia.infura.io
  Transaction 1176 failed: getaddrinfo ENOTFOUND sepolia.infura.io
  Transaction 1177 failed: getaddrinfo ENOTFOUND sepolia.infura.io
  Transaction 1178 failed: getaddrinfo ENOTFOUND sepolia.infura.io
  Transaction 1179 failed: getaddrinfo ENOTFOUND sepolia.infura.io
  Transaction 1180 failed: getaddrinfo ENOTFOUND sepolia.infura.io
  Transaction 1181 failed: getaddrinfo ENOTFOUND sepolia.infura.io
  Transaction 1182 failed: getaddrinfo ENOTFOUND sepolia.infura.io
  Transaction 1183 failed: getaddrinfo ENOTFOUND sepolia.infura.io
  Transaction 1184 failed: getaddrinfo ENOTFOUND sepolia.infura.io
  Transaction 1185 failed: getaddrinfo ENOTFOUND sepolia.infura.io
  Transaction 1186 failed: getaddrinfo ENOTFOUND sepolia.infura.io
  Transaction 1187 failed: getaddrinfo ENOTFOUND sepolia.infura.io
  Transaction 1188 failed: getaddrinfo ENOTFOUND sepolia.infura.io
  Transaction 1189 failed: getaddrinfo ENOTFOUND sepolia.infura.io
  Transaction 1190 failed: getaddrinfo ENOTFOUND sepolia.infura.io
  Transaction 1191 failed: getaddrinfo ENOTFOUND sepolia.infura.io
  Transaction 1192 failed: getaddrinfo ENOTFOUND sepolia.infura.io
  Transaction 1193 failed: getaddrinfo ENOTFOUND sepolia.infura.io
  Transaction 1194 failed: getaddrinfo ENOTFOUND sepolia.infura.io
  Transaction 1195 failed: getaddrinfo ENOTFOUND sepolia.infura.io
  Transaction 1196 failed: getaddrinfo ENOTFOUND sepolia.infura.io
  Transaction 1197 failed: getaddrinfo ENOTFOUND sepolia.infura.io
  Transaction 1198 failed: getaddrinfo ENOTFOUND sepolia.infura.io
  Transaction 1199 failed: getaddrinfo ENOTFOUND sepolia.infura.io
  Transaction 1200 failed: getaddrinfo ENOTFOUND sepolia.infura.io
  Transaction 1201 failed: getaddrinfo ENOTFOUND sepolia.infura.io
  Transaction 1202 failed: getaddrinfo ENOTFOUND sepolia.infura.io
  Transaction 1203 failed: getaddrinfo ENOTFOUND sepolia.infura.io
  Transaction 1204 failed: getaddrinfo ENOTFOUND sepolia.infura.io
  Transaction 1205 failed: getaddrinfo ENOTFOUND sepolia.infura.io
  Transaction 1206 failed: getaddrinfo ENOTFOUND sepolia.infura.io
  Transaction 1207 failed: getaddrinfo ENOTFOUND sepolia.infura.io
  Transaction 1208 failed: getaddrinfo ENOTFOUND sepolia.infura.io
  Transaction 1209 failed: getaddrinfo ENOTFOUND sepolia.infura.io
  Transaction 1210 failed: getaddrinfo ENOTFOUND sepolia.infura.io
  Transaction 1211 failed: getaddrinfo ENOTFOUND sepolia.infura.io
  Transaction 1212 failed: getaddrinfo ENOTFOUND sepolia.infura.io
  Transaction 1213 failed: getaddrinfo ENOTFOUND sepolia.infura.io
  Transaction 1214 failed: getaddrinfo ENOTFOUND sepolia.infura.io
  Transaction 1215 failed: getaddrinfo ENOTFOUND sepolia.infura.io
  Transaction 1216 failed: getaddrinfo ENOTFOUND sepolia.infura.io
  Transaction 1217 failed: getaddrinfo ENOTFOUND sepolia.infura.io
  Transaction 1218 failed: getaddrinfo ENOTFOUND sepolia.infura.io
  Transaction 1219 failed: getaddrinfo ENOTFOUND sepolia.infura.io
  Transaction 1220 failed: getaddrinfo ENOTFOUND sepolia.infura.io
  Transaction 1221 failed: getaddrinfo ENOTFOUND sepolia.infura.io
  Transaction 1222 failed: getaddrinfo ENOTFOUND sepolia.infura.io
  Transaction 1223 failed: getaddrinfo ENOTFOUND sepolia.infura.io
  Transaction 1224 failed: getaddrinfo ENOTFOUND sepolia.infura.io
  Transaction 1225 failed: getaddrinfo ENOTFOUND sepolia.infura.io
  Transaction 1226 failed: getaddrinfo ENOTFOUND sepolia.infura.io
  Transaction 1227 failed: getaddrinfo ENOTFOUND sepolia.infura.io
  Transaction 1228 failed: getaddrinfo ENOTFOUND sepolia.infura.io
  Transaction 1229 failed: getaddrinfo ENOTFOUND sepolia.infura.io
  Transaction 1230 failed: getaddrinfo ENOTFOUND sepolia.infura.io
  Transaction 1231 failed: getaddrinfo ENOTFOUND sepolia.infura.io
  Transaction 1232 failed: getaddrinfo ENOTFOUND sepolia.infura.io
  Transaction 1233 failed: getaddrinfo ENOTFOUND sepolia.infura.io
  Transaction 1234 failed: getaddrinfo ENOTFOUND sepolia.infura.io
  Transaction 1235 failed: getaddrinfo ENOTFOUND sepolia.infura.io
  Transaction 1236 failed: getaddrinfo ENOTFOUND sepolia.infura.io
  Transaction 1237 failed: getaddrinfo ENOTFOUND sepolia.infura.io
  Transaction 1238 failed: getaddrinfo ENOTFOUND sepolia.infura.io
  Transaction 1239 failed: getaddrinfo ENOTFOUND sepolia.infura.io
  Transaction 1240 failed: getaddrinfo ENOTFOUND sepolia.infura.io
  Transaction 1241 failed: getaddrinfo ENOTFOUND sepolia.infura.io
  Transaction 1242 failed: getaddrinfo ENOTFOUND sepolia.infura.io
  Transaction 1243 failed: getaddrinfo ENOTFOUND sepolia.infura.io
  Transaction 1244 failed: getaddrinfo ENOTFOUND sepolia.infura.io
  Transaction 1245 failed: getaddrinfo ENOTFOUND sepolia.infura.io
  Transaction 1246 failed: getaddrinfo ENOTFOUND sepolia.infura.io
  Transaction 1247 failed: getaddrinfo ENOTFOUND sepolia.infura.io
  Transaction 1248 failed: getaddrinfo ENOTFOUND sepolia.infura.io
  Transaction 1249 failed: getaddrinfo ENOTFOUND sepolia.infura.io
  Transaction 1250 failed: getaddrinfo ENOTFOUND sepolia.infura.io
  Transaction 1251 failed: getaddrinfo ENOTFOUND sepolia.infura.io
  Transaction 1252 failed: getaddrinfo ENOTFOUND sepolia.infura.io
  Transaction 1253 failed: getaddrinfo ENOTFOUND sepolia.infura.io
  Transaction 1254 failed: getaddrinfo ENOTFOUND sepolia.infura.io
  Transaction 1255 failed: getaddrinfo ENOTFOUND sepolia.infura.io
  Transaction 1256 failed: getaddrinfo ENOTFOUND sepolia.infura.io
  Transaction 1257 failed: getaddrinfo ENOTFOUND sepolia.infura.io
  Transaction 1258 failed: getaddrinfo ENOTFOUND sepolia.infura.io
  Transaction 1259 failed: getaddrinfo ENOTFOUND sepolia.infura.io
  Transaction 1260 failed: getaddrinfo ENOTFOUND sepolia.infura.io
  Transaction 1261 failed: getaddrinfo ENOTFOUND sepolia.infura.io
  Transaction 1262 failed: getaddrinfo ENOTFOUND sepolia.infura.io
  Transaction 1263 failed: getaddrinfo ENOTFOUND sepolia.infura.io
  Transaction 1264 failed: getaddrinfo ENOTFOUND sepolia.infura.io
  Transaction 1265 failed: getaddrinfo ENOTFOUND sepolia.infura.io
  Transaction 1266 failed: getaddrinfo ENOTFOUND sepolia.infura.io
  Transaction 1267 failed: getaddrinfo ENOTFOUND sepolia.infura.io
  Transaction 1268 failed: getaddrinfo ENOTFOUND sepolia.infura.io
  Transaction 1269 failed: getaddrinfo ENOTFOUND sepolia.infura.io
  Transaction 1270 failed: getaddrinfo ENOTFOUND sepolia.infura.io
  Transaction 1271 failed: getaddrinfo ENOTFOUND sepolia.infura.io
  Transaction 1272 failed: getaddrinfo ENOTFOUND sepolia.infura.io
  Transaction 1273 failed: getaddrinfo ENOTFOUND sepolia.infura.io
  Transaction 1274 failed: getaddrinfo ENOTFOUND sepolia.infura.io
  Transaction 1275 failed: getaddrinfo ENOTFOUND sepolia.infura.io
  Transaction 1276 failed: getaddrinfo ENOTFOUND sepolia.infura.io
  Transaction 1277 failed: getaddrinfo ENOTFOUND sepolia.infura.io
  Transaction 1278 failed: getaddrinfo ENOTFOUND sepolia.infura.io
  Transaction 1279 failed: getaddrinfo ENOTFOUND sepolia.infura.io
  Transaction 1280 failed: getaddrinfo ENOTFOUND sepolia.infura.io
  Transaction 1281 failed: getaddrinfo ENOTFOUND sepolia.infura.io
  Transaction 1282 failed: getaddrinfo ENOTFOUND sepolia.infura.io
  Transaction 1283 failed: getaddrinfo ENOTFOUND sepolia.infura.io
  Transaction 1284 failed: getaddrinfo ENOTFOUND sepolia.infura.io
  Transaction 1285 failed: getaddrinfo ENOTFOUND sepolia.infura.io
  Transaction 1286 failed: getaddrinfo ENOTFOUND sepolia.infura.io
  Transaction 1287 failed: getaddrinfo ENOTFOUND sepolia.infura.io
  Transaction 1288 failed: getaddrinfo ENOTFOUND sepolia.infura.io
  Transaction 1289 failed: getaddrinfo ENOTFOUND sepolia.infura.io
  Transaction 1290 failed: getaddrinfo ENOTFOUND sepolia.infura.io
  Transaction 1291 failed: getaddrinfo ENOTFOUND sepolia.infura.io
  Transaction 1292 failed: getaddrinfo ENOTFOUND sepolia.infura.io
  Transaction 1293 failed: getaddrinfo ENOTFOUND sepolia.infura.io
  Transaction 1294 failed: getaddrinfo ENOTFOUND sepolia.infura.io
  Transaction 1295 failed: getaddrinfo ENOTFOUND sepolia.infura.io
  Transaction 1296 failed: getaddrinfo ENOTFOUND sepolia.infura.io
  Transaction 1297 failed: getaddrinfo ENOTFOUND sepolia.infura.io
  Transaction 1298 failed: getaddrinfo ENOTFOUND sepolia.infura.io
  Transaction 1299 failed: getaddrinfo ENOTFOUND sepolia.infura.io
  Transaction 1300 failed: getaddrinfo ENOTFOUND sepolia.infura.io
  Transaction 1301 failed: getaddrinfo ENOTFOUND sepolia.infura.io
  Transaction 1302 failed: getaddrinfo ENOTFOUND sepolia.infura.io
  Transaction 1303 failed: getaddrinfo ENOTFOUND sepolia.infura.io
  Transaction 1304 failed: getaddrinfo ENOTFOUND sepolia.infura.io
  Transaction 1305 failed: getaddrinfo ENOTFOUND sepolia.infura.io
  Transaction 1306 failed: getaddrinfo ENOTFOUND sepolia.infura.io
  Transaction 1307 failed: getaddrinfo ENOTFOUND sepolia.infura.io
  Transaction 1308 failed: getaddrinfo ENOTFOUND sepolia.infura.io
  Transaction 1309 failed: getaddrinfo ENOTFOUND sepolia.infura.io
  Transaction 1310 failed: getaddrinfo ENOTFOUND sepolia.infura.io
  Transaction 1311 failed: getaddrinfo ENOTFOUND sepolia.infura.io
  Transaction 1312 failed: getaddrinfo ENOTFOUND sepolia.infura.io
  Transaction 1313 failed: getaddrinfo ENOTFOUND sepolia.infura.io
  Transaction 1314 failed: getaddrinfo ENOTFOUND sepolia.infura.io
  Transaction 1315 failed: getaddrinfo ENOTFOUND sepolia.infura.io
  Transaction 1316 failed: getaddrinfo ENOTFOUND sepolia.infura.io
  Transaction 1317 failed: getaddrinfo ENOTFOUND sepolia.infura.io
  Transaction 1318 failed: getaddrinfo ENOTFOUND sepolia.infura.io
  Transaction 1319 failed: getaddrinfo ENOTFOUND sepolia.infura.io
  Transaction 1320 failed: getaddrinfo ENOTFOUND sepolia.infura.io
  Transaction 1321 failed: getaddrinfo ENOTFOUND sepolia.infura.io
  Transaction 1322 failed: getaddrinfo ENOTFOUND sepolia.infura.io
  Transaction 1323 failed: getaddrinfo ENOTFOUND sepolia.infura.io
  Transaction 1324 failed: getaddrinfo ENOTFOUND sepolia.infura.io
  Transaction 1325 failed: getaddrinfo ENOTFOUND sepolia.infura.io
  Transaction 1326 failed: getaddrinfo ENOTFOUND sepolia.infura.io
  Transaction 1327 failed: getaddrinfo ENOTFOUND sepolia.infura.io
  Transaction 1328 failed: getaddrinfo ENOTFOUND sepolia.infura.io
  Transaction 1329 failed: getaddrinfo ENOTFOUND sepolia.infura.io
  Transaction 1330 failed: getaddrinfo ENOTFOUND sepolia.infura.io
  Transaction 1331 failed: getaddrinfo ENOTFOUND sepolia.infura.io
  Transaction 1332 failed: getaddrinfo ENOTFOUND sepolia.infura.io
  Transaction 1333 failed: getaddrinfo ENOTFOUND sepolia.infura.io
  Transaction 1334 failed: getaddrinfo ENOTFOUND sepolia.infura.io
  Transaction 1335 failed: getaddrinfo ENOTFOUND sepolia.infura.io
  Transaction 1336 failed: getaddrinfo ENOTFOUND sepolia.infura.io
  Transaction 1337 failed: getaddrinfo ENOTFOUND sepolia.infura.io
  Transaction 1338 failed: getaddrinfo ENOTFOUND sepolia.infura.io
  Transaction 1339 failed: getaddrinfo ENOTFOUND sepolia.infura.io
  Transaction 1340 failed: getaddrinfo ENOTFOUND sepolia.infura.io
  Transaction 1341 failed: getaddrinfo ENOTFOUND sepolia.infura.io
  Transaction 1342 failed: getaddrinfo ENOTFOUND sepolia.infura.io
  Transaction 1343 failed: getaddrinfo ENOTFOUND sepolia.infura.io
  Transaction 1344 failed: getaddrinfo ENOTFOUND sepolia.infura.io
  Transaction 1345 failed: getaddrinfo ENOTFOUND sepolia.infura.io
  Transaction 1346 failed: getaddrinfo ENOTFOUND sepolia.infura.io
  Transaction 1347 failed: getaddrinfo ENOTFOUND sepolia.infura.io
  Transaction 1348 failed: getaddrinfo ENOTFOUND sepolia.infura.io
  Transaction 1349 failed: getaddrinfo ENOTFOUND sepolia.infura.io
  Transaction 1350 failed: getaddrinfo ENOTFOUND sepolia.infura.io
  Transaction 1351 failed: getaddrinfo ENOTFOUND sepolia.infura.io
  Transaction 1352 failed: getaddrinfo ENOTFOUND sepolia.infura.io
  Transaction 1353 failed: getaddrinfo ENOTFOUND sepolia.infura.io
  Transaction 1354 failed: getaddrinfo ENOTFOUND sepolia.infura.io
  Transaction 1355 failed: getaddrinfo ENOTFOUND sepolia.infura.io
  Transaction 1356 failed: getaddrinfo ENOTFOUND sepolia.infura.io
  Transaction 1357 failed: getaddrinfo ENOTFOUND sepolia.infura.io
  Transaction 1358 failed: getaddrinfo ENOTFOUND sepolia.infura.io
  Transaction 1359 failed: getaddrinfo ENOTFOUND sepolia.infura.io
  Transaction 1360 failed: getaddrinfo ENOTFOUND sepolia.infura.io
  Transaction 1361 failed: getaddrinfo ENOTFOUND sepolia.infura.io
  Transaction 1362 failed: getaddrinfo ENOTFOUND sepolia.infura.io
  Transaction 1363 failed: getaddrinfo ENOTFOUND sepolia.infura.io
  Transaction 1364 failed: getaddrinfo ENOTFOUND sepolia.infura.io
  Transaction 1365 failed: getaddrinfo ENOTFOUND sepolia.infura.io
  Transaction 1366 failed: getaddrinfo ENOTFOUND sepolia.infura.io
  Transaction 1367 failed: getaddrinfo ENOTFOUND sepolia.infura.io
  Transaction 1368 failed: getaddrinfo ENOTFOUND sepolia.infura.io
  Transaction 1369 failed: getaddrinfo ENOTFOUND sepolia.infura.io
  Transaction 1370 failed: getaddrinfo ENOTFOUND sepolia.infura.io
  Transaction 1371 failed: getaddrinfo ENOTFOUND sepolia.infura.io
  Transaction 1372 failed: getaddrinfo ENOTFOUND sepolia.infura.io
  Transaction 1373 failed: getaddrinfo ENOTFOUND sepolia.infura.io
  Transaction 1374 failed: getaddrinfo ENOTFOUND sepolia.infura.io
  Transaction 1375 failed: getaddrinfo ENOTFOUND sepolia.infura.io
  Transaction 1376 failed: getaddrinfo ENOTFOUND sepolia.infura.io
  Transaction 1377 failed: getaddrinfo ENOTFOUND sepolia.infura.io
  Transaction 1378 failed: getaddrinfo ENOTFOUND sepolia.infura.io
  Transaction 1379 failed: getaddrinfo ENOTFOUND sepolia.infura.io
  Transaction 1380 failed: getaddrinfo ENOTFOUND sepolia.infura.io
  Transaction 1381 failed: getaddrinfo ENOTFOUND sepolia.infura.io
  Transaction 1382 failed: getaddrinfo ENOTFOUND sepolia.infura.io
  Transaction 1383 failed: getaddrinfo ENOTFOUND sepolia.infura.io
  Transaction 1384 failed: getaddrinfo ENOTFOUND sepolia.infura.io
  Transaction 1385 failed: getaddrinfo ENOTFOUND sepolia.infura.io
  Transaction 1386 failed: getaddrinfo ENOTFOUND sepolia.infura.io
  Transaction 1387 failed: getaddrinfo ENOTFOUND sepolia.infura.io
  Transaction 1388 failed: getaddrinfo ENOTFOUND sepolia.infura.io
  Transaction 1389 failed: getaddrinfo ENOTFOUND sepolia.infura.io
  Transaction 1390 failed: getaddrinfo ENOTFOUND sepolia.infura.io
  Transaction 1391 failed: getaddrinfo ENOTFOUND sepolia.infura.io
  Transaction 1392 failed: getaddrinfo ENOTFOUND sepolia.infura.io
  Transaction 1393 failed: getaddrinfo ENOTFOUND sepolia.infura.io
  Transaction 1394 failed: getaddrinfo ENOTFOUND sepolia.infura.io
  Transaction 1395 failed: getaddrinfo ENOTFOUND sepolia.infura.io
  Transaction 1396 failed: getaddrinfo ENOTFOUND sepolia.infura.io
  Transaction 1397 failed: getaddrinfo ENOTFOUND sepolia.infura.io
  Transaction 1398 failed: getaddrinfo ENOTFOUND sepolia.infura.io
  Transaction 1399 failed: getaddrinfo ENOTFOUND sepolia.infura.io
  Transaction 1400 failed: getaddrinfo ENOTFOUND sepolia.infura.io
  Transaction 1401 failed: getaddrinfo ENOTFOUND sepolia.infura.io
  Transaction 1402 failed: getaddrinfo ENOTFOUND sepolia.infura.io
  Transaction 1403 failed: getaddrinfo ENOTFOUND sepolia.infura.io
  Transaction 1404 failed: getaddrinfo ENOTFOUND sepolia.infura.io
  Transaction 1405 failed: getaddrinfo ENOTFOUND sepolia.infura.io
  Transaction 1406 failed: getaddrinfo ENOTFOUND sepolia.infura.io
  Transaction 1407 failed: getaddrinfo ENOTFOUND sepolia.infura.io
  Transaction 1408 failed: getaddrinfo ENOTFOUND sepolia.infura.io
  Transaction 1409 failed: getaddrinfo ENOTFOUND sepolia.infura.io
  Transaction 1410 failed: getaddrinfo ENOTFOUND sepolia.infura.io
  Transaction 1411 failed: getaddrinfo ENOTFOUND sepolia.infura.io
  Transaction 1412 failed: getaddrinfo ENOTFOUND sepolia.infura.io
  Transaction 1413 failed: getaddrinfo ENOTFOUND sepolia.infura.io
  Transaction 1414 failed: getaddrinfo ENOTFOUND sepolia.infura.io
  Transaction 1415 failed: getaddrinfo ENOTFOUND sepolia.infura.io
  Transaction 1416 failed: getaddrinfo ENOTFOUND sepolia.infura.io
  Transaction 1417 failed: getaddrinfo ENOTFOUND sepolia.infura.io
  Transaction 1418 failed: getaddrinfo ENOTFOUND sepolia.infura.io
  Transaction 1419 failed: getaddrinfo ENOTFOUND sepolia.infura.io
  Transaction 1420 failed: getaddrinfo ENOTFOUND sepolia.infura.io
  Transaction 1421 failed: getaddrinfo ENOTFOUND sepolia.infura.io
  Transaction 1422 failed: getaddrinfo ENOTFOUND sepolia.infura.io
  Transaction 1423 failed: getaddrinfo ENOTFOUND sepolia.infura.io
  Transaction 1424 failed: getaddrinfo ENOTFOUND sepolia.infura.io
  Transaction 1425 failed: getaddrinfo ENOTFOUND sepolia.infura.io
  Transaction 1426 failed: getaddrinfo ENOTFOUND sepolia.infura.io
  Transaction 1427 failed: getaddrinfo ENOTFOUND sepolia.infura.io
  Transaction 1428 failed: getaddrinfo ENOTFOUND sepolia.infura.io
  Transaction 1429 failed: getaddrinfo ENOTFOUND sepolia.infura.io
  Transaction 1430 failed: getaddrinfo ENOTFOUND sepolia.infura.io
  Transaction 1431 failed: getaddrinfo ENOTFOUND sepolia.infura.io
  Transaction 1432 failed: getaddrinfo ENOTFOUND sepolia.infura.io
  Transaction 1433 failed: getaddrinfo ENOTFOUND sepolia.infura.io
  Transaction 1434 failed: getaddrinfo ENOTFOUND sepolia.infura.io
  Transaction 1435 failed: getaddrinfo ENOTFOUND sepolia.infura.io
  Transaction 1436 failed: getaddrinfo ENOTFOUND sepolia.infura.io
  Transaction 1437 failed: getaddrinfo ENOTFOUND sepolia.infura.io
  Transaction 1438 failed: getaddrinfo ENOTFOUND sepolia.infura.io
  Transaction 1439 failed: getaddrinfo ENOTFOUND sepolia.infura.io
  Transaction 1440 failed: getaddrinfo ENOTFOUND sepolia.infura.io
  Transaction 1441 failed: getaddrinfo ENOTFOUND sepolia.infura.io
  Transaction 1442 failed: getaddrinfo ENOTFOUND sepolia.infura.io
  Transaction 1443 failed: getaddrinfo ENOTFOUND sepolia.infura.io
  Transaction 1444 failed: getaddrinfo ENOTFOUND sepolia.infura.io
  Transaction 1445 failed: getaddrinfo ENOTFOUND sepolia.infura.io
  Transaction 1446 failed: getaddrinfo ENOTFOUND sepolia.infura.io
  Transaction 1447 failed: getaddrinfo ENOTFOUND sepolia.infura.io
  Transaction 1448 failed: getaddrinfo ENOTFOUND sepolia.infura.io
  Transaction 1449 failed: getaddrinfo ENOTFOUND sepolia.infura.io
  Transaction 1450 failed: getaddrinfo ENOTFOUND sepolia.infura.io
  Transaction 1451 failed: getaddrinfo ENOTFOUND sepolia.infura.io
  Transaction 1452 failed: getaddrinfo ENOTFOUND sepolia.infura.io
  Transaction 1453 failed: getaddrinfo ENOTFOUND sepolia.infura.io
  Transaction 1454 failed: getaddrinfo ENOTFOUND sepolia.infura.io
  Transaction 1455 failed: getaddrinfo ENOTFOUND sepolia.infura.io
  Transaction 1456 failed: getaddrinfo ENOTFOUND sepolia.infura.io
  Transaction 1457 failed: getaddrinfo ENOTFOUND sepolia.infura.io
  Transaction 1458 failed: getaddrinfo ENOTFOUND sepolia.infura.io
  Transaction 1459 failed: getaddrinfo ENOTFOUND sepolia.infura.io
  Transaction 1460 failed: getaddrinfo ENOTFOUND sepolia.infura.io
  Transaction 1461 failed: getaddrinfo ENOTFOUND sepolia.infura.io
  Transaction 1462 failed: getaddrinfo ENOTFOUND sepolia.infura.io
  Transaction 1463 failed: getaddrinfo ENOTFOUND sepolia.infura.io
  Transaction 1464 failed: getaddrinfo ENOTFOUND sepolia.infura.io
  Transaction 1465 failed: getaddrinfo ENOTFOUND sepolia.infura.io
  Transaction 1466 failed: getaddrinfo ENOTFOUND sepolia.infura.io
  Transaction 1467 failed: getaddrinfo ENOTFOUND sepolia.infura.io
  Transaction 1468 failed: getaddrinfo ENOTFOUND sepolia.infura.io
  Transaction 1469 failed: getaddrinfo ENOTFOUND sepolia.infura.io
  Transaction 1470 failed: getaddrinfo ENOTFOUND sepolia.infura.io
  Transaction 1471 failed: getaddrinfo ENOTFOUND sepolia.infura.io
  Transaction 1472 failed: getaddrinfo ENOTFOUND sepolia.infura.io
  Transaction 1473 failed: getaddrinfo ENOTFOUND sepolia.infura.io
  Transaction 1474 failed: getaddrinfo ENOTFOUND sepolia.infura.io
  Transaction 1475 failed: getaddrinfo ENOTFOUND sepolia.infura.io
  Transaction 1476 failed: getaddrinfo ENOTFOUND sepolia.infura.io
  Transaction 1477 failed: getaddrinfo ENOTFOUND sepolia.infura.io
  Transaction 1478 failed: getaddrinfo ENOTFOUND sepolia.infura.io
  Transaction 1479 failed: getaddrinfo ENOTFOUND sepolia.infura.io
  Transaction 1480 failed: getaddrinfo ENOTFOUND sepolia.infura.io
  Transaction 1481 failed: getaddrinfo ENOTFOUND sepolia.infura.io
  Transaction 1482 failed: getaddrinfo ENOTFOUND sepolia.infura.io
  Transaction 1483 failed: getaddrinfo ENOTFOUND sepolia.infura.io
  Transaction 1484 failed: getaddrinfo ENOTFOUND sepolia.infura.io
  Transaction 1485 failed: getaddrinfo ENOTFOUND sepolia.infura.io
  Transaction 1486 failed: getaddrinfo ENOTFOUND sepolia.infura.io
  Transaction 1487 failed: getaddrinfo ENOTFOUND sepolia.infura.io
  Transaction 1488 failed: getaddrinfo ENOTFOUND sepolia.infura.io
  Transaction 1489 failed: getaddrinfo ENOTFOUND sepolia.infura.io
  Transaction 1490 failed: getaddrinfo ENOTFOUND sepolia.infura.io
  Transaction 1491 failed: getaddrinfo ENOTFOUND sepolia.infura.io
  Transaction 1492 failed: getaddrinfo ENOTFOUND sepolia.infura.io
  Transaction 1493 failed: getaddrinfo ENOTFOUND sepolia.infura.io
  Transaction 1494 failed: getaddrinfo ENOTFOUND sepolia.infura.io
  Transaction 1495 failed: getaddrinfo ENOTFOUND sepolia.infura.io
  Transaction 1496 failed: getaddrinfo ENOTFOUND sepolia.infura.io
  Transaction 1497 failed: getaddrinfo ENOTFOUND sepolia.infura.io
  Transaction 1498 failed: getaddrinfo ENOTFOUND sepolia.infura.io
  Transaction 1499 failed: getaddrinfo ENOTFOUND sepolia.infura.io
  Transaction 1500 failed: getaddrinfo ENOTFOUND sepolia.infura.io
  Transaction 1501 failed: getaddrinfo ENOTFOUND sepolia.infura.io
  Transaction 1502 failed: getaddrinfo ENOTFOUND sepolia.infura.io
  Transaction 1503 failed: getaddrinfo ENOTFOUND sepolia.infura.io
  Transaction 1504 failed: getaddrinfo ENOTFOUND sepolia.infura.io
  Transaction 1505 failed: getaddrinfo ENOTFOUND sepolia.infura.io
  Transaction 1506 failed: getaddrinfo ENOTFOUND sepolia.infura.io
  Transaction 1507 failed: getaddrinfo ENOTFOUND sepolia.infura.io
  Transaction 1508 failed: getaddrinfo ENOTFOUND sepolia.infura.io
  Transaction 1509 failed: getaddrinfo ENOTFOUND sepolia.infura.io
  Transaction 1510 failed: getaddrinfo ENOTFOUND sepolia.infura.io
  Transaction 1511 failed: getaddrinfo ENOTFOUND sepolia.infura.io
  Transaction 1512 failed: getaddrinfo ENOTFOUND sepolia.infura.io
  Transaction 1513 failed: getaddrinfo ENOTFOUND sepolia.infura.io
  Transaction 1514 failed: getaddrinfo ENOTFOUND sepolia.infura.io
  Transaction 1515 failed: getaddrinfo ENOTFOUND sepolia.infura.io
  Transaction 1516 failed: getaddrinfo ENOTFOUND sepolia.infura.io
  Transaction 1517 failed: getaddrinfo ENOTFOUND sepolia.infura.io
  Transaction 1518 failed: getaddrinfo ENOTFOUND sepolia.infura.io
  Transaction 1519 failed: getaddrinfo ENOTFOUND sepolia.infura.io
  Transaction 1520 failed: getaddrinfo ENOTFOUND sepolia.infura.io
  Transaction 1521 failed: getaddrinfo ENOTFOUND sepolia.infura.io
  Transaction 1522 failed: getaddrinfo ENOTFOUND sepolia.infura.io
  Transaction 1523 failed: getaddrinfo ENOTFOUND sepolia.infura.io
  Transaction 1524 failed: getaddrinfo ENOTFOUND sepolia.infura.io
  Transaction 1525 failed: getaddrinfo ENOTFOUND sepolia.infura.io
  Transaction 1526 failed: getaddrinfo ENOTFOUND sepolia.infura.io
  Transaction 1527 failed: getaddrinfo ENOTFOUND sepolia.infura.io
  Transaction 1528 failed: getaddrinfo ENOTFOUND sepolia.infura.io
  Transaction 1529 failed: getaddrinfo ENOTFOUND sepolia.infura.io
  Transaction 1530 failed: getaddrinfo ENOTFOUND sepolia.infura.io
  Transaction 1531 failed: getaddrinfo ENOTFOUND sepolia.infura.io
  Transaction 1532 failed: getaddrinfo ENOTFOUND sepolia.infura.io
  Transaction 1533 failed: getaddrinfo ENOTFOUND sepolia.infura.io
  Transaction 1534 failed: getaddrinfo ENOTFOUND sepolia.infura.io
  Transaction 1535 failed: getaddrinfo ENOTFOUND sepolia.infura.io
  Transaction 1536 failed: getaddrinfo ENOTFOUND sepolia.infura.io
  Transaction 1537 failed: getaddrinfo ENOTFOUND sepolia.infura.io
  Transaction 1538 failed: getaddrinfo ENOTFOUND sepolia.infura.io
  Transaction 1539 failed: getaddrinfo ENOTFOUND sepolia.infura.io
  Transaction 1540 failed: getaddrinfo ENOTFOUND sepolia.infura.io
  Transaction 1541 failed: getaddrinfo ENOTFOUND sepolia.infura.io
  Transaction 1542 failed: getaddrinfo ENOTFOUND sepolia.infura.io
  Transaction 1543 failed: getaddrinfo ENOTFOUND sepolia.infura.io
  Transaction 1544 failed: getaddrinfo ENOTFOUND sepolia.infura.io
  Transaction 1545 failed: getaddrinfo ENOTFOUND sepolia.infura.io
  Transaction 1546 failed: getaddrinfo ENOTFOUND sepolia.infura.io
  Transaction 1547 failed: getaddrinfo ENOTFOUND sepolia.infura.io
  Transaction 1548 failed: getaddrinfo ENOTFOUND sepolia.infura.io
  Transaction 1549 failed: getaddrinfo ENOTFOUND sepolia.infura.io
  Transaction 1550 failed: getaddrinfo ENOTFOUND sepolia.infura.io
  Transaction 1551 failed: getaddrinfo ENOTFOUND sepolia.infura.io
  Transaction 1552 failed: getaddrinfo ENOTFOUND sepolia.infura.io
  Transaction 1553 failed: getaddrinfo ENOTFOUND sepolia.infura.io
  Transaction 1554 failed: getaddrinfo ENOTFOUND sepolia.infura.io
  Transaction 1555 failed: getaddrinfo ENOTFOUND sepolia.infura.io
  Transaction 1556 failed: getaddrinfo ENOTFOUND sepolia.infura.io
  Transaction 1557 failed: getaddrinfo ENOTFOUND sepolia.infura.io
  Transaction 1558 failed: getaddrinfo ENOTFOUND sepolia.infura.io
  Transaction 1559 failed: getaddrinfo ENOTFOUND sepolia.infura.io
  Transaction 1560 failed: getaddrinfo ENOTFOUND sepolia.infura.io
  Transaction 1561 failed: getaddrinfo ENOTFOUND sepolia.infura.io
  Transaction 1562 failed: getaddrinfo ENOTFOUND sepolia.infura.io
  Transaction 1563 failed: getaddrinfo ENOTFOUND sepolia.infura.io
  Transaction 1564 failed: getaddrinfo ENOTFOUND sepolia.infura.io
  Transaction 1565 failed: getaddrinfo ENOTFOUND sepolia.infura.io
  Transaction 1566 failed: getaddrinfo ENOTFOUND sepolia.infura.io
  Transaction 1567 failed: getaddrinfo ENOTFOUND sepolia.infura.io
  Transaction 1568 failed: getaddrinfo ENOTFOUND sepolia.infura.io
  Transaction 1569 failed: getaddrinfo ENOTFOUND sepolia.infura.io
  Transaction 1570 failed: getaddrinfo ENOTFOUND sepolia.infura.io
  Transaction 1571 failed: getaddrinfo ENOTFOUND sepolia.infura.io
  Transaction 1572 failed: getaddrinfo ENOTFOUND sepolia.infura.io
  Transaction 1573 failed: getaddrinfo ENOTFOUND sepolia.infura.io
  Transaction 1574 failed: getaddrinfo ENOTFOUND sepolia.infura.io
  Transaction 1575 failed: getaddrinfo ENOTFOUND sepolia.infura.io
  Transaction 1576 failed: getaddrinfo ENOTFOUND sepolia.infura.io
  Transaction 1577 failed: getaddrinfo ENOTFOUND sepolia.infura.io
  Transaction 1578 failed: getaddrinfo ENOTFOUND sepolia.infura.io
  Transaction 1579 failed: getaddrinfo ENOTFOUND sepolia.infura.io
  Transaction 1580 failed: getaddrinfo ENOTFOUND sepolia.infura.io
  Transaction 1581 failed: getaddrinfo ENOTFOUND sepolia.infura.io
  Transaction 1582 failed: getaddrinfo ENOTFOUND sepolia.infura.io
  Transaction 1583 failed: getaddrinfo ENOTFOUND sepolia.infura.io
  Transaction 1584 failed: getaddrinfo ENOTFOUND sepolia.infura.io
  Transaction 1585 failed: getaddrinfo ENOTFOUND sepolia.infura.io
  Transaction 1586 failed: getaddrinfo ENOTFOUND sepolia.infura.io
  Transaction 1587 failed: getaddrinfo ENOTFOUND sepolia.infura.io
  Transaction 1588 failed: getaddrinfo ENOTFOUND sepolia.infura.io
  Transaction 1589 failed: getaddrinfo ENOTFOUND sepolia.infura.io
  Transaction 1590 failed: getaddrinfo ENOTFOUND sepolia.infura.io
  Transaction 1591 failed: getaddrinfo ENOTFOUND sepolia.infura.io
  Transaction 1592 failed: getaddrinfo ENOTFOUND sepolia.infura.io
  Transaction 1593 failed: getaddrinfo ENOTFOUND sepolia.infura.io
  Transaction 1594 failed: getaddrinfo ENOTFOUND sepolia.infura.io
  Transaction 1595 failed: getaddrinfo ENOTFOUND sepolia.infura.io
  Transaction 1596 failed: getaddrinfo ENOTFOUND sepolia.infura.io
  Transaction 1597 failed: getaddrinfo ENOTFOUND sepolia.infura.io
  Transaction 1598 failed: getaddrinfo ENOTFOUND sepolia.infura.io
  Transaction 1599 failed: getaddrinfo ENOTFOUND sepolia.infura.io
  Transaction 1600 failed: getaddrinfo ENOTFOUND sepolia.infura.io
  Transaction 1601 failed: getaddrinfo ENOTFOUND sepolia.infura.io
  Transaction 1602 failed: getaddrinfo ENOTFOUND sepolia.infura.io
  Transaction 1603 failed: getaddrinfo ENOTFOUND sepolia.infura.io
  Transaction 1604 failed: getaddrinfo ENOTFOUND sepolia.infura.io
  Transaction 1605 failed: getaddrinfo ENOTFOUND sepolia.infura.io
  Transaction 1606 failed: getaddrinfo ENOTFOUND sepolia.infura.io
  Transaction 1607 failed: getaddrinfo ENOTFOUND sepolia.infura.io
  Transaction 1608 failed: getaddrinfo ENOTFOUND sepolia.infura.io
  Transaction 1609 failed: getaddrinfo ENOTFOUND sepolia.infura.io
  Transaction 1610 failed: getaddrinfo ENOTFOUND sepolia.infura.io
  Transaction 1611 failed: getaddrinfo ENOTFOUND sepolia.infura.io
  Transaction 1612 failed: getaddrinfo ENOTFOUND sepolia.infura.io
  Transaction 1613 failed: getaddrinfo ENOTFOUND sepolia.infura.io
  Transaction 1614 failed: getaddrinfo ENOTFOUND sepolia.infura.io
  Transaction 1615 failed: getaddrinfo ENOTFOUND sepolia.infura.io
  Transaction 1616 failed: getaddrinfo ENOTFOUND sepolia.infura.io
  Transaction 1617 failed: getaddrinfo ENOTFOUND sepolia.infura.io
  Transaction 1618 failed: getaddrinfo ENOTFOUND sepolia.infura.io
  Transaction 1619 failed: getaddrinfo ENOTFOUND sepolia.infura.io
  Transaction 1620 failed: getaddrinfo ENOTFOUND sepolia.infura.io
  Transaction 1621 failed: getaddrinfo ENOTFOUND sepolia.infura.io
  Transaction 1622 failed: getaddrinfo ENOTFOUND sepolia.infura.io
  Transaction 1623 failed: getaddrinfo ENOTFOUND sepolia.infura.io
  Transaction 1624 failed: getaddrinfo ENOTFOUND sepolia.infura.io
  Transaction 1625 failed: getaddrinfo ENOTFOUND sepolia.infura.io
  Transaction 1626 failed: getaddrinfo ENOTFOUND sepolia.infura.io
  Transaction 1627 failed: getaddrinfo ENOTFOUND sepolia.infura.io
  Transaction 1628 failed: getaddrinfo ENOTFOUND sepolia.infura.io
  Transaction 1629 failed: getaddrinfo ENOTFOUND sepolia.infura.io
  Transaction 1630 failed: getaddrinfo ENOTFOUND sepolia.infura.io
  Transaction 1631 failed: getaddrinfo ENOTFOUND sepolia.infura.io
  Transaction 1632 failed: getaddrinfo ENOTFOUND sepolia.infura.io
  Transaction 1633 failed: getaddrinfo ENOTFOUND sepolia.infura.io
  Transaction 1634 failed: getaddrinfo ENOTFOUND sepolia.infura.io
  Transaction 1635 failed: getaddrinfo ENOTFOUND sepolia.infura.io
  Transaction 1636 failed: getaddrinfo ENOTFOUND sepolia.infura.io
  Transaction 1637 failed: getaddrinfo ENOTFOUND sepolia.infura.io
  Transaction 1638 failed: getaddrinfo ENOTFOUND sepolia.infura.io
  Transaction 1639 failed: getaddrinfo ENOTFOUND sepolia.infura.io
  Transaction 1640 failed: getaddrinfo ENOTFOUND sepolia.infura.io
  Transaction 1641 failed: getaddrinfo ENOTFOUND sepolia.infura.io
  Transaction 1642 failed: getaddrinfo ENOTFOUND sepolia.infura.io
  Transaction 1643 failed: getaddrinfo ENOTFOUND sepolia.infura.io
  Transaction 1644 failed: getaddrinfo ENOTFOUND sepolia.infura.io
  Transaction 1645 failed: getaddrinfo ENOTFOUND sepolia.infura.io
  Transaction 1646 failed: getaddrinfo ENOTFOUND sepolia.infura.io
  Transaction 1647 failed: getaddrinfo ENOTFOUND sepolia.infura.io
  Transaction 1648 failed: getaddrinfo ENOTFOUND sepolia.infura.io
  Transaction 1649 failed: getaddrinfo ENOTFOUND sepolia.infura.io
  Transaction 1650 failed: getaddrinfo ENOTFOUND sepolia.infura.io
  Transaction 1651 failed: getaddrinfo ENOTFOUND sepolia.infura.io
  Transaction 1652 failed: getaddrinfo ENOTFOUND sepolia.infura.io
  Transaction 1653 failed: getaddrinfo ENOTFOUND sepolia.infura.io
  Transaction 1654 failed: getaddrinfo ENOTFOUND sepolia.infura.io
  Transaction 1655 failed: getaddrinfo ENOTFOUND sepolia.infura.io
  Transaction 1656 failed: getaddrinfo ENOTFOUND sepolia.infura.io
  Transaction 1657 failed: getaddrinfo ENOTFOUND sepolia.infura.io
  Transaction 1658 failed: getaddrinfo ENOTFOUND sepolia.infura.io
  Transaction 1659 failed: getaddrinfo ENOTFOUND sepolia.infura.io
  Transaction 1660 failed: getaddrinfo ENOTFOUND sepolia.infura.io
  Transaction 1661 failed: getaddrinfo ENOTFOUND sepolia.infura.io
  Transaction 1662 failed: getaddrinfo ENOTFOUND sepolia.infura.io
  Transaction 1663 failed: getaddrinfo ENOTFOUND sepolia.infura.io
  Transaction 1664 failed: getaddrinfo ENOTFOUND sepolia.infura.io
  Transaction 1665 failed: getaddrinfo ENOTFOUND sepolia.infura.io
  Transaction 1666 failed: getaddrinfo ENOTFOUND sepolia.infura.io
  Transaction 1667 failed: getaddrinfo ENOTFOUND sepolia.infura.io
  Transaction 1668 failed: getaddrinfo ENOTFOUND sepolia.infura.io
  Transaction 1669 failed: getaddrinfo ENOTFOUND sepolia.infura.io
  Transaction 1670 failed: getaddrinfo ENOTFOUND sepolia.infura.io
  Transaction 1671 failed: getaddrinfo ENOTFOUND sepolia.infura.io
  Transaction 1672 failed: getaddrinfo ENOTFOUND sepolia.infura.io
  Transaction 1673 failed: getaddrinfo ENOTFOUND sepolia.infura.io
  Transaction 1674 failed: getaddrinfo ENOTFOUND sepolia.infura.io
  Transaction 1675 failed: getaddrinfo ENOTFOUND sepolia.infura.io
  Transaction 1676 failed: getaddrinfo ENOTFOUND sepolia.infura.io
  Transaction 1677 failed: getaddrinfo ENOTFOUND sepolia.infura.io
  Transaction 1678 failed: getaddrinfo ENOTFOUND sepolia.infura.io
  Transaction 1679 failed: getaddrinfo ENOTFOUND sepolia.infura.io
  Transaction 1680 failed: getaddrinfo ENOTFOUND sepolia.infura.io
  Transaction 1681 failed: getaddrinfo ENOTFOUND sepolia.infura.io
  Transaction 1682 failed: getaddrinfo ENOTFOUND sepolia.infura.io
  Transaction 1683 failed: getaddrinfo ENOTFOUND sepolia.infura.io
  Transaction 1684 failed: getaddrinfo ENOTFOUND sepolia.infura.io
  Transaction 1685 failed: getaddrinfo ENOTFOUND sepolia.infura.io
  Transaction 1686 failed: getaddrinfo ENOTFOUND sepolia.infura.io
  Transaction 1687 failed: getaddrinfo ENOTFOUND sepolia.infura.io
  Transaction 1688 failed: getaddrinfo ENOTFOUND sepolia.infura.io
  Transaction 1689 failed: getaddrinfo ENOTFOUND sepolia.infura.io
  Transaction 1690 failed: getaddrinfo ENOTFOUND sepolia.infura.io
  Transaction 1691 failed: getaddrinfo ENOTFOUND sepolia.infura.io
  Transaction 1692 failed: getaddrinfo ENOTFOUND sepolia.infura.io
  Transaction 1693 failed: getaddrinfo ENOTFOUND sepolia.infura.io
  Transaction 1694 failed: getaddrinfo ENOTFOUND sepolia.infura.io
  Transaction 1695 failed: getaddrinfo ENOTFOUND sepolia.infura.io
  Transaction 1696 failed: getaddrinfo ENOTFOUND sepolia.infura.io
  Transaction 1697 failed: getaddrinfo ENOTFOUND sepolia.infura.io
  Transaction 1698 failed: getaddrinfo ENOTFOUND sepolia.infura.io
  Transaction 1699 failed: getaddrinfo ENOTFOUND sepolia.infura.io
  Transaction 1700 failed: getaddrinfo ENOTFOUND sepolia.infura.io
  Transaction 1701 failed: getaddrinfo ENOTFOUND sepolia.infura.io
  Transaction 1702 failed: getaddrinfo ENOTFOUND sepolia.infura.io
  Transaction 1703 failed: getaddrinfo ENOTFOUND sepolia.infura.io
  Transaction 1704 failed: getaddrinfo ENOTFOUND sepolia.infura.io
  Transaction 1705 failed: getaddrinfo ENOTFOUND sepolia.infura.io
  Transaction 1706 failed: getaddrinfo ENOTFOUND sepolia.infura.io
  Transaction 1707 failed: getaddrinfo ENOTFOUND sepolia.infura.io
  Transaction 1708 failed: getaddrinfo ENOTFOUND sepolia.infura.io
  Transaction 1709 failed: getaddrinfo ENOTFOUND sepolia.infura.io
  Transaction 1710 failed: getaddrinfo ENOTFOUND sepolia.infura.io
  Transaction 1711 failed: getaddrinfo ENOTFOUND sepolia.infura.io
  Transaction 1712 failed: getaddrinfo ENOTFOUND sepolia.infura.io
  Transaction 1713 failed: getaddrinfo ENOTFOUND sepolia.infura.io
  Transaction 1714 failed: getaddrinfo ENOTFOUND sepolia.infura.io
  Transaction 1715 failed: getaddrinfo ENOTFOUND sepolia.infura.io
  Transaction 1716 failed: getaddrinfo ENOTFOUND sepolia.infura.io
  Transaction 1717 failed: getaddrinfo ENOTFOUND sepolia.infura.io
  Transaction 1718 failed: getaddrinfo ENOTFOUND sepolia.infura.io
  Transaction 1719 failed: getaddrinfo ENOTFOUND sepolia.infura.io
  Transaction 1720 failed: getaddrinfo ENOTFOUND sepolia.infura.io
  Transaction 1721 failed: getaddrinfo ENOTFOUND sepolia.infura.io
  Transaction 1722 failed: getaddrinfo ENOTFOUND sepolia.infura.io
  Transaction 1723 failed: getaddrinfo ENOTFOUND sepolia.infura.io
  Transaction 1724 failed: getaddrinfo ENOTFOUND sepolia.infura.io
  Transaction 1725 failed: getaddrinfo ENOTFOUND sepolia.infura.io
  Transaction 1726 failed: getaddrinfo ENOTFOUND sepolia.infura.io
  Transaction 1727 failed: getaddrinfo ENOTFOUND sepolia.infura.io
  Transaction 1728 failed: getaddrinfo ENOTFOUND sepolia.infura.io
  Transaction 1729 failed: getaddrinfo ENOTFOUND sepolia.infura.io
  Transaction 1730 failed: getaddrinfo ENOTFOUND sepolia.infura.io
  Transaction 1731 failed: getaddrinfo ENOTFOUND sepolia.infura.io
  Transaction 1732 failed: getaddrinfo ENOTFOUND sepolia.infura.io
  Transaction 1733 failed: getaddrinfo ENOTFOUND sepolia.infura.io
  Transaction 1734 failed: getaddrinfo ENOTFOUND sepolia.infura.io
  Transaction 1735 failed: getaddrinfo ENOTFOUND sepolia.infura.io
  Transaction 1736 failed: getaddrinfo ENOTFOUND sepolia.infura.io
  Transaction 1737 failed: getaddrinfo ENOTFOUND sepolia.infura.io
  Transaction 1738 failed: getaddrinfo ENOTFOUND sepolia.infura.io
  Transaction 1739 failed: getaddrinfo ENOTFOUND sepolia.infura.io
  Transaction 1740 failed: getaddrinfo ENOTFOUND sepolia.infura.io
  Transaction 1741 failed: getaddrinfo ENOTFOUND sepolia.infura.io
  Transaction 1742 failed: getaddrinfo ENOTFOUND sepolia.infura.io
  Transaction 1743 failed: getaddrinfo ENOTFOUND sepolia.infura.io
  Transaction 1744 failed: getaddrinfo ENOTFOUND sepolia.infura.io
  Transaction 1745 failed: getaddrinfo ENOTFOUND sepolia.infura.io
  Transaction 1746 failed: getaddrinfo ENOTFOUND sepolia.infura.io
  Transaction 1747 failed: getaddrinfo ENOTFOUND sepolia.infura.io
  Transaction 1748 failed: getaddrinfo ENOTFOUND sepolia.infura.io
  Transaction 1749 failed: getaddrinfo ENOTFOUND sepolia.infura.io
  Transaction 1750 failed: getaddrinfo ENOTFOUND sepolia.infura.io
  Transaction 1751 failed: getaddrinfo ENOTFOUND sepolia.infura.io
  Transaction 1752 failed: getaddrinfo ENOTFOUND sepolia.infura.io
  Transaction 1753 failed: getaddrinfo ENOTFOUND sepolia.infura.io
  Transaction 1754 failed: getaddrinfo ENOTFOUND sepolia.infura.io
  Transaction 1755 failed: getaddrinfo ENOTFOUND sepolia.infura.io
  Transaction 1756 failed: getaddrinfo ENOTFOUND sepolia.infura.io
  Transaction 1757 failed: getaddrinfo ENOTFOUND sepolia.infura.io
  Transaction 1758 failed: getaddrinfo ENOTFOUND sepolia.infura.io
  Transaction 1759 failed: getaddrinfo ENOTFOUND sepolia.infura.io
  Transaction 1760 failed: getaddrinfo ENOTFOUND sepolia.infura.io
  Transaction 1761 failed: getaddrinfo ENOTFOUND sepolia.infura.io
  Transaction 1762 failed: getaddrinfo ENOTFOUND sepolia.infura.io
  Transaction 1763 failed: getaddrinfo ENOTFOUND sepolia.infura.io
  Transaction 1764 failed: getaddrinfo ENOTFOUND sepolia.infura.io
  Transaction 1765 failed: getaddrinfo ENOTFOUND sepolia.infura.io
  Transaction 1766 failed: getaddrinfo ENOTFOUND sepolia.infura.io
  Transaction 1767 failed: getaddrinfo ENOTFOUND sepolia.infura.io
  Transaction 1768 failed: getaddrinfo ENOTFOUND sepolia.infura.io
  Transaction 1769 failed: getaddrinfo ENOTFOUND sepolia.infura.io
  Transaction 1770 failed: getaddrinfo ENOTFOUND sepolia.infura.io
  Transaction 1771 failed: getaddrinfo ENOTFOUND sepolia.infura.io
  Transaction 1772 failed: getaddrinfo ENOTFOUND sepolia.infura.io
  Transaction 1773 failed: getaddrinfo ENOTFOUND sepolia.infura.io
  Transaction 1774 failed: getaddrinfo ENOTFOUND sepolia.infura.io
  Transaction 1775 failed: getaddrinfo ENOTFOUND sepolia.infura.io
  Transaction 1776 failed: getaddrinfo ENOTFOUND sepolia.infura.io
  Transaction 1777 failed: getaddrinfo ENOTFOUND sepolia.infura.io
  Transaction 1778 failed: getaddrinfo ENOTFOUND sepolia.infura.io
  Transaction 1779 failed: getaddrinfo ENOTFOUND sepolia.infura.io
  Transaction 1780 failed: getaddrinfo ENOTFOUND sepolia.infura.io
  Transaction 1781 failed: getaddrinfo ENOTFOUND sepolia.infura.io
  Transaction 1782 failed: getaddrinfo ENOTFOUND sepolia.infura.io
  Transaction 1783 failed: getaddrinfo ENOTFOUND sepolia.infura.io
  Transaction 1784 failed: getaddrinfo ENOTFOUND sepolia.infura.io
  Transaction 1785 failed: getaddrinfo ENOTFOUND sepolia.infura.io
  Transaction 1786 failed: getaddrinfo ENOTFOUND sepolia.infura.io
  Transaction 1787 failed: getaddrinfo ENOTFOUND sepolia.infura.io
  Transaction 1788 failed: getaddrinfo ENOTFOUND sepolia.infura.io
  Transaction 1789 failed: getaddrinfo ENOTFOUND sepolia.infura.io
  Transaction 1790 failed: getaddrinfo ENOTFOUND sepolia.infura.io
  Transaction 1791 failed: getaddrinfo ENOTFOUND sepolia.infura.io
  Transaction 1792 failed: getaddrinfo ENOTFOUND sepolia.infura.io
  Transaction 1793 failed: getaddrinfo ENOTFOUND sepolia.infura.io
  Transaction 1794 failed: getaddrinfo ENOTFOUND sepolia.infura.io
  Transaction 1795 failed: getaddrinfo ENOTFOUND sepolia.infura.io
  Transaction 1796 failed: getaddrinfo ENOTFOUND sepolia.infura.io
  Transaction 1797 failed: getaddrinfo ENOTFOUND sepolia.infura.io
  Transaction 1798 failed: getaddrinfo ENOTFOUND sepolia.infura.io
  Transaction 1799 failed: getaddrinfo ENOTFOUND sepolia.infura.io
  Transaction 1800 failed: getaddrinfo ENOTFOUND sepolia.infura.io
  Transaction 1801 failed: getaddrinfo ENOTFOUND sepolia.infura.io
  Transaction 1802 failed: getaddrinfo ENOTFOUND sepolia.infura.io
  Transaction 1803 failed: getaddrinfo ENOTFOUND sepolia.infura.io
  Transaction 1804 failed: getaddrinfo ENOTFOUND sepolia.infura.io
  Transaction 1805 failed: getaddrinfo ENOTFOUND sepolia.infura.io
  Transaction 1806 failed: getaddrinfo ENOTFOUND sepolia.infura.io
  Transaction 1807 failed: getaddrinfo ENOTFOUND sepolia.infura.io
  Transaction 1808 failed: getaddrinfo ENOTFOUND sepolia.infura.io
  Transaction 1809 failed: getaddrinfo ENOTFOUND sepolia.infura.io
  Transaction 1810 failed: getaddrinfo ENOTFOUND sepolia.infura.io
  Transaction 1811 failed: getaddrinfo ENOTFOUND sepolia.infura.io
  Transaction 1812 failed: getaddrinfo ENOTFOUND sepolia.infura.io
  Transaction 1813 failed: getaddrinfo ENOTFOUND sepolia.infura.io
  Transaction 1814 failed: getaddrinfo ENOTFOUND sepolia.infura.io
  Transaction 1815 failed: getaddrinfo ENOTFOUND sepolia.infura.io
  Transaction 1816 failed: getaddrinfo ENOTFOUND sepolia.infura.io
  Transaction 1817 failed: getaddrinfo ENOTFOUND sepolia.infura.io
  Transaction 1818 failed: getaddrinfo ENOTFOUND sepolia.infura.io
  Transaction 1819 failed: getaddrinfo ENOTFOUND sepolia.infura.io
  Transaction 1820 failed: getaddrinfo ENOTFOUND sepolia.infura.io
  Transaction 1821 failed: getaddrinfo ENOTFOUND sepolia.infura.io
  Transaction 1822 failed: getaddrinfo ENOTFOUND sepolia.infura.io
  Transaction 1823 failed: getaddrinfo ENOTFOUND sepolia.infura.io
  Transaction 1824 failed: getaddrinfo ENOTFOUND sepolia.infura.io
  Transaction 1825 failed: getaddrinfo ENOTFOUND sepolia.infura.io
  Transaction 1826 failed: getaddrinfo ENOTFOUND sepolia.infura.io
  Transaction 1827 failed: getaddrinfo ENOTFOUND sepolia.infura.io
  Transaction 1828 failed: getaddrinfo ENOTFOUND sepolia.infura.io
  Transaction 1829 failed: getaddrinfo ENOTFOUND sepolia.infura.io
  Transaction 1830 failed: getaddrinfo ENOTFOUND sepolia.infura.io
  Transaction 1831 failed: getaddrinfo ENOTFOUND sepolia.infura.io
  Transaction 1832 failed: getaddrinfo ENOTFOUND sepolia.infura.io
  Transaction 1833 failed: getaddrinfo ENOTFOUND sepolia.infura.io
  Transaction 1834 failed: getaddrinfo ENOTFOUND sepolia.infura.io
  Transaction 1835 failed: getaddrinfo ENOTFOUND sepolia.infura.io
  Transaction 1836 failed: getaddrinfo ENOTFOUND sepolia.infura.io
  Transaction 1837 failed: getaddrinfo ENOTFOUND sepolia.infura.io
  Transaction 1838 failed: getaddrinfo ENOTFOUND sepolia.infura.io
  Transaction 1839 failed: getaddrinfo ENOTFOUND sepolia.infura.io
  Transaction 1840 failed: getaddrinfo ENOTFOUND sepolia.infura.io
  Transaction 1841 failed: getaddrinfo ENOTFOUND sepolia.infura.io
  Transaction 1842 failed: getaddrinfo ENOTFOUND sepolia.infura.io
  Transaction 1843 failed: getaddrinfo ENOTFOUND sepolia.infura.io
  Transaction 1844 failed: getaddrinfo ENOTFOUND sepolia.infura.io
  Transaction 1845 failed: getaddrinfo ENOTFOUND sepolia.infura.io
  Transaction 1846 failed: getaddrinfo ENOTFOUND sepolia.infura.io
  Transaction 1847 failed: getaddrinfo ENOTFOUND sepolia.infura.io
  Transaction 1848 failed: getaddrinfo ENOTFOUND sepolia.infura.io
  Transaction 1849 failed: getaddrinfo ENOTFOUND sepolia.infura.io
  Transaction 1850 failed: getaddrinfo ENOTFOUND sepolia.infura.io
  Transaction 1851 failed: getaddrinfo ENOTFOUND sepolia.infura.io
  Transaction 1852 failed: getaddrinfo ENOTFOUND sepolia.infura.io
  Transaction 1853 failed: getaddrinfo ENOTFOUND sepolia.infura.io
  Transaction 1854 failed: getaddrinfo ENOTFOUND sepolia.infura.io
  Transaction 1855 failed: getaddrinfo ENOTFOUND sepolia.infura.io
  Transaction 1856 failed: getaddrinfo ENOTFOUND sepolia.infura.io
  Transaction 1857 failed: getaddrinfo ENOTFOUND sepolia.infura.io
  Transaction 1858 failed: getaddrinfo ENOTFOUND sepolia.infura.io
  Transaction 1859 failed: getaddrinfo ENOTFOUND sepolia.infura.io
  Transaction 1860 failed: getaddrinfo ENOTFOUND sepolia.infura.io
  Transaction 1861 failed: getaddrinfo ENOTFOUND sepolia.infura.io
  Transaction 1862 failed: getaddrinfo ENOTFOUND sepolia.infura.io
  Transaction 1863 failed: getaddrinfo ENOTFOUND sepolia.infura.io
  Transaction 1864 failed: getaddrinfo ENOTFOUND sepolia.infura.io
  Transaction 1865 failed: getaddrinfo ENOTFOUND sepolia.infura.io
  Transaction 1866 failed: getaddrinfo ENOTFOUND sepolia.infura.io
  Transaction 1867 failed: getaddrinfo ENOTFOUND sepolia.infura.io
  Transaction 1868 failed: getaddrinfo ENOTFOUND sepolia.infura.io
  Transaction 1869 failed: getaddrinfo ENOTFOUND sepolia.infura.io
  Transaction 1870 failed: getaddrinfo ENOTFOUND sepolia.infura.io
  Transaction 1871 failed: getaddrinfo ENOTFOUND sepolia.infura.io
  Transaction 1872 failed: getaddrinfo ENOTFOUND sepolia.infura.io
  Transaction 1873 failed: getaddrinfo ENOTFOUND sepolia.infura.io
  Transaction 1874 failed: getaddrinfo ENOTFOUND sepolia.infura.io
  Transaction 1875 failed: getaddrinfo ENOTFOUND sepolia.infura.io
  Transaction 1876 failed: getaddrinfo ENOTFOUND sepolia.infura.io
  Transaction 1877 failed: getaddrinfo ENOTFOUND sepolia.infura.io
  Transaction 1878 failed: getaddrinfo ENOTFOUND sepolia.infura.io
  Transaction 1879 failed: getaddrinfo ENOTFOUND sepolia.infura.io
  Transaction 1880 failed: getaddrinfo ENOTFOUND sepolia.infura.io
  Transaction 1881 failed: getaddrinfo ENOTFOUND sepolia.infura.io
  Transaction 1882 failed: getaddrinfo ENOTFOUND sepolia.infura.io
  Transaction 1883 failed: getaddrinfo ENOTFOUND sepolia.infura.io
  Transaction 1884 failed: getaddrinfo ENOTFOUND sepolia.infura.io
  Transaction 1885 failed: getaddrinfo ENOTFOUND sepolia.infura.io
  Transaction 1886 failed: getaddrinfo ENOTFOUND sepolia.infura.io
  Transaction 1887 failed: getaddrinfo ENOTFOUND sepolia.infura.io
  Transaction 1888 failed: getaddrinfo ENOTFOUND sepolia.infura.io
  Transaction 1889 failed: getaddrinfo ENOTFOUND sepolia.infura.io
  Transaction 1890 failed: getaddrinfo ENOTFOUND sepolia.infura.io
  Transaction 1891 failed: getaddrinfo ENOTFOUND sepolia.infura.io
  Transaction 1892 failed: getaddrinfo ENOTFOUND sepolia.infura.io
  Transaction 1893 failed: getaddrinfo ENOTFOUND sepolia.infura.io
  Transaction 1894 failed: getaddrinfo ENOTFOUND sepolia.infura.io
  Transaction 1895 failed: getaddrinfo ENOTFOUND sepolia.infura.io
  Transaction 1896 failed: getaddrinfo ENOTFOUND sepolia.infura.io
  Transaction 1897 failed: getaddrinfo ENOTFOUND sepolia.infura.io
  Transaction 1898 failed: getaddrinfo ENOTFOUND sepolia.infura.io
  Transaction 1899 failed: getaddrinfo ENOTFOUND sepolia.infura.io
  Transaction 1900 failed: getaddrinfo ENOTFOUND sepolia.infura.io
  Transaction 1901 failed: getaddrinfo ENOTFOUND sepolia.infura.io
  Transaction 1902 failed: getaddrinfo ENOTFOUND sepolia.infura.io
  Transaction 1903 failed: getaddrinfo ENOTFOUND sepolia.infura.io
  Transaction 1904 failed: getaddrinfo ENOTFOUND sepolia.infura.io
  Transaction 1905 failed: getaddrinfo ENOTFOUND sepolia.infura.io
  Transaction 1906 failed: getaddrinfo ENOTFOUND sepolia.infura.io
  Transaction 1907 failed: getaddrinfo ENOTFOUND sepolia.infura.io
  Transaction 1908 failed: getaddrinfo ENOTFOUND sepolia.infura.io
  Transaction 1909 failed: getaddrinfo ENOTFOUND sepolia.infura.io
  Transaction 1910 failed: getaddrinfo ENOTFOUND sepolia.infura.io
  Transaction 1911 failed: getaddrinfo ENOTFOUND sepolia.infura.io
  Transaction 1912 failed: getaddrinfo ENOTFOUND sepolia.infura.io
  Transaction 1913 failed: getaddrinfo ENOTFOUND sepolia.infura.io
  Transaction 1914 failed: getaddrinfo ENOTFOUND sepolia.infura.io
  Transaction 1915 failed: getaddrinfo ENOTFOUND sepolia.infura.io
  Transaction 1916 failed: getaddrinfo ENOTFOUND sepolia.infura.io
  Transaction 1917 failed: getaddrinfo ENOTFOUND sepolia.infura.io
  Transaction 1918 failed: getaddrinfo ENOTFOUND sepolia.infura.io
  Transaction 1919 failed: getaddrinfo ENOTFOUND sepolia.infura.io
  Transaction 1920 failed: getaddrinfo ENOTFOUND sepolia.infura.io
  Transaction 1921 failed: getaddrinfo ENOTFOUND sepolia.infura.io
  Transaction 1922 failed: getaddrinfo ENOTFOUND sepolia.infura.io
  Transaction 1923 failed: getaddrinfo ENOTFOUND sepolia.infura.io
  Transaction 1924 failed: getaddrinfo ENOTFOUND sepolia.infura.io
  Transaction 1925 failed: getaddrinfo ENOTFOUND sepolia.infura.io
  Transaction 1926 failed: getaddrinfo ENOTFOUND sepolia.infura.io
  Transaction 1927 failed: getaddrinfo ENOTFOUND sepolia.infura.io
  Transaction 1928 failed: getaddrinfo ENOTFOUND sepolia.infura.io
  Transaction 1929 failed: getaddrinfo ENOTFOUND sepolia.infura.io
  Transaction 1930 failed: getaddrinfo ENOTFOUND sepolia.infura.io
  Transaction 1931 failed: getaddrinfo ENOTFOUND sepolia.infura.io
  Transaction 1932 failed: getaddrinfo ENOTFOUND sepolia.infura.io
  Transaction 1933 failed: getaddrinfo ENOTFOUND sepolia.infura.io
  Transaction 1934 failed: getaddrinfo ENOTFOUND sepolia.infura.io
  Transaction 1935 failed: getaddrinfo ENOTFOUND sepolia.infura.io
  Transaction 1936 failed: getaddrinfo ENOTFOUND sepolia.infura.io
  Transaction 1937 failed: getaddrinfo ENOTFOUND sepolia.infura.io
  Transaction 1938 failed: getaddrinfo ENOTFOUND sepolia.infura.io
  Transaction 1939 failed: getaddrinfo ENOTFOUND sepolia.infura.io
  Transaction 1940 failed: getaddrinfo ENOTFOUND sepolia.infura.io
  Transaction 1941 failed: getaddrinfo ENOTFOUND sepolia.infura.io
  Transaction 1942 failed: getaddrinfo ENOTFOUND sepolia.infura.io
  Transaction 1943 failed: getaddrinfo ENOTFOUND sepolia.infura.io
  Transaction 1944 failed: getaddrinfo ENOTFOUND sepolia.infura.io
  Transaction 1945 failed: getaddrinfo ENOTFOUND sepolia.infura.io
  Transaction 1946 failed: getaddrinfo ENOTFOUND sepolia.infura.io
  Transaction 1947 failed: getaddrinfo ENOTFOUND sepolia.infura.io
  Transaction 1948 failed: getaddrinfo ENOTFOUND sepolia.infura.io
  Transaction 1949 failed: getaddrinfo ENOTFOUND sepolia.infura.io
  Transaction 1950 failed: getaddrinfo ENOTFOUND sepolia.infura.io
  Transaction 1951 failed: getaddrinfo ENOTFOUND sepolia.infura.io
  Transaction 1952 failed: getaddrinfo ENOTFOUND sepolia.infura.io
  Transaction 1953 failed: getaddrinfo ENOTFOUND sepolia.infura.io
  Transaction 1954 failed: getaddrinfo ENOTFOUND sepolia.infura.io
  Transaction 1955 failed: getaddrinfo ENOTFOUND sepolia.infura.io
  Transaction 1956 failed: getaddrinfo ENOTFOUND sepolia.infura.io
  Transaction 1957 failed: getaddrinfo ENOTFOUND sepolia.infura.io
  Transaction 1958 failed: getaddrinfo ENOTFOUND sepolia.infura.io
  Transaction 1959 failed: getaddrinfo ENOTFOUND sepolia.infura.io
  Transaction 1960 failed: getaddrinfo ENOTFOUND sepolia.infura.io
  Transaction 1961 failed: getaddrinfo ENOTFOUND sepolia.infura.io
  Transaction 1962 failed: getaddrinfo ENOTFOUND sepolia.infura.io
  Transaction 1963 failed: getaddrinfo ENOTFOUND sepolia.infura.io
  Transaction 1964 failed: getaddrinfo ENOTFOUND sepolia.infura.io
  Transaction 1965 failed: getaddrinfo ENOTFOUND sepolia.infura.io
  Transaction 1966 failed: getaddrinfo ENOTFOUND sepolia.infura.io
  Transaction 1967 failed: getaddrinfo ENOTFOUND sepolia.infura.io
  Transaction 1968 failed: getaddrinfo ENOTFOUND sepolia.infura.io
  Transaction 1969 failed: getaddrinfo ENOTFOUND sepolia.infura.io
  Transaction 1970 failed: getaddrinfo ENOTFOUND sepolia.infura.io
  Transaction 1971 failed: getaddrinfo ENOTFOUND sepolia.infura.io
  Transaction 1972 failed: getaddrinfo ENOTFOUND sepolia.infura.io
  Transaction 1973 failed: getaddrinfo ENOTFOUND sepolia.infura.io
  Transaction 1974 failed: getaddrinfo ENOTFOUND sepolia.infura.io
  Transaction 1975 failed: getaddrinfo ENOTFOUND sepolia.infura.io
  Transaction 1976 failed: getaddrinfo ENOTFOUND sepolia.infura.io
  Transaction 1977 failed: getaddrinfo ENOTFOUND sepolia.infura.io
  Transaction 1978 failed: getaddrinfo ENOTFOUND sepolia.infura.io
  Transaction 1979 failed: getaddrinfo ENOTFOUND sepolia.infura.io
  Transaction 1980 failed: getaddrinfo ENOTFOUND sepolia.infura.io
  Transaction 1981 failed: getaddrinfo ENOTFOUND sepolia.infura.io
  Transaction 1982 failed: getaddrinfo ENOTFOUND sepolia.infura.io
  Transaction 1983 failed: getaddrinfo ENOTFOUND sepolia.infura.io
  Transaction 1984 failed: getaddrinfo ENOTFOUND sepolia.infura.io
  Transaction 1985 failed: getaddrinfo ENOTFOUND sepolia.infura.io
  Transaction 1986 failed: getaddrinfo ENOTFOUND sepolia.infura.io
  Transaction 1987 failed: getaddrinfo ENOTFOUND sepolia.infura.io
  Transaction 1988 failed: getaddrinfo ENOTFOUND sepolia.infura.io
  Transaction 1989 failed: getaddrinfo ENOTFOUND sepolia.infura.io
  Transaction 1990 failed: getaddrinfo ENOTFOUND sepolia.infura.io
  Transaction 1991 failed: getaddrinfo ENOTFOUND sepolia.infura.io
  Transaction 1992 failed: getaddrinfo ENOTFOUND sepolia.infura.io
  Transaction 1993 failed: getaddrinfo ENOTFOUND sepolia.infura.io
  Transaction 1994 failed: getaddrinfo ENOTFOUND sepolia.infura.io
  Transaction 1995 failed: getaddrinfo ENOTFOUND sepolia.infura.io
  Transaction 1996 failed: getaddrinfo ENOTFOUND sepolia.infura.io
  Transaction 1997 failed: getaddrinfo ENOTFOUND sepolia.infura.io
  Transaction 1998 failed: getaddrinfo ENOTFOUND sepolia.infura.io
  Transaction 1999 failed: getaddrinfo ENOTFOUND sepolia.infura.io
  Transaction 2000 failed: getaddrinfo ENOTFOUND sepolia.infura.io

Level 3 completed:
  Total Gas: 0
  Average Gas: NaN

========================================
✓ Gas consumption testing completed!
========================================


STEP 3/3: Generate Excel Report

========================================
GENERATING EXCEL REPORT
========================================


❌ Error occurred:
TypeError: Cannot read properties of null (reading 'toFixed')
    at generateExcel (file:///D:/projects/ether-blockchain/ethereum/scripts/runAllTests.js:254:23)
    at main (file:///D:/projects/ether-blockchain/ethereum/scripts/runAllTests.js:311:11)
    at process.processTicksAndRejections (node:internal/process/task_queues:105:5)
